2025-04-28T09:55:53.6227519Z Current runner version: '2.323.0'
2025-04-28T09:55:53.6250911Z ##[group]Operating System
2025-04-28T09:55:53.6251775Z Ubuntu
2025-04-28T09:55:53.6252231Z 24.04.2
2025-04-28T09:55:53.6252706Z LTS
2025-04-28T09:55:53.6253245Z ##[endgroup]
2025-04-28T09:55:53.6253727Z ##[group]Runner Image
2025-04-28T09:55:53.6254320Z Image: ubuntu-24.04
2025-04-28T09:55:53.6254904Z Version: 20250420.1.0
2025-04-28T09:55:53.6256232Z Included Software: https://github.com/actions/runner-images/blob/ubuntu24/20250420.1/images/ubuntu/Ubuntu2404-Readme.md
2025-04-28T09:55:53.6257599Z Image Release: https://github.com/actions/runner-images/releases/tag/ubuntu24%2F20250420.1
2025-04-28T09:55:53.6258531Z ##[endgroup]
2025-04-28T09:55:53.6259006Z ##[group]Runner Image Provisioner
2025-04-28T09:55:53.6259607Z 2.0.422.1
2025-04-28T09:55:53.6260054Z ##[endgroup]
2025-04-28T09:55:53.6261081Z ##[group]GITHUB_TOKEN Permissions
2025-04-28T09:55:53.6262854Z Contents: read
2025-04-28T09:55:53.6263521Z Metadata: read
2025-04-28T09:55:53.6264198Z Packages: read
2025-04-28T09:55:53.6264807Z ##[endgroup]
2025-04-28T09:55:53.6266996Z Secret source: Actions
2025-04-28T09:55:53.6267769Z Prepare workflow directory
2025-04-28T09:55:53.6590199Z Prepare all required actions
2025-04-28T09:55:53.6627546Z Getting action download info
2025-04-28T09:55:54.5446817Z ##[group]Download immutable action package 'actions/checkout@v4'
2025-04-28T09:55:54.5447867Z Version: 4.2.2
2025-04-28T09:55:54.5449003Z Digest: sha256:ccb2698953eaebd21c7bf6268a94f9c26518a7e38e27e0b83c1fe1ad049819b1
2025-04-28T09:55:54.5450237Z Source commit SHA: 11bd71901bbe5b1630ceea73d27597364c9af683
2025-04-28T09:55:54.5450982Z ##[endgroup]
2025-04-28T09:55:54.6354479Z ##[group]Download immutable action package 'actions/setup-java@v3'
2025-04-28T09:55:54.6355541Z Version: 3.14.1
2025-04-28T09:55:54.6356440Z Digest: sha256:0f5994bd85f236d7525048fec5b0b7b3ec7474ec50184c8f78a320717cfb3d51
2025-04-28T09:55:54.6357522Z Source commit SHA: 17f84c3641ba7b8f6deff6309fc4c864478f5d62
2025-04-28T09:55:54.6358241Z ##[endgroup]
2025-04-28T09:55:54.9765936Z ##[group]Download immutable action package 'actions/setup-python@v5'
2025-04-28T09:55:54.9766718Z Version: 5.6.0
2025-04-28T09:55:54.9767378Z Digest: sha256:0b35a0c11c97499e4e0576589036d450b9f5f9da74b7774225b3614b57324404
2025-04-28T09:55:54.9768274Z Source commit SHA: a26af69be951a213d495a4c3e4e4022e16d87065
2025-04-28T09:55:54.9768903Z ##[endgroup]
2025-04-28T09:55:55.2834900Z Download action repository 'android-actions/setup-android@v3' (SHA:9fc6c4e9069bf8d3d10b2204b1fb8f6ef7065407)
2025-04-28T09:55:55.7174608Z ##[group]Download immutable action package 'actions/upload-artifact@v4'
2025-04-28T09:55:55.7176725Z Version: 4.6.2
2025-04-28T09:55:55.7178420Z Digest: sha256:290722aa3281d5caf23d0acdc3dbeb3424786a1a01a9cc97e72f147225e37c38
2025-04-28T09:55:55.7180772Z Source commit SHA: ea165f8d65b6e75b540449e92b4886f43607fa02
2025-04-28T09:55:55.7182358Z ##[endgroup]
2025-04-28T09:55:55.9438596Z Complete job name: build
2025-04-28T09:55:56.0281689Z ##[group]Run actions/checkout@v4
2025-04-28T09:55:56.0283002Z with:
2025-04-28T09:55:56.0283753Z   repository: shelley021/weatherapp
2025-04-28T09:55:56.0285000Z   token: ***
2025-04-28T09:55:56.0285902Z   ssh-strict: true
2025-04-28T09:55:56.0286656Z   ssh-user: git
2025-04-28T09:55:56.0287434Z   persist-credentials: true
2025-04-28T09:55:56.0288307Z   clean: true
2025-04-28T09:55:56.0289117Z   sparse-checkout-cone-mode: true
2025-04-28T09:55:56.0290054Z   fetch-depth: 1
2025-04-28T09:55:56.0290805Z   fetch-tags: false
2025-04-28T09:55:56.0291585Z   show-progress: true
2025-04-28T09:55:56.0292364Z   lfs: false
2025-04-28T09:55:56.0293080Z   submodules: false
2025-04-28T09:55:56.0293882Z   set-safe-directory: true
2025-04-28T09:55:56.0294983Z ##[endgroup]
2025-04-28T09:55:56.2849692Z Syncing repository: shelley021/weatherapp
2025-04-28T09:55:56.2853692Z ##[group]Getting Git version info
2025-04-28T09:55:56.2856091Z Working directory is '/home/runner/work/weatherapp/weatherapp'
2025-04-28T09:55:56.2859291Z [command]/usr/bin/git version
2025-04-28T09:55:56.2936989Z git version 2.49.0
2025-04-28T09:55:56.2969043Z ##[endgroup]
2025-04-28T09:55:56.2986149Z Temporarily overriding HOME='/home/runner/work/_temp/094e955c-77a3-4991-8b5a-73ea51a47f50' before making global git config changes
2025-04-28T09:55:56.2990589Z Adding repository directory to the temporary git global config as a safe directory
2025-04-28T09:55:56.3001149Z [command]/usr/bin/git config --global --add safe.directory /home/runner/work/weatherapp/weatherapp
2025-04-28T09:55:56.3042061Z Deleting the contents of '/home/runner/work/weatherapp/weatherapp'
2025-04-28T09:55:56.3045906Z ##[group]Initializing the repository
2025-04-28T09:55:56.3051301Z [command]/usr/bin/git init /home/runner/work/weatherapp/weatherapp
2025-04-28T09:55:56.3131500Z hint: Using 'master' as the name for the initial branch. This default branch name
2025-04-28T09:55:56.3133414Z hint: is subject to change. To configure the initial branch name to use in all
2025-04-28T09:55:56.3135148Z hint: of your new repositories, which will suppress this warning, call:
2025-04-28T09:55:56.3136722Z hint:
2025-04-28T09:55:56.3137867Z hint: 	git config --global init.defaultBranch <name>
2025-04-28T09:55:56.3139285Z hint:
2025-04-28T09:55:56.3140933Z hint: Names commonly chosen instead of 'master' are 'main', 'trunk' and
2025-04-28T09:55:56.3143971Z hint: 'development'. The just-created branch can be renamed via this command:
2025-04-28T09:55:56.3146529Z hint:
2025-04-28T09:55:56.3147745Z hint: 	git branch -m <name>
2025-04-28T09:55:56.3150071Z Initialized empty Git repository in /home/runner/work/weatherapp/weatherapp/.git/
2025-04-28T09:55:56.3155470Z [command]/usr/bin/git remote add origin https://github.com/shelley021/weatherapp
2025-04-28T09:55:56.3191705Z ##[endgroup]
2025-04-28T09:55:56.3194034Z ##[group]Disabling automatic garbage collection
2025-04-28T09:55:56.3196466Z [command]/usr/bin/git config --local gc.auto 0
2025-04-28T09:55:56.3226527Z ##[endgroup]
2025-04-28T09:55:56.3228715Z ##[group]Setting up auth
2025-04-28T09:55:56.3234579Z [command]/usr/bin/git config --local --name-only --get-regexp core\.sshCommand
2025-04-28T09:55:56.3268130Z [command]/usr/bin/git submodule foreach --recursive sh -c "git config --local --name-only --get-regexp 'core\.sshCommand' && git config --local --unset-all 'core.sshCommand' || :"
2025-04-28T09:55:56.3826511Z [command]/usr/bin/git config --local --name-only --get-regexp http\.https\:\/\/github\.com\/\.extraheader
2025-04-28T09:55:56.3858819Z [command]/usr/bin/git submodule foreach --recursive sh -c "git config --local --name-only --get-regexp 'http\.https\:\/\/github\.com\/\.extraheader' && git config --local --unset-all 'http.https://github.com/.extraheader' || :"
2025-04-28T09:55:56.4090848Z [command]/usr/bin/git config --local http.https://github.com/.extraheader AUTHORIZATION: basic ***
2025-04-28T09:55:56.4127576Z ##[endgroup]
2025-04-28T09:55:56.4129829Z ##[group]Fetching the repository
2025-04-28T09:55:56.4139354Z [command]/usr/bin/git -c protocol.version=2 fetch --no-tags --prune --no-recurse-submodules --depth=1 origin +d8bd9243a88b4fbd0a37a2039419216aa50c0891:refs/remotes/origin/main
2025-04-28T09:55:56.9774826Z From https://github.com/shelley021/weatherapp
2025-04-28T09:55:56.9777177Z  * [new ref]         d8bd9243a88b4fbd0a37a2039419216aa50c0891 -> origin/main
2025-04-28T09:55:56.9806531Z ##[endgroup]
2025-04-28T09:55:56.9808578Z ##[group]Determining the checkout info
2025-04-28T09:55:56.9810590Z ##[endgroup]
2025-04-28T09:55:56.9812582Z [command]/usr/bin/git sparse-checkout disable
2025-04-28T09:55:56.9854610Z [command]/usr/bin/git config --local --unset-all extensions.worktreeConfig
2025-04-28T09:55:56.9883089Z ##[group]Checking out the ref
2025-04-28T09:55:56.9886422Z [command]/usr/bin/git checkout --progress --force -B main refs/remotes/origin/main
2025-04-28T09:55:56.9951262Z Switched to a new branch 'main'
2025-04-28T09:55:56.9953799Z branch 'main' set up to track 'origin/main'.
2025-04-28T09:55:56.9961183Z ##[endgroup]
2025-04-28T09:55:56.9992928Z [command]/usr/bin/git log -1 --format=%H
2025-04-28T09:55:57.0014534Z d8bd9243a88b4fbd0a37a2039419216aa50c0891
2025-04-28T09:55:57.0314677Z ##[group]Run actions/setup-java@v3
2025-04-28T09:55:57.0315895Z with:
2025-04-28T09:55:57.0316577Z   java-version: 17
2025-04-28T09:55:57.0317334Z   distribution: temurin
2025-04-28T09:55:57.0318126Z   java-package: jdk
2025-04-28T09:55:57.0318881Z   check-latest: false
2025-04-28T09:55:57.0319653Z   server-id: github
2025-04-28T09:55:57.0320420Z   server-username: GITHUB_ACTOR
2025-04-28T09:55:57.0321330Z   server-password: GITHUB_TOKEN
2025-04-28T09:55:57.0322220Z   overwrite-settings: true
2025-04-28T09:55:57.0323055Z   job-status: success
2025-04-28T09:55:57.0324041Z   token: ***
2025-04-28T09:55:57.0324734Z ##[endgroup]
2025-04-28T09:55:57.2270544Z ##[group]Installed distributions
2025-04-28T09:55:57.2311070Z Resolved Java 17.0.15+6 from tool-cache
2025-04-28T09:55:57.2312317Z Setting Java 17.0.15+6 as the default
2025-04-28T09:55:57.2324282Z Creating toolchains.xml for JDK version 17 from temurin
2025-04-28T09:55:57.2401180Z Writing to /home/runner/.m2/toolchains.xml
2025-04-28T09:55:57.2402752Z 
2025-04-28T09:55:57.2403420Z Java configuration:
2025-04-28T09:55:57.2405035Z   Distribution: temurin
2025-04-28T09:55:57.2406610Z   Version: 17.0.15+6
2025-04-28T09:55:57.2408384Z   Path: /opt/hostedtoolcache/Java_Temurin-Hotspot_jdk/17.0.15-6/x64
2025-04-28T09:55:57.2409854Z 
2025-04-28T09:55:57.2411410Z ##[endgroup]
2025-04-28T09:55:57.2427400Z Creating settings.xml with server-id: github
2025-04-28T09:55:57.2432404Z Writing to /home/runner/.m2/settings.xml
2025-04-28T09:55:57.2614366Z ##[group]Run actions/setup-python@v5
2025-04-28T09:55:57.2615458Z with:
2025-04-28T09:55:57.2616145Z   python-version: 3.10
2025-04-28T09:55:57.2616933Z   check-latest: false
2025-04-28T09:55:57.2617983Z   token: ***
2025-04-28T09:55:57.2618724Z   update-environment: true
2025-04-28T09:55:57.2619604Z   allow-prereleases: false
2025-04-28T09:55:57.2620454Z   freethreaded: false
2025-04-28T09:55:57.2621198Z env:
2025-04-28T09:55:57.2622235Z   JAVA_HOME: /opt/hostedtoolcache/Java_Temurin-Hotspot_jdk/17.0.15-6/x64
2025-04-28T09:55:57.2623909Z   JAVA_HOME_17_X64: /opt/hostedtoolcache/Java_Temurin-Hotspot_jdk/17.0.15-6/x64
2025-04-28T09:55:57.2625334Z ##[endgroup]
2025-04-28T09:55:57.4298035Z ##[group]Installed versions
2025-04-28T09:55:57.4361825Z Successfully set up CPython (3.10.17)
2025-04-28T09:55:57.4362827Z ##[endgroup]
2025-04-28T09:55:57.4473904Z ##[group]Run Ubuntu_version=$(lsb_release -rs)
2025-04-28T09:55:57.4474363Z [36;1mUbuntu_version=$(lsb_release -rs)[0m
2025-04-28T09:55:57.4474787Z [36;1mif [[ "$Ubuntu_version" == "22.04" || "$Ubuntu_version" == "24.04" ]]; then[0m
2025-04-28T09:55:57.4475171Z [36;1m  sudo apt-get update -y[0m
2025-04-28T09:55:57.4475760Z [36;1m  sudo apt-get install -y libtinfo6[0m
2025-04-28T09:55:57.4476052Z [36;1melse[0m
2025-04-28T09:55:57.4476289Z [36;1m  sudo apt-get update -y[0m
2025-04-28T09:55:57.4476591Z [36;1m  sudo apt-get install -y libtinfo5[0m
2025-04-28T09:55:57.4476883Z [36;1mfi[0m
2025-04-28T09:55:57.4512902Z shell: /usr/bin/bash -e {0}
2025-04-28T09:55:57.4513197Z env:
2025-04-28T09:55:57.4513535Z   JAVA_HOME: /opt/hostedtoolcache/Java_Temurin-Hotspot_jdk/17.0.15-6/x64
2025-04-28T09:55:57.4514044Z   JAVA_HOME_17_X64: /opt/hostedtoolcache/Java_Temurin-Hotspot_jdk/17.0.15-6/x64
2025-04-28T09:55:57.4514527Z   pythonLocation: /opt/hostedtoolcache/Python/3.10.17/x64
2025-04-28T09:55:57.4514961Z   PKG_CONFIG_PATH: /opt/hostedtoolcache/Python/3.10.17/x64/lib/pkgconfig
2025-04-28T09:55:57.4515666Z   Python_ROOT_DIR: /opt/hostedtoolcache/Python/3.10.17/x64
2025-04-28T09:55:57.4516063Z   Python2_ROOT_DIR: /opt/hostedtoolcache/Python/3.10.17/x64
2025-04-28T09:55:57.4516454Z   Python3_ROOT_DIR: /opt/hostedtoolcache/Python/3.10.17/x64
2025-04-28T09:55:57.4516855Z   LD_LIBRARY_PATH: /opt/hostedtoolcache/Python/3.10.17/x64/lib
2025-04-28T09:55:57.4517182Z ##[endgroup]
2025-04-28T09:55:57.5465451Z Hit:1 http://azure.archive.ubuntu.com/ubuntu noble InRelease
2025-04-28T09:55:57.5467330Z Get:2 http://azure.archive.ubuntu.com/ubuntu noble-updates InRelease [126 kB]
2025-04-28T09:55:57.5486894Z Get:3 http://azure.archive.ubuntu.com/ubuntu noble-backports InRelease [126 kB]
2025-04-28T09:55:57.5533217Z Get:4 http://azure.archive.ubuntu.com/ubuntu noble-security InRelease [126 kB]
2025-04-28T09:55:57.5820037Z Hit:5 https://packages.microsoft.com/repos/azure-cli noble InRelease
2025-04-28T09:55:57.5905861Z Get:6 https://packages.microsoft.com/ubuntu/24.04/prod noble InRelease [3600 B]
2025-04-28T09:55:57.6921435Z Get:7 http://azure.archive.ubuntu.com/ubuntu noble-updates/main amd64 Packages [1027 kB]
2025-04-28T09:55:57.7079920Z Get:8 http://azure.archive.ubuntu.com/ubuntu noble-updates/main Translation-en [223 kB]
2025-04-28T09:55:57.7081131Z Get:9 http://azure.archive.ubuntu.com/ubuntu noble-updates/main amd64 Components [161 kB]
2025-04-28T09:55:57.7093179Z Get:10 http://azure.archive.ubuntu.com/ubuntu noble-updates/universe amd64 Packages [1057 kB]
2025-04-28T09:55:57.7177886Z Get:11 http://azure.archive.ubuntu.com/ubuntu noble-updates/universe Translation-en [267 kB]
2025-04-28T09:55:57.7201149Z Get:12 http://azure.archive.ubuntu.com/ubuntu noble-updates/universe amd64 Components [368 kB]
2025-04-28T09:55:57.7400917Z Get:13 http://azure.archive.ubuntu.com/ubuntu noble-updates/restricted amd64 Components [212 B]
2025-04-28T09:55:57.7418272Z Get:14 http://azure.archive.ubuntu.com/ubuntu noble-updates/multiverse amd64 Components [940 B]
2025-04-28T09:55:57.7641592Z Get:15 http://azure.archive.ubuntu.com/ubuntu noble-backports/main amd64 Components [7092 B]
2025-04-28T09:55:57.7661534Z Get:16 http://azure.archive.ubuntu.com/ubuntu noble-backports/universe amd64 Components [16.4 kB]
2025-04-28T09:55:57.8138373Z Get:17 http://azure.archive.ubuntu.com/ubuntu noble-backports/restricted amd64 Components [216 B]
2025-04-28T09:55:57.8162226Z Get:18 http://azure.archive.ubuntu.com/ubuntu noble-backports/multiverse amd64 Components [212 B]
2025-04-28T09:55:57.8341926Z Get:19 http://azure.archive.ubuntu.com/ubuntu noble-security/main amd64 Packages [782 kB]
2025-04-28T09:55:57.8400683Z Get:20 http://azure.archive.ubuntu.com/ubuntu noble-security/main Translation-en [147 kB]
2025-04-28T09:55:57.8465983Z Get:21 http://azure.archive.ubuntu.com/ubuntu noble-security/main amd64 Components [21.5 kB]
2025-04-28T09:55:57.8470810Z Get:22 http://azure.archive.ubuntu.com/ubuntu noble-security/universe amd64 Packages [834 kB]
2025-04-28T09:55:57.8700857Z Get:23 http://azure.archive.ubuntu.com/ubuntu noble-security/universe Translation-en [181 kB]
2025-04-28T09:55:57.8734274Z Get:24 http://azure.archive.ubuntu.com/ubuntu noble-security/universe amd64 Components [52.3 kB]
2025-04-28T09:55:57.8746545Z Get:25 http://azure.archive.ubuntu.com/ubuntu noble-security/restricted amd64 Components [212 B]
2025-04-28T09:55:57.8756792Z Get:26 http://azure.archive.ubuntu.com/ubuntu noble-security/multiverse amd64 Components [208 B]
2025-04-28T09:55:57.9618675Z Get:27 https://packages.microsoft.com/ubuntu/24.04/prod noble/main amd64 Packages [29.5 kB]
2025-04-28T09:56:02.5749159Z Fetched 5557 kB in 1s (7293 kB/s)
2025-04-28T09:56:03.2427560Z Reading package lists...
2025-04-28T09:56:03.2749356Z Reading package lists...
2025-04-28T09:56:03.4337387Z Building dependency tree...
2025-04-28T09:56:03.4344941Z Reading state information...
2025-04-28T09:56:03.6052540Z libtinfo6 is already the newest version (6.4+20240113-1ubuntu2).
2025-04-28T09:56:03.6053167Z libtinfo6 set to manually installed.
2025-04-28T09:56:03.6053688Z 0 upgraded, 0 newly installed, 0 to remove and 25 not upgraded.
2025-04-28T09:56:03.6102970Z ##[group]Run sudo apt-get update -y
2025-04-28T09:56:03.6103306Z [36;1msudo apt-get update -y[0m
2025-04-28T09:56:03.6103682Z [36;1msudo apt-get install -y git zip unzip python3-pip autoconf libtool pkg-config[0m
2025-04-28T09:56:03.6104175Z [36;1msudo apt-get install -y zlib1g-dev libncurses5-dev libncursesw5-dev[0m
2025-04-28T09:56:03.6104571Z [36;1msudo apt-get install -y cmake libffi-dev libssl-dev[0m
2025-04-28T09:56:03.6105704Z [36;1msudo apt-get install -y libltdl-dev build-essential python3-dev python3-venv[0m
2025-04-28T09:56:03.6106153Z [36;1msudo apt-get install -y libnss3-dev libnss3-tools[0m
2025-04-28T09:56:03.6137697Z shell: /usr/bin/bash -e {0}
2025-04-28T09:56:03.6137931Z env:
2025-04-28T09:56:03.6138209Z   JAVA_HOME: /opt/hostedtoolcache/Java_Temurin-Hotspot_jdk/17.0.15-6/x64
2025-04-28T09:56:03.6138658Z   JAVA_HOME_17_X64: /opt/hostedtoolcache/Java_Temurin-Hotspot_jdk/17.0.15-6/x64
2025-04-28T09:56:03.6139080Z   pythonLocation: /opt/hostedtoolcache/Python/3.10.17/x64
2025-04-28T09:56:03.6139459Z   PKG_CONFIG_PATH: /opt/hostedtoolcache/Python/3.10.17/x64/lib/pkgconfig
2025-04-28T09:56:03.6139833Z   Python_ROOT_DIR: /opt/hostedtoolcache/Python/3.10.17/x64
2025-04-28T09:56:03.6140175Z   Python2_ROOT_DIR: /opt/hostedtoolcache/Python/3.10.17/x64
2025-04-28T09:56:03.6140518Z   Python3_ROOT_DIR: /opt/hostedtoolcache/Python/3.10.17/x64
2025-04-28T09:56:03.6140853Z   LD_LIBRARY_PATH: /opt/hostedtoolcache/Python/3.10.17/x64/lib
2025-04-28T09:56:03.6141147Z ##[endgroup]
2025-04-28T09:56:03.6870106Z Hit:1 http://azure.archive.ubuntu.com/ubuntu noble InRelease
2025-04-28T09:56:03.6872225Z Hit:2 http://azure.archive.ubuntu.com/ubuntu noble-updates InRelease
2025-04-28T09:56:03.6873050Z Hit:3 http://azure.archive.ubuntu.com/ubuntu noble-backports InRelease
2025-04-28T09:56:03.6881393Z Hit:4 http://azure.archive.ubuntu.com/ubuntu noble-security InRelease
2025-04-28T09:56:03.7312171Z Hit:5 https://packages.microsoft.com/repos/azure-cli noble InRelease
2025-04-28T09:56:03.8165056Z Hit:6 https://packages.microsoft.com/ubuntu/24.04/prod noble InRelease
2025-04-28T09:56:04.7372763Z Reading package lists...
2025-04-28T09:56:04.7697680Z Reading package lists...
2025-04-28T09:56:04.9415642Z Building dependency tree...
2025-04-28T09:56:04.9422862Z Reading state information...
2025-04-28T09:56:05.1185563Z git is already the newest version (1:2.49.0-0ubuntu1~ubuntu24.04.1).
2025-04-28T09:56:05.1186041Z git set to manually installed.
2025-04-28T09:56:05.1186497Z zip is already the newest version (3.0-13ubuntu0.2).
2025-04-28T09:56:05.1186902Z unzip is already the newest version (6.0-28ubuntu4.1).
2025-04-28T09:56:05.1187360Z python3-pip is already the newest version (24.0+dfsg-1ubuntu1.1).
2025-04-28T09:56:05.1187862Z autoconf is already the newest version (2.71-3).
2025-04-28T09:56:05.1188348Z libtool is already the newest version (2.4.7-7build1).
2025-04-28T09:56:05.1188771Z pkg-config is already the newest version (1.8.1-2build1).
2025-04-28T09:56:05.1189230Z 0 upgraded, 0 newly installed, 0 to remove and 25 not upgraded.
2025-04-28T09:56:05.1419015Z Reading package lists...
2025-04-28T09:56:05.2864437Z Building dependency tree...
2025-04-28T09:56:05.2873660Z Reading state information...
2025-04-28T09:56:05.4602949Z zlib1g-dev is already the newest version (1:1.3.dfsg-3.1ubuntu2.1).
2025-04-28T09:56:05.4603438Z libncurses-dev is already the newest version (6.4+20240113-1ubuntu2).
2025-04-28T09:56:05.4603885Z libncurses-dev set to manually installed.
2025-04-28T09:56:05.4604333Z 0 upgraded, 0 newly installed, 0 to remove and 25 not upgraded.
2025-04-28T09:56:05.4846189Z Reading package lists...
2025-04-28T09:56:05.6432182Z Building dependency tree...
2025-04-28T09:56:05.6439749Z Reading state information...
2025-04-28T09:56:05.7854018Z libffi-dev is already the newest version (3.4.6-1build1).
2025-04-28T09:56:05.7854657Z libffi-dev set to manually installed.
2025-04-28T09:56:05.7855585Z libssl-dev is already the newest version (3.0.13-0ubuntu3.5).
2025-04-28T09:56:05.7856987Z The following additional packages will be installed:
2025-04-28T09:56:05.7860348Z   cmake-data libjsoncpp25 librhash0
2025-04-28T09:56:05.7865861Z Suggested packages:
2025-04-28T09:56:05.7866410Z   cmake-doc cmake-format elpa-cmake-mode ninja-build
2025-04-28T09:56:05.8022726Z The following NEW packages will be installed:
2025-04-28T09:56:05.8029219Z   cmake cmake-data libjsoncpp25 librhash0
2025-04-28T09:56:05.9071663Z 0 upgraded, 4 newly installed, 0 to remove and 25 not upgraded.
2025-04-28T09:56:05.9072568Z Need to get 13.6 MB of archives.
2025-04-28T09:56:05.9073013Z After this operation, 49.1 MB of additional disk space will be used.
2025-04-28T09:56:05.9073737Z Get:1 http://azure.archive.ubuntu.com/ubuntu noble/main amd64 libjsoncpp25 amd64 1.9.5-6build1 [82.8 kB]
2025-04-28T09:56:05.9950349Z Get:2 http://azure.archive.ubuntu.com/ubuntu noble/main amd64 librhash0 amd64 1.4.3-3build1 [129 kB]
2025-04-28T09:56:06.0811016Z Get:3 http://azure.archive.ubuntu.com/ubuntu noble/main amd64 cmake-data all 3.28.3-1build7 [2155 kB]
2025-04-28T09:56:06.4186284Z Get:4 http://azure.archive.ubuntu.com/ubuntu noble/main amd64 cmake amd64 3.28.3-1build7 [11.2 MB]
2025-04-28T09:56:07.4044209Z Fetched 13.6 MB in 1s (10.1 MB/s)
2025-04-28T09:56:07.4283394Z Selecting previously unselected package libjsoncpp25:amd64.
2025-04-28T09:56:07.4499886Z (Reading database ... 
2025-04-28T09:56:07.4500275Z (Reading database ... 5%
2025-04-28T09:56:07.4500641Z (Reading database ... 10%
2025-04-28T09:56:07.4500965Z (Reading database ... 15%
2025-04-28T09:56:07.4501191Z (Reading database ... 20%
2025-04-28T09:56:07.4501397Z (Reading database ... 25%
2025-04-28T09:56:07.4501615Z (Reading database ... 30%
2025-04-28T09:56:07.4501825Z (Reading database ... 35%
2025-04-28T09:56:07.4502022Z (Reading database ... 40%
2025-04-28T09:56:07.4502223Z (Reading database ... 45%
2025-04-28T09:56:07.4502418Z (Reading database ... 50%
2025-04-28T09:56:07.4611178Z (Reading database ... 55%
2025-04-28T09:56:07.5031722Z (Reading database ... 60%
2025-04-28T09:56:07.5279599Z (Reading database ... 65%
2025-04-28T09:56:07.5642092Z (Reading database ... 70%
2025-04-28T09:56:07.5846671Z (Reading database ... 75%
2025-04-28T09:56:07.6284900Z (Reading database ... 80%
2025-04-28T09:56:07.6786929Z (Reading database ... 85%
2025-04-28T09:56:07.7141636Z (Reading database ... 90%
2025-04-28T09:56:07.7756140Z (Reading database ... 95%
2025-04-28T09:56:07.7756663Z (Reading database ... 100%
2025-04-28T09:56:07.7757266Z (Reading database ... 222248 files and directories currently installed.)
2025-04-28T09:56:07.7799394Z Preparing to unpack .../libjsoncpp25_1.9.5-6build1_amd64.deb ...
2025-04-28T09:56:07.7850602Z Unpacking libjsoncpp25:amd64 (1.9.5-6build1) ...
2025-04-28T09:56:07.8123956Z Selecting previously unselected package librhash0:amd64.
2025-04-28T09:56:07.8258462Z Preparing to unpack .../librhash0_1.4.3-3build1_amd64.deb ...
2025-04-28T09:56:07.8273924Z Unpacking librhash0:amd64 (1.4.3-3build1) ...
2025-04-28T09:56:07.8563079Z Selecting previously unselected package cmake-data.
2025-04-28T09:56:07.8701277Z Preparing to unpack .../cmake-data_3.28.3-1build7_all.deb ...
2025-04-28T09:56:07.8865687Z Unpacking cmake-data (3.28.3-1build7) ...
2025-04-28T09:56:08.5020286Z Selecting previously unselected package cmake.
2025-04-28T09:56:08.5231559Z Preparing to unpack .../cmake_3.28.3-1build7_amd64.deb ...
2025-04-28T09:56:08.5258784Z Unpacking cmake (3.28.3-1build7) ...
2025-04-28T09:56:08.7218956Z Setting up libjsoncpp25:amd64 (1.9.5-6build1) ...
2025-04-28T09:56:08.7288745Z Setting up librhash0:amd64 (1.4.3-3build1) ...
2025-04-28T09:56:08.7319261Z Setting up cmake-data (3.28.3-1build7) ...
2025-04-28T09:56:08.7399659Z Setting up cmake (3.28.3-1build7) ...
2025-04-28T09:56:08.7432967Z Processing triggers for man-db (2.12.0-4build2) ...
2025-04-28T09:56:15.9953053Z Processing triggers for libc-bin (2.39-0ubuntu8.4) ...
2025-04-28T09:56:16.8460266Z 
2025-04-28T09:56:16.8460801Z Running kernel seems to be up-to-date.
2025-04-28T09:56:16.8461224Z 
2025-04-28T09:56:16.8461795Z No services need to be restarted.
2025-04-28T09:56:16.8462050Z 
2025-04-28T09:56:16.8462195Z No containers need to be restarted.
2025-04-28T09:56:16.8462413Z 
2025-04-28T09:56:16.8462565Z No user sessions are running outdated binaries.
2025-04-28T09:56:16.8462806Z 
2025-04-28T09:56:16.8463038Z No VM guests are running outdated hypervisor (qemu) binaries on this host.
2025-04-28T09:56:17.6820460Z Reading package lists...
2025-04-28T09:56:17.8384731Z Building dependency tree...
2025-04-28T09:56:17.8392789Z Reading state information...
2025-04-28T09:56:17.9876973Z python3-dev is already the newest version (3.12.3-0ubuntu2).
2025-04-28T09:56:17.9877626Z python3-venv is already the newest version (3.12.3-0ubuntu2).
2025-04-28T09:56:17.9878091Z Suggested packages:
2025-04-28T09:56:17.9878394Z   libtool-doc
2025-04-28T09:56:18.0033270Z The following NEW packages will be installed:
2025-04-28T09:56:18.0039978Z   build-essential libltdl-dev
2025-04-28T09:56:18.1469093Z 0 upgraded, 2 newly installed, 0 to remove and 25 not upgraded.
2025-04-28T09:56:18.1469940Z Need to get 173 kB of archives.
2025-04-28T09:56:18.1470658Z After this operation, 980 kB of additional disk space will be used.
2025-04-28T09:56:18.1471511Z Get:1 http://azure.archive.ubuntu.com/ubuntu noble/main amd64 build-essential amd64 12.10ubuntu1 [4928 B]
2025-04-28T09:56:18.2317817Z Get:2 http://azure.archive.ubuntu.com/ubuntu noble/main amd64 libltdl-dev amd64 2.4.7-7build1 [168 kB]
2025-04-28T09:56:18.4819705Z Fetched 173 kB in 0s (771 kB/s)
2025-04-28T09:56:18.5004323Z Selecting previously unselected package build-essential.
2025-04-28T09:56:18.5059100Z (Reading database ... 
2025-04-28T09:56:18.5059500Z (Reading database ... 5%
2025-04-28T09:56:18.5059853Z (Reading database ... 10%
2025-04-28T09:56:18.5060189Z (Reading database ... 15%
2025-04-28T09:56:18.5060522Z (Reading database ... 20%
2025-04-28T09:56:18.5060851Z (Reading database ... 25%
2025-04-28T09:56:18.5061189Z (Reading database ... 30%
2025-04-28T09:56:18.5061523Z (Reading database ... 35%
2025-04-28T09:56:18.5061862Z (Reading database ... 40%
2025-04-28T09:56:18.5062193Z (Reading database ... 45%
2025-04-28T09:56:18.5062528Z (Reading database ... 50%
2025-04-28T09:56:18.5076823Z (Reading database ... 55%
2025-04-28T09:56:18.5183168Z (Reading database ... 60%
2025-04-28T09:56:18.5215163Z (Reading database ... 65%
2025-04-28T09:56:18.5233210Z (Reading database ... 70%
2025-04-28T09:56:18.5253287Z (Reading database ... 75%
2025-04-28T09:56:18.5284497Z (Reading database ... 80%
2025-04-28T09:56:18.5461510Z (Reading database ... 85%
2025-04-28T09:56:18.5523540Z (Reading database ... 90%
2025-04-28T09:56:18.5813585Z (Reading database ... 95%
2025-04-28T09:56:18.5813933Z (Reading database ... 100%
2025-04-28T09:56:18.5814339Z (Reading database ... 225657 files and directories currently installed.)
2025-04-28T09:56:18.5859235Z Preparing to unpack .../build-essential_12.10ubuntu1_amd64.deb ...
2025-04-28T09:56:18.5869420Z Unpacking build-essential (12.10ubuntu1) ...
2025-04-28T09:56:18.6089336Z Selecting previously unselected package libltdl-dev:amd64.
2025-04-28T09:56:18.6228449Z Preparing to unpack .../libltdl-dev_2.4.7-7build1_amd64.deb ...
2025-04-28T09:56:18.6237534Z Unpacking libltdl-dev:amd64 (2.4.7-7build1) ...
2025-04-28T09:56:18.6916066Z Setting up libltdl-dev:amd64 (2.4.7-7build1) ...
2025-04-28T09:56:18.6944971Z Setting up build-essential (12.10ubuntu1) ...
2025-04-28T09:56:19.2454405Z 
2025-04-28T09:56:19.2454970Z Running kernel seems to be up-to-date.
2025-04-28T09:56:19.2455551Z 
2025-04-28T09:56:19.2455698Z No services need to be restarted.
2025-04-28T09:56:19.2455984Z 
2025-04-28T09:56:19.2456164Z No containers need to be restarted.
2025-04-28T09:56:19.2456422Z 
2025-04-28T09:56:19.2456604Z No user sessions are running outdated binaries.
2025-04-28T09:56:19.2456919Z 
2025-04-28T09:56:19.2457208Z No VM guests are running outdated hypervisor (qemu) binaries on this host.
2025-04-28T09:56:20.0601993Z Reading package lists...
2025-04-28T09:56:20.2034586Z Building dependency tree...
2025-04-28T09:56:20.2042413Z Reading state information...
2025-04-28T09:56:20.3394887Z The following additional packages will be installed:
2025-04-28T09:56:20.3398463Z   libnspr4-dev
2025-04-28T09:56:20.3551723Z The following NEW packages will be installed:
2025-04-28T09:56:20.3555451Z   libnspr4-dev libnss3-dev libnss3-tools
2025-04-28T09:56:20.4586122Z 0 upgraded, 3 newly installed, 0 to remove and 25 not upgraded.
2025-04-28T09:56:20.4586659Z Need to get 1088 kB of archives.
2025-04-28T09:56:20.4587454Z After this operation, 4860 kB of additional disk space will be used.
2025-04-28T09:56:20.4588236Z Get:1 http://azure.archive.ubuntu.com/ubuntu noble/main amd64 libnspr4-dev amd64 2:4.35-1.1build1 [219 kB]
2025-04-28T09:56:20.6219069Z Get:2 http://azure.archive.ubuntu.com/ubuntu noble/main amd64 libnss3-dev amd64 2:3.98-1build1 [253 kB]
2025-04-28T09:56:20.7865041Z Get:3 http://azure.archive.ubuntu.com/ubuntu noble/main amd64 libnss3-tools amd64 2:3.98-1build1 [615 kB]
2025-04-28T09:56:21.1955885Z Fetched 1088 kB in 1s (1846 kB/s)
2025-04-28T09:56:21.2130917Z Selecting previously unselected package libnspr4-dev.
2025-04-28T09:56:21.2185427Z (Reading database ... 
2025-04-28T09:56:21.2185819Z (Reading database ... 5%
2025-04-28T09:56:21.2186195Z (Reading database ... 10%
2025-04-28T09:56:21.2186542Z (Reading database ... 15%
2025-04-28T09:56:21.2186870Z (Reading database ... 20%
2025-04-28T09:56:21.2187672Z (Reading database ... 25%
2025-04-28T09:56:21.2188032Z (Reading database ... 30%
2025-04-28T09:56:21.2188391Z (Reading database ... 35%
2025-04-28T09:56:21.2188723Z (Reading database ... 40%
2025-04-28T09:56:21.2189056Z (Reading database ... 45%
2025-04-28T09:56:21.2189380Z (Reading database ... 50%
2025-04-28T09:56:21.2204203Z (Reading database ... 55%
2025-04-28T09:56:21.2310732Z (Reading database ... 60%
2025-04-28T09:56:21.2342549Z (Reading database ... 65%
2025-04-28T09:56:21.2360482Z (Reading database ... 70%
2025-04-28T09:56:21.2380120Z (Reading database ... 75%
2025-04-28T09:56:21.2411366Z (Reading database ... 80%
2025-04-28T09:56:21.2579712Z (Reading database ... 85%
2025-04-28T09:56:21.2639632Z (Reading database ... 90%
2025-04-28T09:56:21.2898880Z (Reading database ... 95%
2025-04-28T09:56:21.2899342Z (Reading database ... 100%
2025-04-28T09:56:21.2899827Z (Reading database ... 225713 files and directories currently installed.)
2025-04-28T09:56:21.2939654Z Preparing to unpack .../libnspr4-dev_2%3a4.35-1.1build1_amd64.deb ...
2025-04-28T09:56:21.2953340Z Unpacking libnspr4-dev (2:4.35-1.1build1) ...
2025-04-28T09:56:21.3328117Z Selecting previously unselected package libnss3-dev:amd64.
2025-04-28T09:56:21.3462208Z Preparing to unpack .../libnss3-dev_2%3a3.98-1build1_amd64.deb ...
2025-04-28T09:56:21.3472679Z Unpacking libnss3-dev:amd64 (2:3.98-1build1) ...
2025-04-28T09:56:21.3909670Z Selecting previously unselected package libnss3-tools.
2025-04-28T09:56:21.4045855Z Preparing to unpack .../libnss3-tools_2%3a3.98-1build1_amd64.deb ...
2025-04-28T09:56:21.4057236Z Unpacking libnss3-tools (2:3.98-1build1) ...
2025-04-28T09:56:21.4596541Z Setting up libnspr4-dev (2:4.35-1.1build1) ...
2025-04-28T09:56:21.4631328Z Setting up libnss3-dev:amd64 (2:3.98-1build1) ...
2025-04-28T09:56:21.4664690Z Setting up libnss3-tools (2:3.98-1build1) ...
2025-04-28T09:56:21.4697265Z Processing triggers for man-db (2.12.0-4build2) ...
2025-04-28T09:56:25.8057002Z 
2025-04-28T09:56:25.8057496Z Running kernel seems to be up-to-date.
2025-04-28T09:56:25.8057926Z 
2025-04-28T09:56:25.8058098Z No services need to be restarted.
2025-04-28T09:56:25.8058442Z 
2025-04-28T09:56:25.8058620Z No containers need to be restarted.
2025-04-28T09:56:25.8058933Z 
2025-04-28T09:56:25.8059148Z No user sessions are running outdated binaries.
2025-04-28T09:56:25.8059520Z 
2025-04-28T09:56:25.8059869Z No VM guests are running outdated hypervisor (qemu) binaries on this host.
2025-04-28T09:56:26.6596722Z ##[group]Run pip config set global.index-url https://mirrors.aliyun.com/pypi/simple/
2025-04-28T09:56:26.6597298Z [36;1mpip config set global.index-url https://mirrors.aliyun.com/pypi/simple/[0m
2025-04-28T09:56:26.6597741Z [36;1mpip config set global.trusted-host mirrors.aliyun.com[0m
2025-04-28T09:56:26.6628451Z shell: /usr/bin/bash -e {0}
2025-04-28T09:56:26.6628672Z env:
2025-04-28T09:56:26.6628952Z   JAVA_HOME: /opt/hostedtoolcache/Java_Temurin-Hotspot_jdk/17.0.15-6/x64
2025-04-28T09:56:26.6629386Z   JAVA_HOME_17_X64: /opt/hostedtoolcache/Java_Temurin-Hotspot_jdk/17.0.15-6/x64
2025-04-28T09:56:26.6629795Z   pythonLocation: /opt/hostedtoolcache/Python/3.10.17/x64
2025-04-28T09:56:26.6630361Z   PKG_CONFIG_PATH: /opt/hostedtoolcache/Python/3.10.17/x64/lib/pkgconfig
2025-04-28T09:56:26.6630739Z   Python_ROOT_DIR: /opt/hostedtoolcache/Python/3.10.17/x64
2025-04-28T09:56:26.6631072Z   Python2_ROOT_DIR: /opt/hostedtoolcache/Python/3.10.17/x64
2025-04-28T09:56:26.6631434Z   Python3_ROOT_DIR: /opt/hostedtoolcache/Python/3.10.17/x64
2025-04-28T09:56:26.6631772Z   LD_LIBRARY_PATH: /opt/hostedtoolcache/Python/3.10.17/x64/lib
2025-04-28T09:56:26.6632048Z ##[endgroup]
2025-04-28T09:56:26.9256520Z Writing to /home/runner/.config/pip/pip.conf
2025-04-28T09:56:27.1038542Z Writing to /home/runner/.config/pip/pip.conf
2025-04-28T09:56:27.1288952Z ##[group]Run python -m pip install --upgrade pip setuptools
2025-04-28T09:56:27.1289427Z [36;1mpython -m pip install --upgrade pip setuptools[0m
2025-04-28T09:56:27.1289856Z [36;1mpip install buildozer==1.5.0 kivy==2.3.1 requests==2.25.1 cython==0.29.36 certifi[0m
2025-04-28T09:56:27.1290232Z [36;1mpip install python-for-android[0m
2025-04-28T09:56:27.1320857Z shell: /usr/bin/bash -e {0}
2025-04-28T09:56:27.1321083Z env:
2025-04-28T09:56:27.1321362Z   JAVA_HOME: /opt/hostedtoolcache/Java_Temurin-Hotspot_jdk/17.0.15-6/x64
2025-04-28T09:56:27.1321817Z   JAVA_HOME_17_X64: /opt/hostedtoolcache/Java_Temurin-Hotspot_jdk/17.0.15-6/x64
2025-04-28T09:56:27.1322231Z   pythonLocation: /opt/hostedtoolcache/Python/3.10.17/x64
2025-04-28T09:56:27.1322611Z   PKG_CONFIG_PATH: /opt/hostedtoolcache/Python/3.10.17/x64/lib/pkgconfig
2025-04-28T09:56:27.1322972Z   Python_ROOT_DIR: /opt/hostedtoolcache/Python/3.10.17/x64
2025-04-28T09:56:27.1323345Z   Python2_ROOT_DIR: /opt/hostedtoolcache/Python/3.10.17/x64
2025-04-28T09:56:27.1323677Z   Python3_ROOT_DIR: /opt/hostedtoolcache/Python/3.10.17/x64
2025-04-28T09:56:27.1324020Z   LD_LIBRARY_PATH: /opt/hostedtoolcache/Python/3.10.17/x64/lib
2025-04-28T09:56:27.1324298Z ##[endgroup]
2025-04-28T09:56:27.6667442Z Looking in indexes: https://mirrors.aliyun.com/pypi/simple/
2025-04-28T09:56:27.6671912Z Requirement already satisfied: pip in /opt/hostedtoolcache/Python/3.10.17/x64/lib/python3.10/site-packages (25.0.1)
2025-04-28T09:56:28.1671411Z Collecting pip
2025-04-28T09:56:28.1962597Z   Downloading https://mirrors.aliyun.com/pypi/packages/e0/f0/8a2806114cd36e282823fd4d8e88e3b94dc943c2569c350d0c826a49db38/pip-25.1-py3-none-any.whl (1.8 MB)
2025-04-28T09:56:28.3456590Z      ━━━━━━━━━━━━━━━━━━━━━━━━━━━━━━━━━━━━━━━━ 1.8/1.8 MB 15.4 MB/s eta 0:00:00
2025-04-28T09:56:28.3524998Z Requirement already satisfied: setuptools in /opt/hostedtoolcache/Python/3.10.17/x64/lib/python3.10/site-packages (65.5.0)
2025-04-28T09:56:28.5547952Z Collecting setuptools
2025-04-28T09:56:28.5814164Z   Downloading https://mirrors.aliyun.com/pypi/packages/23/63/5517029d6696ddf2bd378d46f63f479be001c31b462303170a1da57650cb/setuptools-80.0.0-py3-none-any.whl (1.2 MB)
2025-04-28T09:56:28.6456723Z      ━━━━━━━━━━━━━━━━━━━━━━━━━━━━━━━━━━━━━━━━ 1.2/1.2 MB 17.5 MB/s eta 0:00:00
2025-04-28T09:56:28.6943861Z Installing collected packages: setuptools, pip
2025-04-28T09:56:28.6945583Z   Attempting uninstall: setuptools
2025-04-28T09:56:28.6951983Z     Found existing installation: setuptools 65.5.0
2025-04-28T09:56:28.7184212Z     Uninstalling setuptools-65.5.0:
2025-04-28T09:56:28.7286744Z       Successfully uninstalled setuptools-65.5.0
2025-04-28T09:56:29.3919179Z   Attempting uninstall: pip
2025-04-28T09:56:29.3924450Z     Found existing installation: pip 25.0.1
2025-04-28T09:56:29.4337135Z     Uninstalling pip-25.0.1:
2025-04-28T09:56:29.4396308Z       Successfully uninstalled pip-25.0.1
2025-04-28T09:56:30.2461926Z Successfully installed pip-25.1 setuptools-80.0.0
2025-04-28T09:56:31.0099160Z Looking in indexes: https://mirrors.aliyun.com/pypi/simple/
2025-04-28T09:56:31.1222381Z Collecting buildozer==1.5.0
2025-04-28T09:56:31.1479523Z   Downloading https://mirrors.aliyun.com/pypi/packages/b4/cc/b100902af85c46a2acddf0c83d11239393c17c891bf25e225ed5243ffc2a/buildozer-1.5.0-py3-none-any.whl (86 kB)
2025-04-28T09:56:31.2651371Z Collecting kivy==2.3.1
2025-04-28T09:56:31.2889901Z   Downloading https://mirrors.aliyun.com/pypi/packages/5f/a5/880e85aac2724ed60ecf109ad3c983c9cc90df912d82f02b8c734bdbfa4d/Kivy-2.3.1-cp310-cp310-manylinux_2_17_x86_64.manylinux2014_x86_64.whl (21.6 MB)
2025-04-28T09:56:32.2073167Z      ━━━━━━━━━━━━━━━━━━━━━━━━━━━━━━━━━━━━━━━━ 21.6/21.6 MB 24.0 MB/s eta 0:00:00
2025-04-28T09:56:32.2967099Z Collecting requests==2.25.1
2025-04-28T09:56:32.3193755Z   Downloading https://mirrors.aliyun.com/pypi/packages/29/c1/24814557f1d22c56d50280771a17307e6bf87b70727d975fd6b2ce6b014a/requests-2.25.1-py2.py3-none-any.whl (61 kB)
2025-04-28T09:56:32.7112349Z Collecting cython==0.29.36
2025-04-28T09:56:32.7393335Z   Downloading https://mirrors.aliyun.com/pypi/packages/f8/26/ca0f1bb049b83c25cafa39f3fa5287c826a6ab36e665c906209e07f4deac/Cython-0.29.36-cp310-cp310-manylinux_2_17_x86_64.manylinux2014_x86_64.manylinux_2_24_x86_64.whl (1.9 MB)
2025-04-28T09:56:32.8158550Z      ━━━━━━━━━━━━━━━━━━━━━━━━━━━━━━━━━━━━━━━━ 1.9/1.9 MB 22.4 MB/s eta 0:00:00
2025-04-28T09:56:32.8634780Z Collecting certifi
2025-04-28T09:56:32.9106614Z   Downloading https://mirrors.aliyun.com/pypi/packages/4a/7e/3db2bd1b1f9e95f7cddca6d6e75e2f2bd9f51b1246e546d88addca0106bd/certifi-2025.4.26-py3-none-any.whl (159 kB)
2025-04-28T09:56:32.9446525Z Collecting pexpect (from buildozer==1.5.0)
2025-04-28T09:56:32.9673217Z   Downloading https://mirrors.aliyun.com/pypi/packages/9e/c3/059298687310d527a58bb01f3b1965787ee3b40dce76752eda8b44e9a2c5/pexpect-4.9.0-py2.py3-none-any.whl (63 kB)
2025-04-28T09:56:33.0561669Z Collecting virtualenv (from buildozer==1.5.0)
2025-04-28T09:56:33.0794145Z   Downloading https://mirrors.aliyun.com/pypi/packages/4c/ed/3cfeb48175f0671ec430ede81f628f9fb2b1084c9064ca67ebe8c0ed6a05/virtualenv-20.30.0-py3-none-any.whl (4.3 MB)
2025-04-28T09:56:33.2565894Z      ━━━━━━━━━━━━━━━━━━━━━━━━━━━━━━━━━━━━━━━━ 4.3/4.3 MB 23.3 MB/s eta 0:00:00
2025-04-28T09:56:33.3016245Z Collecting sh (from buildozer==1.5.0)
2025-04-28T09:56:33.3245454Z   Downloading https://mirrors.aliyun.com/pypi/packages/70/98/d82f14ac7ffedbd38dfa2383f142b26d18d23ca6cf35a40f4af60df666bd/sh-2.2.2-py3-none-any.whl (38 kB)
2025-04-28T09:56:33.3554995Z Collecting Kivy-Garden>=0.1.4 (from kivy==2.3.1)
2025-04-28T09:56:33.3783174Z   Downloading https://mirrors.aliyun.com/pypi/packages/6a/55/cd1555bde62f809219cbc5d8a0836b0293399da2f4ba4e8ee84b6a7cc393/Kivy_Garden-0.1.5-py3-none-any.whl (4.6 kB)
2025-04-28T09:56:33.4153108Z Collecting docutils (from kivy==2.3.1)
2025-04-28T09:56:33.4380438Z   Downloading https://mirrors.aliyun.com/pypi/packages/8f/d7/9322c609343d929e75e7e5e6255e614fcc67572cfd083959cdef3b7aad79/docutils-0.21.2-py3-none-any.whl (587 kB)
2025-04-28T09:56:33.4635802Z      ━━━━━━━━━━━━━━━━━━━━━━━━━━━━━━━━━━━━━━ 587.4/587.4 kB 15.0 MB/s eta 0:00:00
2025-04-28T09:56:33.5104551Z Collecting pygments (from kivy==2.3.1)
2025-04-28T09:56:33.5332350Z   Downloading https://mirrors.aliyun.com/pypi/packages/8a/0b/9fcc47d19c48b59121088dd6da2488a49d5f72dacf8262e2790a1d2c7d15/pygments-2.19.1-py3-none-any.whl (1.2 MB)
2025-04-28T09:56:33.5819759Z      ━━━━━━━━━━━━━━━━━━━━━━━━━━━━━━━━━━━━━━━━ 1.2/1.2 MB 21.7 MB/s eta 0:00:00
2025-04-28T09:56:33.6183157Z Collecting filetype (from kivy==2.3.1)
2025-04-28T09:56:33.6407582Z   Downloading https://mirrors.aliyun.com/pypi/packages/18/79/1b8fa1bb3568781e84c9200f951c735f3f157429f44be0495da55894d620/filetype-1.2.0-py2.py3-none-any.whl (19 kB)
2025-04-28T09:56:33.6750640Z Collecting chardet<5,>=3.0.2 (from requests==2.25.1)
2025-04-28T09:56:33.6981442Z   Downloading https://mirrors.aliyun.com/pypi/packages/19/c7/fa589626997dd07bd87d9269342ccb74b1720384a4d739a1872bd84fbe68/chardet-4.0.0-py2.py3-none-any.whl (178 kB)
2025-04-28T09:56:33.7349975Z Collecting idna<3,>=2.5 (from requests==2.25.1)
2025-04-28T09:56:33.7612574Z   Downloading https://mirrors.aliyun.com/pypi/packages/a2/38/928ddce2273eaa564f6f50de919327bf3a00f091b5baba8dfa9460f3a8a8/idna-2.10-py2.py3-none-any.whl (58 kB)
2025-04-28T09:56:33.8174594Z Collecting urllib3<1.27,>=1.21.1 (from requests==2.25.1)
2025-04-28T09:56:33.8426081Z   Downloading https://mirrors.aliyun.com/pypi/packages/33/cf/8435d5a7159e2a9c83a95896ed596f68cf798005fe107cc655b5c5c14704/urllib3-1.26.20-py2.py3-none-any.whl (144 kB)
2025-04-28T09:56:33.9056359Z Collecting ptyprocess>=0.5 (from pexpect->buildozer==1.5.0)
2025-04-28T09:56:33.9295528Z   Downloading https://mirrors.aliyun.com/pypi/packages/22/a6/858897256d0deac81a172289110f31629fc4cee19b6f01283303e18c8db3/ptyprocess-0.7.0-py2.py3-none-any.whl (13 kB)
2025-04-28T09:56:33.9679588Z Collecting distlib<1,>=0.3.7 (from virtualenv->buildozer==1.5.0)
2025-04-28T09:56:33.9937332Z   Downloading https://mirrors.aliyun.com/pypi/packages/91/a1/cf2472db20f7ce4a6be1253a81cfdf85ad9c7885ffbed7047fb72c24cf87/distlib-0.3.9-py2.py3-none-any.whl (468 kB)
2025-04-28T09:56:34.0410654Z Collecting filelock<4,>=3.12.2 (from virtualenv->buildozer==1.5.0)
2025-04-28T09:56:34.0634182Z   Downloading https://mirrors.aliyun.com/pypi/packages/4d/36/2a115987e2d8c300a974597416d9de88f2444426de9571f4b59b2cca3acc/filelock-3.18.0-py3-none-any.whl (16 kB)
2025-04-28T09:56:34.4089766Z Collecting platformdirs<5,>=3.9.1 (from virtualenv->buildozer==1.5.0)
2025-04-28T09:56:34.4318725Z   Downloading https://mirrors.aliyun.com/pypi/packages/6d/45/59578566b3275b8fd9157885918fcd0c4d74162928a5310926887b856a51/platformdirs-4.3.7-py3-none-any.whl (18 kB)
2025-04-28T09:56:34.5040065Z Installing collected packages: ptyprocess, filetype, distlib, urllib3, sh, pygments, platformdirs, pexpect, idna, filelock, docutils, cython, chardet, certifi, virtualenv, requests, Kivy-Garden, buildozer, kivy
2025-04-28T09:56:37.3664906Z 
2025-04-28T09:56:37.3703679Z Successfully installed Kivy-Garden-0.1.5 buildozer-1.5.0 certifi-2025.4.26 chardet-4.0.0 cython-0.29.36 distlib-0.3.9 docutils-0.21.2 filelock-3.18.0 filetype-1.2.0 idna-2.10 kivy-2.3.1 pexpect-4.9.0 platformdirs-4.3.7 ptyprocess-0.7.0 pygments-2.19.1 requests-2.25.1 sh-2.2.2 urllib3-1.26.20 virtualenv-20.30.0
2025-04-28T09:56:37.7903344Z Looking in indexes: https://mirrors.aliyun.com/pypi/simple/
2025-04-28T09:56:38.1121053Z Collecting python-for-android
2025-04-28T09:56:38.1412841Z   Downloading https://mirrors.aliyun.com/pypi/packages/4e/9a/d7aaddc380894c51484669ca4ac9c5ab890fcda0ef91ed4ad73eadb881a2/python_for_android-2024.1.21-py3-none-any.whl (543 kB)
2025-04-28T09:56:38.2220369Z      ━━━━━━━━━━━━━━━━━━━━━━━━━━━━━━━━━━━━━━━ 543.4/543.4 kB 9.8 MB/s eta 0:00:00
2025-04-28T09:56:38.2574031Z Collecting appdirs (from python-for-android)
2025-04-28T09:56:38.2826552Z   Downloading https://mirrors.aliyun.com/pypi/packages/3b/00/2344469e2084fb287c2e0b57b72910309874c3245463acd6cf5e3db69324/appdirs-1.4.4-py2.py3-none-any.whl (9.6 kB)
2025-04-28T09:56:38.3244085Z Collecting colorama>=0.3.3 (from python-for-android)
2025-04-28T09:56:38.3490543Z   Downloading https://mirrors.aliyun.com/pypi/packages/d1/d6/3965ed04c63042e047cb6a3e6ed1a63a35087b6a609aa3a15ed8ac56c221/colorama-0.4.6-py2.py3-none-any.whl (25 kB)
2025-04-28T09:56:38.3925153Z Collecting jinja2 (from python-for-android)
2025-04-28T09:56:38.4182839Z   Downloading https://mirrors.aliyun.com/pypi/packages/62/a1/3d680cbfd5f4b8f15abc1d571870c5fc3e594bb582bc3b64ea099db13e56/jinja2-3.1.6-py3-none-any.whl (134 kB)
2025-04-28T09:56:38.8575655Z Collecting build (from python-for-android)
2025-04-28T09:56:39.2396556Z   Downloading https://mirrors.aliyun.com/pypi/packages/84/c2/80633736cd183ee4a62107413def345f7e6e3c01563dbca1417363cf957e/build-1.2.2.post1-py3-none-any.whl (22 kB)
2025-04-28T09:56:39.2895961Z Collecting toml (from python-for-android)
2025-04-28T09:56:39.3143283Z   Downloading https://mirrors.aliyun.com/pypi/packages/44/6f/7120676b6d73228c96e17f1f794d8ab046fc910d781c8d151120c3f1569e/toml-0.10.2-py2.py3-none-any.whl (16 kB)
2025-04-28T09:56:39.3590465Z Collecting packaging (from python-for-android)
2025-04-28T09:56:39.3836262Z   Downloading https://mirrors.aliyun.com/pypi/packages/20/12/38679034af332785aac8774540895e234f4d07f7545804097de4b666afd8/packaging-25.0-py3-none-any.whl (66 kB)
2025-04-28T09:56:39.3894033Z Requirement already satisfied: setuptools in /opt/hostedtoolcache/Python/3.10.17/x64/lib/python3.10/site-packages (from python-for-android) (80.0.0)
2025-04-28T09:56:39.4298104Z Collecting sh<2.0,>=1.10 (from python-for-android)
2025-04-28T09:56:39.7823497Z   Downloading https://mirrors.aliyun.com/pypi/packages/b7/09/89c28aaf2a49f226fef8587c90c6386bd2cc03a0295bc4ff7fc6ee43c01d/sh-1.14.3.tar.gz (62 kB)
2025-04-28T09:56:39.7940297Z   Installing build dependencies: started
2025-04-28T09:56:40.6932657Z   Installing build dependencies: finished with status 'done'
2025-04-28T09:56:40.6940966Z   Getting requirements to build wheel: started
2025-04-28T09:56:41.0400856Z   Getting requirements to build wheel: finished with status 'done'
2025-04-28T09:56:41.0410220Z   Preparing metadata (pyproject.toml): started
2025-04-28T09:56:41.2139097Z   Preparing metadata (pyproject.toml): finished with status 'done'
2025-04-28T09:56:41.5948944Z Collecting pyproject_hooks (from build->python-for-android)
2025-04-28T09:56:41.9872687Z   Downloading https://mirrors.aliyun.com/pypi/packages/bd/24/12818598c362d7f300f18e74db45963dbcb85150324092410c8b49405e42/pyproject_hooks-1.2.0-py3-none-any.whl (10 kB)
2025-04-28T09:56:42.0292983Z Collecting tomli>=1.1.0 (from build->python-for-android)
2025-04-28T09:56:42.0543378Z   Downloading https://mirrors.aliyun.com/pypi/packages/6e/c2/61d3e0f47e2b74ef40a68b9e6ad5984f6241a942f7cd3bbfbdbd03861ea9/tomli-2.2.1-py3-none-any.whl (14 kB)
2025-04-28T09:56:42.1670671Z Collecting MarkupSafe>=2.0 (from jinja2->python-for-android)
2025-04-28T09:56:42.1998751Z   Downloading https://mirrors.aliyun.com/pypi/packages/22/35/137da042dfb4720b638d2937c38a9c2df83fe32d20e8c8f3185dbfef05f7/MarkupSafe-3.0.2-cp310-cp310-manylinux_2_17_x86_64.manylinux2014_x86_64.whl (20 kB)
2025-04-28T09:56:42.2200736Z Building wheels for collected packages: sh
2025-04-28T09:56:42.2209898Z   Building wheel for sh (pyproject.toml): started
2025-04-28T09:56:42.4258977Z   Building wheel for sh (pyproject.toml): finished with status 'done'
2025-04-28T09:56:42.4265556Z   Created wheel for sh: filename=sh-1.14.3-py2.py3-none-any.whl size=39723 sha256=7ae890f0cbe2b4cc74565339836a859d603d0bf529ba3f201daadf72f99dc73f
2025-04-28T09:56:42.4267856Z   Stored in directory: /home/runner/.cache/pip/wheels/04/c3/6a/4aed84b70c931e7f9d56fdb7d4c6f6cc154f058ad263e6addc
2025-04-28T09:56:42.4284570Z Successfully built sh
2025-04-28T09:56:42.4752934Z Installing collected packages: sh, appdirs, tomli, toml, pyproject_hooks, packaging, MarkupSafe, colorama, jinja2, build, python-for-android
2025-04-28T09:56:42.4758928Z   Attempting uninstall: sh
2025-04-28T09:56:42.4765901Z     Found existing installation: sh 2.2.2
2025-04-28T09:56:42.4782946Z     Uninstalling sh-2.2.2:
2025-04-28T09:56:42.5020687Z       Successfully uninstalled sh-2.2.2
2025-04-28T09:56:42.9343278Z 
2025-04-28T09:56:42.9393830Z Successfully installed MarkupSafe-3.0.2 appdirs-1.4.4 build-1.2.2.post1 colorama-0.4.6 jinja2-3.1.6 packaging-25.0 pyproject_hooks-1.2.0 python-for-android-2024.1.21 sh-1.14.3 toml-0.10.2 tomli-2.2.1
2025-04-28T09:56:43.0107232Z ##[group]Run android-actions/setup-android@v3
2025-04-28T09:56:43.0107510Z with:
2025-04-28T09:56:43.0107692Z   cmdline-tools-version: latest
2025-04-28T09:56:43.0108046Z   packages: build-tools;34.0.0 platform-tools platforms;android-34 ndk;25.2.9519653
2025-04-28T09:56:43.0108417Z   accept-android-sdk-licenses: true
2025-04-28T09:56:43.0108678Z   log-accepted-android-sdk-licenses: true
2025-04-28T09:56:43.0108916Z env:
2025-04-28T09:56:43.0109170Z   JAVA_HOME: /opt/hostedtoolcache/Java_Temurin-Hotspot_jdk/17.0.15-6/x64
2025-04-28T09:56:43.0109598Z   JAVA_HOME_17_X64: /opt/hostedtoolcache/Java_Temurin-Hotspot_jdk/17.0.15-6/x64
2025-04-28T09:56:43.0109995Z   pythonLocation: /opt/hostedtoolcache/Python/3.10.17/x64
2025-04-28T09:56:43.0110368Z   PKG_CONFIG_PATH: /opt/hostedtoolcache/Python/3.10.17/x64/lib/pkgconfig
2025-04-28T09:56:43.0110738Z   Python_ROOT_DIR: /opt/hostedtoolcache/Python/3.10.17/x64
2025-04-28T09:56:43.0111104Z   Python2_ROOT_DIR: /opt/hostedtoolcache/Python/3.10.17/x64
2025-04-28T09:56:43.0111641Z   Python3_ROOT_DIR: /opt/hostedtoolcache/Python/3.10.17/x64
2025-04-28T09:56:43.0111985Z   LD_LIBRARY_PATH: /opt/hostedtoolcache/Python/3.10.17/x64/lib
2025-04-28T09:56:43.0112267Z ##[endgroup]
2025-04-28T09:56:43.0947565Z Accepting Android SDK licenses
2025-04-28T09:56:43.0965761Z [command]/usr/local/lib/android/sdk/cmdline-tools/latest/bin/sdkmanager --licenses
2025-04-28T09:56:50.1772146Z Loading local repository...                                                     
2025-04-28T09:56:50.1772826Z [=========                              ] 25% Loading local repository...       
2025-04-28T09:56:51.8372847Z [=========                              ] 25% Fetch remote repository...        
2025-04-28T09:56:52.3076037Z [==========                             ] 26% Fetch remote repository...        
2025-04-28T09:56:52.3077139Z [============                           ] 31% Fetch remote repository...        
2025-04-28T09:56:52.3230727Z [============                           ] 32% Fetch remote repository...        
2025-04-28T09:56:52.3231829Z [=============                          ] 33% Fetch remote repository...        
2025-04-28T09:56:52.3390702Z [=============                          ] 35% Fetch remote repository...        
2025-04-28T09:56:52.3396683Z [==============                         ] 36% Fetch remote repository...        
2025-04-28T09:56:52.3517482Z [==============                         ] 37% Fetch remote repository...        
2025-04-28T09:56:52.3518316Z [===============                        ] 38% Fetch remote repository...        
2025-04-28T09:56:52.3640417Z [===============                        ] 39% Fetch remote repository...        
2025-04-28T09:56:52.3643864Z [================                       ] 40% Fetch remote repository...        
2025-04-28T09:56:52.4143073Z [================                       ] 41% Fetch remote repository...        
2025-04-28T09:56:52.4149198Z [================                       ] 42% Fetch remote repository...        
2025-04-28T09:56:52.4339113Z [=================                      ] 44% Fetch remote repository...        
2025-04-28T09:56:52.4340230Z [=================                      ] 45% Fetch remote repository...        
2025-04-28T09:56:52.4442629Z [==================                     ] 46% Fetch remote repository...        
2025-04-28T09:56:52.4449270Z [==================                     ] 47% Fetch remote repository...        
2025-04-28T09:56:52.4540442Z [===================                    ] 48% Fetch remote repository...        
2025-04-28T09:56:52.4546258Z [===================                    ] 49% Fetch remote repository...        
2025-04-28T09:56:52.4612713Z [====================                   ] 50% Fetch remote repository...        
2025-04-28T09:56:52.4619565Z [====================                   ] 51% Fetch remote repository...        
2025-04-28T09:56:52.4723477Z [====================                   ] 53% Fetch remote repository...        
2025-04-28T09:56:52.4726629Z [=====================                  ] 54% Fetch remote repository...        
2025-04-28T09:56:52.4925098Z [=====================                  ] 55% Fetch remote repository...        
2025-04-28T09:56:52.4928928Z [======================                 ] 56% Fetch remote repository...        
2025-04-28T09:56:52.5157084Z [======================                 ] 57% Fetch remote repository...        
2025-04-28T09:56:52.5157896Z [=======================                ] 58% Fetch remote repository...        
2025-04-28T09:56:52.5362876Z [=======================                ] 59% Fetch remote repository...        
2025-04-28T09:56:52.5369340Z [========================               ] 60% Fetch remote repository...        
2025-04-28T09:56:52.5476731Z [========================               ] 61% Fetch remote repository...        
2025-04-28T09:56:52.5481559Z [=========================              ] 63% Fetch remote repository...        
2025-04-28T09:56:52.5577433Z [=========================              ] 64% Fetch remote repository...        
2025-04-28T09:56:52.5579943Z [=========================              ] 65% Fetch remote repository...        
2025-04-28T09:56:52.5677202Z [==========================             ] 66% Fetch remote repository...        
2025-04-28T09:56:52.5681352Z [==========================             ] 67% Fetch remote repository...        
2025-04-28T09:56:52.6299398Z [===========================            ] 68% Fetch remote repository...        
2025-04-28T09:56:52.6305608Z [===========================            ] 69% Fetch remote repository...        
2025-04-28T09:56:52.6683826Z [============================           ] 70% Fetch remote repository...        
2025-04-28T09:56:52.6684815Z [============================           ] 72% Fetch remote repository...        
2025-04-28T09:56:52.8201807Z [=============================          ] 73% Fetch remote repository...        
2025-04-28T09:56:52.8222511Z [=============================          ] 74% Fetch remote repository...        
2025-04-28T09:56:52.8303760Z [=============================          ] 75% Fetch remote repository...        
2025-04-28T09:56:52.8421552Z [=============================          ] 75% Computing updates...              
2025-04-28T09:56:52.8425922Z [=======================================] 100% Computing updates...             
2025-04-28T09:56:52.8893104Z 5 of 6 SDK package licenses not accepted.
2025-04-28T09:56:52.8895030Z Review licenses that have not been accepted (y/N)? 
2025-04-28T09:56:52.8895937Z 1/5: License android-googletv-license:
2025-04-28T09:56:52.8897804Z ---------------------------------------
2025-04-28T09:56:52.8901788Z Terms and Conditions
2025-04-28T09:56:52.8903725Z 
2025-04-28T09:56:52.8904739Z This is the Google TV Add-on for the Android Software Development Kit License Agreement.
2025-04-28T09:56:52.8908349Z 
2025-04-28T09:56:52.8909768Z 1. Introduction
2025-04-28T09:56:52.8910345Z 
2025-04-28T09:56:52.8912513Z 1.1 The Google TV Add-on for the Android Software Development Kit (referred to in this License Agreement as the "Google TV Add-on" and specifically including the Android system files, packaged APIs, and Google APIs add-ons) is licensed to you subject to the terms of this License Agreement. This License Agreement forms a legally binding contract between you and Google in relation to your use of the Google TV Add-on.
2025-04-28T09:56:52.8916030Z 
2025-04-28T09:56:52.8917957Z 1.2 "Google" means Google Inc., a Delaware corporation with principal place of business at 1600 Amphitheatre Parkway, Mountain View, CA 94043, United States.
2025-04-28T09:56:52.8928328Z 
2025-04-28T09:56:52.8928526Z 2. Accepting this License Agreement
2025-04-28T09:56:52.8928800Z 
2025-04-28T09:56:52.8929469Z 2.1 In order to use the Google TV Add-on, you must first agree to this License Agreement. You may not use the Google TV Add-on if you do not accept this License Agreement.
2025-04-28T09:56:52.8930262Z 
2025-04-28T09:56:52.8930429Z 2.2 You can accept this License Agreement by:
2025-04-28T09:56:52.8931048Z 
2025-04-28T09:56:52.8931520Z (A) clicking to accept or agree to this License Agreement, where this option is made available to you; or
2025-04-28T09:56:52.8932102Z 
2025-04-28T09:56:52.8932851Z (B) by actually using the Google TV Add-on. In this case, you agree that use of the Google TV Add-on constitutes acceptance of the License Agreement from that point onwards.
2025-04-28T09:56:52.8933725Z 
2025-04-28T09:56:52.8935016Z 2.3 You may not use the Google TV Add-on and may not accept the Licensing Agreement if you are a person barred from receiving the Google TV Add-on under the laws of the United States or other countries including the country in which you are resident or from which you use the Google TV Add-on.
2025-04-28T09:56:52.8936670Z 
2025-04-28T09:56:52.8938473Z 2.4 If you are agreeing to be bound by this License Agreement on behalf of your employer or other entity, you represent and warrant that you have full legal authority to bind your employer or such entity to this License Agreement. If you do not have the requisite authority, you may not accept the Licensing Agreement or use the Google TV Add-on on behalf of your employer or other entity.
2025-04-28T09:56:52.8940699Z 
2025-04-28T09:56:52.8940872Z 3. Google TV Add-on License from Google
2025-04-28T09:56:52.8941169Z 
2025-04-28T09:56:52.8942291Z 3.1 Subject to the terms of this License Agreement, Google grants you a limited, worldwide, royalty-free, non- assignable and non-exclusive license to use the Google TV Add-on solely to develop applications to run on the Google TV platform.
2025-04-28T09:56:52.8943551Z 
2025-04-28T09:56:52.8945704Z 3.2 You agree that Google or third parties own all legal right, title and interest in and to the Google TV Add-on, including any Intellectual Property Rights that subsist in the Google TV Add-on. "Intellectual Property Rights" means any and all rights under patent law, copyright law, trade secret law, trademark law, and any and all other proprietary rights. Google reserves all rights not expressly granted to you.
2025-04-28T09:56:52.8947827Z 
2025-04-28T09:56:52.8950728Z 3.3 Except to the extent required by applicable third party licenses, you may not copy (except for backup purposes), modify, adapt, redistribute, decompile, reverse engineer, disassemble, or create derivative works of the Google TV Add-on or any part of the Google TV Add-on. Except to the extent required by applicable third party licenses, you may not load any part of the Google TV Add-on onto a mobile handset, television, or any other hardware device except a personal computer, combine any part of the Google TV Add-on with other software, or distribute any software or device incorporating a part of the Google TV Add-on.
2025-04-28T09:56:52.8953766Z 
2025-04-28T09:56:52.8954782Z 3.4 Use, reproduction and distribution of components of the Google TV Add-on licensed under an open source software license are governed solely by the terms of that open source software license and not this License Agreement.
2025-04-28T09:56:52.8956079Z 
2025-04-28T09:56:52.8958319Z 3.5 You agree that the form and nature of the Google TV Add-on that Google provides may change without prior notice to you and that future versions of the Google TV Add-on may be incompatible with applications developed on previous versions of the Google TV Add-on. You agree that Google may stop (permanently or temporarily) providing the Google TV Add-on (or any features within the Google TV Add-on) to you or to users generally at Google's sole discretion, without prior notice to you.
2025-04-28T09:56:52.8960726Z 
2025-04-28T09:56:52.8962505Z 3.6 Nothing in this License Agreement gives you a right to use any of Google's or it’s licensors’ trade names, trademarks, service marks, logos, domain names, or other distinctive brand features.
2025-04-28T09:56:52.8963578Z 
2025-04-28T09:56:52.8964504Z 3.7 You agree that you will not remove, obscure, or alter any proprietary rights notices (including copyright and trademark notices) that may be affixed to or contained within the Google TV Add-on.
2025-04-28T09:56:52.8965927Z 
2025-04-28T09:56:52.8966101Z 4. Use of the Google TV Add-on by You
2025-04-28T09:56:52.8966386Z 
2025-04-28T09:56:52.8967678Z 4.1 Google agrees that it obtains no right, title or interest from you (or your licensors) under this License Agreement in or to any software applications that you develop using the Google TV Add-on, including any intellectual property rights that subsist in those applications.
2025-04-28T09:56:52.8969076Z 
2025-04-28T09:56:52.8970770Z 4.2 You agree to use the Google TV Add-on and write applications only for purposes that are permitted by (a) this License Agreement and (b) any applicable law, regulation or generally accepted practices or guidelines in the relevant jurisdictions (including any laws regarding the export of data or software to and from the United States or other relevant countries).
2025-04-28T09:56:52.8972601Z 
2025-04-28T09:56:52.8976675Z 4.3 You agree that if you use the Google TV Add-on to develop applications for general public users, you will protect the privacy and legal rights of those users. If the users provide you with user names, passwords, or other login information or personal information, your must make the users aware that the information will be available to your application, and you must provide legally adequate privacy notice and protection for those users. If your application stores personal or sensitive information provided by users, it must do so securely. If the user provides your application with Google Account information, your application may only use that information to access the user's Google Account when, and for the limited purposes for which, the user has given you explicit permission to do so.
2025-04-28T09:56:52.8981208Z 
2025-04-28T09:56:52.8983215Z 4.4 You agree that you will not engage in any activity with the Google TV Add-on, including the development or distribution of an application, that interferes with, disrupts, damages, or accesses in an unauthorized manner the servers, networks, or other properties or services of any third party including, but not limited to, Google, Multichannel Video Program Distributors or any mobile communications carrier.
2025-04-28T09:56:52.8985494Z 
2025-04-28T09:56:52.8987294Z 4.5 You agree that you are solely responsible for (and that Google has no responsibility to you or to any third party for) any data, content, or resources that you create, transmit or display through the Google TV platform and/or applications for the Google TV platform, and for the consequences of your actions (including any loss or damage which Google may suffer) by doing so.
2025-04-28T09:56:52.8989156Z 
2025-04-28T09:56:52.8991000Z 4.6 You agree that you are solely responsible for (and that Google has no responsibility to you or to any third party for) any breach of your obligations under this License Agreement, any applicable third party contract or Terms of Service, or any applicable law or regulation, and for the consequences (including any loss or damage which Google or any third party may suffer) of any such breach.
2025-04-28T09:56:52.8992959Z 
2025-04-28T09:56:52.8993112Z 5. Your Developer Credentials
2025-04-28T09:56:52.8993343Z 
2025-04-28T09:56:52.8994649Z 5.1 You agree that you are responsible for maintaining the confidentiality of any developer credentials that may be issued to you by Google or which you may choose yourself and that you will be solely responsible for all applications that are developed under your developer credentials.
2025-04-28T09:56:52.8996249Z 
2025-04-28T09:56:52.8996394Z 6. Privacy and Information
2025-04-28T09:56:52.8996624Z 
2025-04-28T09:56:52.8999209Z 6.1 In order to continually innovate and improve the Google TV Add-on, Google may collect certain usage statistics from the software including but not limited to a unique identifier, associated IP address, version number of the software, and information on which tools and/or services in the Google TV Add-on are being used and how they are being used. Before any of this information is collected, the Google TV Add-on will notify you and seek your consent. If you withhold consent, the information will not be collected.
2025-04-28T09:56:52.9001762Z 
2025-04-28T09:56:52.9002394Z 6.2 The data collected is examined in the aggregate to improve the Google TV Add-on and is maintained in accordance with Google's Privacy Policy.
2025-04-28T09:56:52.9003142Z 
2025-04-28T09:56:52.9003363Z 7. Third Party Applications for the Google TV Platform
2025-04-28T09:56:52.9003703Z 
2025-04-28T09:56:52.9006683Z 7.1 If you use the Google TV Add-on to run applications developed by a third party or that access data, content or resources provided by a third party, you agree that Google is not responsible for those applications, data, content, or resources. You understand that all data, content or resources which you may access through such third party applications are the sole responsibility of the person from which they originated and that Google is not liable for any loss or damage that you may experience as a result of the use or access of any of those third party applications, data, content, or resources.
2025-04-28T09:56:52.9009818Z 
2025-04-28T09:56:52.9012072Z 7.2 You should be aware the data, content, and resources presented to you through such a third party application may be protected by intellectual property rights which are owned by the providers (or by other persons or companies on their behalf). You may not modify, rent, lease, loan, sell, distribute or create derivative works based on these data, content, or resources (either in whole or in part) unless you have been specifically given permission to do so by the relevant owners.
2025-04-28T09:56:52.9014434Z 
2025-04-28T09:56:52.9015868Z 7.3 You acknowledge that your use of such third party applications, data, content, or resources may be subject to separate terms between you and the relevant third party. In that case, this License Agreement does not affect your legal relationship with these third parties.
2025-04-28T09:56:52.9017277Z 
2025-04-28T09:56:52.9017409Z 8. Using Google TV APIs
2025-04-28T09:56:52.9017632Z 
2025-04-28T09:56:52.9021547Z 8.1 If you use any Google TV API to retrieve data from Google, you acknowledge that the data (“Google TV API Content”) may be protected by intellectual property rights which are owned by Google or those parties that provide the data (or by other persons or companies on their behalf). Your use of any such API may be subject to additional Terms of Service. You may not modify, rent, lease, loan, sell, distribute or create derivative works based on this data (either in whole or in part) unless allowed by the relevant Terms of Service. Some portions of the Google TV API Content are licensed to Google by third parties, including but not limited to Tribune Media Services
2025-04-28T09:56:52.9024771Z 
2025-04-28T09:56:52.9026062Z 8.2 If you use any API to retrieve a user's data from Google, you acknowledge and agree that you shall retrieve data only with the user's explicit consent and only when, and for the limited purposes for which, the user has given you permission to do so.
2025-04-28T09:56:52.9027342Z 
2025-04-28T09:56:52.9027756Z 8.3 Except as explicitly permitted in Section 3 (Google TV Add-on License from Google), you must:
2025-04-28T09:56:52.9028317Z 
2025-04-28T09:56:52.9029153Z (a) not modify nor format the Google TV API Content except to the extent reasonably and technically necessary to optimize the display such Google TV API Content in your application;
2025-04-28T09:56:52.9030124Z 
2025-04-28T09:56:52.9031028Z (b) not edit the Google TV API Content in a manner that renders the Google TV API Content inaccurate of alters its inherent meaning (provided that displaying excerpts will not violate the foregoing); or
2025-04-28T09:56:52.9032083Z 
2025-04-28T09:56:52.9032506Z (c) not create any commercial audience measurement tool or service using the Google TV API Content
2025-04-28T09:56:52.9033082Z 
2025-04-28T09:56:52.9033236Z 9. Terminating this License Agreement
2025-04-28T09:56:52.9033509Z 
2025-04-28T09:56:52.9034178Z 9.1 This License Agreement will continue to apply until terminated by either you or Google as set out below.
2025-04-28T09:56:52.9034820Z 
2025-04-28T09:56:52.9035596Z 9.2 If you want to terminate this License Agreement, you may do so by ceasing your use of the Google TV Add-on and any relevant developer credentials.
2025-04-28T09:56:52.9036334Z 
2025-04-28T09:56:52.9036588Z 9.3 Google may at any time, terminate this License Agreement with you if:
2025-04-28T09:56:52.9037001Z 
2025-04-28T09:56:52.9037252Z (A) you have breached any provision of this License Agreement; or
2025-04-28T09:56:52.9037634Z 
2025-04-28T09:56:52.9037796Z (B) Google is required to do so by law; or
2025-04-28T09:56:52.9038088Z 
2025-04-28T09:56:52.9038992Z (C) the partner with whom Google offered certain parts of Google TV Add-on (such as APIs) to you has terminated its relationship with Google or ceased to offer certain parts of the Google TV Add-on to you; or
2025-04-28T09:56:52.9040102Z 
2025-04-28T09:56:52.9041630Z (D) Google decides to no longer providing the Google TV Add-on or certain parts of the Google TV Add-on to users in the country in which you are resident or from which you use the service, or the provision of the Google TV Add-on or certain Google TV Add-on services to you by Google is, in Google's sole discretion, no longer commercially viable.
2025-04-28T09:56:52.9043448Z 
2025-04-28T09:56:52.9045671Z 9.4 When this License Agreement comes to an end, all of the legal rights, obligations and liabilities that you and Google have benefited from, been subject to (or which have accrued over time whilst this License Agreement has been in force) or which are expressed to continue indefinitely, shall be unaffected by this cessation, and the provisions of paragraph 14.7 shall continue to apply to such rights, obligations and liabilities indefinitely.
2025-04-28T09:56:52.9047834Z 
2025-04-28T09:56:52.9047975Z 10. DISCLAIMER OF WARRANTIES
2025-04-28T09:56:52.9048197Z 
2025-04-28T09:56:52.9049035Z 10.1 YOU EXPRESSLY UNDERSTAND AND AGREE THAT YOUR USE OF THE GOOGLE TV ADD-ON IS AT YOUR SOLE RISK AND THAT THE GOOGLE TV ADD-ON IS PROVIDED "AS IS" AND "AS AVAILABLE" WITHOUT WARRANTY OF ANY KIND FROM GOOGLE.
2025-04-28T09:56:52.9050031Z 
2025-04-28T09:56:52.9051293Z 10.2 YOUR USE OF THE GOOGLE TV ADD-ON AND ANY MATERIAL DOWNLOADED OR OTHERWISE OBTAINED THROUGH THE USE OF THE GOOGLE TV ADD-ON IS AT YOUR OWN DISCRETION AND RISK AND YOU ARE SOLELY RESPONSIBLE FOR ANY DAMAGE TO YOUR COMPUTER SYSTEM OR OTHER DEVICE OR LOSS OF DATA THAT RESULTS FROM SUCH USE.
2025-04-28T09:56:52.9052772Z 
2025-04-28T09:56:52.9053976Z 10.3 GOOGLE FURTHER EXPRESSLY DISCLAIMS ALL WARRANTIES AND CONDITIONS OF ANY KIND, WHETHER EXPRESS OR IMPLIED, INCLUDING, BUT NOT LIMITED TO THE IMPLIED WARRANTIES AND CONDITIONS OF MERCHANTABILITY, FITNESS FOR A PARTICULAR PURPOSE AND NON-INFRINGEMENT.
2025-04-28T09:56:52.9055548Z 
2025-04-28T09:56:52.9055680Z 11. LIMITATION OF LIABILITY
2025-04-28T09:56:52.9055930Z 
2025-04-28T09:56:52.9057979Z 11.1 YOU EXPRESSLY UNDERSTAND AND AGREE THAT GOOGLE, ITS SUBSIDIARIES AND AFFILIATES, AND ITS LICENSORS SHALL NOT BE LIABLE TO YOU UNDER ANY THEORY OF LIABILITY FOR ANY DIRECT, INDIRECT, INCIDENTAL, SPECIAL CONSEQUENTIAL OR EXEMPLARY DAMAGES THAT MAY BE INCURRED BY YOU, INCLUDING ANY LOSS OF DATA, WHETHER OR NOT GOOGLE OR ITS REPRESENTATIVES HAVE BEEN ADVISED OF OR SHOULD HAVE BEEN AWARE OF THE POSSIBILITY OF ANY SUCH LOSSES ARISING.
2025-04-28T09:56:52.9060047Z 
2025-04-28T09:56:52.9060129Z 12. Indemnification
2025-04-28T09:56:52.9060249Z 
2025-04-28T09:56:52.9062500Z 12.1 To the maximum extent permitted by law, you agree to defend, indemnify and hold harmless Google, its affiliates and their respective directors, officers, employees and agents from and against any and all claims, actions, suits or proceedings, as well as any and all losses, liabilities, damages, costs and expenses (including reasonable attorneys fees) arising out of or accruing from (a) your use of the Google TV Add-on, (b) any application you develop on the Google TV Add-on that infringes any copyright, trademark, trade secret, trade dress, patent or other intellectual property right of any person or defames any person or violates their rights of publicity or privacy, and (c) any non-compliance by you with this License Agreement.
2025-04-28T09:56:52.9064603Z 
2025-04-28T09:56:52.9064697Z 13. Changes to the License Agreement
2025-04-28T09:56:52.9064855Z 
2025-04-28T09:56:52.9065120Z 13.1 Google may make changes to the License Agreement as it distributes new versions of the Google TV Add-on.
2025-04-28T09:56:52.9065715Z 
2025-04-28T09:56:52.9065791Z 14. General Legal Terms
2025-04-28T09:56:52.9065914Z 
2025-04-28T09:56:52.9066824Z 14.1 This License Agreement constitute the whole legal agreement between you and Google and govern your use of the Google TV Add-on (excluding any services which Google may provide to you under a separate written agreement), and completely replace any prior agreements between you and Google in relation to the Google TV Add-on.
2025-04-28T09:56:52.9067789Z 
2025-04-28T09:56:52.9068629Z 14.2 You agree that if Google does not exercise or enforce any legal right or remedy which is contained in this License Agreement (or which Google has the benefit of under any applicable law), this will not be taken to be a formal waiver of Google's rights and that those rights or remedies will still be available to Google.
2025-04-28T09:56:52.9069656Z 
2025-04-28T09:56:52.9070597Z 14.3 If any court of law, having the jurisdiction to decide on this matter, rules that any provision of this License Agreement is invalid, then that provision will be removed from this License Agreement without affecting the rest of this License Agreement. The remaining provisions of this License Agreement will continue to be valid and enforceable.
2025-04-28T09:56:52.9071614Z 
2025-04-28T09:56:52.9073290Z 14.4 You acknowledge and agree that Google’s API data licensors and each member of the group of companies of which Google is the parent shall be third party beneficiaries to this License Agreement and that such other companies shall be entitled to directly enforce, and rely upon, any provision of this License Agreement that confers a benefit on (or rights in favor of) them. Other than this, no other person or company shall be third party beneficiaries to this License Agreement.
2025-04-28T09:56:52.9074687Z 
2025-04-28T09:56:52.9075639Z 14.5 EXPORT RESTRICTIONS. THE GOOGLE TV ADD-ON IS SUBJECT TO UNITED STATES EXPORT LAWS AND REGULATIONS. YOU MUST COMPLY WITH ALL DOMESTIC AND INTERNATIONAL EXPORT LAWS AND REGULATIONS THAT APPLY TO THE GOOGLE TV ADD-ON. THESE LAWS INCLUDE RESTRICTIONS ON DESTINATIONS, END USERS AND END USE.
2025-04-28T09:56:52.9076508Z 
2025-04-28T09:56:52.9077455Z 14.6 The rights granted in this License Agreement may not be assigned or transferred by either you or Google without the prior written approval of the other party. Neither you nor Google shall be permitted to delegate their responsibilities or obligations under this License Agreement without the prior written approval of the other party.
2025-04-28T09:56:52.9078468Z 
2025-04-28T09:56:52.9080052Z 14.7 This License Agreement, and your relationship with Google under this License Agreement, shall be governed by the laws of the State of California without regard to its conflict of laws provisions. You and Google agree to submit to the exclusive jurisdiction of the courts located within the county of Santa Clara, California to resolve any legal matter arising from this License Agreement. Notwithstanding this, you agree that Google shall still be allowed to apply for injunctive remedies (or an equivalent type of urgent legal relief) in any jurisdiction.
2025-04-28T09:56:52.9081693Z 
2025-04-28T09:56:52.9081698Z 
2025-04-28T09:56:52.9081767Z August 15, 2011
2025-04-28T09:56:52.9081973Z ---------------------------------------
2025-04-28T09:56:52.9082285Z Accept? (y/N): 
2025-04-28T09:56:52.9082482Z 2/5: License android-sdk-arm-dbt-license:
2025-04-28T09:56:52.9082739Z ---------------------------------------
2025-04-28T09:56:52.9082967Z Terms and Conditions
2025-04-28T09:56:52.9083091Z 
2025-04-28T09:56:52.9083364Z This is the Android Software Development Kit License Agreement
2025-04-28T09:56:52.9083592Z 
2025-04-28T09:56:52.9083665Z 1. Introduction
2025-04-28T09:56:52.9083764Z 
2025-04-28T09:56:52.9084746Z 1.1 The Android Software Development Kit (referred to in the License Agreement as the "SDK" and specifically including the Android system files, packaged APIs, and Google APIs add-ons) is licensed to you subject to the terms of the License Agreement. The License Agreement forms a legally binding contract between you and Google in relation to your use of the SDK.
2025-04-28T09:56:52.9085996Z 
2025-04-28T09:56:52.9086571Z 1.2 "Android" means the Android software stack for devices, as made available under the Android Open Source Project, which is located at the following URL: http://source.android.com/, as updated from time to time.
2025-04-28T09:56:52.9087226Z 
2025-04-28T09:56:52.9088188Z 1.3 A "compatible implementation" means any Android device that (i) complies with the Android Compatibility Definition document, which can be found at the Android compatibility website (http://source.android.com/compatibility) and which may be updated from time to time; and (ii) successfully passes the Android Compatibility Test Suite (CTS).
2025-04-28T09:56:52.9089372Z 
2025-04-28T09:56:52.9089787Z 1.4 "Google" means Google Inc., a Delaware corporation with principal place of business at 1600 Amphitheatre Parkway, Mountain View, CA 94043, United States.
2025-04-28T09:56:52.9090280Z 
2025-04-28T09:56:52.9090284Z 
2025-04-28T09:56:52.9090381Z 2. Accepting the License Agreement
2025-04-28T09:56:52.9090535Z 
2025-04-28T09:56:52.9090872Z 2.1 In order to use the SDK, you must first agree to the License Agreement. You may not use the SDK if you do not accept the License Agreement.
2025-04-28T09:56:52.9091288Z 
2025-04-28T09:56:52.9091477Z 2.2 By clicking to accept, you hereby agree to the terms of the License Agreement.
2025-04-28T09:56:52.9091750Z 
2025-04-28T09:56:52.9092397Z 2.3 You may not use the SDK and may not accept the License Agreement if you are a person barred from receiving the SDK under the laws of the United States or other countries, including the country in which you are resident or from which you use the SDK.
2025-04-28T09:56:52.9093112Z 
2025-04-28T09:56:52.9094078Z 2.4 If you are agreeing to be bound by the License Agreement on behalf of your employer or other entity, you represent and warrant that you have full legal authority to bind your employer or such entity to the License Agreement. If you do not have the requisite authority, you may not accept the License Agreement or use the SDK on behalf of your employer or other entity.
2025-04-28T09:56:52.9095105Z 
2025-04-28T09:56:52.9095110Z 
2025-04-28T09:56:52.9095338Z 3. SDK License from Google
2025-04-28T09:56:52.9095476Z 
2025-04-28T09:56:52.9096193Z 3.1 Subject to the terms of the License Agreement, Google grants you a limited, worldwide, royalty-free, non-assignable, non-exclusive, and non-sublicensable license to use the SDK solely to develop applications for compatible implementations of Android.
2025-04-28T09:56:52.9096976Z 
2025-04-28T09:56:52.9097891Z 3.2 You may not use this SDK to develop applications for other platforms (including non-compatible implementations of Android) or to develop another SDK. You are of course free to develop applications for other platforms, including non-compatible implementations of Android, provided that this SDK is not used for that purpose.
2025-04-28T09:56:52.9098878Z 
2025-04-28T09:56:52.9099943Z 3.3 You agree that Google or third parties own all legal right, title and interest in and to the SDK, including any Intellectual Property Rights that subsist in the SDK. "Intellectual Property Rights" means any and all rights under patent law, copyright law, trade secret law, trademark law, and any and all other proprietary rights. Google reserves all rights not expressly granted to you.
2025-04-28T09:56:52.9101068Z 
2025-04-28T09:56:52.9102107Z 3.4 You may not use the SDK for any purpose not expressly permitted by the License Agreement. Except to the extent required by applicable third party licenses, you may not copy (except for backup purposes), modify, adapt, redistribute, decompile, reverse engineer, disassemble, or create derivative works of the SDK or any part of the SDK.
2025-04-28T09:56:52.9103110Z 
2025-04-28T09:56:52.9103668Z 3.5 Use, reproduction and distribution of components of the SDK licensed under an open source software license are governed solely by the terms of that open source software license and not the License Agreement.
2025-04-28T09:56:52.9104299Z 
2025-04-28T09:56:52.9105632Z 3.6 You agree that the form and nature of the SDK that Google provides may change without prior notice to you and that future versions of the SDK may be incompatible with applications developed on previous versions of the SDK. You agree that Google may stop (permanently or temporarily) providing the SDK (or any features within the SDK) to you or to users generally at Google's sole discretion, without prior notice to you.
2025-04-28T09:56:52.9106966Z 
2025-04-28T09:56:52.9107419Z 3.7 Nothing in the License Agreement gives you a right to use any of Google's trade names, trademarks, service marks, logos, domain names, or other distinctive brand features.
2025-04-28T09:56:52.9107935Z 
2025-04-28T09:56:52.9108427Z 3.8 You agree that you will not remove, obscure, or alter any proprietary rights notices (including copyright and trademark notices) that may be affixed to or contained within the SDK.
2025-04-28T09:56:52.9108991Z 
2025-04-28T09:56:52.9108995Z 
2025-04-28T09:56:52.9109072Z 4. Use of the SDK by You
2025-04-28T09:56:52.9109204Z 
2025-04-28T09:56:52.9109901Z 4.1 Google agrees that it obtains no right, title or interest from you (or your licensors) under the License Agreement in or to any software applications that you develop using the SDK, including any intellectual property rights that subsist in those applications.
2025-04-28T09:56:52.9110673Z 
2025-04-28T09:56:52.9111632Z 4.2 You agree to use the SDK and write applications only for purposes that are permitted by (a) the License Agreement and (b) any applicable law, regulation or generally accepted practices or guidelines in the relevant jurisdictions (including any laws regarding the export of data or software to and from the United States or other relevant countries).
2025-04-28T09:56:52.9112659Z 
2025-04-28T09:56:52.9114843Z 4.3 You agree that if you use the SDK to develop applications for general public users, you will protect the privacy and legal rights of those users. If the users provide you with user names, passwords, or other login information or personal information, you must make the users aware that the information will be available to your application, and you must provide legally adequate privacy notice and protection for those users. If your application stores personal or sensitive information provided by users, it must do so securely. If the user provides your application with Google Account information, your application may only use that information to access the user's Google Account when, and for the limited purposes for which, the user has given you permission to do so.
2025-04-28T09:56:52.9117241Z 
2025-04-28T09:56:52.9118214Z 4.4 You agree that you will not engage in any activity with the SDK, including the development or distribution of an application, that interferes with, disrupts, damages, or accesses in an unauthorized manner the servers, networks, or other properties or services of any third party including, but not limited to, Google or any mobile communications carrier.
2025-04-28T09:56:52.9119260Z 
2025-04-28T09:56:52.9120188Z 4.5 You agree that you are solely responsible for (and that Google has no responsibility to you or to any third party for) any data, content, or resources that you create, transmit or display through Android and/or applications for Android, and for the consequences of your actions (including any loss or damage which Google may suffer) by doing so.
2025-04-28T09:56:52.9121187Z 
2025-04-28T09:56:52.9122378Z 4.6 You agree that you are solely responsible for (and that Google has no responsibility to you or to any third party for) any breach of your obligations under the License Agreement, any applicable third party contract or Terms of Service, or any applicable law or regulation, and for the consequences (including any loss or damage which Google or any third party may suffer) of any such breach.
2025-04-28T09:56:52.9123522Z 
2025-04-28T09:56:52.9124795Z 4.7 This software enables the execution of intellectual property owned by Arm Limited. You agree that your use of the software, that allows execution of ARM Instruction Set Architecture (“ISA”) compliant executables for application development and debug only on x86 desktop, laptop, customer on-premise servers, and customer-procured cloud-based environments.
2025-04-28T09:56:52.9126036Z 
2025-04-28T09:56:52.9126127Z 5. Your Developer Credentials
2025-04-28T09:56:52.9126269Z 
2025-04-28T09:56:52.9127049Z 5.1 You agree that you are responsible for maintaining the confidentiality of any developer credentials that may be issued to you by Google or which you may choose yourself and that you will be solely responsible for all applications that are developed under your developer credentials.
2025-04-28T09:56:52.9128025Z 
2025-04-28T09:56:52.9128105Z 6. Privacy and Information
2025-04-28T09:56:52.9128232Z 
2025-04-28T09:56:52.9129543Z 6.1 In order to continually innovate and improve the SDK, Google may collect certain usage statistics from the software including but not limited to a unique identifier, associated IP address, version number of the software, and information on which tools and/or services in the SDK are being used and how they are being used. Before any of this information is collected, the SDK will notify you and seek your consent. If you withhold consent, the information will not be collected.
2025-04-28T09:56:52.9130905Z 
2025-04-28T09:56:52.9131243Z 6.2 The data collected is examined in the aggregate to improve the SDK and is maintained in accordance with Google's Privacy Policy.
2025-04-28T09:56:52.9131659Z 
2025-04-28T09:56:52.9131664Z 
2025-04-28T09:56:52.9131754Z 7. Third Party Applications
2025-04-28T09:56:52.9131890Z 
2025-04-28T09:56:52.9133694Z 7.1 If you use the SDK to run applications developed by a third party or that access data, content or resources provided by a third party, you agree that Google is not responsible for those applications, data, content, or resources. You understand that all data, content or resources which you may access through such third party applications are the sole responsibility of the person from which they originated and that Google is not liable for any loss or damage that you may experience as a result of the use or access of any of those third party applications, data, content, or resources.
2025-04-28T09:56:52.9135510Z 
2025-04-28T09:56:52.9136831Z 7.2 You should be aware the data, content, and resources presented to you through such a third party application may be protected by intellectual property rights which are owned by the providers (or by other persons or companies on their behalf). You may not modify, rent, lease, loan, sell, distribute or create derivative works based on these data, content, or resources (either in whole or in part) unless you have been specifically given permission to do so by the relevant owners.
2025-04-28T09:56:52.9138221Z 
2025-04-28T09:56:52.9138951Z 7.3 You acknowledge that your use of such third party applications, data, content, or resources may be subject to separate terms between you and the relevant third party. In that case, the License Agreement does not affect your legal relationship with these third parties.
2025-04-28T09:56:52.9139755Z 
2025-04-28T09:56:52.9139759Z 
2025-04-28T09:56:52.9139834Z 8. Using Android APIs
2025-04-28T09:56:52.9139960Z 
2025-04-28T09:56:52.9140035Z 8.1 Google Data APIs
2025-04-28T09:56:52.9140151Z 
2025-04-28T09:56:52.9141822Z 8.1.1 If you use any API to retrieve data from Google, you acknowledge that the data may be protected by intellectual property rights which are owned by Google or those parties that provide the data (or by other persons or companies on their behalf). Your use of any such API may be subject to additional Terms of Service. You may not modify, rent, lease, loan, sell, distribute or create derivative works based on this data (either in whole or in part) unless allowed by the relevant Terms of Service.
2025-04-28T09:56:52.9143313Z 
2025-04-28T09:56:52.9146055Z 8.1.2 If you use any API to retrieve a user's data from Google, you acknowledge and agree that you shall retrieve data only with the user's explicit consent and only when, and for the limited purposes for which, the user has given you permission to do so. If you use the Android Recognition Service API, documented at the following URL: https://developer.android.com/reference/android/speech/RecognitionService, as updated from time to time, you acknowledge that the use of the API is subject to the Data Processing Addendum for Products where Google is a Data Processor, which is located at the following URL: https://privacy.google.com/businesses/gdprprocessorterms/, as updated from time to time. By clicking to accept, you hereby agree to the terms of the Data Processing Addendum for Products where Google is a Data Processor.
2025-04-28T09:56:52.9148617Z 
2025-04-28T09:56:52.9148622Z 
2025-04-28T09:56:52.9148728Z 9. Terminating the License Agreement
2025-04-28T09:56:52.9148890Z 
2025-04-28T09:56:52.9149164Z 9.1 The License Agreement will continue to apply until terminated by either you or Google as set out below.
2025-04-28T09:56:52.9149516Z 
2025-04-28T09:56:52.9149838Z 9.2 If you want to terminate the License Agreement, you may do so by ceasing your use of the SDK and any relevant developer credentials.
2025-04-28T09:56:52.9150249Z 
2025-04-28T09:56:52.9151928Z 9.3 Google may at any time, terminate the License Agreement with you if: (A) you have breached any provision of the License Agreement; or (B) Google is required to do so by law; or (C) the partner with whom Google offered certain parts of SDK (such as APIs) to you has terminated its relationship with Google or ceased to offer certain parts of the SDK to you; or (D) Google decides to no longer provide the SDK or certain parts of the SDK to users in the country in which you are resident or from which you use the service, or the provision of the SDK or certain SDK services to you by Google is, in Google's sole discretion, no longer commercially viable.
2025-04-28T09:56:52.9153652Z 
2025-04-28T09:56:52.9154855Z 9.4 When the License Agreement comes to an end, all of the legal rights, obligations and liabilities that you and Google have benefited from, been subject to (or which have accrued over time whilst the License Agreement has been in force) or which are expressed to continue indefinitely, shall be unaffected by this cessation, and the provisions of paragraph 14.7 shall continue to apply to such rights, obligations and liabilities indefinitely.
2025-04-28T09:56:52.9156274Z 
2025-04-28T09:56:52.9156279Z 
2025-04-28T09:56:52.9156362Z 10. DISCLAIMER OF WARRANTIES
2025-04-28T09:56:52.9156510Z 
2025-04-28T09:56:52.9156952Z 10.1 YOU EXPRESSLY UNDERSTAND AND AGREE THAT YOUR USE OF THE SDK IS AT YOUR SOLE RISK AND THAT THE SDK IS PROVIDED "AS IS" AND "AS AVAILABLE" WITHOUT WARRANTY OF ANY KIND FROM GOOGLE.
2025-04-28T09:56:52.9157457Z 
2025-04-28T09:56:52.9158135Z 10.2 YOUR USE OF THE SDK AND ANY MATERIAL DOWNLOADED OR OTHERWISE OBTAINED THROUGH THE USE OF THE SDK IS AT YOUR OWN DISCRETION AND RISK AND YOU ARE SOLELY RESPONSIBLE FOR ANY DAMAGE TO YOUR COMPUTER SYSTEM OR OTHER DEVICE OR LOSS OF DATA THAT RESULTS FROM SUCH USE.
2025-04-28T09:56:52.9158889Z 
2025-04-28T09:56:52.9159589Z 10.3 GOOGLE FURTHER EXPRESSLY DISCLAIMS ALL WARRANTIES AND CONDITIONS OF ANY KIND, WHETHER EXPRESS OR IMPLIED, INCLUDING, BUT NOT LIMITED TO THE IMPLIED WARRANTIES AND CONDITIONS OF MERCHANTABILITY, FITNESS FOR A PARTICULAR PURPOSE AND NON-INFRINGEMENT.
2025-04-28T09:56:52.9160367Z 
2025-04-28T09:56:52.9160371Z 
2025-04-28T09:56:52.9160449Z 11. LIMITATION OF LIABILITY
2025-04-28T09:56:52.9160721Z 
2025-04-28T09:56:52.9161922Z 11.1 YOU EXPRESSLY UNDERSTAND AND AGREE THAT GOOGLE, ITS SUBSIDIARIES AND AFFILIATES, AND ITS LICENSORS SHALL NOT BE LIABLE TO YOU UNDER ANY THEORY OF LIABILITY FOR ANY DIRECT, INDIRECT, INCIDENTAL, SPECIAL, CONSEQUENTIAL OR EXEMPLARY DAMAGES THAT MAY BE INCURRED BY YOU, INCLUDING ANY LOSS OF DATA, WHETHER OR NOT GOOGLE OR ITS REPRESENTATIVES HAVE BEEN ADVISED OF OR SHOULD HAVE BEEN AWARE OF THE POSSIBILITY OF ANY SUCH LOSSES ARISING.
2025-04-28T09:56:52.9163182Z 
2025-04-28T09:56:52.9163187Z 
2025-04-28T09:56:52.9163260Z 12. Indemnification
2025-04-28T09:56:52.9163374Z 
2025-04-28T09:56:52.9165642Z 12.1 To the maximum extent permitted by law, you agree to defend, indemnify and hold harmless Google, its affiliates and their respective directors, officers, employees and agents from and against any and all claims, actions, suits or proceedings, as well as any and all losses, liabilities, damages, costs and expenses (including reasonable attorneys fees) arising out of or accruing from (a) your use of the SDK, (b) any application you develop on the SDK that infringes any copyright, trademark, trade secret, trade dress, patent or other intellectual property right of any person or defames any person or violates their rights of publicity or privacy, and (c) any non-compliance by you with the License Agreement.
2025-04-28T09:56:52.9167836Z 
2025-04-28T09:56:52.9167841Z 
2025-04-28T09:56:52.9167945Z 13. Changes to the License Agreement
2025-04-28T09:56:52.9168106Z 
2025-04-28T09:56:52.9168722Z 13.1 Google may make changes to the License Agreement as it distributes new versions of the SDK. When these changes are made, Google will make a new version of the License Agreement available on the website where the SDK is made available.
2025-04-28T09:56:52.9169415Z 
2025-04-28T09:56:52.9169420Z 
2025-04-28T09:56:52.9169495Z 14. General Legal Terms
2025-04-28T09:56:52.9169619Z 
2025-04-28T09:56:52.9170454Z 14.1 The License Agreement constitutes the whole legal agreement between you and Google and governs your use of the SDK (excluding any services which Google may provide to you under a separate written agreement), and completely replaces any prior agreements between you and Google in relation to the SDK.
2025-04-28T09:56:52.9171364Z 
2025-04-28T09:56:52.9172195Z 14.2 You agree that if Google does not exercise or enforce any legal right or remedy which is contained in the License Agreement (or which Google has the benefit of under any applicable law), this will not be taken to be a formal waiver of Google's rights and that those rights or remedies will still be available to Google.
2025-04-28T09:56:52.9173097Z 
2025-04-28T09:56:52.9174032Z 14.3 If any court of law, having the jurisdiction to decide on this matter, rules that any provision of the License Agreement is invalid, then that provision will be removed from the License Agreement without affecting the rest of the License Agreement. The remaining provisions of the License Agreement will continue to be valid and enforceable.
2025-04-28T09:56:52.9175028Z 
2025-04-28T09:56:52.9176422Z 14.4 You acknowledge and agree that each member of the group of companies of which Google is the parent shall be third party beneficiaries to the License Agreement and that such other companies shall be entitled to directly enforce, and rely upon, any provision of the License Agreement that confers a benefit on (or rights in favor of) them. Other than this, no other person or company shall be third party beneficiaries to the License Agreement.
2025-04-28T09:56:52.9177692Z 
2025-04-28T09:56:52.9178415Z 14.5 EXPORT RESTRICTIONS. THE SDK IS SUBJECT TO UNITED STATES EXPORT LAWS AND REGULATIONS. YOU MUST COMPLY WITH ALL DOMESTIC AND INTERNATIONAL EXPORT LAWS AND REGULATIONS THAT APPLY TO THE SDK. THESE LAWS INCLUDE RESTRICTIONS ON DESTINATIONS, END USERS AND END USE.
2025-04-28T09:56:52.9179205Z 
2025-04-28T09:56:52.9180260Z 14.6 The rights granted in the License Agreement may not be assigned or transferred by either you or Google without the prior written approval of the other party. Neither you nor Google shall be permitted to delegate their responsibilities or obligations under the License Agreement without the prior written approval of the other party.
2025-04-28T09:56:52.9181280Z 
2025-04-28T09:56:52.9182828Z 14.7 The License Agreement, and your relationship with Google under the License Agreement, shall be governed by the laws of the State of California without regard to its conflict of laws provisions. You and Google agree to submit to the exclusive jurisdiction of the courts located within the county of Santa Clara, California to resolve any legal matter arising from the License Agreement. Notwithstanding this, you agree that Google shall still be allowed to apply for injunctive remedies (or an equivalent type of urgent legal relief) in any jurisdiction.
2025-04-28T09:56:52.9184446Z 
2025-04-28T09:56:52.9184451Z 
2025-04-28T09:56:52.9184521Z January 16, 2019
2025-04-28T09:56:52.9184710Z ---------------------------------------
2025-04-28T09:56:52.9184940Z Accept? (y/N): 
2025-04-28T09:56:52.9185441Z 3/5: License android-sdk-preview-license:
2025-04-28T09:56:52.9185706Z ---------------------------------------
2025-04-28T09:56:52.9186919Z To get started with the Android SDK Preview, you must agree to the following terms and conditions. As described below, please note that this is a preview version of the Android SDK, subject to change, that you use at your own risk. The Android SDK Preview is not a stable release, and may contain errors and defects that can result in serious damage to your computer systems, devices and data.
2025-04-28T09:56:52.9188020Z 
2025-04-28T09:56:52.9188197Z This is the Android SDK Preview License Agreement (the "License Agreement").
2025-04-28T09:56:52.9188466Z 
2025-04-28T09:56:52.9188533Z 1. Introduction
2025-04-28T09:56:52.9188632Z 
2025-04-28T09:56:52.9190004Z 1.1 The Android SDK Preview (referred to in the License Agreement as the “Preview” and specifically including the Android system files, packaged APIs, and Preview library files, if and when they are made available) is licensed to you subject to the terms of the License Agreement. The License Agreement forms a legally binding contract between you and Google in relation to your use of the Preview.
2025-04-28T09:56:52.9191162Z 
2025-04-28T09:56:52.9191734Z 1.2 "Android" means the Android software stack for devices, as made available under the Android Open Source Project, which is located at the following URL: http://source.android.com/, as updated from time to time.
2025-04-28T09:56:52.9192369Z 
2025-04-28T09:56:52.9192780Z 1.3 "Google" means Google Inc., a Delaware corporation with principal place of business at 1600 Amphitheatre Parkway, Mountain View, CA 94043, United States.
2025-04-28T09:56:52.9193264Z 
2025-04-28T09:56:52.9193351Z 2. Accepting the License Agreement
2025-04-28T09:56:52.9193507Z 
2025-04-28T09:56:52.9193865Z 2.1 In order to use the Preview, you must first agree to the License Agreement. You may not use the Preview if you do not accept the License Agreement.
2025-04-28T09:56:52.9194312Z 
2025-04-28T09:56:52.9194576Z 2.2 By clicking to accept and/or using the Preview, you hereby agree to the terms of the License Agreement.
2025-04-28T09:56:52.9194910Z 
2025-04-28T09:56:52.9195696Z 2.3 You may not use the Preview and may not accept the License Agreement if you are a person barred from receiving the Preview under the laws of the United States or other countries including the country in which you are resident or from which you use the Preview.
2025-04-28T09:56:52.9196457Z 
2025-04-28T09:56:52.9197639Z 2.4 If you will use the Preview internally within your company or organization you agree to be bound by the License Agreement on behalf of your employer or other entity, and you represent and warrant that you have full legal authority to bind your employer or such entity to the License Agreement. If you do not have the requisite authority, you may not accept the License Agreement or use the Preview on behalf of your employer or other entity.
2025-04-28T09:56:52.9198882Z 
2025-04-28T09:56:52.9199094Z 3. Preview License from Google
2025-04-28T09:56:52.9199251Z 
2025-04-28T09:56:52.9200124Z 3.1 Subject to the terms of the License Agreement, Google grants you a royalty-free, non-assignable, non-exclusive, non-sublicensable, limited, revocable license to use the Preview, personally or internally within your company or organization, solely to develop applications to run on the Android platform.
2025-04-28T09:56:52.9201059Z 
2025-04-28T09:56:52.9202171Z 3.2 You agree that Google or third parties owns all legal right, title and interest in and to the Preview, including any Intellectual Property Rights that subsist in the Preview. "Intellectual Property Rights" means any and all rights under patent law, copyright law, trade secret law, trademark law, and any and all other proprietary rights. Google reserves all rights not expressly granted to you.
2025-04-28T09:56:52.9203334Z 
2025-04-28T09:56:52.9204972Z 3.3 You may not use the Preview for any purpose not expressly permitted by the License Agreement. Except to the extent required by applicable third party licenses, you may not: (a) copy (except for backup purposes), modify, adapt, redistribute, decompile, reverse engineer, disassemble, or create derivative works of the Preview or any part of the Preview; or (b) load any part of the Preview onto a mobile handset or any other hardware device except a personal computer, combine any part of the Preview with other software, or distribute any software or device incorporating a part of the Preview.
2025-04-28T09:56:52.9206855Z 
2025-04-28T09:56:52.9207545Z 3.4 You agree that you will not take any actions that may cause or result in the fragmentation of Android, including but not limited to distributing, participating in the creation of, or promoting in any way a software development kit derived from the Preview.
2025-04-28T09:56:52.9208297Z 
2025-04-28T09:56:52.9209455Z 3.5 Use, reproduction and distribution of components of the Preview licensed under an open source software license are governed solely by the terms of that open source software license and not the License Agreement. You agree to remain a licensee in good standing in regard to such open source software licenses under all the rights granted and to refrain from any actions that may terminate, suspend, or breach such rights.
2025-04-28T09:56:52.9210671Z 
2025-04-28T09:56:52.9211885Z 3.6 You agree that the form and nature of the Preview that Google provides may change without prior notice to you and that future versions of the Preview may be incompatible with applications developed on previous versions of the Preview. You agree that Google may stop (permanently or temporarily) providing the Preview (or any features within the Preview) to you or to users generally at Google's sole discretion, without prior notice to you.
2025-04-28T09:56:52.9213158Z 
2025-04-28T09:56:52.9213600Z 3.7 Nothing in the License Agreement gives you a right to use any of Google's trade names, trademarks, service marks, logos, domain names, or other distinctive brand features.
2025-04-28T09:56:52.9214120Z 
2025-04-28T09:56:52.9214615Z 3.8 You agree that you will not remove, obscure, or alter any proprietary rights notices (including copyright and trademark notices) that may be affixed to or contained within the Preview.
2025-04-28T09:56:52.9215286Z 
2025-04-28T09:56:52.9215370Z 4. Use of the Preview by You
2025-04-28T09:56:52.9215507Z 
2025-04-28T09:56:52.9216339Z 4.1 Google agrees that nothing in the License Agreement gives Google any right, title or interest from you (or your licensors) under the License Agreement in or to any software applications that you develop using the Preview, including any intellectual property rights that subsist in those applications.
2025-04-28T09:56:52.9217240Z 
2025-04-28T09:56:52.9218328Z 4.2 You agree to use the Preview and write applications only for purposes that are permitted by (a) the License Agreement, and (b) any applicable law, regulation or generally accepted practices or guidelines in the relevant jurisdictions (including any laws regarding the export of data or software to and from the United States or other relevant countries).
2025-04-28T09:56:52.9219384Z 
2025-04-28T09:56:52.9221425Z 4.3 You agree that if you use the Preview to develop applications, you will protect the privacy and legal rights of users. If users provide you with user names, passwords, or other login information or personal information, you must make the users aware that the information will be available to your application, and you must provide legally adequate privacy notice and protection for those users. If your application stores personal or sensitive information provided by users, it must do so securely. If users provide you with Google Account information, your application may only use that information to access the user's Google Account when, and for the limited purposes for which, each user has given you permission to do so.
2025-04-28T09:56:52.9223509Z 
2025-04-28T09:56:52.9224322Z 4.4 You agree that you will not engage in any activity with the Preview, including the development or distribution of an application, that interferes with, disrupts, damages, or accesses in an unauthorized manner the servers, networks, or other properties or services of Google or any third party.
2025-04-28T09:56:52.9225478Z 
2025-04-28T09:56:52.9226418Z 4.5 You agree that you are solely responsible for (and that Google has no responsibility to you or to any third party for) any data, content, or resources that you create, transmit or display through Android and/or applications for Android, and for the consequences of your actions (including any loss or damage which Google may suffer) by doing so.
2025-04-28T09:56:52.9227415Z 
2025-04-28T09:56:52.9228481Z 4.6 You agree that you are solely responsible for (and that Google has no responsibility to you or to any third party for) any breach of your obligations under the License Agreement, any applicable third party contract or Terms of Service, or any applicable law or regulation, and for the consequences (including any loss or damage which Google or any third party may suffer) of any such breach.
2025-04-28T09:56:52.9229608Z 
2025-04-28T09:56:52.9230926Z 4.7 The Preview is in development, and your testing and feedback are an important part of the development process. By using the Preview, you acknowledge that implementation of some features are still under development and that you should not rely on the Preview having the full functionality of a stable release. You agree not to publicly distribute or ship any application using this Preview as this Preview will no longer be supported after the official Android SDK is released.
2025-04-28T09:56:52.9232309Z 
2025-04-28T09:56:52.9232394Z 5. Your Developer Credentials
2025-04-28T09:56:52.9232539Z 
2025-04-28T09:56:52.9233304Z 5.1 You agree that you are responsible for maintaining the confidentiality of any developer credentials that may be issued to you by Google or which you may choose yourself and that you will be solely responsible for all applications that are developed under your developer credentials.
2025-04-28T09:56:52.9234152Z 
2025-04-28T09:56:52.9234232Z 6. Privacy and Information
2025-04-28T09:56:52.9234361Z 
2025-04-28T09:56:52.9235811Z 6.1 In order to continually innovate and improve the Preview, Google may collect certain usage statistics from the software including but not limited to a unique identifier, associated IP address, version number of the software, and information on which tools and/or services in the Preview are being used and how they are being used. Before any of this information is collected, the Preview will notify you and seek your consent. If you withhold consent, the information will not be collected.
2025-04-28T09:56:52.9237228Z 
2025-04-28T09:56:52.9237737Z 6.2 The data collected is examined in the aggregate to improve the Preview and is maintained in accordance with Google's Privacy Policy located at http://www.google.com/policies/privacy/.
2025-04-28T09:56:52.9238312Z 
2025-04-28T09:56:52.9238393Z 7. Third Party Applications
2025-04-28T09:56:52.9238533Z 
2025-04-28T09:56:52.9240272Z 7.1 If you use the Preview to run applications developed by a third party or that access data, content or resources provided by a third party, you agree that Google is not responsible for those applications, data, content, or resources. You understand that all data, content or resources which you may access through such third party applications are the sole responsibility of the person from which they originated and that Google is not liable for any loss or damage that you may experience as a result of the use or access of any of those third party applications, data, content, or resources.
2025-04-28T09:56:52.9241953Z 
2025-04-28T09:56:52.9243262Z 7.2 You should be aware the data, content, and resources presented to you through such a third party application may be protected by intellectual property rights which are owned by the providers (or by other persons or companies on their behalf). You may not modify, rent, lease, loan, sell, distribute or create derivative works based on these data, content, or resources (either in whole or in part) unless you have been specifically given permission to do so by the relevant owners.
2025-04-28T09:56:52.9244773Z 
2025-04-28T09:56:52.9245351Z 7.3 You acknowledge that your use of such third party applications, data, content, or resources may be subject to separate terms between you and the relevant third party.
2025-04-28T09:56:52.9245873Z 
2025-04-28T09:56:52.9245945Z 8. Using Google APIs
2025-04-28T09:56:52.9246060Z 
2025-04-28T09:56:52.9246127Z 8.1 Google APIs
2025-04-28T09:56:52.9246250Z 
2025-04-28T09:56:52.9247576Z 8.1.1 If you use any API to retrieve data from Google, you acknowledge that the data may be protected by intellectual property rights which are owned by Google or those parties that provide the data (or by other persons or companies on their behalf). Your use of any such API may be subject to additional Terms of Service. You may not modify, rent, lease, loan, sell, distribute or create derivative works based on this data (either in whole or in part) unless allowed by the relevant Terms of Service.
2025-04-28T09:56:52.9248965Z 
2025-04-28T09:56:52.9249612Z 8.1.2 If you use any API to retrieve a user's data from Google, you acknowledge and agree that you shall retrieve data only with the user's explicit consent and only when, and for the limited purposes for which, the user has given you permission to do so.
2025-04-28T09:56:52.9250326Z 
2025-04-28T09:56:52.9250419Z 9. Terminating the License Agreement
2025-04-28T09:56:52.9250578Z 
2025-04-28T09:56:52.9250847Z 9.1 the License Agreement will continue to apply until terminated by either you or Google as set out below.
2025-04-28T09:56:52.9251198Z 
2025-04-28T09:56:52.9251526Z 9.2 If you want to terminate the License Agreement, you may do so by ceasing your use of the Preview and any relevant developer credentials.
2025-04-28T09:56:52.9251937Z 
2025-04-28T09:56:52.9252188Z 9.3 Google may at any time, terminate the License Agreement, with or without cause, upon notice to you.
2025-04-28T09:56:52.9252514Z 
2025-04-28T09:56:52.9253394Z 9.4 The License Agreement will automatically terminate without notice or other action upon the earlier of: (A) when Google ceases to provide the Preview or certain parts of the Preview to users in the country in which you are resident or from which you use the service; and (B) Google issues a final release version of the Android SDK.
2025-04-28T09:56:52.9254342Z 
2025-04-28T09:56:52.9254973Z 9.5 When the License Agreement is terminated, the license granted to you in the License Agreement will terminate, you will immediately cease all use of the Preview, and the provisions of paragraphs 10, 11, 12 and 14 shall survive indefinitely.
2025-04-28T09:56:52.9255782Z 
2025-04-28T09:56:52.9255850Z 10. DISCLAIMERS
2025-04-28T09:56:52.9255953Z 
2025-04-28T09:56:52.9256414Z 10.1 YOU EXPRESSLY UNDERSTAND AND AGREE THAT YOUR USE OF THE PREVIEW IS AT YOUR SOLE RISK AND THAT THE PREVIEW IS PROVIDED "AS IS" AND "AS AVAILABLE" WITHOUT WARRANTY OF ANY KIND FROM GOOGLE.
2025-04-28T09:56:52.9256955Z 
2025-04-28T09:56:52.9258611Z 10.2 YOUR USE OF THE PREVIEW AND ANY MATERIAL DOWNLOADED OR OTHERWISE OBTAINED THROUGH THE USE OF THE PREVIEW IS AT YOUR OWN DISCRETION AND RISK AND YOU ARE SOLELY RESPONSIBLE FOR ANY DAMAGE TO YOUR COMPUTER SYSTEM OR OTHER DEVICE OR LOSS OF DATA THAT RESULTS FROM SUCH USE. WITHOUT LIMITING THE FOREGOING, YOU UNDERSTAND THAT THE PREVIEW IS NOT A STABLE RELEASE AND MAY CONTAIN ERRORS, DEFECTS AND SECURITY VULNERABILITIES THAT CAN RESULT IN SIGNIFICANT DAMAGE, INCLUDING THE COMPLETE, IRRECOVERABLE LOSS OF USE OF YOUR COMPUTER SYSTEM OR OTHER DEVICE.
2025-04-28T09:56:52.9260198Z 
2025-04-28T09:56:52.9260911Z 10.3 GOOGLE FURTHER EXPRESSLY DISCLAIMS ALL WARRANTIES AND CONDITIONS OF ANY KIND, WHETHER EXPRESS OR IMPLIED, INCLUDING, BUT NOT LIMITED TO THE IMPLIED WARRANTIES AND CONDITIONS OF MERCHANTABILITY, FITNESS FOR A PARTICULAR PURPOSE AND NON-INFRINGEMENT.
2025-04-28T09:56:52.9261693Z 
2025-04-28T09:56:52.9261772Z 11. LIMITATION OF LIABILITY
2025-04-28T09:56:52.9261907Z 
2025-04-28T09:56:52.9263109Z 11.1 YOU EXPRESSLY UNDERSTAND AND AGREE THAT GOOGLE, ITS SUBSIDIARIES AND AFFILIATES, AND ITS LICENSORS SHALL NOT BE LIABLE TO YOU UNDER ANY THEORY OF LIABILITY FOR ANY DIRECT, INDIRECT, INCIDENTAL, SPECIAL, CONSEQUENTIAL OR EXEMPLARY DAMAGES THAT MAY BE INCURRED BY YOU, INCLUDING ANY LOSS OF DATA, WHETHER OR NOT GOOGLE OR ITS REPRESENTATIVES HAVE BEEN ADVISED OF OR SHOULD HAVE BEEN AWARE OF THE POSSIBILITY OF ANY SUCH LOSSES ARISING.
2025-04-28T09:56:52.9264485Z 
2025-04-28T09:56:52.9264555Z 12. Indemnification
2025-04-28T09:56:52.9264665Z 
2025-04-28T09:56:52.9266995Z 12.1 To the maximum extent permitted by law, you agree to defend, indemnify and hold harmless Google, its affiliates and their respective directors, officers, employees and agents from and against any and all claims, actions, suits or proceedings, as well as any and all losses, liabilities, damages, costs and expenses (including reasonable attorneys’ fees) arising out of or accruing from (a) your use of the Preview, (b) any application you develop on the Preview that infringes any Intellectual Property Rights of any person or defames any person or violates their rights of publicity or privacy, and (c) any non-compliance by you of the License Agreement.
2025-04-28T09:56:52.9268877Z 
2025-04-28T09:56:52.9268968Z 13. Changes to the License Agreement
2025-04-28T09:56:52.9269121Z 
2025-04-28T09:56:52.9269770Z 13.1 Google may make changes to the License Agreement as it distributes new versions of the Preview. When these changes are made, Google will make a new version of the License Agreement available on the website where the Preview is made available.
2025-04-28T09:56:52.9270484Z 
2025-04-28T09:56:52.9270557Z 14. General Legal Terms
2025-04-28T09:56:52.9270680Z 
2025-04-28T09:56:52.9271539Z 14.1 the License Agreement constitutes the whole legal agreement between you and Google and governs your use of the Preview (excluding any services which Google may provide to you under a separate written agreement), and completely replaces any prior agreements between you and Google in relation to the Preview.
2025-04-28T09:56:52.9272474Z 
2025-04-28T09:56:52.9273306Z 14.2 You agree that if Google does not exercise or enforce any legal right or remedy which is contained in the License Agreement (or which Google has the benefit of under any applicable law), this will not be taken to be a formal waiver of Google's rights and that those rights or remedies will still be available to Google.
2025-04-28T09:56:52.9274202Z 
2025-04-28T09:56:52.9275138Z 14.3 If any court of law, having the jurisdiction to decide on this matter, rules that any provision of the License Agreement is invalid, then that provision will be removed from the License Agreement without affecting the rest of the License Agreement. The remaining provisions of the License Agreement will continue to be valid and enforceable.
2025-04-28T09:56:52.9276221Z 
2025-04-28T09:56:52.9277540Z 14.4 You acknowledge and agree that each member of the group of companies of which Google is the parent shall be third party beneficiaries to the License Agreement and that such other companies shall be entitled to directly enforce, and rely upon, any provision of the License Agreement that confers a benefit on (or rights in favor of) them. Other than this, no other person or company shall be third party beneficiaries to the License Agreement.
2025-04-28T09:56:52.9278818Z 
2025-04-28T09:56:52.9279568Z 14.5 EXPORT RESTRICTIONS. THE PREVIEW IS SUBJECT TO UNITED STATES EXPORT LAWS AND REGULATIONS. YOU MUST COMPLY WITH ALL DOMESTIC AND INTERNATIONAL EXPORT LAWS AND REGULATIONS THAT APPLY TO THE PREVIEW. THESE LAWS INCLUDE RESTRICTIONS ON DESTINATIONS, END USERS AND END USE.
2025-04-28T09:56:52.9280394Z 
2025-04-28T09:56:52.9281260Z 14.6 The License Agreement may not be assigned or transferred by you without the prior written approval of Google, and any attempted assignment without such approval will be void. You shall not delegate your responsibilities or obligations under the License Agreement without the prior written approval of Google.
2025-04-28T09:56:52.9282310Z 
2025-04-28T09:56:52.9283860Z 14.7 The License Agreement, and your relationship with Google under the License Agreement, shall be governed by the laws of the State of California without regard to its conflict of laws provisions. You and Google agree to submit to the exclusive jurisdiction of the courts located within the county of Santa Clara, California to resolve any legal matter arising from the License Agreement. Notwithstanding this, you agree that Google shall still be allowed to apply for injunctive remedies (or an equivalent type of urgent legal relief) in any jurisdiction.
2025-04-28T09:56:52.9285564Z 
2025-04-28T09:56:52.9285631Z June 2014.
2025-04-28T09:56:52.9285807Z ---------------------------------------
2025-04-28T09:56:52.9286054Z Accept? (y/N): 
2025-04-28T09:56:52.9286241Z 4/5: License google-gdk-license:
2025-04-28T09:56:52.9286463Z ---------------------------------------
2025-04-28T09:56:52.9286760Z This is a Developer Preview of the GDK that is subject to change.
2025-04-28T09:56:52.9287000Z 
2025-04-28T09:56:52.9287072Z Terms and Conditions
2025-04-28T09:56:52.9287186Z 
2025-04-28T09:56:52.9287304Z This is the Glass Development Kit License Agreement.
2025-04-28T09:56:52.9287501Z 
2025-04-28T09:56:52.9287570Z 1. Introduction
2025-04-28T09:56:52.9287681Z 
2025-04-28T09:56:52.9288730Z 1.1 The Glass Development Kit (referred to in this License Agreement as the "GDK" and specifically including the Android system files, packaged APIs, and GDK library files, if and when they are made available) is licensed to you subject to the terms of this License Agreement. This License Agreement forms a legally binding contract between you and Google in relation to your use of the GDK.
2025-04-28T09:56:52.9289853Z 
2025-04-28T09:56:52.9290049Z 1.2 "Glass" means Glass devices and the Glass software stack for use on Glass devices.
2025-04-28T09:56:52.9290329Z 
2025-04-28T09:56:52.9290334Z 
2025-04-28T09:56:52.9290905Z 1.3 "Android" means the Android software stack for devices, as made available under the Android Open Source Project, which is located at the following URL: http://source.android.com/, as updated from time to time.
2025-04-28T09:56:52.9291547Z 
2025-04-28T09:56:52.9291964Z 1.4 "Google" means Google Inc., a Delaware corporation with principal place of business at 1600 Amphitheatre Parkway, Mountain View, CA 94043, United States.
2025-04-28T09:56:52.9292449Z 
2025-04-28T09:56:52.9292536Z 2. Accepting this License Agreement
2025-04-28T09:56:52.9292699Z 
2025-04-28T09:56:52.9293034Z 2.1 In order to use the GDK, you must first agree to this License Agreement. You may not use the GDK if you do not accept this License Agreement.
2025-04-28T09:56:52.9293444Z 
2025-04-28T09:56:52.9293635Z 2.2 By clicking to accept, you hereby agree to the terms of this License Agreement.
2025-04-28T09:56:52.9293907Z 
2025-04-28T09:56:52.9294697Z 2.3 You may not use the GDK and may not accept the License Agreement if you are a person barred from receiving the GDK under the laws of the United States or other countries including the country in which you are resident or from which you use the GDK.
2025-04-28T09:56:52.9295515Z 
2025-04-28T09:56:52.9296482Z 2.4 If you are agreeing to be bound by this License Agreement on behalf of your employer or other entity, you represent and warrant that you have full legal authority to bind your employer or such entity to this License Agreement. If you do not have the requisite authority, you may not accept the License Agreement or use the GDK on behalf of your employer or other entity.
2025-04-28T09:56:52.9297531Z 
2025-04-28T09:56:52.9297613Z 3. GDK License from Google
2025-04-28T09:56:52.9297750Z 
2025-04-28T09:56:52.9298404Z 3.1 Subject to the terms of this License Agreement, Google grants you a limited, worldwide, royalty-free, non-assignable and non-exclusive license to use the GDK solely to develop applications to run on the Glass platform for Glass devices.
2025-04-28T09:56:52.9299128Z 
2025-04-28T09:56:52.9300193Z 3.2 You agree that Google or third parties own all legal right, title and interest in and to the GDK, including any Intellectual Property Rights that subsist in the GDK. "Intellectual Property Rights" means any and all rights under patent law, copyright law, trade secret law, trademark law, and any and all other proprietary rights. Google reserves all rights not expressly granted to you.
2025-04-28T09:56:52.9301431Z 
2025-04-28T09:56:52.9303114Z 3.3 You may not use the GDK for any purpose not expressly permitted by this License Agreement. Except to the extent required by applicable third party licenses, you may not: (a) copy (except for backup purposes), modify, adapt, redistribute, decompile, reverse engineer, disassemble, or create derivative works of the GDK or any part of the GDK; or (b) load any part of the GDK onto a mobile handset or wearable computing device or any other hardware device except a Glass device personal computer, combine any part of the GDK with other software, or distribute any software or device incorporating a part of the GDK.
2025-04-28T09:56:52.9304843Z 
2025-04-28T09:56:52.9305588Z 3.4 You agree that you will not take any actions that may cause or result in the fragmentation of Glass, including but not limited to distributing, participating in the creation of, or promoting in any way a software development kit derived from the GDK.
2025-04-28T09:56:52.9306321Z 
2025-04-28T09:56:52.9306891Z 3.5 Use, reproduction and distribution of components of the GDK licensed under an open source software license are governed solely by the terms of that open source software license and not this License Agreement.
2025-04-28T09:56:52.9307525Z 
2025-04-28T09:56:52.9308658Z 3.6 You agree that the form and nature of the GDK that Google provides may change without prior notice to you and that future versions of the GDK may be incompatible with applications developed on previous versions of the GDK. You agree that Google may stop (permanently or temporarily) providing the GDK (or any features within the GDK) to you or to users generally at Google's sole discretion, without prior notice to you.
2025-04-28T09:56:52.9309862Z 
2025-04-28T09:56:52.9310304Z 3.7 Nothing in this License Agreement gives you a right to use any of Google's trade names, trademarks, service marks, logos, domain names, or other distinctive brand features.
2025-04-28T09:56:52.9310831Z 
2025-04-28T09:56:52.9311315Z 3.8 You agree that you will not remove, obscure, or alter any proprietary rights notices (including copyright and trademark notices) that may be affixed to or contained within the GDK.
2025-04-28T09:56:52.9311874Z 
2025-04-28T09:56:52.9311885Z 
2025-04-28T09:56:52.9312878Z 3.9 Your use of any Android system files, packaged APIs, or other components of the GDK which are part of the Android Software Development Kit is subject to the terms of the Android Software Development Kit License Agreement located at http://developer.android.com/sdk/terms.html. These terms are hereby incorporated by reference into this License Agreement.
2025-04-28T09:56:52.9313932Z 
2025-04-28T09:56:52.9314124Z 4. Use of the GDK by You
2025-04-28T09:56:52.9314255Z 
2025-04-28T09:56:52.9314960Z 4.1 Google agrees that it obtains no right, title or interest from you (or your licensors) under this License Agreement in or to any software applications that you develop using the GDK, including any intellectual property rights that subsist in those applications.
2025-04-28T09:56:52.9315837Z 
2025-04-28T09:56:52.9317316Z 4.2 You agree to use the GDK and write applications only for purposes that are permitted by (a) this License Agreement, (b) the Glass Platform Developer Policies (located at https://developers.google.com/glass/policies, and hereby incorporated into this License Agreement by reference), and (c) any applicable law, regulation or generally accepted practices or guidelines in the relevant jurisdictions (including any laws regarding the export of data or software to and from the United States or other relevant countries).
2025-04-28T09:56:52.9318854Z 
2025-04-28T09:56:52.9321029Z 4.3 You agree that if you use the GDK to develop applications for general public users, you will protect the privacy and legal rights of those users. If the users provide you with user names, passwords, or other login information or personal information, you must make the users aware that the information will be available to your application, and you must provide legally adequate privacy notice and protection for those users. If your application stores personal or sensitive information provided by users, it must do so securely. If the user provides your application with Google Account information, your application may only use that information to access the user's Google Account when, and for the limited purposes for which, the user has given you permission to do so.
2025-04-28T09:56:52.9323363Z 
2025-04-28T09:56:52.9324233Z 4.4 You agree that you will not engage in any activity with the GDK, including the development or distribution of an application, that interferes with, disrupts, damages, or accesses in an unauthorized manner the servers, networks, or other properties or services of any third party including, but not limited to, Google.
2025-04-28T09:56:52.9325172Z 
2025-04-28T09:56:52.9326177Z 4.5 You agree that you are solely responsible for (and that Google has no responsibility to you or to any third party for) any data, content, or resources that you create, transmit or display through Glass and/or applications for Glass, and for the consequences of your actions (including any loss or damage which Google may suffer) by doing so.
2025-04-28T09:56:52.9327166Z 
2025-04-28T09:56:52.9328223Z 4.6 You agree that you are solely responsible for (and that Google has no responsibility to you or to any third party for) any breach of your obligations under this License Agreement, any applicable third party contract or Terms of Service, or any applicable law or regulation, and for the consequences (including any loss or damage which Google or any third party may suffer) of any such breach.
2025-04-28T09:56:52.9329349Z 
2025-04-28T09:56:52.9329358Z 
2025-04-28T09:56:52.9330367Z 4.7 The GDK is in development, and your testing and feedback are an important part of the development process. By using the GDK, you acknowledge that implementation of some features are still under development and that you should not rely on the GDK, Glass devices, Glass system software, Google Mirror API, or Glass services having the full functionality of a stable release.
2025-04-28T09:56:52.9331449Z 
2025-04-28T09:56:52.9331532Z 5. Your Developer Credentials
2025-04-28T09:56:52.9331678Z 
2025-04-28T09:56:52.9332442Z 5.1 You agree that you are responsible for maintaining the confidentiality of any developer credentials that may be issued to you by Google or which you may choose yourself and that you will be solely responsible for all applications that are developed under your developer credentials.
2025-04-28T09:56:52.9333282Z 
2025-04-28T09:56:52.9333366Z 6. Privacy and Information
2025-04-28T09:56:52.9333501Z 
2025-04-28T09:56:52.9333506Z 
2025-04-28T09:56:52.9334916Z 6.1 In order to continually innovate and improve the GDK, Google may collect certain usage statistics from the software including but not limited to a unique identifier, associated IP address, version number of the software, and information on which tools and/or services in the GDK are being used and how they are being used. Before any of this information is collected, the GDK will notify you and seek your consent. If you withhold consent, the information will not be collected.
2025-04-28T09:56:52.9336402Z 
2025-04-28T09:56:52.9336737Z 6.2 The data collected is examined in the aggregate to improve the GDK and is maintained in accordance with Google's Privacy Policy.
2025-04-28T09:56:52.9337153Z 
2025-04-28T09:56:52.9337243Z 7. Third Party Applications
2025-04-28T09:56:52.9337390Z 
2025-04-28T09:56:52.9339003Z 7.1 If you use the GDK to run applications developed by a third party or that access data, content or resources provided by a third party, you agree that Google is not responsible for those applications, data, content, or resources. You understand that all data, content or resources which you may access through such third party applications are the sole responsibility of the person from which they originated and that Google is not liable for any loss or damage that you may experience as a result of the use or access of any of those third party applications, data, content, or resources.
2025-04-28T09:56:52.9340774Z 
2025-04-28T09:56:52.9342086Z 7.2 You should be aware the data, content, and resources presented to you through such a third party application may be protected by intellectual property rights which are owned by the providers (or by other persons or companies on their behalf). You may not modify, rent, lease, loan, sell, distribute or create derivative works based on these data, content, or resources (either in whole or in part) unless you have been specifically given permission to do so by the relevant owners.
2025-04-28T09:56:52.9343460Z 
2025-04-28T09:56:52.9344194Z 7.3 You acknowledge that your use of such third party applications, data, content, or resources may be subject to separate terms between you and the relevant third party. In that case, this License Agreement does not affect your legal relationship with these third parties.
2025-04-28T09:56:52.9344995Z 
2025-04-28T09:56:52.9345077Z 8. Using Google APIs
2025-04-28T09:56:52.9345288Z 
2025-04-28T09:56:52.9345355Z 8.1 Google APIs
2025-04-28T09:56:52.9345464Z 
2025-04-28T09:56:52.9346790Z 8.1.1 If you use any API to retrieve data from Google, you acknowledge that the data may be protected by intellectual property rights which are owned by Google or those parties that provide the data (or by other persons or companies on their behalf). Your use of any such API may be subject to additional Terms of Service. You may not modify, rent, lease, loan, sell, distribute or create derivative works based on this data (either in whole or in part) unless allowed by the relevant Terms of Service.
2025-04-28T09:56:52.9348186Z 
2025-04-28T09:56:52.9348830Z 8.1.2 If you use any API to retrieve a user's data from Google, you acknowledge and agree that you shall retrieve data only with the user's explicit consent and only when, and for the limited purposes for which, the user has given you permission to do so.
2025-04-28T09:56:52.9349566Z 
2025-04-28T09:56:52.9349659Z 9. Terminating this License Agreement
2025-04-28T09:56:52.9349822Z 
2025-04-28T09:56:52.9350106Z 9.1 This License Agreement will continue to apply until terminated by either you or Google as set out below.
2025-04-28T09:56:52.9350460Z 
2025-04-28T09:56:52.9350786Z 9.2 If you want to terminate this License Agreement, you may do so by ceasing your use of the GDK and any relevant developer credentials.
2025-04-28T09:56:52.9351198Z 
2025-04-28T09:56:52.9352987Z 9.3 Google may at any time, terminate this License Agreement with you if: (A) you have breached any provision of this License Agreement; or (B) Google is required to do so by law; or (C) the partner with whom Google offered certain parts of GDK (such as APIs) to you has terminated its relationship with Google or ceased to offer certain parts of the GDK to you; or (D) Google decides to no longer provide the GDK or certain parts of the GDK to users in the country in which you are resident or from which you use the service, or the provision of the GDK or certain GDK services to you by Google is, in Google's sole discretion, no longer commercially viable.
2025-04-28T09:56:52.9354718Z 
2025-04-28T09:56:52.9356019Z 9.4 When this License Agreement comes to an end, all of the legal rights, obligations and liabilities that you and Google have benefited from, been subject to (or which have accrued over time whilst this License Agreement has been in force) or which are expressed to continue indefinitely, shall be unaffected by this cessation, and the provisions of paragraph 14.7 shall continue to apply to such rights, obligations and liabilities indefinitely.
2025-04-28T09:56:52.9357304Z 
2025-04-28T09:56:52.9357388Z 10. DISCLAIMER OF WARRANTIES
2025-04-28T09:56:52.9357537Z 
2025-04-28T09:56:52.9358084Z 10.1 YOU EXPRESSLY UNDERSTAND AND AGREE THAT YOUR USE OF THE GDK IS AT YOUR SOLE RISK AND THAT THE GDK IS PROVIDED "AS IS" AND "AS AVAILABLE" WITHOUT WARRANTY OF ANY KIND FROM GOOGLE.
2025-04-28T09:56:52.9358592Z 
2025-04-28T09:56:52.9359272Z 10.2 YOUR USE OF THE GDK AND ANY MATERIAL DOWNLOADED OR OTHERWISE OBTAINED THROUGH THE USE OF THE GDK IS AT YOUR OWN DISCRETION AND RISK AND YOU ARE SOLELY RESPONSIBLE FOR ANY DAMAGE TO YOUR COMPUTER SYSTEM OR OTHER DEVICE OR LOSS OF DATA THAT RESULTS FROM SUCH USE.
2025-04-28T09:56:52.9360042Z 
2025-04-28T09:56:52.9360741Z 10.3 GOOGLE FURTHER EXPRESSLY DISCLAIMS ALL WARRANTIES AND CONDITIONS OF ANY KIND, WHETHER EXPRESS OR IMPLIED, INCLUDING, BUT NOT LIMITED TO THE IMPLIED WARRANTIES AND CONDITIONS OF MERCHANTABILITY, FITNESS FOR A PARTICULAR PURPOSE AND NON-INFRINGEMENT.
2025-04-28T09:56:52.9361517Z 
2025-04-28T09:56:52.9361596Z 11. LIMITATION OF LIABILITY
2025-04-28T09:56:52.9361733Z 
2025-04-28T09:56:52.9362930Z 11.1 YOU EXPRESSLY UNDERSTAND AND AGREE THAT GOOGLE, ITS SUBSIDIARIES AND AFFILIATES, AND ITS LICENSORS SHALL NOT BE LIABLE TO YOU UNDER ANY THEORY OF LIABILITY FOR ANY DIRECT, INDIRECT, INCIDENTAL, SPECIAL, CONSEQUENTIAL OR EXEMPLARY DAMAGES THAT MAY BE INCURRED BY YOU, INCLUDING ANY LOSS OF DATA, WHETHER OR NOT GOOGLE OR ITS REPRESENTATIVES HAVE BEEN ADVISED OF OR SHOULD HAVE BEEN AWARE OF THE POSSIBILITY OF ANY SUCH LOSSES ARISING.
2025-04-28T09:56:52.9364192Z 
2025-04-28T09:56:52.9364270Z 12. Indemnification
2025-04-28T09:56:52.9364378Z 
2025-04-28T09:56:52.9366461Z 12.1 To the maximum extent permitted by law, you agree to defend, indemnify and hold harmless Google, its affiliates and their respective directors, officers, employees and agents from and against any and all claims, actions, suits or proceedings, as well as any and all losses, liabilities, damages, costs and expenses (including reasonable attorneys fees) arising out of or accruing from (a) your use of the GDK, (b) any application you develop on the GDK that infringes any copyright, trademark, trade secret, trade dress, patent or other intellectual property right of any person or defames any person or violates their rights of publicity or privacy, and (c) any non-compliance by you with this License Agreement.
2025-04-28T09:56:52.9368489Z 
2025-04-28T09:56:52.9368578Z 13. Changes to the License Agreement
2025-04-28T09:56:52.9368732Z 
2025-04-28T09:56:52.9369346Z 13.1 Google may make changes to the License Agreement as it distributes new versions of the GDK. When these changes are made, Google will make a new version of the License Agreement available on the website where the GDK is made available.
2025-04-28T09:56:52.9379643Z 
2025-04-28T09:56:52.9379762Z 14. General Legal Terms
2025-04-28T09:56:52.9379918Z 
2025-04-28T09:56:52.9380970Z 14.1 This License Agreement constitutes the whole legal agreement between you and Google and governs your use of the GDK (excluding any services which Google may provide to you under a separate written agreement), and completely replaces any prior agreements between you and Google in relation to the GDK.
2025-04-28T09:56:52.9381912Z 
2025-04-28T09:56:52.9382754Z 14.2 You agree that if Google does not exercise or enforce any legal right or remedy which is contained in this License Agreement (or which Google has the benefit of under any applicable law), this will not be taken to be a formal waiver of Google's rights and that those rights or remedies will still be available to Google.
2025-04-28T09:56:52.9383663Z 
2025-04-28T09:56:52.9384597Z 14.3 If any court of law, having the jurisdiction to decide on this matter, rules that any provision of this License Agreement is invalid, then that provision will be removed from this License Agreement without affecting the rest of this License Agreement. The remaining provisions of this License Agreement will continue to be valid and enforceable.
2025-04-28T09:56:52.9385734Z 
2025-04-28T09:56:52.9386982Z 14.4 You acknowledge and agree that each member of the group of companies of which Google is the parent shall be third party beneficiaries to this License Agreement and that such other companies shall be entitled to directly enforce, and rely upon, any provision of this License Agreement that confers a benefit on (or rights in favor of) them. Other than this, no other person or company shall be third party beneficiaries to this License Agreement.
2025-04-28T09:56:52.9388416Z 
2025-04-28T09:56:52.9389130Z 14.5 EXPORT RESTRICTIONS. THE GDK IS SUBJECT TO UNITED STATES EXPORT LAWS AND REGULATIONS. YOU MUST COMPLY WITH ALL DOMESTIC AND INTERNATIONAL EXPORT LAWS AND REGULATIONS THAT APPLY TO THE GDK. THESE LAWS INCLUDE RESTRICTIONS ON DESTINATIONS, END USERS AND END USE.
2025-04-28T09:56:52.9389911Z 
2025-04-28T09:56:52.9390855Z 14.6 The rights granted in this License Agreement may not be assigned or transferred by either you or Google without the prior written approval of the other party. Neither you nor Google shall be permitted to delegate their responsibilities or obligations under this License Agreement without the prior written approval of the other party.
2025-04-28T09:56:52.9391860Z 
2025-04-28T09:56:52.9393414Z 14.7 This License Agreement, and your relationship with Google under this License Agreement, shall be governed by the laws of the State of California without regard to its conflict of laws provisions. You and Google agree to submit to the exclusive jurisdiction of the courts located within the county of Santa Clara, California to resolve any legal matter arising from this License Agreement. Notwithstanding this, you agree that Google shall still be allowed to apply for injunctive remedies (or an equivalent type of urgent legal relief) in any jurisdiction.
2025-04-28T09:56:52.9395039Z 
2025-04-28T09:56:52.9395118Z November 19, 2013
2025-04-28T09:56:52.9395413Z ---------------------------------------
2025-04-28T09:56:52.9395648Z Accept? (y/N): 
2025-04-28T09:56:52.9395866Z 5/5: License mips-android-sysimage-license:
2025-04-28T09:56:52.9396123Z ---------------------------------------
2025-04-28T09:56:52.9397981Z MIPS Technologies, Inc. (“MIPS”) Internal Evaluation License Agreement for MIPS Android™ System Images for Android Software Development Kit (SDK): This Internal Evaluation License Agreement (this "Agreement") is entered into by and between MIPS and you (as an individual developer or a legal entity -- identified below as “Recipient”). MIPS shall make the Evaluation Software available to Recipient as described in accordance with the terms and conditions set forth below.
2025-04-28T09:56:52.9399371Z 
2025-04-28T09:56:52.9401159Z By clicking on the “Accept” button, downloading, installing, or otherwise using the Evaluation Materials (defined below), you agree to be bound by the terms of this Agreement effective as of the date you click “Accept” (the “Effective Date”), and if doing so on behalf of an entity, you represent that you are authorized to bind the entity to the terms and conditions of this Agreement. If you do not agree to be bound by the terms and conditions of this Agreement, do not download, install, or use the Evaluation Materials.
2025-04-28T09:56:52.9402606Z 
2025-04-28T09:56:52.9402761Z 1. DEFINITIONS. These terms shall have the following meanings:
2025-04-28T09:56:52.9402990Z 
2025-04-28T09:56:52.9403495Z 1.1 “MIPS” shall mean MIPS Technologies, Inc., a Delaware corporation having a principal place of business at: 955 East Arques Ave., Sunnyvale, CA 94085
2025-04-28T09:56:52.9403975Z 
2025-04-28T09:56:52.9404472Z 1.2 “Evaluation Software” shall mean MIPS Android™ emulator system images for Android Software Development Kit (SDK), as made available to Recipient.
2025-04-28T09:56:52.9404958Z 
2025-04-28T09:56:52.9406131Z 1.3 “Evaluation Materials" means, collectively, the Evaluation Software (in source and/or object code form) and documentation (including, without limitation, any design documents, specifications, reference manuals, and other related materials) related to the Evaluation Software as made available to Recipient.
2025-04-28T09:56:52.9407099Z 
2025-04-28T09:56:52.9410384Z 1.4 “Open Source Software” means any software that requires (as a condition of use, modification and/or distribution of such software) that such software or other software incorporated into, derived from or distributed with such software (a) be disclosed or distributed in source code form; or (b) be licensed by the user to third parties for the purpose of making and/or distributing derivative works; or (c) be redistributable at no charge. Open Source Software includes, without limitation, software licensed or distributed under any of the following licenses or distribution models, or licenses or distribution models substantially similar to any of the following: (a) GNU’s General Public License (GPL) or Lesser/Library GPL (LGPL), (b) the Artistic License (e.g., PERL), (c) the Mozilla Public License, (d) the Netscape Public License, (e) the Sun Community Source License (SCSL), (f) the Sun Industry Source License (SISL), (g) the Apache Software license and (h) the Common Public License (CPL).
2025-04-28T09:56:52.9413288Z 
2025-04-28T09:56:52.9414296Z 1.5 “Pre-Release Materials” means “alpha” or “beta” designated pre-release features, which may not be fully functional, which MIPS may substantially modify in producing any production version of the Evaluation Materials, and/or which is still under development by MIPS and/or MIPS’ suppliers.
2025-04-28T09:56:52.9415304Z 
2025-04-28T09:56:52.9416942Z 2. PURPOSE. MIPS desires to make the Evaluation Materials available to Recipient solely for Recipient's internal evaluation of the Evaluation Software to evaluate the desirability of cooperating with MIPS in developing products that are compatible with the Evaluation Software and/or to advise MIPS as to possible modifications to the Evaluation Software. Recipient may not disclose, distribute, modify (except to facilitate the above-mentioned internal evaluation), or make commercial use of the Evaluation Materials or any modifications of the Evaluation Materials.
2025-04-28T09:56:52.9418653Z 
2025-04-28T09:56:52.9419894Z THE EVALUATION MATERIALS ARE PROVIDED FOR EVALUATION PURPOSES ONLY AND MAY NOT BE MODIFIED (EXCEPT TO FACILITATE THE INTERNAL EVALUATION) OR DISTRIBUTED BY RECIPIENT OR INCORPORATED INTO RECIPIENT’S PRODUCTS OR SOFTWARE. PLEASE CONTACT A MIPS SALES REPRESENTATIVE TO LEARN ABOUT THE AVAILABILITY AND COST OF A COMMERCIAL VERSION OF THE EVALUATION SOFTWARE.
2025-04-28T09:56:52.9420992Z 
2025-04-28T09:56:52.9421770Z 3. TITLE. Title to the Evaluation Materials remains with MIPS or its suppliers. Recipient shall not mortgage, pledge or encumber the Evaluation Materials in any way. Recipient shall return all Evaluation Materials, keeping no copies, upon termination or expiration of this Agreement.
2025-04-28T09:56:52.9422630Z 
2025-04-28T09:56:52.9426817Z 4. LICENSE. MIPS grants Recipient a royalty-free, personal, nontransferable, nonexclusive license under its copyrights to use the Evaluation Software only for the purposes described in paragraph 2 above and only for a period beginning on the Effective Date and extending to the first anniversary of the Effective Date (the “Evaluation Period”). Unless otherwise communicated in writing by MIPS to Recipient, to the extent the Evaluation Software is provided in more than one delivery or release (each, a “Release”) the license grant in this Section 4 and the Evaluation Period shall apply to each Release, in which case the Evaluation Period shall begin on the date that the Release is made generally available and continue to the first anniversary of such date. Recipient may not make modifications to the Evaluation Software. Recipient shall not disassemble, reverse-engineer, or decompile any software that is not provided to Recipient in source code form.
2025-04-28T09:56:52.9429654Z 
2025-04-28T09:56:52.9429659Z 
2025-04-28T09:56:52.9430599Z EXCEPT AS PROVIDED HEREIN, NO OTHER LICENSE, EXPRESS OR IMPLIED, BY ESTOPPEL OR OTHERWISE, TO ANY OTHER MIPS INTELLECTUAL PROPERTY RIGHTS IS GRANTED TO THE RECIPIENT. OTHER THAN AS EXPLICITLY SET FORTH IN PARAGRAPH 2 ABOVE, NO RIGHT TO COPY, TO REPRODUCE, TO MODIFY, OR TO CREATE DERIVATIVE WORKS OF, THE EVALUATION MATERIALS IS GRANTED HEREIN.
2025-04-28T09:56:52.9431712Z 
2025-04-28T09:56:52.9432406Z 5. NO OBLIGATION. Recipient shall have no duty to purchase or license any product from MIPS. MIPS and its suppliers shall have no obligation to provide support for, or develop a non-evaluation version of, the Evaluation Software or to license any version of it.
2025-04-28T09:56:52.9433182Z 
2025-04-28T09:56:52.9436674Z 6. MODIFICATIONS. This Agreement does not obligate Recipient to provide MIPS with comments or suggestions regarding Evaluation Materials. However, should Recipient provide MIPS with comments or suggestions for the modification, correction, improvement or enhancement of (a) the Evaluation Materials or (b) MIPS products or processes which may embody the Evaluation Materials, then Recipient agrees to grant and hereby grants to MIPS a non-exclusive, irrevocable, worldwide, fully paid-up, royalty-free license, with the right to sublicense MIPS’ licensees and customers, under Recipient’s Intellectual property rights, to use and disclose such comments and suggestions in any manner MIPS chooses and to display, perform, copy, make, have made, use, sell, offer to sell, import, and otherwise dispose of MIPS’ and its sublicensee’s products embodying such comments and suggestions in any manner and via any media MIPS chooses, without reference to the source.
2025-04-28T09:56:52.9439476Z 
2025-04-28T09:56:52.9440988Z 7. WARRANTY DISCLAIMER. MIPS AND ITS SUPPLIERS MAKE NO WARRANTIES WITH RESPECT TO EVALUATION MATERIALS, EITHER EXPRESS OR IMPLIED, INCLUDING ANY IMPLIED WARRANTIES OF MERCHANTABILITY OR FITNESS FOR A PARTICULAR PURPOSE, OR ANY IMPLIED WARRANTY OF NONINFRINGEMENT WITH RESPECT TO THIRD PARTY INTELLECTUAL PROPERTY. RECIPIENT ACKNOWLEDGES AND AGREES THAT THE EVALUATION MATERIALS ARE PROVIDED “AS IS,” WITHOUT WARRANTY OF ANY KIND.
2025-04-28T09:56:52.9442299Z 
2025-04-28T09:56:52.9443941Z 8. LIMITATION OF LIABILITY. MIPS AND ITS SUPPLIERS SHALL NOT BE LIABLE FOR ANY PROPERTY DAMAGE, PERSONAL INJURY, LOSS OF PROFITS, INTERRUPTION OF BUSINESS OR FOR ANY DIRECT, INDIRECT, SPECIAL, CONSEQUENTIAL OR INCIDENTAL DAMAGES, HOWEVER CAUSED OR ALLEGED, WHETHER FOR BREACH OF WARRANTY, CONTRACT, STRICT LIABILITY OR OTHERWISE, INCLUDING WITHOUT LIMITATION, UNDER TORT OR OTHER LEGAL THEORY. MIPS AND ITS SUPPLIERS DISCLAIM ANY AND ALL LIABILITY, INCLUDING LIABILITY FOR INFRINGEMENT OF ANY INTELLECTUAL PROPERTY RIGHTS OF ANY KIND RELATING TO THE EVALUATION MATERIALS.
2025-04-28T09:56:52.9445798Z 
2025-04-28T09:56:52.9446433Z 9. EXPIRATION. MIPS may terminate this Agreement immediately after a breach by Recipient or otherwise at MIPS’ reasonable discretion and upon five (5) business days’ notice to Recipient.
2025-04-28T09:56:52.9447017Z 
2025-04-28T09:56:52.9447085Z 10. GENERAL.
2025-04-28T09:56:52.9447200Z 
2025-04-28T09:56:52.9450205Z 10.1 Controlling Law. This Agreement shall be governed by California law excluding its choice of law rules. With the exception of MIPS’ rights to enforce its intellectual property rights and any confidentiality obligations under this Agreement or any licenses distributed with the Evaluation Materials, all disputes and any claims arising under or relating to this Agreement shall be subject to the exclusive jurisdiction and venue of the state and federal courts located in Santa Clara County, California. Each party hereby agrees to jurisdiction and venue in the courts set forth in the preceding sentence. The parties agree that the United Nations Convention on Contracts for the International Sale of Goods is specifically excluded from application to this Agreement. The parties consent to the personal jurisdiction of the above courts.
2025-04-28T09:56:52.9452679Z 
2025-04-28T09:56:52.9454065Z 10.2 Remedies. Recipient acknowledges and agrees that any breach of confidentiality obligations under this Agreement or any licenses distributed with the Evaluation Materials, as well as any disclosure, commercialization, or public use of the Evaluation Materials, would cause irreparable injury to MIPS, and therefore Recipient agrees to consent to, and hereby consents to, the grant of an injunction by any court of competent jurisdiction in the event of an actual or threatened breach.
2025-04-28T09:56:52.9455784Z 
2025-04-28T09:56:52.9457541Z 10.3 Assignment. Recipient may not delegate, assign or transfer this Agreement, the license granted or any of Recipient’s rights, obligations, or duties hereunder, expressly, by implication, by operation of law, by way of merger (regardless of whether Recipient is the surviving entity) or acquisition, or otherwise and any attempt to do so, without MIPS’ express prior written consent, shall be ineffective, null and void. MIPS may freely assign this Agreement, and its rights and obligations hereunder, in its sole discretion.
2025-04-28T09:56:52.9459069Z 
2025-04-28T09:56:52.9460374Z 10.4 Entire Agreement. This Agreement constitutes the entire agreement between Recipient and MIPS and supersedes in their entirety any and all oral or written agreements previously existing between Recipient and MIPS with respect to the subject matter hereof. This Agreement may only be amended or supplemented by a writing that refers explicitly to this Agreement and that is signed or otherwise accepted by duly authorized representatives of Recipient and MIPS.
2025-04-28T09:56:52.9461755Z 
2025-04-28T09:56:52.9463030Z 10.5 Severability. In the event that any provision of this Agreement is finally adjudicated to be unenforceable or invalid under any applicable law, such unenforceability or invalidity shall not render this Agreement unenforceable or invalid as a whole, and, in such event, such unenforceable or invalid provision shall be interpreted so as to best accomplish the objectives of such provision within the limits of applicable law or applicable court decisions.
2025-04-28T09:56:52.9464384Z 
2025-04-28T09:56:52.9468782Z 10.6 Export Regulations / Export Control. Recipient shall not export, either directly or indirectly, any product, service or technical data or system incorporating the Evaluation Materials without first obtaining any required license or other necessary approval from the U.S. Department of Commerce or any other governing agency or department of the United States Government. In the event any product is exported from the United States or re-exported from a foreign destination by Recipient, Recipient shall ensure that the distribution and export/re-export or import of the product is in compliance with all applicable laws, regulations, orders, or other restrictions of the U.S. Export Administration Regulations and the appropriate foreign government. Recipient agrees that neither it nor any of its subsidiaries will export/re-export any technical data, process, product, or service, directly or indirectly, to any country for which the United States government or any agency thereof or the foreign government from where it is shipping requires an export license, or other governmental approval, without first obtaining such license or approval. Recipient also agrees to implement measures to ensure that foreign national employees are authorized to receive any information controlled by U.S. export control laws. An export is "deemed" to take place when information is released to a foreign national wherever located.
2025-04-28T09:56:52.9473097Z 
2025-04-28T09:56:52.9476475Z 10.7 Special Terms for Pre-Release Materials. If so indicated in the description of the Evaluation Software, the Evaluation Software may contain Pre-Release Materials. Recipient hereby understands, acknowledges and agrees that: (i) Pre-Release Materials may not be fully tested and may contain bugs or errors; (ii) Pre-Release materials are not suitable for commercial release in their current state; (iii) regulatory approvals for Pre-Release Materials (such as UL or FCC) have not been obtained, and Pre-Release Materials may therefore not be certified for use in certain countries or environments or may not be suitable for certain applications and (iv) MIPS can provide no assurance that it will ever produce or make generally available a production version of the Pre-Release Materials . MIPS is not under any obligation to develop and/or release or offer for sale or license a final product based upon the Pre-Release Materials and may unilaterally elect to abandon the Pre-Release Materials or any such development platform at any time and without any obligation or liability whatsoever to Recipient or any other person.
2025-04-28T09:56:52.9479975Z 
2025-04-28T09:56:52.9480561Z ANY PRE-RELEASE MATERIALS ARE NON-QUALIFIED AND, AS SUCH, ARE PROVIDED “AS IS” AND “AS AVAILABLE”, POSSIBLY WITH FAULTS, AND WITHOUT REPRESENTATION OR WARRANTY OF ANY KIND.
2025-04-28T09:56:52.9481085Z 
2025-04-28T09:56:52.9482891Z 10.8 Open Source Software. In the event Open Source software is included with Evaluation Software, such Open Source software is licensed pursuant to the applicable Open Source software license agreement identified in the Open Source software comments in the applicable source code file(s) and/or file header as indicated in the Evaluation Software. Additional detail may be available (where applicable) in the accompanying on-line documentation. With respect to the Open Source software, nothing in this Agreement limits any rights under, or grants rights that supersede, the terms of any applicable Open Source software license agreement.
2025-04-28T09:56:52.9484847Z ---------------------------------------
2025-04-28T09:56:52.9485123Z Accept? (y/N): All SDK package licenses accepted
2025-04-28T09:56:52.9485496Z 
2025-04-28T09:56:52.9562377Z [command]/usr/local/lib/android/sdk/cmdline-tools/latest/bin/sdkmanager build-tools;34.0.0
2025-04-28T09:56:53.6359202Z Loading package information...                                                  
2025-04-28T09:56:53.7323246Z Loading local repository...                                                     
2025-04-28T09:56:53.7331462Z [                                       ] 3% Loading local repository...        
2025-04-28T09:56:53.7427161Z [                                       ] 3% Fetch remote repository...         
2025-04-28T09:56:54.0839257Z [=                                      ] 3% Fetch remote repository...         
2025-04-28T09:56:54.1480661Z [=                                      ] 4% Fetch remote repository...         
2025-04-28T09:56:54.1767408Z [=                                      ] 5% Fetch remote repository...         
2025-04-28T09:56:54.2282271Z [==                                     ] 5% Fetch remote repository...         
2025-04-28T09:56:54.2966664Z [==                                     ] 6% Fetch remote repository...         
2025-04-28T09:56:54.3717622Z [==                                     ] 7% Fetch remote repository...         
2025-04-28T09:56:54.3725655Z [==                                     ] 7% Computing updates...               
2025-04-28T09:56:54.3854011Z [===                                    ] 8% Computing updates...               
2025-04-28T09:56:54.3913249Z [===                                    ] 10% Computing updates...              
2025-04-28T09:56:54.3917112Z [=======================================] 100% Computing updates...             
2025-04-28T09:56:54.3923369Z 
2025-04-28T09:56:54.4336095Z [command]/usr/local/lib/android/sdk/cmdline-tools/latest/bin/sdkmanager platform-tools
2025-04-28T09:56:55.1227123Z Loading package information...                                                  
2025-04-28T09:56:55.2182461Z Loading local repository...                                                     
2025-04-28T09:56:55.2188326Z [                                       ] 3% Loading local repository...        
2025-04-28T09:56:55.2284440Z [                                       ] 3% Fetch remote repository...         
2025-04-28T09:56:55.5680257Z [=                                      ] 3% Fetch remote repository...         
2025-04-28T09:56:55.6293480Z [=                                      ] 4% Fetch remote repository...         
2025-04-28T09:56:55.6601149Z [=                                      ] 5% Fetch remote repository...         
2025-04-28T09:56:55.7152870Z [==                                     ] 5% Fetch remote repository...         
2025-04-28T09:56:55.7707522Z [==                                     ] 6% Fetch remote repository...         
2025-04-28T09:56:55.8588571Z [==                                     ] 7% Fetch remote repository...         
2025-04-28T09:56:55.8589561Z [==                                     ] 7% Computing updates...               
2025-04-28T09:56:55.8737776Z [===                                    ] 8% Computing updates...               
2025-04-28T09:56:55.8807323Z [===                                    ] 10% Computing updates...              
2025-04-28T09:56:55.8808190Z [=======================================] 100% Computing updates...             
2025-04-28T09:56:55.8814923Z 
2025-04-28T09:56:55.9033067Z [command]/usr/local/lib/android/sdk/cmdline-tools/latest/bin/sdkmanager platforms;android-34
2025-04-28T09:56:56.5906720Z Loading package information...                                                  
2025-04-28T09:56:56.6856816Z Loading local repository...                                                     
2025-04-28T09:56:56.6861056Z [                                       ] 3% Loading local repository...        
2025-04-28T09:56:56.6946878Z [                                       ] 3% Fetch remote repository...         
2025-04-28T09:56:56.9515458Z [=                                      ] 3% Fetch remote repository...         
2025-04-28T09:56:57.0023814Z [=                                      ] 4% Fetch remote repository...         
2025-04-28T09:56:57.0202156Z [=                                      ] 5% Fetch remote repository...         
2025-04-28T09:56:57.0559262Z [==                                     ] 5% Fetch remote repository...         
2025-04-28T09:56:57.0945173Z [==                                     ] 6% Fetch remote repository...         
2025-04-28T09:56:57.1572141Z [==                                     ] 7% Fetch remote repository...         
2025-04-28T09:56:57.1593788Z [==                                     ] 7% Computing updates...               
2025-04-28T09:56:57.1701842Z [===                                    ] 8% Computing updates...               
2025-04-28T09:56:57.1754844Z [===                                    ] 10% Computing updates...              
2025-04-28T09:56:57.1759566Z [=======================================] 100% Computing updates...             
2025-04-28T09:56:57.1761663Z 
2025-04-28T09:56:57.1962687Z [command]/usr/local/lib/android/sdk/cmdline-tools/latest/bin/sdkmanager ndk;25.2.9519653
2025-04-28T09:56:57.8744483Z Loading package information...                                                  
2025-04-28T09:56:57.9688527Z Loading local repository...                                                     
2025-04-28T09:56:57.9692027Z [                                       ] 3% Loading local repository...        
2025-04-28T09:56:57.9810648Z [                                       ] 3% Fetch remote repository...         
2025-04-28T09:56:58.3089897Z [=                                      ] 3% Fetch remote repository...         
2025-04-28T09:56:58.3732860Z [=                                      ] 4% Fetch remote repository...         
2025-04-28T09:56:58.4017536Z [=                                      ] 5% Fetch remote repository...         
2025-04-28T09:56:58.4438054Z [==                                     ] 5% Fetch remote repository...         
2025-04-28T09:56:58.5159178Z [==                                     ] 6% Fetch remote repository...         
2025-04-28T09:56:58.5917461Z [==                                     ] 7% Fetch remote repository...         
2025-04-28T09:56:58.5918345Z [==                                     ] 7% Computing updates...               
2025-04-28T09:56:58.6038472Z [===                                    ] 8% Computing updates...               
2025-04-28T09:56:58.6159256Z [===                                    ] 10% Computing updates...              
2025-04-28T09:56:59.0932218Z [===                                    ] 10% Installing NDK (Side by side) 25.2
2025-04-28T09:56:59.2575150Z [===                                    ] 10% Downloading android-ndk-r25c-linux
2025-04-28T09:56:59.3509721Z [====                                   ] 10% Downloading android-ndk-r25c-linux
2025-04-28T09:56:59.4943978Z [====                                   ] 11% Downloading android-ndk-r25c-linux
2025-04-28T09:56:59.7080654Z [====                                   ] 12% Downloading android-ndk-r25c-linux
2025-04-28T09:56:59.8176954Z [=====                                  ] 13% Downloading android-ndk-r25c-linux
2025-04-28T09:56:59.9367905Z [=====                                  ] 14% Downloading android-ndk-r25c-linux
2025-04-28T09:57:00.0169277Z [=====                                  ] 15% Downloading android-ndk-r25c-linux
2025-04-28T09:57:00.0805133Z [======                                 ] 15% Downloading android-ndk-r25c-linux
2025-04-28T09:57:00.1936062Z [======                                 ] 16% Downloading android-ndk-r25c-linux
2025-04-28T09:57:00.3435010Z [======                                 ] 17% Downloading android-ndk-r25c-linux
2025-04-28T09:57:00.4598731Z [=======                                ] 18% Downloading android-ndk-r25c-linux
2025-04-28T09:57:00.6006403Z [=======                                ] 19% Downloading android-ndk-r25c-linux
2025-04-28T09:57:00.6604363Z [=======                                ] 20% Downloading android-ndk-r25c-linux
2025-04-28T09:57:00.7205104Z [========                               ] 20% Downloading android-ndk-r25c-linux
2025-04-28T09:57:00.8550714Z [========                               ] 21% Downloading android-ndk-r25c-linux
2025-04-28T09:57:00.9706282Z [========                               ] 22% Downloading android-ndk-r25c-linux
2025-04-28T09:57:01.0858694Z [=========                              ] 23% Downloading android-ndk-r25c-linux
2025-04-28T09:57:01.2188535Z [=========                              ] 24% Downloading android-ndk-r25c-linux
2025-04-28T09:57:01.2685888Z [=========                              ] 25% Downloading android-ndk-r25c-linux
2025-04-28T09:57:01.3250717Z [==========                             ] 25% Downloading android-ndk-r25c-linux
2025-04-28T09:57:01.4492145Z [==========                             ] 26% Downloading android-ndk-r25c-linux
2025-04-28T09:57:01.5530870Z [==========                             ] 27% Downloading android-ndk-r25c-linux
2025-04-28T09:57:01.6798645Z [===========                            ] 28% Downloading android-ndk-r25c-linux
2025-04-28T09:57:01.7827370Z [===========                            ] 29% Downloading android-ndk-r25c-linux
2025-04-28T09:57:01.8337204Z [===========                            ] 30% Downloading android-ndk-r25c-linux
2025-04-28T09:57:01.9194426Z [============                           ] 30% Downloading android-ndk-r25c-linux
2025-04-28T09:57:02.0221058Z [============                           ] 31% Downloading android-ndk-r25c-linux
2025-04-28T09:57:02.1389023Z [============                           ] 32% Downloading android-ndk-r25c-linux
2025-04-28T09:57:02.1392482Z [============                           ] 33% Downloading android-ndk-r25c-linux
2025-04-28T09:57:02.5709308Z [============                           ] 33% Unzipping...                      
2025-04-28T09:57:02.5715553Z [============                           ] 33% Unzipping... android-ndk-r25c/    
2025-04-28T09:57:02.5726647Z [============                           ] 33% Unzipping... android-ndk-r25c/CHAN
2025-04-28T09:57:02.5731958Z [=============                          ] 33% Unzipping... android-ndk-r25c/CHAN
2025-04-28T09:57:02.5737874Z [=============                          ] 33% Unzipping... android-ndk-r25c/wrap
2025-04-28T09:57:02.6593312Z [=============                          ] 33% Unzipping... android-ndk-r25c/preb
2025-04-28T09:57:02.6893541Z [=============                          ] 33% Unzipping... android-ndk-r25c/buil
2025-04-28T09:57:02.6923732Z [=============                          ] 33% Unzipping... android-ndk-r25c/NOTI
2025-04-28T09:57:02.6929846Z [=============                          ] 33% Unzipping... android-ndk-r25c/ndk-
2025-04-28T09:57:02.6971915Z [=============                          ] 33% Unzipping... android-ndk-r25c/NOTI
2025-04-28T09:57:02.6981194Z [=============                          ] 33% Unzipping... android-ndk-r25c/meta
2025-04-28T09:57:02.6986837Z [=============                          ] 33% Unzipping... android-ndk-r25c/ndk-
2025-04-28T09:57:02.7025022Z [=============                          ] 33% Unzipping... android-ndk-r25c/pyth
2025-04-28T09:57:03.1806750Z [=============                          ] 33% Unzipping... android-ndk-r25c/sour
2025-04-28T09:57:03.3647807Z [=============                          ] 33% Unzipping... android-ndk-r25c/simp
2025-04-28T09:57:03.3909285Z [=============                          ] 34% Unzipping... android-ndk-r25c/simp
2025-04-28T09:57:03.3910477Z [=============                          ] 34% Unzipping... android-ndk-r25c/ndk-
2025-04-28T09:57:03.3913316Z [=============                          ] 34% Unzipping... android-ndk-r25c/READ
2025-04-28T09:57:03.6641379Z [=============                          ] 34% Unzipping... android-ndk-r25c/tool
2025-04-28T09:57:03.8188777Z [=============                          ] 35% Unzipping... android-ndk-r25c/tool
2025-04-28T09:57:03.9972691Z [==============                         ] 35% Unzipping... android-ndk-r25c/tool
2025-04-28T09:57:04.3210468Z [==============                         ] 36% Unzipping... android-ndk-r25c/tool
2025-04-28T09:57:04.6355787Z [==============                         ] 37% Unzipping... android-ndk-r25c/tool
2025-04-28T09:57:04.9470129Z [===============                        ] 38% Unzipping... android-ndk-r25c/tool
2025-04-28T09:57:05.2174625Z [===============                        ] 39% Unzipping... android-ndk-r25c/tool
2025-04-28T09:57:05.3966190Z [===============                        ] 40% Unzipping... android-ndk-r25c/tool
2025-04-28T09:57:05.5594893Z [================                       ] 40% Unzipping... android-ndk-r25c/tool
2025-04-28T09:57:05.8785992Z [================                       ] 41% Unzipping... android-ndk-r25c/tool
2025-04-28T09:57:06.5220951Z [================                       ] 42% Unzipping... android-ndk-r25c/tool
2025-04-28T09:57:06.9972160Z [=================                      ] 43% Unzipping... android-ndk-r25c/tool
2025-04-28T09:57:07.6073949Z [=================                      ] 44% Unzipping... android-ndk-r25c/tool
2025-04-28T09:57:07.7894141Z [=================                      ] 45% Unzipping... android-ndk-r25c/tool
2025-04-28T09:57:07.9558457Z [==================                     ] 45% Unzipping... android-ndk-r25c/tool
2025-04-28T09:57:08.3179471Z [==================                     ] 46% Unzipping... android-ndk-r25c/tool
2025-04-28T09:57:08.6570134Z [==================                     ] 47% Unzipping... android-ndk-r25c/tool
2025-04-28T09:57:08.9606371Z [===================                    ] 48% Unzipping... android-ndk-r25c/tool
2025-04-28T09:57:09.3814984Z [===================                    ] 49% Unzipping... android-ndk-r25c/tool
2025-04-28T09:57:09.4969486Z [===================                    ] 50% Unzipping... android-ndk-r25c/tool
2025-04-28T09:57:09.6594614Z [====================                   ] 50% Unzipping... android-ndk-r25c/tool
2025-04-28T09:57:09.9970933Z [====================                   ] 51% Unzipping... android-ndk-r25c/tool
2025-04-28T09:57:10.3342889Z [====================                   ] 52% Unzipping... android-ndk-r25c/tool
2025-04-28T09:57:10.6331399Z [=====================                  ] 53% Unzipping... android-ndk-r25c/tool
2025-04-28T09:57:10.9924523Z [=====================                  ] 54% Unzipping... android-ndk-r25c/tool
2025-04-28T09:57:11.0363366Z [=====================                  ] 55% Unzipping... android-ndk-r25c/tool
2025-04-28T09:57:11.0365376Z [=====================                  ] 55% Unzipping... android-ndk-r25c/ndk-
2025-04-28T09:57:11.2310293Z [=====================                  ] 55% Unzipping... android-ndk-r25c/shad
2025-04-28T09:57:11.2310906Z [=======================================] 100% Unzipping... android-ndk-r25c/sha
2025-04-28T09:57:11.6774098Z 
2025-04-28T09:57:11.7211223Z ##[group]Run buildozer init
2025-04-28T09:57:11.7211495Z [36;1mbuildozer init[0m
2025-04-28T09:57:11.7211718Z [36;1mcat << 'EOF' > buildozer.spec[0m
2025-04-28T09:57:11.7211955Z [36;1m[app][0m
2025-04-28T09:57:11.7212133Z [36;1mtitle = WeatherApp[0m
2025-04-28T09:57:11.7212356Z [36;1mpackage.name = weatherapp[0m
2025-04-28T09:57:11.7212606Z [36;1mpackage.domain = org.weatherapp[0m
2025-04-28T09:57:11.7212845Z [36;1msource.dir = .[0m
2025-04-28T09:57:11.7213100Z [36;1msource.include_exts = py,png,jpg,kv,atlas[0m
2025-04-28T09:57:11.7213365Z [36;1mversion = 0.1[0m
2025-04-28T09:57:11.7213653Z [36;1mrequirements = python3,kivy==2.3.1,requests==2.25.1,certifi[0m
2025-04-28T09:57:11.7213990Z [36;1mandroid.permissions = INTERNET[0m
2025-04-28T09:57:11.7214246Z [36;1mandroid.api = 34[0m
2025-04-28T09:57:11.7214459Z [36;1mandroid.minapi = 21[0m
2025-04-28T09:57:11.7214682Z [36;1mandroid.ndk = 25.2.9519653[0m
2025-04-28T09:57:11.7214961Z [36;1mandroid.ndk_path = $ANDROID_NDK_HOME[0m
2025-04-28T09:57:11.7215411Z [36;1mandroid.sdk_path = $ANDROID_HOME[0m
2025-04-28T09:57:11.7215681Z [36;1mandroid.accept_sdk_license = True[0m
2025-04-28T09:57:11.7215931Z [36;1morientation = portrait[0m
2025-04-28T09:57:11.7216151Z [36;1mfullscreen = 0[0m
2025-04-28T09:57:11.7216348Z [36;1mlog_level = 2[0m
2025-04-28T09:57:11.7216543Z [36;1mp4a.branch = master[0m
2025-04-28T09:57:11.7216743Z [36;1mEOF[0m
2025-04-28T09:57:11.7248373Z shell: /usr/bin/bash -e {0}
2025-04-28T09:57:11.7248608Z env:
2025-04-28T09:57:11.7248894Z   JAVA_HOME: /opt/hostedtoolcache/Java_Temurin-Hotspot_jdk/17.0.15-6/x64
2025-04-28T09:57:11.7249333Z   JAVA_HOME_17_X64: /opt/hostedtoolcache/Java_Temurin-Hotspot_jdk/17.0.15-6/x64
2025-04-28T09:57:11.7249751Z   pythonLocation: /opt/hostedtoolcache/Python/3.10.17/x64
2025-04-28T09:57:11.7250138Z   PKG_CONFIG_PATH: /opt/hostedtoolcache/Python/3.10.17/x64/lib/pkgconfig
2025-04-28T09:57:11.7250516Z   Python_ROOT_DIR: /opt/hostedtoolcache/Python/3.10.17/x64
2025-04-28T09:57:11.7250855Z   Python2_ROOT_DIR: /opt/hostedtoolcache/Python/3.10.17/x64
2025-04-28T09:57:11.7251190Z   Python3_ROOT_DIR: /opt/hostedtoolcache/Python/3.10.17/x64
2025-04-28T09:57:11.7251522Z   LD_LIBRARY_PATH: /opt/hostedtoolcache/Python/3.10.17/x64/lib
2025-04-28T09:57:11.7251826Z   ANDROID_HOME: /usr/local/lib/android/sdk
2025-04-28T09:57:11.7252092Z   ANDROID_SDK_ROOT: /usr/local/lib/android/sdk
2025-04-28T09:57:11.7252332Z ##[endgroup]
2025-04-28T09:57:11.8036554Z File buildozer.spec created, ready to customize!
2025-04-28T09:57:11.8175687Z ##[group]Run mkdir -p .buildozer/android/platform
2025-04-28T09:57:11.8176124Z [36;1mmkdir -p .buildozer/android/platform[0m
2025-04-28T09:57:11.8176757Z [36;1mgit clone https://github.com/kivy/python-for-android.git .buildozer/android/platform/python-for-android[0m
2025-04-28T09:57:11.8177431Z [36;1mcd .buildozer/android/platform/python-for-android[0m
2025-04-28T09:57:11.8177737Z [36;1mgit checkout master[0m
2025-04-28T09:57:11.8208980Z shell: /usr/bin/bash -e {0}
2025-04-28T09:57:11.8209207Z env:
2025-04-28T09:57:11.8209490Z   JAVA_HOME: /opt/hostedtoolcache/Java_Temurin-Hotspot_jdk/17.0.15-6/x64
2025-04-28T09:57:11.8209935Z   JAVA_HOME_17_X64: /opt/hostedtoolcache/Java_Temurin-Hotspot_jdk/17.0.15-6/x64
2025-04-28T09:57:11.8210333Z   pythonLocation: /opt/hostedtoolcache/Python/3.10.17/x64
2025-04-28T09:57:11.8210709Z   PKG_CONFIG_PATH: /opt/hostedtoolcache/Python/3.10.17/x64/lib/pkgconfig
2025-04-28T09:57:11.8211110Z   Python_ROOT_DIR: /opt/hostedtoolcache/Python/3.10.17/x64
2025-04-28T09:57:11.8211442Z   Python2_ROOT_DIR: /opt/hostedtoolcache/Python/3.10.17/x64
2025-04-28T09:57:11.8211778Z   Python3_ROOT_DIR: /opt/hostedtoolcache/Python/3.10.17/x64
2025-04-28T09:57:11.8212112Z   LD_LIBRARY_PATH: /opt/hostedtoolcache/Python/3.10.17/x64/lib
2025-04-28T09:57:11.8212581Z   ANDROID_HOME: /usr/local/lib/android/sdk
2025-04-28T09:57:11.8212853Z   ANDROID_SDK_ROOT: /usr/local/lib/android/sdk
2025-04-28T09:57:11.8213095Z ##[endgroup]
2025-04-28T09:57:11.8291718Z Cloning into '.buildozer/android/platform/python-for-android'...
2025-04-28T09:57:13.2661512Z Switched to a new branch 'master'
2025-04-28T09:57:13.2664361Z branch 'master' set up to track 'origin/master'.
2025-04-28T09:57:13.2704364Z ##[group]Run export CFLAGS="-Wno-error=implicit-function-declaration -Wno-error=array-bounds -Wno-error=deprecated-declarations"
2025-04-28T09:57:13.2705722Z [36;1mexport CFLAGS="-Wno-error=implicit-function-declaration -Wno-error=array-bounds -Wno-error=deprecated-declarations"[0m
2025-04-28T09:57:13.2706518Z [36;1mexport CPPFLAGS="-D_GNU_SOURCE -D_DEFAULT_SOURCE -D_XOPEN_SOURCE=700"[0m
2025-04-28T09:57:13.2706923Z [36;1mexport LDFLAGS="-lnsl -lresolv -lgssapi_krb5"[0m
2025-04-28T09:57:13.2707216Z [36;1mbuildozer android clean[0m
2025-04-28T09:57:13.2707536Z [36;1mbuildozer -v android debug deploy 2>&1 | tee build.log[0m
2025-04-28T09:57:13.2707866Z [36;1mif [ ${PIPESTATUS[0]} -ne 0 ]; then[0m
2025-04-28T09:57:13.2708115Z [36;1m  cat build.log[0m
2025-04-28T09:57:13.2708315Z [36;1m  exit 1[0m
2025-04-28T09:57:13.2708485Z [36;1mfi[0m
2025-04-28T09:57:13.2739773Z shell: /usr/bin/bash -e {0}
2025-04-28T09:57:13.2740008Z env:
2025-04-28T09:57:13.2740324Z   JAVA_HOME: /opt/hostedtoolcache/Java_Temurin-Hotspot_jdk/17.0.15-6/x64
2025-04-28T09:57:13.2740787Z   JAVA_HOME_17_X64: /opt/hostedtoolcache/Java_Temurin-Hotspot_jdk/17.0.15-6/x64
2025-04-28T09:57:13.2741201Z   pythonLocation: /opt/hostedtoolcache/Python/3.10.17/x64
2025-04-28T09:57:13.2741593Z   PKG_CONFIG_PATH: /opt/hostedtoolcache/Python/3.10.17/x64/lib/pkgconfig
2025-04-28T09:57:13.2741965Z   Python_ROOT_DIR: /opt/hostedtoolcache/Python/3.10.17/x64
2025-04-28T09:57:13.2742307Z   Python2_ROOT_DIR: /opt/hostedtoolcache/Python/3.10.17/x64
2025-04-28T09:57:13.2742655Z   Python3_ROOT_DIR: /opt/hostedtoolcache/Python/3.10.17/x64
2025-04-28T09:57:13.2742990Z   LD_LIBRARY_PATH: /opt/hostedtoolcache/Python/3.10.17/x64/lib
2025-04-28T09:57:13.2743301Z   ANDROID_HOME: /usr/local/lib/android/sdk
2025-04-28T09:57:13.2743572Z   ANDROID_SDK_ROOT: /usr/local/lib/android/sdk
2025-04-28T09:57:13.2744169Z   OPENWEATHER_API_KEY: ***
2025-04-28T09:57:13.2744405Z   P4A_RELEASE_KEYSTORE: 
2025-04-28T09:57:13.2744621Z   P4A_RELEASE_KEYALIAS: 
2025-04-28T09:57:13.2744825Z   P4A_RELEASE_KEYSTORE_PASSWD: 
2025-04-28T09:57:13.2745051Z   P4A_RELEASE_KEYALIAS_PASSWD: 
2025-04-28T09:57:13.2745444Z ##[endgroup]
2025-04-28T09:57:13.3462984Z # Check configuration tokens
2025-04-28T09:57:13.4087837Z # Ensure build layout
2025-04-28T09:57:13.4088262Z # Create directory /home/runner/.buildozer
2025-04-28T09:57:13.4089103Z # Create directory /home/runner/.buildozer/cache
2025-04-28T09:57:13.4090894Z # Create directory /home/runner/work/weatherapp/weatherapp/bin
2025-04-28T09:57:13.4092255Z # Create directory /home/runner/work/weatherapp/weatherapp/.buildozer/applibs
2025-04-28T09:57:13.4093796Z # Create directory /home/runner/.buildozer/android/platform/android/platform
2025-04-28T09:57:13.4096763Z # Create directory /home/runner/work/weatherapp/weatherapp/.buildozer/android/app
2025-04-28T09:57:13.4097480Z # Check configuration tokens
2025-04-28T09:57:13.4101907Z # Run ['/opt/hostedtoolcache/Python/3.10.17/x64/bin/python', '-m', 'pythonforandroid.toolchain', 'clean_builds', '--color=always', '--storage-dir=/home/runner/work/weatherapp/weatherapp/.buildozer/android/platform/build-arm64-v8a_armeabi-v7a', '--ndk-api=21', '--ignore-setup-py', '--debug']
2025-04-28T09:57:13.4103521Z # Cwd /home/runner/work/weatherapp/weatherapp/.buildozer/android/platform/python-for-android
2025-04-28T09:57:13.4766326Z [WARNING]: prerequisites.py is experimental and does not support all prerequisites yet.
2025-04-28T09:57:13.4767441Z [WARNING]: Please report any issues to the python-for-android issue tracker.
2025-04-28T09:57:13.5786222Z [WARNING]: prerequisites.py is experimental and does not support all prerequisites yet.
2025-04-28T09:57:13.5787328Z [WARNING]: Please report any issues to the python-for-android issue tracker.
2025-04-28T09:57:13.5878976Z [1m[90m[DEBUG][39m[0m:   Create directory /home/runner/work/weatherapp/weatherapp/.buildozer/android/platform/build-arm64-v8a_armeabi-v7a/build/python-installs
2025-04-28T09:57:13.5881781Z [1m[90m[DEBUG][39m[0m:   Remove directory and subdirectory /home/runner/work/weatherapp/weatherapp/.buildozer/android/platform/build-arm64-v8a_armeabi-v7a/build/python-installs
2025-04-28T09:57:13.6076636Z # Run ['/opt/hostedtoolcache/Python/3.10.17/x64/bin/python', '-m', 'pythonforandroid.toolchain', 'clean_dists', '--color=always', '--storage-dir=/home/runner/work/weatherapp/weatherapp/.buildozer/android/platform/build-arm64-v8a_armeabi-v7a', '--ndk-api=21', '--ignore-setup-py', '--debug']
2025-04-28T09:57:13.6079213Z # Cwd /home/runner/work/weatherapp/weatherapp/.buildozer/android/platform/python-for-android
2025-04-28T09:57:13.6619672Z [WARNING]: prerequisites.py is experimental and does not support all prerequisites yet.
2025-04-28T09:57:13.6620802Z [WARNING]: Please report any issues to the python-for-android issue tracker.
2025-04-28T09:57:13.7258937Z [WARNING]: prerequisites.py is experimental and does not support all prerequisites yet.
2025-04-28T09:57:13.7260073Z [WARNING]: Please report any issues to the python-for-android issue tracker.
2025-04-28T09:57:13.8335843Z # Check configuration tokens
2025-04-28T09:57:13.8941183Z # Ensure build layout
2025-04-28T09:57:13.8943067Z # Check configuration tokens
2025-04-28T09:57:13.8944121Z # Preparing build
2025-04-28T09:57:13.8944574Z # Check requirements for android
2025-04-28T09:57:13.8948543Z # Search for Git (git)
2025-04-28T09:57:13.8953882Z #  -> found at /usr/bin/git
2025-04-28T09:57:13.8954348Z # Search for Cython (cython)
2025-04-28T09:57:13.8956578Z #  -> found at /opt/hostedtoolcache/Python/3.10.17/x64/bin/cython
2025-04-28T09:57:13.8957268Z # Search for Java compiler (javac)
2025-04-28T09:57:13.8959679Z #  -> found at /usr/lib/jvm/temurin-17-jdk-amd64/bin/javac
2025-04-28T09:57:13.8960363Z # Search for Java keytool (keytool)
2025-04-28T09:57:13.8962755Z #  -> found at /usr/lib/jvm/temurin-17-jdk-amd64/bin/keytool
2025-04-28T09:57:13.8963390Z # Install platform
2025-04-28T09:57:13.8965706Z # Run ['git', 'config', '--get', 'remote.origin.url']
2025-04-28T09:57:13.8966725Z # Cwd /home/runner/work/weatherapp/weatherapp/.buildozer/android/platform/python-for-android
2025-04-28T09:57:13.8983348Z https://github.com/kivy/python-for-android.git
2025-04-28T09:57:13.8988631Z # Run ['git', 'branch', '-vv']
2025-04-28T09:57:13.8989604Z # Cwd /home/runner/work/weatherapp/weatherapp/.buildozer/android/platform/python-for-android
2025-04-28T09:57:13.9012356Z   develop f491c6eb [origin/develop] `primp`: update to `0.14.0` (#3138)
2025-04-28T09:57:13.9013147Z * master  957a3e5f [origin/master] Merge pull request #2959 from kivy/release-2024.01.21
2025-04-28T09:57:13.9016220Z # Detected old url/branch (https://github.com/kivy/python-for-android.git/f491c6eb), deleting...
2025-04-28T09:57:13.9332520Z # Run ['git', 'clone', '-b', 'master', '--single-branch', 'https://github.com/kivy/python-for-android.git', 'python-for-android']
2025-04-28T09:57:13.9333505Z # Cwd /home/runner/work/weatherapp/weatherapp/.buildozer/android/platform
2025-04-28T09:57:13.9349488Z Cloning into 'python-for-android'...
2025-04-28T09:57:15.2342950Z # Run ['/opt/hostedtoolcache/Python/3.10.17/x64/bin/python', '-m', 'pip', 'install', '-q', '--user', 'appdirs', 'colorama>=0.3.3', 'jinja2', 'sh>=1.10, <2.0; sys_platform!="win32"', 'build', 'toml', 'packaging', 'setuptools']
2025-04-28T09:57:15.2344036Z # Cwd None
2025-04-28T09:57:15.6689731Z # Android ANT is missing, downloading
2025-04-28T09:57:15.6690447Z # Downloading https://archive.apache.org/dist/ant/binaries/apache-ant-1.9.4-bin.tar.gz
2025-04-28T09:57:18.4127384Z # Run ['tar', 'xzf', 'apache-ant-1.9.4-bin.tar.gz']
2025-04-28T09:57:18.4128815Z # Cwd /home/runner/.buildozer/android/platform/apache-ant-1.9.4
2025-04-28T09:57:18.5699269Z # Apache ANT installation done.
2025-04-28T09:57:18.5699968Z # Android SDK is missing, downloading
2025-04-28T09:57:18.5701302Z # Downloading https://dl.google.com/android/repository/commandlinetools-linux-6514223_latest.zip
2025-04-28T09:57:19.2346033Z # Unpacking Android SDK
2025-04-28T09:57:19.2348110Z # Run ['unzip', '-q', '/home/runner/work/weatherapp/weatherapp/$ANDROID_HOME/commandlinetools-linux-6514223_latest.zip']
2025-04-28T09:57:19.2349398Z # Cwd /home/runner/work/weatherapp/weatherapp/$ANDROID_HOME
2025-04-28T09:57:19.6634689Z # Android SDK tools base installation done.
2025-04-28T09:57:19.6636224Z # Recommended android's NDK version by p4a is: 25b
2025-04-28T09:57:19.6638400Z # Android NDK is missing, downloading
2025-04-28T09:57:19.6640429Z # Downloading https://dl.google.com/android/repository/android-ndk-r25.2.9519653-linux.zip
2025-04-28T09:57:19.8668733Z Traceback (most recent call last):
2025-04-28T09:57:19.8677303Z   File "/opt/hostedtoolcache/Python/3.10.17/x64/bin/buildozer", line 8, in <module>
2025-04-28T09:57:19.8678068Z     sys.exit(main())
2025-04-28T09:57:19.8679156Z   File "/opt/hostedtoolcache/Python/3.10.17/x64/lib/python3.10/site-packages/buildozer/scripts/client.py", line 13, in main
2025-04-28T09:57:19.8680174Z     Buildozer().run_command(sys.argv[1:])
2025-04-28T09:57:19.8681128Z   File "/opt/hostedtoolcache/Python/3.10.17/x64/lib/python3.10/site-packages/buildozer/__init__.py", line 1024, in run_command
2025-04-28T09:57:19.8681708Z     self.target.run_commands(args)
2025-04-28T09:57:19.8682368Z   File "/opt/hostedtoolcache/Python/3.10.17/x64/lib/python3.10/site-packages/buildozer/target.py", line 93, in run_commands
2025-04-28T09:57:19.8683085Z     func(args)
2025-04-28T09:57:19.8683655Z   File "/opt/hostedtoolcache/Python/3.10.17/x64/lib/python3.10/site-packages/buildozer/target.py", line 103, in cmd_debug
2025-04-28T09:57:19.8684202Z     self.buildozer.prepare_for_build()
2025-04-28T09:57:19.8684920Z   File "/opt/hostedtoolcache/Python/3.10.17/x64/lib/python3.10/site-packages/buildozer/__init__.py", line 172, in prepare_for_build
2025-04-28T09:57:19.8685711Z     self.target.install_platform()
2025-04-28T09:57:19.8686533Z   File "/opt/hostedtoolcache/Python/3.10.17/x64/lib/python3.10/site-packages/buildozer/targets/android.py", line 615, in install_platform
2025-04-28T09:57:19.8687122Z     self._install_android_ndk()
2025-04-28T09:57:19.8687918Z   File "/opt/hostedtoolcache/Python/3.10.17/x64/lib/python3.10/site-packages/buildozer/targets/android.py", line 438, in _install_android_ndk
2025-04-28T09:57:19.8688542Z     self.buildozer.download(url,
2025-04-28T09:57:19.8689671Z   File "/opt/hostedtoolcache/Python/3.10.17/x64/lib/python3.10/site-packages/buildozer/__init__.py", line 658, in download
2025-04-28T09:57:19.8690414Z     urlretrieve(url, filename, report_hook)
2025-04-28T09:57:19.8691042Z   File "/opt/hostedtoolcache/Python/3.10.17/x64/lib/python3.10/urllib/request.py", line 1848, in retrieve
2025-04-28T09:57:19.8691513Z     block = fp.read(bs)
2025-04-28T09:57:19.8692029Z   File "/opt/hostedtoolcache/Python/3.10.17/x64/lib/python3.10/tempfile.py", line 499, in func_wrapper
2025-04-28T09:57:19.8694528Z     return func(*args, **kwargs)
2025-04-28T09:57:19.8695003Z ValueError: read of closed file
2025-04-28T09:57:19.8879442Z # Check configuration tokens
2025-04-28T09:57:19.8879922Z # Ensure build layout
2025-04-28T09:57:19.8880367Z # Check configuration tokens
2025-04-28T09:57:19.8880758Z # Preparing build
2025-04-28T09:57:19.8881165Z # Check requirements for android
2025-04-28T09:57:19.8881569Z # Search for Git (git)
2025-04-28T09:57:19.8881948Z #  -> found at /usr/bin/git
2025-04-28T09:57:19.8882355Z # Search for Cython (cython)
2025-04-28T09:57:19.8882940Z #  -> found at /opt/hostedtoolcache/Python/3.10.17/x64/bin/cython
2025-04-28T09:57:19.8883442Z # Search for Java compiler (javac)
2025-04-28T09:57:19.8883968Z #  -> found at /usr/lib/jvm/temurin-17-jdk-amd64/bin/javac
2025-04-28T09:57:19.8884657Z # Search for Java keytool (keytool)
2025-04-28T09:57:19.8885028Z #  -> found at /usr/lib/jvm/temurin-17-jdk-amd64/bin/keytool
2025-04-28T09:57:19.8885599Z # Install platform
2025-04-28T09:57:19.8885887Z # Run ['git', 'config', '--get', 'remote.origin.url']
2025-04-28T09:57:19.8886443Z # Cwd /home/runner/work/weatherapp/weatherapp/.buildozer/android/platform/python-for-android
2025-04-28T09:57:19.8887142Z https://github.com/kivy/python-for-android.git
2025-04-28T09:57:19.8887472Z # Run ['git', 'branch', '-vv']
2025-04-28T09:57:19.8887987Z # Cwd /home/runner/work/weatherapp/weatherapp/.buildozer/android/platform/python-for-android
2025-04-28T09:57:19.8888591Z   develop f491c6eb [origin/develop] `primp`: update to `0.14.0` (#3138)
2025-04-28T09:57:19.8889139Z * master  957a3e5f [origin/master] Merge pull request #2959 from kivy/release-2024.01.21
2025-04-28T09:57:19.8889790Z # Detected old url/branch (https://github.com/kivy/python-for-android.git/f491c6eb), deleting...
2025-04-28T09:57:19.8890562Z # Run ['git', 'clone', '-b', 'master', '--single-branch', 'https://github.com/kivy/python-for-android.git', 'python-for-android']
2025-04-28T09:57:19.8891210Z # Cwd /home/runner/work/weatherapp/weatherapp/.buildozer/android/platform
2025-04-28T09:57:19.8891618Z Cloning into 'python-for-android'...
2025-04-28T09:57:19.8892508Z # Run ['/opt/hostedtoolcache/Python/3.10.17/x64/bin/python', '-m', 'pip', 'install', '-q', '--user', 'appdirs', 'colorama>=0.3.3', 'jinja2', 'sh>=1.10, <2.0; sys_platform!="win32"', 'build', 'toml', 'packaging', 'setuptools']
2025-04-28T09:57:19.8893173Z # Cwd None
2025-04-28T09:57:19.8893399Z # Android ANT is missing, downloading
2025-04-28T09:57:19.8893882Z # Downloading https://archive.apache.org/dist/ant/binaries/apache-ant-1.9.4-bin.tar.gz
2025-04-28T09:57:19.8894360Z # Run ['tar', 'xzf', 'apache-ant-1.9.4-bin.tar.gz']
2025-04-28T09:57:19.8894769Z # Cwd /home/runner/.buildozer/android/platform/apache-ant-1.9.4
2025-04-28T09:57:19.8895122Z # Apache ANT installation done.
2025-04-28T09:57:19.8895609Z # Android SDK is missing, downloading
2025-04-28T09:57:19.8896145Z # Downloading https://dl.google.com/android/repository/commandlinetools-linux-6514223_latest.zip
2025-04-28T09:57:19.8896601Z # Unpacking Android SDK
2025-04-28T09:57:19.8897153Z # Run ['unzip', '-q', '/home/runner/work/weatherapp/weatherapp/$ANDROID_HOME/commandlinetools-linux-6514223_latest.zip']
2025-04-28T09:57:19.8897762Z # Cwd /home/runner/work/weatherapp/weatherapp/$ANDROID_HOME
2025-04-28T09:57:19.8898128Z # Android SDK tools base installation done.
2025-04-28T09:57:19.8898474Z # Recommended android's NDK version by p4a is: 25b
2025-04-28T09:57:19.8898802Z # Android NDK is missing, downloading
2025-04-28T09:57:19.8899295Z # Downloading https://dl.google.com/android/repository/android-ndk-r25.2.9519653-linux.zip
2025-04-28T09:57:19.8899734Z Traceback (most recent call last):
2025-04-28T09:57:19.8900303Z   File "/opt/hostedtoolcache/Python/3.10.17/x64/bin/buildozer", line 8, in <module>
2025-04-28T09:57:19.8900719Z     sys.exit(main())
2025-04-28T09:57:19.8901330Z   File "/opt/hostedtoolcache/Python/3.10.17/x64/lib/python3.10/site-packages/buildozer/scripts/client.py", line 13, in main
2025-04-28T09:57:19.8901896Z     Buildozer().run_command(sys.argv[1:])
2025-04-28T09:57:19.8902549Z   File "/opt/hostedtoolcache/Python/3.10.17/x64/lib/python3.10/site-packages/buildozer/__init__.py", line 1024, in run_command
2025-04-28T09:57:19.8903107Z     self.target.run_commands(args)
2025-04-28T09:57:19.8903725Z   File "/opt/hostedtoolcache/Python/3.10.17/x64/lib/python3.10/site-packages/buildozer/target.py", line 93, in run_commands
2025-04-28T09:57:19.8904212Z     func(args)
2025-04-28T09:57:19.8904770Z   File "/opt/hostedtoolcache/Python/3.10.17/x64/lib/python3.10/site-packages/buildozer/target.py", line 103, in cmd_debug
2025-04-28T09:57:19.8905563Z     self.buildozer.prepare_for_build()
2025-04-28T09:57:19.8906265Z   File "/opt/hostedtoolcache/Python/3.10.17/x64/lib/python3.10/site-packages/buildozer/__init__.py", line 172, in prepare_for_build
2025-04-28T09:57:19.8906995Z     self.target.install_platform()
2025-04-28T09:57:19.8907703Z   File "/opt/hostedtoolcache/Python/3.10.17/x64/lib/python3.10/site-packages/buildozer/targets/android.py", line 615, in install_platform
2025-04-28T09:57:19.8908289Z     self._install_android_ndk()
2025-04-28T09:57:19.8909101Z   File "/opt/hostedtoolcache/Python/3.10.17/x64/lib/python3.10/site-packages/buildozer/targets/android.py", line 438, in _install_android_ndk
2025-04-28T09:57:19.8909719Z     self.buildozer.download(url,
2025-04-28T09:57:19.8910334Z   File "/opt/hostedtoolcache/Python/3.10.17/x64/lib/python3.10/site-packages/buildozer/__init__.py", line 658, in download
2025-04-28T09:57:19.8910880Z     urlretrieve(url, filename, report_hook)
2025-04-28T09:57:19.8911467Z   File "/opt/hostedtoolcache/Python/3.10.17/x64/lib/python3.10/urllib/request.py", line 1848, in retrieve
2025-04-28T09:57:19.8911921Z     block = fp.read(bs)
2025-04-28T09:57:19.8912415Z   File "/opt/hostedtoolcache/Python/3.10.17/x64/lib/python3.10/tempfile.py", line 499, in func_wrapper
2025-04-28T09:57:19.8912881Z     return func(*args, **kwargs)
2025-04-28T09:57:19.8913146Z ValueError: read of closed file
2025-04-28T09:57:19.8923773Z ##[error]Process completed with exit code 1.
2025-04-28T09:57:19.8978336Z ##[group]Run if [ -f build.log ]; then
2025-04-28T09:57:19.8978719Z [36;1mif [ -f build.log ]; then[0m
2025-04-28T09:57:19.8979022Z [36;1m  echo "Build log exists, checking for errors..."[0m
2025-04-28T09:57:19.8979346Z [36;1m  if grep -q -E "ERROR:|FAILED" build.log; then[0m
2025-04-28T09:57:19.8979638Z [36;1m    echo "Errors found in build log:"[0m
2025-04-28T09:57:19.8979901Z [36;1m    grep -E "ERROR:|FAILED" build.log[0m
2025-04-28T09:57:19.8980134Z [36;1m    exit 1[0m
2025-04-28T09:57:19.8980312Z [36;1m  else[0m
2025-04-28T09:57:19.8980521Z [36;1m    echo "No critical errors found in build log"[0m
2025-04-28T09:57:19.8980783Z [36;1m  fi[0m
2025-04-28T09:57:19.8980948Z [36;1melse[0m
2025-04-28T09:57:19.8981134Z [36;1m  echo "No build log found"[0m
2025-04-28T09:57:19.8981354Z [36;1m  exit 1[0m
2025-04-28T09:57:19.8981520Z [36;1mfi[0m
2025-04-28T09:57:19.9012721Z shell: /usr/bin/bash -e {0}
2025-04-28T09:57:19.9012945Z env:
2025-04-28T09:57:19.9013260Z   JAVA_HOME: /opt/hostedtoolcache/Java_Temurin-Hotspot_jdk/17.0.15-6/x64
2025-04-28T09:57:19.9013716Z   JAVA_HOME_17_X64: /opt/hostedtoolcache/Java_Temurin-Hotspot_jdk/17.0.15-6/x64
2025-04-28T09:57:19.9014128Z   pythonLocation: /opt/hostedtoolcache/Python/3.10.17/x64
2025-04-28T09:57:19.9014511Z   PKG_CONFIG_PATH: /opt/hostedtoolcache/Python/3.10.17/x64/lib/pkgconfig
2025-04-28T09:57:19.9014875Z   Python_ROOT_DIR: /opt/hostedtoolcache/Python/3.10.17/x64
2025-04-28T09:57:19.9015371Z   Python2_ROOT_DIR: /opt/hostedtoolcache/Python/3.10.17/x64
2025-04-28T09:57:19.9015717Z   Python3_ROOT_DIR: /opt/hostedtoolcache/Python/3.10.17/x64
2025-04-28T09:57:19.9016057Z   LD_LIBRARY_PATH: /opt/hostedtoolcache/Python/3.10.17/x64/lib
2025-04-28T09:57:19.9016370Z   ANDROID_HOME: /usr/local/lib/android/sdk
2025-04-28T09:57:19.9016628Z   ANDROID_SDK_ROOT: /usr/local/lib/android/sdk
2025-04-28T09:57:19.9016871Z ##[endgroup]
2025-04-28T09:57:19.9069302Z Build log exists, checking for errors...
2025-04-28T09:57:19.9083563Z No critical errors found in build log
2025-04-28T09:57:19.9123047Z ##[group]Run actions/upload-artifact@v4
2025-04-28T09:57:19.9123304Z with:
2025-04-28T09:57:19.9123462Z   name: build-log
2025-04-28T09:57:19.9123640Z   path: build.log
2025-04-28T09:57:19.9123812Z   retention-days: 1
2025-04-28T09:57:19.9124000Z   if-no-files-found: warn
2025-04-28T09:57:19.9124206Z   compression-level: 6
2025-04-28T09:57:19.9124387Z   overwrite: false
2025-04-28T09:57:19.9124577Z   include-hidden-files: false
2025-04-28T09:57:19.9124779Z env:
2025-04-28T09:57:19.9125033Z   JAVA_HOME: /opt/hostedtoolcache/Java_Temurin-Hotspot_jdk/17.0.15-6/x64
2025-04-28T09:57:19.9125707Z   JAVA_HOME_17_X64: /opt/hostedtoolcache/Java_Temurin-Hotspot_jdk/17.0.15-6/x64
2025-04-28T09:57:19.9126289Z   pythonLocation: /opt/hostedtoolcache/Python/3.10.17/x64
2025-04-28T09:57:19.9126669Z   PKG_CONFIG_PATH: /opt/hostedtoolcache/Python/3.10.17/x64/lib/pkgconfig
2025-04-28T09:57:19.9127041Z   Python_ROOT_DIR: /opt/hostedtoolcache/Python/3.10.17/x64
2025-04-28T09:57:19.9127399Z   Python2_ROOT_DIR: /opt/hostedtoolcache/Python/3.10.17/x64
2025-04-28T09:57:19.9127838Z   Python3_ROOT_DIR: /opt/hostedtoolcache/Python/3.10.17/x64
2025-04-28T09:57:19.9128172Z   LD_LIBRARY_PATH: /opt/hostedtoolcache/Python/3.10.17/x64/lib
2025-04-28T09:57:19.9128470Z   ANDROID_HOME: /usr/local/lib/android/sdk
2025-04-28T09:57:19.9128725Z   ANDROID_SDK_ROOT: /usr/local/lib/android/sdk
2025-04-28T09:57:19.9128969Z ##[endgroup]
2025-04-28T09:57:20.1231276Z With the provided path, there will be 1 file uploaded
2025-04-28T09:57:20.1236109Z Artifact name is valid!
2025-04-28T09:57:20.1237500Z Root directory input is valid!
2025-04-28T09:57:21.8701366Z Beginning upload of artifact content to blob storage
2025-04-28T09:57:22.1790367Z Uploaded bytes 1434
2025-04-28T09:57:22.2598075Z Finished uploading artifact content to blob storage!
2025-04-28T09:57:22.2600834Z SHA256 digest of uploaded artifact zip is 4456d9dfef5cdca394ba37db0c47b23d63246be657577d61ebb5f93c0796ea31
2025-04-28T09:57:22.2602196Z Finalizing artifact upload
2025-04-28T09:57:24.2449601Z Artifact build-log.zip successfully finalized. Artifact ID 3020726997
2025-04-28T09:57:24.2450887Z Artifact build-log has been successfully uploaded! Final size is 1434 bytes. Artifact ID is 3020726997
2025-04-28T09:57:24.2458770Z Artifact download URL: https://github.com/shelley021/weatherapp/actions/runs/14705023191/artifacts/3020726997
2025-04-28T09:57:24.2576237Z Post job cleanup.
2025-04-28T09:57:24.4292438Z Post job cleanup.
2025-04-28T09:57:24.5300443Z [command]/usr/bin/git version
2025-04-28T09:57:24.5342270Z git version 2.49.0
2025-04-28T09:57:24.5392722Z Temporarily overriding HOME='/home/runner/work/_temp/8c0ced30-7b00-4a4d-8c2b-6bbaf6375e57' before making global git config changes
2025-04-28T09:57:24.5394157Z Adding repository directory to the temporary git global config as a safe directory
2025-04-28T09:57:24.5408033Z [command]/usr/bin/git config --global --add safe.directory /home/runner/work/weatherapp/weatherapp
2025-04-28T09:57:24.5444777Z [command]/usr/bin/git config --local --name-only --get-regexp core\.sshCommand
2025-04-28T09:57:24.5478915Z [command]/usr/bin/git submodule foreach --recursive sh -c "git config --local --name-only --get-regexp 'core\.sshCommand' && git config --local --unset-all 'core.sshCommand' || :"
2025-04-28T09:57:24.5713050Z [command]/usr/bin/git config --local --name-only --get-regexp http\.https\:\/\/github\.com\/\.extraheader
2025-04-28T09:57:24.5734129Z http.https://github.com/.extraheader
2025-04-28T09:57:24.5747537Z [command]/usr/bin/git config --local --unset-all http.https://github.com/.extraheader
2025-04-28T09:57:24.5780141Z [command]/usr/bin/git submodule foreach --recursive sh -c "git config --local --name-only --get-regexp 'http\.https\:\/\/github\.com\/\.extraheader' && git config --local --unset-all 'http.https://github.com/.extraheader' || :"
2025-04-28T09:57:24.6109211Z Cleaning up orphan processes
