Ã¯Â»Â¿2025-05-07T09:42:52.9956718Z Current runner version: '2.323.0'
2025-05-07T09:42:52.9980948Z ##[group]Operating System
2025-05-07T09:42:52.9981796Z Ubuntu
2025-05-07T09:42:52.9982300Z 24.04.2
2025-05-07T09:42:52.9982741Z LTS
2025-05-07T09:42:52.9983267Z ##[endgroup]
2025-05-07T09:42:52.9983777Z ##[group]Runner Image
2025-05-07T09:42:52.9984383Z Image: ubuntu-24.04
2025-05-07T09:42:52.9984865Z Version: 20250427.1.0
2025-05-07T09:42:52.9985976Z Included Software: https://github.com/actions/runner-images/blob/ubuntu24/20250427.1/images/ubuntu/Ubuntu2404-Readme.md
2025-05-07T09:42:52.9987395Z Image Release: https://github.com/actions/runner-images/releases/tag/ubuntu24%2F20250427.1
2025-05-07T09:42:52.9988247Z ##[endgroup]
2025-05-07T09:42:52.9988988Z ##[group]Runner Image Provisioner
2025-05-07T09:42:52.9989571Z 2.0.422.1
2025-05-07T09:42:52.9990016Z ##[endgroup]
2025-05-07T09:42:52.9991030Z ##[group]GITHUB_TOKEN Permissions
2025-05-07T09:42:52.9993381Z Contents: write
2025-05-07T09:42:52.9994049Z Metadata: read
2025-05-07T09:42:52.9994699Z ##[endgroup]
2025-05-07T09:42:52.9997268Z Secret source: Actions
2025-05-07T09:42:52.9998199Z Prepare workflow directory
2025-05-07T09:42:53.0319459Z Prepare all required actions
2025-05-07T09:42:53.0360185Z Getting action download info
2025-05-07T09:42:53.6196311Z Download action repository 'actions/checkout@v4' (SHA:11bd71901bbe5b1630ceea73d27597364c9af683)
2025-05-07T09:42:53.6893003Z Download action repository 'actions/setup-java@v3' (SHA:17f84c3641ba7b8f6deff6309fc4c864478f5d62)
2025-05-07T09:42:54.2779775Z Download action repository 'actions/setup-python@v5' (SHA:a26af69be951a213d495a4c3e4e4022e16d87065)
2025-05-07T09:42:54.8875510Z Complete job name: build
2025-05-07T09:42:54.9566179Z ##[group]Run actions/checkout@v4
2025-05-07T09:42:54.9567089Z with:
2025-05-07T09:42:54.9567540Z   repository: shelley021/weatherapp
2025-05-07T09:42:54.9568275Z   token: ***
2025-05-07T09:42:54.9568854Z   ssh-strict: true
2025-05-07T09:42:54.9569291Z   ssh-user: git
2025-05-07T09:42:54.9569736Z   persist-credentials: true
2025-05-07T09:42:54.9570236Z   clean: true
2025-05-07T09:42:54.9570684Z   sparse-checkout-cone-mode: true
2025-05-07T09:42:54.9571190Z   fetch-depth: 1
2025-05-07T09:42:54.9571615Z   fetch-tags: false
2025-05-07T09:42:54.9572041Z   show-progress: true
2025-05-07T09:42:54.9572490Z   lfs: false
2025-05-07T09:42:54.9572912Z   submodules: false
2025-05-07T09:42:54.9573362Z   set-safe-directory: true
2025-05-07T09:42:54.9574107Z ##[endgroup]
2025-05-07T09:42:55.1295405Z Syncing repository: shelley021/weatherapp
2025-05-07T09:42:55.1297204Z ##[group]Getting Git version info
2025-05-07T09:42:55.1297956Z Working directory is '/home/runner/work/weatherapp/weatherapp'
2025-05-07T09:42:55.1299356Z [command]/usr/bin/git version
2025-05-07T09:42:55.1354775Z git version 2.49.0
2025-05-07T09:42:55.1382339Z ##[endgroup]
2025-05-07T09:42:55.1395906Z Temporarily overriding HOME='/home/runner/work/_temp/5fd36c0d-750b-4e47-8819-7fff363470d9' before making global git config changes
2025-05-07T09:42:55.1397395Z Adding repository directory to the temporary git global config as a safe directory
2025-05-07T09:42:55.1408311Z [command]/usr/bin/git config --global --add safe.directory /home/runner/work/weatherapp/weatherapp
2025-05-07T09:42:55.1441102Z Deleting the contents of '/home/runner/work/weatherapp/weatherapp'
2025-05-07T09:42:55.1444326Z ##[group]Initializing the repository
2025-05-07T09:42:55.1448371Z [command]/usr/bin/git init /home/runner/work/weatherapp/weatherapp
2025-05-07T09:42:55.1510221Z hint: Using 'master' as the name for the initial branch. This default branch name
2025-05-07T09:42:55.1511684Z hint: is subject to change. To configure the initial branch name to use in all
2025-05-07T09:42:55.1512683Z hint: of your new repositories, which will suppress this warning, call:
2025-05-07T09:42:55.1513658Z hint:
2025-05-07T09:42:55.1514573Z hint: 	git config --global init.defaultBranch <name>
2025-05-07T09:42:55.1515233Z hint:
2025-05-07T09:42:55.1516330Z hint: Names commonly chosen instead of 'master' are 'main', 'trunk' and
2025-05-07T09:42:55.1518838Z hint: 'development'. The just-created branch can be renamed via this command:
2025-05-07T09:42:55.1520365Z hint:
2025-05-07T09:42:55.1521220Z hint: 	git branch -m <name>
2025-05-07T09:42:55.1522696Z Initialized empty Git repository in /home/runner/work/weatherapp/weatherapp/.git/
2025-05-07T09:42:55.1528461Z [command]/usr/bin/git remote add origin https://github.com/shelley021/weatherapp
2025-05-07T09:42:55.1561649Z ##[endgroup]
2025-05-07T09:42:55.1562998Z ##[group]Disabling automatic garbage collection
2025-05-07T09:42:55.1566587Z [command]/usr/bin/git config --local gc.auto 0
2025-05-07T09:42:55.1595815Z ##[endgroup]
2025-05-07T09:42:55.1597248Z ##[group]Setting up auth
2025-05-07T09:42:55.1603713Z [command]/usr/bin/git config --local --name-only --get-regexp core\.sshCommand
2025-05-07T09:42:55.1635166Z [command]/usr/bin/git submodule foreach --recursive sh -c "git config --local --name-only --get-regexp 'core\.sshCommand' && git config --local --unset-all 'core.sshCommand' || :"
2025-05-07T09:42:55.1912555Z [command]/usr/bin/git config --local --name-only --get-regexp http\.https\:\/\/github\.com\/\.extraheader
2025-05-07T09:42:55.1941463Z [command]/usr/bin/git submodule foreach --recursive sh -c "git config --local --name-only --get-regexp 'http\.https\:\/\/github\.com\/\.extraheader' && git config --local --unset-all 'http.https://github.com/.extraheader' || :"
2025-05-07T09:42:55.2161759Z [command]/usr/bin/git config --local http.https://github.com/.extraheader AUTHORIZATION: basic ***
2025-05-07T09:42:55.2196500Z ##[endgroup]
2025-05-07T09:42:55.2197363Z ##[group]Fetching the repository
2025-05-07T09:42:55.2205700Z [command]/usr/bin/git -c protocol.version=2 fetch --no-tags --prune --no-recurse-submodules --depth=1 origin +6037a2062326307b4739ff78164ae671cd1f2fc0:refs/remotes/origin/main
2025-05-07T09:42:55.7998492Z From https://github.com/shelley021/weatherapp
2025-05-07T09:42:55.8000657Z  * [new ref]         6037a2062326307b4739ff78164ae671cd1f2fc0 -> origin/main
2025-05-07T09:42:55.8024877Z ##[endgroup]
2025-05-07T09:42:55.8025828Z ##[group]Determining the checkout info
2025-05-07T09:42:55.8027347Z ##[endgroup]
2025-05-07T09:42:55.8032224Z [command]/usr/bin/git sparse-checkout disable
2025-05-07T09:42:55.8070326Z [command]/usr/bin/git config --local --unset-all extensions.worktreeConfig
2025-05-07T09:42:55.8096709Z ##[group]Checking out the ref
2025-05-07T09:42:55.8100568Z [command]/usr/bin/git checkout --progress --force -B main refs/remotes/origin/main
2025-05-07T09:42:55.8197387Z Switched to a new branch 'main'
2025-05-07T09:42:55.8200430Z branch 'main' set up to track 'origin/main'.
2025-05-07T09:42:55.8206710Z ##[endgroup]
2025-05-07T09:42:55.8239574Z [command]/usr/bin/git log -1 --format=%H
2025-05-07T09:42:55.8261855Z 6037a2062326307b4739ff78164ae671cd1f2fc0
2025-05-07T09:42:55.8599946Z ##[group]Run actions/setup-java@v3
2025-05-07T09:42:55.8601027Z with:
2025-05-07T09:42:55.8601805Z   distribution: temurin
2025-05-07T09:42:55.8602786Z   java-version: 17
2025-05-07T09:42:55.8603690Z   java-package: jdk
2025-05-07T09:42:55.8604528Z   check-latest: false
2025-05-07T09:42:55.8605527Z   server-id: github
2025-05-07T09:42:55.8606389Z   server-username: GITHUB_ACTOR
2025-05-07T09:42:55.8607456Z   server-password: GITHUB_TOKEN
2025-05-07T09:42:55.8608776Z   overwrite-settings: true
2025-05-07T09:42:55.8609776Z   job-status: success
2025-05-07T09:42:55.8610989Z   token: ***
2025-05-07T09:42:55.8611811Z ##[endgroup]
2025-05-07T09:42:56.0525819Z ##[group]Installed distributions
2025-05-07T09:42:56.0564947Z Resolved Java 17.0.15+6 from tool-cache
2025-05-07T09:42:56.0566224Z Setting Java 17.0.15+6 as the default
2025-05-07T09:42:56.0578046Z Creating toolchains.xml for JDK version 17 from temurin
2025-05-07T09:42:56.0653915Z Writing to /home/runner/.m2/toolchains.xml
2025-05-07T09:42:56.0655387Z 
2025-05-07T09:42:56.0656005Z Java configuration:
2025-05-07T09:42:56.0657241Z   Distribution: temurin
2025-05-07T09:42:56.0658501Z   Version: 17.0.15+6
2025-05-07T09:42:56.0660088Z   Path: /opt/hostedtoolcache/Java_Temurin-Hotspot_jdk/17.0.15-6/x64
2025-05-07T09:42:56.0661892Z 
2025-05-07T09:42:56.0663082Z ##[endgroup]
2025-05-07T09:42:56.0679206Z Creating settings.xml with server-id: github
2025-05-07T09:42:56.0683839Z Writing to /home/runner/.m2/settings.xml
2025-05-07T09:42:56.0880883Z ##[group]Run actions/setup-python@v5
2025-05-07T09:42:56.0881980Z with:
2025-05-07T09:42:56.0940910Z   python-version: 3.10
2025-05-07T09:42:56.0942326Z   check-latest: false
2025-05-07T09:42:56.0944132Z   token: ***
2025-05-07T09:42:56.0945164Z   update-environment: true
2025-05-07T09:42:56.0946514Z   allow-prereleases: false
2025-05-07T09:42:56.0947909Z   freethreaded: false
2025-05-07T09:42:56.0949304Z env:
2025-05-07T09:42:56.0950996Z   JAVA_HOME: /opt/hostedtoolcache/Java_Temurin-Hotspot_jdk/17.0.15-6/x64
2025-05-07T09:42:56.0954042Z   JAVA_HOME_17_X64: /opt/hostedtoolcache/Java_Temurin-Hotspot_jdk/17.0.15-6/x64
2025-05-07T09:42:56.0956357Z ##[endgroup]
2025-05-07T09:42:56.2619108Z ##[group]Installed versions
2025-05-07T09:42:56.2678752Z Successfully set up CPython (3.10.17)
2025-05-07T09:42:56.2680875Z ##[endgroup]
2025-05-07T09:42:56.2813194Z ##[group]Run Ubuntu_version=$(lsb_release -rs)
2025-05-07T09:42:56.2814394Z [36;1mUbuntu_version=$(lsb_release -rs)[0m
2025-05-07T09:42:56.2815759Z [36;1mif [[ "$Ubuntu_version" == "22.04" || "$Ubuntu_version" == "24.04" ]]; then[0m
2025-05-07T09:42:56.2817117Z [36;1m  sudo apt-get update -y[0m
2025-05-07T09:42:56.2818118Z [36;1m  sudo apt-get install -y libtinfo6[0m
2025-05-07T09:42:56.2819388Z [36;1melse[0m
2025-05-07T09:42:56.2820101Z [36;1m  sudo apt-get update -y[0m
2025-05-07T09:42:56.2821077Z [36;1m  sudo apt-get install -y libtinfo5[0m
2025-05-07T09:42:56.2822050Z [36;1mfi[0m
2025-05-07T09:42:56.2859407Z shell: /usr/bin/bash -e {0}
2025-05-07T09:42:56.2860249Z env:
2025-05-07T09:42:56.2861265Z   JAVA_HOME: /opt/hostedtoolcache/Java_Temurin-Hotspot_jdk/17.0.15-6/x64
2025-05-07T09:42:56.2863030Z   JAVA_HOME_17_X64: /opt/hostedtoolcache/Java_Temurin-Hotspot_jdk/17.0.15-6/x64
2025-05-07T09:42:56.2864695Z   pythonLocation: /opt/hostedtoolcache/Python/3.10.17/x64
2025-05-07T09:42:56.2866230Z   PKG_CONFIG_PATH: /opt/hostedtoolcache/Python/3.10.17/x64/lib/pkgconfig
2025-05-07T09:42:56.2867759Z   Python_ROOT_DIR: /opt/hostedtoolcache/Python/3.10.17/x64
2025-05-07T09:42:56.2869226Z   Python2_ROOT_DIR: /opt/hostedtoolcache/Python/3.10.17/x64
2025-05-07T09:42:56.2870587Z   Python3_ROOT_DIR: /opt/hostedtoolcache/Python/3.10.17/x64
2025-05-07T09:42:56.2871966Z   LD_LIBRARY_PATH: /opt/hostedtoolcache/Python/3.10.17/x64/lib
2025-05-07T09:42:56.2873081Z ##[endgroup]
2025-05-07T09:42:56.3762654Z Get:1 file:/etc/apt/apt-mirrors.txt Mirrorlist [144 B]
2025-05-07T09:42:56.5470245Z Hit:2 http://azure.archive.ubuntu.com/ubuntu noble InRelease
2025-05-07T09:42:56.5483834Z Get:3 http://azure.archive.ubuntu.com/ubuntu noble-updates InRelease [126 kB]
2025-05-07T09:42:56.5540080Z Get:4 http://azure.archive.ubuntu.com/ubuntu noble-backports InRelease [126 kB]
2025-05-07T09:42:56.5630870Z Get:5 http://azure.archive.ubuntu.com/ubuntu noble-security InRelease [126 kB]
2025-05-07T09:42:56.6548543Z Get:6 http://azure.archive.ubuntu.com/ubuntu noble-updates/main amd64 Packages [1066 kB]
2025-05-07T09:42:56.6686576Z Get:7 http://azure.archive.ubuntu.com/ubuntu noble-updates/main Translation-en [229 kB]
2025-05-07T09:42:56.6722733Z Get:8 http://azure.archive.ubuntu.com/ubuntu noble-updates/main amd64 Components [161 kB]
2025-05-07T09:42:56.6745858Z Get:9 http://azure.archive.ubuntu.com/ubuntu noble-updates/universe amd64 Packages [1061 kB]
2025-05-07T09:42:56.6817241Z Get:10 http://azure.archive.ubuntu.com/ubuntu noble-updates/universe Translation-en [268 kB]
2025-05-07T09:42:56.6845520Z Get:11 http://azure.archive.ubuntu.com/ubuntu noble-updates/universe amd64 Components [376 kB]
2025-05-07T09:42:56.6876096Z Get:12 http://azure.archive.ubuntu.com/ubuntu noble-updates/restricted amd64 Packages [1073 kB]
2025-05-07T09:42:56.6942258Z Get:13 http://azure.archive.ubuntu.com/ubuntu noble-updates/restricted Translation-en [221 kB]
2025-05-07T09:42:56.6964656Z Get:14 http://azure.archive.ubuntu.com/ubuntu noble-updates/restricted amd64 Components [212 B]
2025-05-07T09:42:56.6974592Z Get:15 http://azure.archive.ubuntu.com/ubuntu noble-updates/multiverse amd64 Packages [21.7 kB]
2025-05-07T09:42:56.7423048Z Get:16 http://azure.archive.ubuntu.com/ubuntu noble-updates/multiverse amd64 Components [940 B]
2025-05-07T09:42:56.7440414Z Get:17 http://azure.archive.ubuntu.com/ubuntu noble-backports/main amd64 Components [7092 B]
2025-05-07T09:42:56.7454226Z Get:18 http://azure.archive.ubuntu.com/ubuntu noble-backports/universe amd64 Packages [27.0 kB]
2025-05-07T09:42:56.7466815Z Get:19 http://azure.archive.ubuntu.com/ubuntu noble-backports/universe Translation-en [16.5 kB]
2025-05-07T09:42:56.7477471Z Get:20 http://azure.archive.ubuntu.com/ubuntu noble-backports/universe amd64 Components [16.3 kB]
2025-05-07T09:42:56.7489615Z Get:21 http://azure.archive.ubuntu.com/ubuntu noble-backports/restricted amd64 Components [216 B]
2025-05-07T09:42:56.7501703Z Get:22 http://azure.archive.ubuntu.com/ubuntu noble-backports/multiverse amd64 Components [212 B]
2025-05-07T09:42:56.7597082Z Get:23 http://azure.archive.ubuntu.com/ubuntu noble-security/main amd64 Packages [815 kB]
2025-05-07T09:42:56.7645682Z Get:24 http://azure.archive.ubuntu.com/ubuntu noble-security/main Translation-en [152 kB]
2025-05-07T09:42:56.7667068Z Get:25 http://azure.archive.ubuntu.com/ubuntu noble-security/main amd64 Components [21.6 kB]
2025-05-07T09:42:56.7678423Z Get:26 http://azure.archive.ubuntu.com/ubuntu noble-security/universe amd64 Packages [836 kB]
2025-05-07T09:42:56.7725433Z Get:27 http://azure.archive.ubuntu.com/ubuntu noble-security/universe Translation-en [182 kB]
2025-05-07T09:42:56.7746467Z Get:28 http://azure.archive.ubuntu.com/ubuntu noble-security/universe amd64 Components [52.3 kB]
2025-05-07T09:42:56.7773253Z Get:29 http://azure.archive.ubuntu.com/ubuntu noble-security/restricted amd64 Packages [1029 kB]
2025-05-07T09:42:56.8267738Z Get:30 http://azure.archive.ubuntu.com/ubuntu noble-security/restricted Translation-en [213 kB]
2025-05-07T09:42:56.8288546Z Get:31 http://azure.archive.ubuntu.com/ubuntu noble-security/restricted amd64 Components [212 B]
2025-05-07T09:42:56.8298482Z Get:32 http://azure.archive.ubuntu.com/ubuntu noble-security/multiverse amd64 Packages [17.7 kB]
2025-05-07T09:42:56.8313289Z Get:33 http://azure.archive.ubuntu.com/ubuntu noble-security/multiverse amd64 Components [212 B]
2025-05-07T09:42:57.4238953Z Get:34 https://packages.microsoft.com/repos/azure-cli noble InRelease [3564 B]
2025-05-07T09:42:57.4279568Z Get:35 https://packages.microsoft.com/ubuntu/24.04/prod noble InRelease [3600 B]
2025-05-07T09:42:57.4730184Z Get:36 https://packages.microsoft.com/repos/azure-cli noble/main amd64 Packages [1256 B]
2025-05-07T09:42:57.5159827Z Get:37 https://packages.microsoft.com/ubuntu/24.04/prod noble/main arm64 Packages [19.0 kB]
2025-05-07T09:42:57.5191902Z Get:38 https://packages.microsoft.com/ubuntu/24.04/prod noble/main armhf Packages [8178 B]
2025-05-07T09:42:57.5303165Z Get:39 https://packages.microsoft.com/ubuntu/24.04/prod noble/main amd64 Packages [30.8 kB]
2025-05-07T09:43:03.4408188Z Fetched 8310 kB in 1s (7063 kB/s)
2025-05-07T09:43:04.0663674Z Reading package lists...
2025-05-07T09:43:04.0979383Z Reading package lists...
2025-05-07T09:43:04.2568271Z Building dependency tree...
2025-05-07T09:43:04.2575914Z Reading state information...
2025-05-07T09:43:04.4453354Z libtinfo6 is already the newest version (6.4+20240113-1ubuntu2).
2025-05-07T09:43:04.4454254Z libtinfo6 set to manually installed.
2025-05-07T09:43:04.4454726Z 0 upgraded, 0 newly installed, 0 to remove and 52 not upgraded.
2025-05-07T09:43:04.4504088Z ##[group]Run sudo apt-get update -y
2025-05-07T09:43:04.4504445Z [36;1msudo apt-get update -y[0m
2025-05-07T09:43:04.4504834Z [36;1msudo apt-get install -y git zip unzip python3-pip autoconf libtool pkg-config[0m
2025-05-07T09:43:04.4505350Z [36;1msudo apt-get install -y zlib1g-dev libncurses5-dev libncursesw5-dev[0m
2025-05-07T09:43:04.4505980Z [36;1msudo apt-get install -y cmake libffi-dev libssl-dev[0m
2025-05-07T09:43:04.4506420Z [36;1msudo apt-get install -y libltdl-dev build-essential python3-dev python3-venv[0m
2025-05-07T09:43:04.4506868Z [36;1msudo apt-get install -y libnss3-dev libnss3-tools[0m
2025-05-07T09:43:04.4539683Z shell: /usr/bin/bash -e {0}
2025-05-07T09:43:04.4539940Z env:
2025-05-07T09:43:04.4540246Z   JAVA_HOME: /opt/hostedtoolcache/Java_Temurin-Hotspot_jdk/17.0.15-6/x64
2025-05-07T09:43:04.4540753Z   JAVA_HOME_17_X64: /opt/hostedtoolcache/Java_Temurin-Hotspot_jdk/17.0.15-6/x64
2025-05-07T09:43:04.4541239Z   pythonLocation: /opt/hostedtoolcache/Python/3.10.17/x64
2025-05-07T09:43:04.4541673Z   PKG_CONFIG_PATH: /opt/hostedtoolcache/Python/3.10.17/x64/lib/pkgconfig
2025-05-07T09:43:04.4542099Z   Python_ROOT_DIR: /opt/hostedtoolcache/Python/3.10.17/x64
2025-05-07T09:43:04.4542465Z   Python2_ROOT_DIR: /opt/hostedtoolcache/Python/3.10.17/x64
2025-05-07T09:43:04.4542855Z   Python3_ROOT_DIR: /opt/hostedtoolcache/Python/3.10.17/x64
2025-05-07T09:43:04.4543258Z   LD_LIBRARY_PATH: /opt/hostedtoolcache/Python/3.10.17/x64/lib
2025-05-07T09:43:04.4543571Z ##[endgroup]
2025-05-07T09:43:04.5199053Z Get:1 file:/etc/apt/apt-mirrors.txt Mirrorlist [144 B]
2025-05-07T09:43:04.5497395Z Hit:2 http://azure.archive.ubuntu.com/ubuntu noble InRelease
2025-05-07T09:43:04.5509365Z Hit:3 http://azure.archive.ubuntu.com/ubuntu noble-updates InRelease
2025-05-07T09:43:04.5519464Z Hit:4 http://azure.archive.ubuntu.com/ubuntu noble-backports InRelease
2025-05-07T09:43:04.5526821Z Hit:5 http://azure.archive.ubuntu.com/ubuntu noble-security InRelease
2025-05-07T09:43:04.5546352Z Hit:6 https://packages.microsoft.com/repos/azure-cli noble InRelease
2025-05-07T09:43:04.5579031Z Hit:7 https://packages.microsoft.com/ubuntu/24.04/prod noble InRelease
2025-05-07T09:43:05.6280240Z Reading package lists...
2025-05-07T09:43:05.6589910Z Reading package lists...
2025-05-07T09:43:05.7965428Z Building dependency tree...
2025-05-07T09:43:05.7973103Z Reading state information...
2025-05-07T09:43:05.9603920Z git is already the newest version (1:2.49.0-0ubuntu1~ubuntu24.04.1).
2025-05-07T09:43:05.9604768Z git set to manually installed.
2025-05-07T09:43:05.9605443Z zip is already the newest version (3.0-13ubuntu0.2).
2025-05-07T09:43:05.9606450Z unzip is already the newest version (6.0-28ubuntu4.1).
2025-05-07T09:43:05.9607426Z python3-pip is already the newest version (24.0+dfsg-1ubuntu1.1).
2025-05-07T09:43:05.9608468Z autoconf is already the newest version (2.71-3).
2025-05-07T09:43:05.9609617Z libtool is already the newest version (2.4.7-7build1).
2025-05-07T09:43:05.9610622Z pkg-config is already the newest version (1.8.1-2build1).
2025-05-07T09:43:05.9611253Z 0 upgraded, 0 newly installed, 0 to remove and 52 not upgraded.
2025-05-07T09:43:05.9841488Z Reading package lists...
2025-05-07T09:43:06.1234923Z Building dependency tree...
2025-05-07T09:43:06.1242532Z Reading state information...
2025-05-07T09:43:06.2869995Z zlib1g-dev is already the newest version (1:1.3.dfsg-3.1ubuntu2.1).
2025-05-07T09:43:06.2870821Z libncurses-dev is already the newest version (6.4+20240113-1ubuntu2).
2025-05-07T09:43:06.2871392Z libncurses-dev set to manually installed.
2025-05-07T09:43:06.2871921Z 0 upgraded, 0 newly installed, 0 to remove and 52 not upgraded.
2025-05-07T09:43:06.3112535Z Reading package lists...
2025-05-07T09:43:06.4534106Z Building dependency tree...
2025-05-07T09:43:06.4541299Z Reading state information...
2025-05-07T09:43:06.5894945Z libffi-dev is already the newest version (3.4.6-1build1).
2025-05-07T09:43:06.5895541Z libffi-dev set to manually installed.
2025-05-07T09:43:06.5896599Z libssl-dev is already the newest version (3.0.13-0ubuntu3.5).
2025-05-07T09:43:06.5897344Z The following additional packages will be installed:
2025-05-07T09:43:06.5902393Z   cmake-data libjsoncpp25 librhash0
2025-05-07T09:43:06.5907572Z Suggested packages:
2025-05-07T09:43:06.5907956Z   cmake-doc cmake-format elpa-cmake-mode ninja-build
2025-05-07T09:43:06.6056613Z The following NEW packages will be installed:
2025-05-07T09:43:06.6064684Z   cmake cmake-data libjsoncpp25 librhash0
2025-05-07T09:43:06.6251709Z 0 upgraded, 4 newly installed, 0 to remove and 52 not upgraded.
2025-05-07T09:43:06.6252342Z Need to get 13.6 MB of archives.
2025-05-07T09:43:06.6252951Z After this operation, 49.1 MB of additional disk space will be used.
2025-05-07T09:43:06.6253965Z Get:1 file:/etc/apt/apt-mirrors.txt Mirrorlist [144 B]
2025-05-07T09:43:06.7234984Z Get:2 http://azure.archive.ubuntu.com/ubuntu noble/main amd64 libjsoncpp25 amd64 1.9.5-6build1 [82.8 kB]
2025-05-07T09:43:06.8121626Z Get:3 http://azure.archive.ubuntu.com/ubuntu noble/main amd64 librhash0 amd64 1.4.3-3build1 [129 kB]
2025-05-07T09:43:06.8961299Z Get:4 http://azure.archive.ubuntu.com/ubuntu noble/main amd64 cmake-data all 3.28.3-1build7 [2155 kB]
2025-05-07T09:43:07.2385340Z Get:5 http://azure.archive.ubuntu.com/ubuntu noble/main amd64 cmake amd64 3.28.3-1build7 [11.2 MB]
2025-05-07T09:43:08.2633518Z Fetched 13.6 MB in 1s (9698 kB/s)
2025-05-07T09:43:08.2869125Z Selecting previously unselected package libjsoncpp25:amd64.
2025-05-07T09:43:08.3073364Z (Reading database ... 
2025-05-07T09:43:08.3073883Z (Reading database ... 5%
2025-05-07T09:43:08.3074403Z (Reading database ... 10%
2025-05-07T09:43:08.3074932Z (Reading database ... 15%
2025-05-07T09:43:08.3075435Z (Reading database ... 20%
2025-05-07T09:43:08.3075747Z (Reading database ... 25%
2025-05-07T09:43:08.3076059Z (Reading database ... 30%
2025-05-07T09:43:08.3076363Z (Reading database ... 35%
2025-05-07T09:43:08.3076682Z (Reading database ... 40%
2025-05-07T09:43:08.3076987Z (Reading database ... 45%
2025-05-07T09:43:08.3077326Z (Reading database ... 50%
2025-05-07T09:43:08.3173281Z (Reading database ... 55%
2025-05-07T09:43:08.3509658Z (Reading database ... 60%
2025-05-07T09:43:08.3690088Z (Reading database ... 65%
2025-05-07T09:43:08.3837043Z (Reading database ... 70%
2025-05-07T09:43:08.3987443Z (Reading database ... 75%
2025-05-07T09:43:08.4247356Z (Reading database ... 80%
2025-05-07T09:43:08.4756607Z (Reading database ... 85%
2025-05-07T09:43:08.5386120Z (Reading database ... 90%
2025-05-07T09:43:08.5675919Z (Reading database ... 95%
2025-05-07T09:43:08.5676726Z (Reading database ... 100%
2025-05-07T09:43:08.5677562Z (Reading database ... 222347 files and directories currently installed.)
2025-05-07T09:43:08.5719807Z Preparing to unpack .../libjsoncpp25_1.9.5-6build1_amd64.deb ...
2025-05-07T09:43:08.5763697Z Unpacking libjsoncpp25:amd64 (1.9.5-6build1) ...
2025-05-07T09:43:08.6017552Z Selecting previously unselected package librhash0:amd64.
2025-05-07T09:43:08.6150481Z Preparing to unpack .../librhash0_1.4.3-3build1_amd64.deb ...
2025-05-07T09:43:08.6163344Z Unpacking librhash0:amd64 (1.4.3-3build1) ...
2025-05-07T09:43:08.6425018Z Selecting previously unselected package cmake-data.
2025-05-07T09:43:08.6558407Z Preparing to unpack .../cmake-data_3.28.3-1build7_all.deb ...
2025-05-07T09:43:08.6862624Z Unpacking cmake-data (3.28.3-1build7) ...
2025-05-07T09:43:09.2547703Z Selecting previously unselected package cmake.
2025-05-07T09:43:09.2696681Z Preparing to unpack .../cmake_3.28.3-1build7_amd64.deb ...
2025-05-07T09:43:09.2710158Z Unpacking cmake (3.28.3-1build7) ...
2025-05-07T09:43:09.4632039Z Setting up libjsoncpp25:amd64 (1.9.5-6build1) ...
2025-05-07T09:43:09.4664672Z Setting up librhash0:amd64 (1.4.3-3build1) ...
2025-05-07T09:43:09.4696035Z Setting up cmake-data (3.28.3-1build7) ...
2025-05-07T09:43:09.4767571Z Setting up cmake (3.28.3-1build7) ...
2025-05-07T09:43:09.4801284Z Processing triggers for man-db (2.12.0-4build2) ...
2025-05-07T09:43:15.9002572Z Processing triggers for libc-bin (2.39-0ubuntu8.4) ...
2025-05-07T09:43:16.5317477Z 
2025-05-07T09:43:16.5318155Z Running kernel seems to be up-to-date.
2025-05-07T09:43:16.5318802Z 
2025-05-07T09:43:16.5319017Z No services need to be restarted.
2025-05-07T09:43:16.5319242Z 
2025-05-07T09:43:16.5319355Z No containers need to be restarted.
2025-05-07T09:43:16.5319557Z 
2025-05-07T09:43:16.5319920Z No user sessions are running outdated binaries.
2025-05-07T09:43:16.5320178Z 
2025-05-07T09:43:16.5320414Z No VM guests are running outdated hypervisor (qemu) binaries on this host.
2025-05-07T09:43:17.3885076Z Reading package lists...
2025-05-07T09:43:17.5453561Z Building dependency tree...
2025-05-07T09:43:17.5460647Z Reading state information...
2025-05-07T09:43:17.6882396Z python3-dev is already the newest version (3.12.3-0ubuntu2).
2025-05-07T09:43:17.6883299Z python3-venv is already the newest version (3.12.3-0ubuntu2).
2025-05-07T09:43:17.6883983Z Suggested packages:
2025-05-07T09:43:17.6884378Z   libtool-doc
2025-05-07T09:43:17.7012484Z The following NEW packages will be installed:
2025-05-07T09:43:17.7018288Z   build-essential libltdl-dev
2025-05-07T09:43:17.7181686Z 0 upgraded, 2 newly installed, 0 to remove and 52 not upgraded.
2025-05-07T09:43:17.7182251Z Need to get 173 kB of archives.
2025-05-07T09:43:17.7183827Z After this operation, 980 kB of additional disk space will be used.
2025-05-07T09:43:17.7184459Z Get:1 file:/etc/apt/apt-mirrors.txt Mirrorlist [144 B]
2025-05-07T09:43:33.9616707Z Get:2 http://azure.archive.ubuntu.com/ubuntu noble/main amd64 build-essential amd64 12.10ubuntu1 [4928 B]
2025-05-07T09:43:34.0446648Z Get:3 http://azure.archive.ubuntu.com/ubuntu noble/main amd64 libltdl-dev amd64 2.4.7-7build1 [168 kB]
2025-05-07T09:43:34.5933743Z Fetched 173 kB in 17s (10.4 kB/s)
2025-05-07T09:43:34.6129393Z Selecting previously unselected package build-essential.
2025-05-07T09:43:34.6183628Z (Reading database ... 
2025-05-07T09:43:34.6184164Z (Reading database ... 5%
2025-05-07T09:43:34.6184696Z (Reading database ... 10%
2025-05-07T09:43:34.6185247Z (Reading database ... 15%
2025-05-07T09:43:34.6185764Z (Reading database ... 20%
2025-05-07T09:43:34.6186256Z (Reading database ... 25%
2025-05-07T09:43:34.6186761Z (Reading database ... 30%
2025-05-07T09:43:34.6187077Z (Reading database ... 35%
2025-05-07T09:43:34.6187379Z (Reading database ... 40%
2025-05-07T09:43:34.6187688Z (Reading database ... 45%
2025-05-07T09:43:34.6188003Z (Reading database ... 50%
2025-05-07T09:43:34.6203611Z (Reading database ... 55%
2025-05-07T09:43:34.6303291Z (Reading database ... 60%
2025-05-07T09:43:34.6333723Z (Reading database ... 65%
2025-05-07T09:43:34.6352850Z (Reading database ... 70%
2025-05-07T09:43:34.6372126Z (Reading database ... 75%
2025-05-07T09:43:34.6415145Z (Reading database ... 80%
2025-05-07T09:43:34.6621191Z (Reading database ... 85%
2025-05-07T09:43:34.6882997Z (Reading database ... 90%
2025-05-07T09:43:34.6957393Z (Reading database ... 95%
2025-05-07T09:43:34.6957848Z (Reading database ... 100%
2025-05-07T09:43:34.6958518Z (Reading database ... 225756 files and directories currently installed.)
2025-05-07T09:43:34.6999112Z Preparing to unpack .../build-essential_12.10ubuntu1_amd64.deb ...
2025-05-07T09:43:34.7008942Z Unpacking build-essential (12.10ubuntu1) ...
2025-05-07T09:43:34.7224551Z Selecting previously unselected package libltdl-dev:amd64.
2025-05-07T09:43:34.7369413Z Preparing to unpack .../libltdl-dev_2.4.7-7build1_amd64.deb ...
2025-05-07T09:43:34.7380330Z Unpacking libltdl-dev:amd64 (2.4.7-7build1) ...
2025-05-07T09:43:34.7870033Z Setting up libltdl-dev:amd64 (2.4.7-7build1) ...
2025-05-07T09:43:34.7892226Z Setting up build-essential (12.10ubuntu1) ...
2025-05-07T09:43:35.3446811Z 
2025-05-07T09:43:35.3447381Z Running kernel seems to be up-to-date.
2025-05-07T09:43:35.3447702Z 
2025-05-07T09:43:35.3447836Z No services need to be restarted.
2025-05-07T09:43:35.3448080Z 
2025-05-07T09:43:35.3448212Z No containers need to be restarted.
2025-05-07T09:43:35.3448446Z 
2025-05-07T09:43:35.3448873Z No user sessions are running outdated binaries.
2025-05-07T09:43:35.3449512Z 
2025-05-07T09:43:35.3449789Z No VM guests are running outdated hypervisor (qemu) binaries on this host.
2025-05-07T09:43:36.1835550Z Reading package lists...
2025-05-07T09:43:36.3256537Z Building dependency tree...
2025-05-07T09:43:36.3263776Z Reading state information...
2025-05-07T09:43:36.4648087Z The following additional packages will be installed:
2025-05-07T09:43:36.4651354Z   libnspr4-dev
2025-05-07T09:43:36.4791353Z The following NEW packages will be installed:
2025-05-07T09:43:36.4795771Z   libnspr4-dev libnss3-dev libnss3-tools
2025-05-07T09:43:36.4958975Z 0 upgraded, 3 newly installed, 0 to remove and 52 not upgraded.
2025-05-07T09:43:36.4959438Z Need to get 1088 kB of archives.
2025-05-07T09:43:36.4959977Z After this operation, 4860 kB of additional disk space will be used.
2025-05-07T09:43:36.4960608Z Get:1 file:/etc/apt/apt-mirrors.txt Mirrorlist [144 B]
2025-05-07T09:43:36.6753054Z Get:2 http://azure.archive.ubuntu.com/ubuntu noble/main amd64 libnspr4-dev amd64 2:4.35-1.1build1 [219 kB]
2025-05-07T09:43:36.7611710Z Get:3 http://azure.archive.ubuntu.com/ubuntu noble/main amd64 libnss3-dev amd64 2:3.98-1build1 [253 kB]
2025-05-07T09:43:36.8501727Z Get:4 http://azure.archive.ubuntu.com/ubuntu noble/main amd64 libnss3-tools amd64 2:3.98-1build1 [615 kB]
2025-05-07T09:43:37.1060352Z Fetched 1088 kB in 0s (2915 kB/s)
2025-05-07T09:43:37.1243513Z Selecting previously unselected package libnspr4-dev.
2025-05-07T09:43:37.1297697Z (Reading database ... 
2025-05-07T09:43:37.1298367Z (Reading database ... 5%
2025-05-07T09:43:37.1299576Z (Reading database ... 10%
2025-05-07T09:43:37.1299966Z (Reading database ... 15%
2025-05-07T09:43:37.1300305Z (Reading database ... 20%
2025-05-07T09:43:37.1300640Z (Reading database ... 25%
2025-05-07T09:43:37.1300969Z (Reading database ... 30%
2025-05-07T09:43:37.1301303Z (Reading database ... 35%
2025-05-07T09:43:37.1301625Z (Reading database ... 40%
2025-05-07T09:43:37.1301957Z (Reading database ... 45%
2025-05-07T09:43:37.1302283Z (Reading database ... 50%
2025-05-07T09:43:37.1318050Z (Reading database ... 55%
2025-05-07T09:43:37.1418542Z (Reading database ... 60%
2025-05-07T09:43:37.1449403Z (Reading database ... 65%
2025-05-07T09:43:37.1469724Z (Reading database ... 70%
2025-05-07T09:43:37.1495082Z (Reading database ... 75%
2025-05-07T09:43:37.1534199Z (Reading database ... 80%
2025-05-07T09:43:37.1697194Z (Reading database ... 85%
2025-05-07T09:43:37.1953352Z (Reading database ... 90%
2025-05-07T09:43:37.2028221Z (Reading database ... 95%
2025-05-07T09:43:37.2029097Z (Reading database ... 100%
2025-05-07T09:43:37.2030167Z (Reading database ... 225812 files and directories currently installed.)
2025-05-07T09:43:37.2075872Z Preparing to unpack .../libnspr4-dev_2%3a4.35-1.1build1_amd64.deb ...
2025-05-07T09:43:37.2086143Z Unpacking libnspr4-dev (2:4.35-1.1build1) ...
2025-05-07T09:43:37.2466687Z Selecting previously unselected package libnss3-dev:amd64.
2025-05-07T09:43:37.2600488Z Preparing to unpack .../libnss3-dev_2%3a3.98-1build1_amd64.deb ...
2025-05-07T09:43:37.2609415Z Unpacking libnss3-dev:amd64 (2:3.98-1build1) ...
2025-05-07T09:43:37.3020203Z Selecting previously unselected package libnss3-tools.
2025-05-07T09:43:37.3163138Z Preparing to unpack .../libnss3-tools_2%3a3.98-1build1_amd64.deb ...
2025-05-07T09:43:37.3172890Z Unpacking libnss3-tools (2:3.98-1build1) ...
2025-05-07T09:43:37.3766205Z Setting up libnspr4-dev (2:4.35-1.1build1) ...
2025-05-07T09:43:37.3791473Z Setting up libnss3-dev:amd64 (2:3.98-1build1) ...
2025-05-07T09:43:37.3815306Z Setting up libnss3-tools (2:3.98-1build1) ...
2025-05-07T09:43:37.3840288Z Processing triggers for man-db (2.12.0-4build2) ...
2025-05-07T09:43:41.9961244Z 
2025-05-07T09:43:41.9961844Z Running kernel seems to be up-to-date.
2025-05-07T09:43:41.9962268Z 
2025-05-07T09:43:41.9962446Z No services need to be restarted.
2025-05-07T09:43:41.9962756Z 
2025-05-07T09:43:41.9962967Z No containers need to be restarted.
2025-05-07T09:43:41.9963322Z 
2025-05-07T09:43:41.9963517Z No user sessions are running outdated binaries.
2025-05-07T09:43:41.9964254Z 
2025-05-07T09:43:41.9964665Z No VM guests are running outdated hypervisor (qemu) binaries on this host.
2025-05-07T09:43:42.8273052Z ##[group]Run echo 'Initial trigger to start a new workflow'
2025-05-07T09:43:42.8273568Z [36;1mecho 'Initial trigger to start a new workflow'[0m
2025-05-07T09:43:42.8306480Z shell: /usr/bin/bash -e {0}
2025-05-07T09:43:42.8306927Z env:
2025-05-07T09:43:42.8307268Z   JAVA_HOME: /opt/hostedtoolcache/Java_Temurin-Hotspot_jdk/17.0.15-6/x64
2025-05-07T09:43:42.8307857Z   JAVA_HOME_17_X64: /opt/hostedtoolcache/Java_Temurin-Hotspot_jdk/17.0.15-6/x64
2025-05-07T09:43:42.8308387Z   pythonLocation: /opt/hostedtoolcache/Python/3.10.17/x64
2025-05-07T09:43:42.8309067Z   PKG_CONFIG_PATH: /opt/hostedtoolcache/Python/3.10.17/x64/lib/pkgconfig
2025-05-07T09:43:42.8309582Z   Python_ROOT_DIR: /opt/hostedtoolcache/Python/3.10.17/x64
2025-05-07T09:43:42.8310021Z   Python2_ROOT_DIR: /opt/hostedtoolcache/Python/3.10.17/x64
2025-05-07T09:43:42.8310459Z   Python3_ROOT_DIR: /opt/hostedtoolcache/Python/3.10.17/x64
2025-05-07T09:43:42.8310931Z   LD_LIBRARY_PATH: /opt/hostedtoolcache/Python/3.10.17/x64/lib
2025-05-07T09:43:42.8311292Z ##[endgroup]
2025-05-07T09:43:42.8362360Z Initial trigger to start a new workflow
2025-05-07T09:43:42.8419485Z Post job cleanup.
2025-05-07T09:43:43.0038554Z Post job cleanup.
2025-05-07T09:43:43.1790382Z Post job cleanup.
2025-05-07T09:43:43.2711181Z [command]/usr/bin/git version
2025-05-07T09:43:43.2749803Z git version 2.49.0
2025-05-07T09:43:43.2793170Z Temporarily overriding HOME='/home/runner/work/_temp/80554f98-829a-4e7a-b20b-11e87d5609ce' before making global git config changes
2025-05-07T09:43:43.2794425Z Adding repository directory to the temporary git global config as a safe directory
2025-05-07T09:43:43.2799759Z [command]/usr/bin/git config --global --add safe.directory /home/runner/work/weatherapp/weatherapp
2025-05-07T09:43:43.2838217Z [command]/usr/bin/git config --local --name-only --get-regexp core\.sshCommand
2025-05-07T09:43:43.2872845Z [command]/usr/bin/git submodule foreach --recursive sh -c "git config --local --name-only --get-regexp 'core\.sshCommand' && git config --local --unset-all 'core.sshCommand' || :"
2025-05-07T09:43:43.3114063Z [command]/usr/bin/git config --local --name-only --get-regexp http\.https\:\/\/github\.com\/\.extraheader
2025-05-07T09:43:43.3135774Z http.https://github.com/.extraheader
2025-05-07T09:43:43.3149475Z [command]/usr/bin/git config --local --unset-all http.https://github.com/.extraheader
2025-05-07T09:43:43.3182506Z [command]/usr/bin/git submodule foreach --recursive sh -c "git config --local --name-only --get-regexp 'http\.https\:\/\/github\.com\/\.extraheader' && git config --local --unset-all 'http.https://github.com/.extraheader' || :"
2025-05-07T09:43:43.3528329Z Cleaning up orphan processes
