√Ø¬ª¬ø2025-05-13T08:00:43.5396910Z Current runner version: '2.323.0'
2025-05-13T08:00:43.5422844Z ##[group]Operating System
2025-05-13T08:00:43.5423706Z Ubuntu
2025-05-13T08:00:43.5424209Z 24.04.2
2025-05-13T08:00:43.5424700Z LTS
2025-05-13T08:00:43.5425288Z ##[endgroup]
2025-05-13T08:00:43.5425862Z ##[group]Runner Image
2025-05-13T08:00:43.5426417Z Image: ubuntu-24.04
2025-05-13T08:00:43.5426991Z Version: 20250504.1.0
2025-05-13T08:00:43.5428029Z Included Software: https://github.com/actions/runner-images/blob/ubuntu24/20250504.1/images/ubuntu/Ubuntu2404-Readme.md
2025-05-13T08:00:43.5429363Z Image Release: https://github.com/actions/runner-images/releases/tag/ubuntu24%2F20250504.1
2025-05-13T08:00:43.5430295Z ##[endgroup]
2025-05-13T08:00:43.5431056Z ##[group]Runner Image Provisioner
2025-05-13T08:00:43.5431704Z 2.0.422.1
2025-05-13T08:00:43.5432548Z ##[endgroup]
2025-05-13T08:00:43.5433563Z ##[group]GITHUB_TOKEN Permissions
2025-05-13T08:00:43.5435645Z Contents: write
2025-05-13T08:00:43.5436226Z Metadata: read
2025-05-13T08:00:43.5436874Z ##[endgroup]
2025-05-13T08:00:43.5439261Z Secret source: Actions
2025-05-13T08:00:43.5440132Z Prepare workflow directory
2025-05-13T08:00:43.5764329Z Prepare all required actions
2025-05-13T08:00:43.5802598Z Getting action download info
2025-05-13T08:00:44.2654163Z ##[group]Download immutable action package 'actions/checkout@v4'
2025-05-13T08:00:44.2655296Z Version: 4.2.2
2025-05-13T08:00:44.2656349Z Digest: sha256:ccb2698953eaebd21c7bf6268a94f9c26518a7e38e27e0b83c1fe1ad049819b1
2025-05-13T08:00:44.2657590Z Source commit SHA: 11bd71901bbe5b1630ceea73d27597364c9af683
2025-05-13T08:00:44.2658413Z ##[endgroup]
2025-05-13T08:00:44.3761448Z ##[group]Download immutable action package 'actions/setup-java@v3'
2025-05-13T08:00:44.3762397Z Version: 3.14.1
2025-05-13T08:00:44.3763233Z Digest: sha256:0f5994bd85f236d7525048fec5b0b7b3ec7474ec50184c8f78a320717cfb3d51
2025-05-13T08:00:44.3764192Z Source commit SHA: 17f84c3641ba7b8f6deff6309fc4c864478f5d62
2025-05-13T08:00:44.3765009Z ##[endgroup]
2025-05-13T08:00:44.7192646Z ##[group]Download immutable action package 'actions/setup-python@v5'
2025-05-13T08:00:44.7193427Z Version: 5.6.0
2025-05-13T08:00:44.7194104Z Digest: sha256:0b35a0c11c97499e4e0576589036d450b9f5f9da74b7774225b3614b57324404
2025-05-13T08:00:44.7195034Z Source commit SHA: a26af69be951a213d495a4c3e4e4022e16d87065
2025-05-13T08:00:44.7195678Z ##[endgroup]
2025-05-13T08:00:45.2335050Z Download action repository 'android-actions/setup-android@v3' (SHA:9fc6c4e9069bf8d3d10b2204b1fb8f6ef7065407)
2025-05-13T08:00:45.6456270Z ##[group]Download immutable action package 'actions/upload-artifact@v4'
2025-05-13T08:00:45.6458087Z Version: 4.6.2
2025-05-13T08:00:45.6459758Z Digest: sha256:290722aa3281d5caf23d0acdc3dbeb3424786a1a01a9cc97e72f147225e37c38
2025-05-13T08:00:45.6462236Z Source commit SHA: ea165f8d65b6e75b540449e92b4886f43607fa02
2025-05-13T08:00:45.6463779Z ##[endgroup]
2025-05-13T08:00:45.8707349Z Complete job name: build
2025-05-13T08:00:45.9601531Z ##[group]Run actions/checkout@v4
2025-05-13T08:00:45.9603449Z with:
2025-05-13T08:00:45.9604673Z   repository: shelley021/weatherapp
2025-05-13T08:00:45.9606594Z   token: ***
2025-05-13T08:00:45.9607816Z   ssh-strict: true
2025-05-13T08:00:45.9609043Z   ssh-user: git
2025-05-13T08:00:45.9610353Z   persist-credentials: true
2025-05-13T08:00:45.9611626Z   clean: true
2025-05-13T08:00:45.9612431Z   sparse-checkout-cone-mode: true
2025-05-13T08:00:45.9614051Z   fetch-depth: 1
2025-05-13T08:00:45.9614823Z   fetch-tags: false
2025-05-13T08:00:45.9615604Z   show-progress: true
2025-05-13T08:00:45.9616399Z   lfs: false
2025-05-13T08:00:45.9617108Z   submodules: false
2025-05-13T08:00:45.9617905Z   set-safe-directory: true
2025-05-13T08:00:45.9619145Z ##[endgroup]
2025-05-13T08:00:46.1924754Z Syncing repository: shelley021/weatherapp
2025-05-13T08:00:46.1927316Z ##[group]Getting Git version info
2025-05-13T08:00:46.1928619Z Working directory is '/home/runner/work/weatherapp/weatherapp'
2025-05-13T08:00:46.1930575Z [command]/usr/bin/git version
2025-05-13T08:00:46.2004094Z git version 2.49.0
2025-05-13T08:00:46.2034613Z ##[endgroup]
2025-05-13T08:00:46.2048855Z Temporarily overriding HOME='/home/runner/work/_temp/78af4fd5-5e8b-4e16-92a6-292e8eafe622' before making global git config changes
2025-05-13T08:00:46.2052222Z Adding repository directory to the temporary git global config as a safe directory
2025-05-13T08:00:46.2060581Z [command]/usr/bin/git config --global --add safe.directory /home/runner/work/weatherapp/weatherapp
2025-05-13T08:00:46.2096549Z Deleting the contents of '/home/runner/work/weatherapp/weatherapp'
2025-05-13T08:00:46.2100076Z ##[group]Initializing the repository
2025-05-13T08:00:46.2104087Z [command]/usr/bin/git init /home/runner/work/weatherapp/weatherapp
2025-05-13T08:00:46.2174434Z hint: Using 'master' as the name for the initial branch. This default branch name
2025-05-13T08:00:46.2176258Z hint: is subject to change. To configure the initial branch name to use in all
2025-05-13T08:00:46.2177985Z hint: of your new repositories, which will suppress this warning, call:
2025-05-13T08:00:46.2179283Z hint:
2025-05-13T08:00:46.2180168Z hint: 	git config --global init.defaultBranch <name>
2025-05-13T08:00:46.2181508Z hint:
2025-05-13T08:00:46.2182549Z hint: Names commonly chosen instead of 'master' are 'main', 'trunk' and
2025-05-13T08:00:46.2184794Z hint: 'development'. The just-created branch can be renamed via this command:
2025-05-13T08:00:46.2186225Z hint:
2025-05-13T08:00:46.2186932Z hint: 	git branch -m <name>
2025-05-13T08:00:46.2188324Z Initialized empty Git repository in /home/runner/work/weatherapp/weatherapp/.git/
2025-05-13T08:00:46.2195757Z [command]/usr/bin/git remote add origin https://github.com/shelley021/weatherapp
2025-05-13T08:00:46.2229775Z ##[endgroup]
2025-05-13T08:00:46.2231310Z ##[group]Disabling automatic garbage collection
2025-05-13T08:00:46.2233070Z [command]/usr/bin/git config --local gc.auto 0
2025-05-13T08:00:46.2261335Z ##[endgroup]
2025-05-13T08:00:46.2262622Z ##[group]Setting up auth
2025-05-13T08:00:46.2267957Z [command]/usr/bin/git config --local --name-only --get-regexp core\.sshCommand
2025-05-13T08:00:46.2298036Z [command]/usr/bin/git submodule foreach --recursive sh -c "git config --local --name-only --get-regexp 'core\.sshCommand' && git config --local --unset-all 'core.sshCommand' || :"
2025-05-13T08:00:46.2638355Z [command]/usr/bin/git config --local --name-only --get-regexp http\.https\:\/\/github\.com\/\.extraheader
2025-05-13T08:00:46.2675186Z [command]/usr/bin/git submodule foreach --recursive sh -c "git config --local --name-only --get-regexp 'http\.https\:\/\/github\.com\/\.extraheader' && git config --local --unset-all 'http.https://github.com/.extraheader' || :"
2025-05-13T08:00:46.2906797Z [command]/usr/bin/git config --local http.https://github.com/.extraheader AUTHORIZATION: basic ***
2025-05-13T08:00:46.2943245Z ##[endgroup]
2025-05-13T08:00:46.2944616Z ##[group]Fetching the repository
2025-05-13T08:00:46.2953130Z [command]/usr/bin/git -c protocol.version=2 fetch --no-tags --prune --no-recurse-submodules --depth=1 origin +6cfd1e055726a9012dee85d4f7cfde557ec7cce3:refs/remotes/origin/main
2025-05-13T08:00:46.9855122Z From https://github.com/shelley021/weatherapp
2025-05-13T08:00:46.9857120Z  * [new ref]         6cfd1e055726a9012dee85d4f7cfde557ec7cce3 -> origin/main
2025-05-13T08:00:46.9887296Z ##[endgroup]
2025-05-13T08:00:46.9888880Z ##[group]Determining the checkout info
2025-05-13T08:00:46.9891426Z ##[endgroup]
2025-05-13T08:00:46.9895613Z [command]/usr/bin/git sparse-checkout disable
2025-05-13T08:00:46.9936836Z [command]/usr/bin/git config --local --unset-all extensions.worktreeConfig
2025-05-13T08:00:46.9963259Z ##[group]Checking out the ref
2025-05-13T08:00:46.9966428Z [command]/usr/bin/git checkout --progress --force -B main refs/remotes/origin/main
2025-05-13T08:00:47.0089249Z Switched to a new branch 'main'
2025-05-13T08:00:47.0091745Z branch 'main' set up to track 'origin/main'.
2025-05-13T08:00:47.0098348Z ##[endgroup]
2025-05-13T08:00:47.0131487Z [command]/usr/bin/git log -1 --format=%H
2025-05-13T08:00:47.0153456Z 6cfd1e055726a9012dee85d4f7cfde557ec7cce3
2025-05-13T08:00:47.0457490Z ##[group]Run actions/setup-java@v3
2025-05-13T08:00:47.0458436Z with:
2025-05-13T08:00:47.0459122Z   distribution: temurin
2025-05-13T08:00:47.0459913Z   java-version: 17
2025-05-13T08:00:47.0460799Z   java-package: jdk
2025-05-13T08:00:47.0461556Z   check-latest: false
2025-05-13T08:00:47.0462331Z   server-id: github
2025-05-13T08:00:47.0463115Z   server-username: GITHUB_ACTOR
2025-05-13T08:00:47.0464025Z   server-password: GITHUB_TOKEN
2025-05-13T08:00:47.0464933Z   overwrite-settings: true
2025-05-13T08:00:47.0465768Z   job-status: success
2025-05-13T08:00:47.0466771Z   token: ***
2025-05-13T08:00:47.0467468Z ##[endgroup]
2025-05-13T08:00:47.2400419Z ##[group]Installed distributions
2025-05-13T08:00:47.2443435Z Resolved Java 17.0.15+6 from tool-cache
2025-05-13T08:00:47.2445216Z Setting Java 17.0.15+6 as the default
2025-05-13T08:00:47.2457878Z Creating toolchains.xml for JDK version 17 from temurin
2025-05-13T08:00:47.2539035Z Writing to /home/runner/.m2/toolchains.xml
2025-05-13T08:00:47.2540456Z 
2025-05-13T08:00:47.2541194Z Java configuration:
2025-05-13T08:00:47.2542547Z   Distribution: temurin
2025-05-13T08:00:47.2543946Z   Version: 17.0.15+6
2025-05-13T08:00:47.2545883Z   Path: /opt/hostedtoolcache/Java_Temurin-Hotspot_jdk/17.0.15-6/x64
2025-05-13T08:00:47.2547558Z 
2025-05-13T08:00:47.2548929Z ##[endgroup]
2025-05-13T08:00:47.2566312Z Creating settings.xml with server-id: github
2025-05-13T08:00:47.2575514Z Writing to /home/runner/.m2/settings.xml
2025-05-13T08:00:47.2752250Z ##[group]Run actions/setup-python@v5
2025-05-13T08:00:47.2753219Z with:
2025-05-13T08:00:47.2753909Z   python-version: 3.10
2025-05-13T08:00:47.2754698Z   check-latest: false
2025-05-13T08:00:47.2755736Z   token: ***
2025-05-13T08:00:47.2756465Z   update-environment: true
2025-05-13T08:00:47.2757384Z   allow-prereleases: false
2025-05-13T08:00:47.2758229Z   freethreaded: false
2025-05-13T08:00:47.2758977Z env:
2025-05-13T08:00:47.2759992Z   JAVA_HOME: /opt/hostedtoolcache/Java_Temurin-Hotspot_jdk/17.0.15-6/x64
2025-05-13T08:00:47.2761888Z   JAVA_HOME_17_X64: /opt/hostedtoolcache/Java_Temurin-Hotspot_jdk/17.0.15-6/x64
2025-05-13T08:00:47.2763197Z ##[endgroup]
2025-05-13T08:00:47.4424073Z ##[group]Installed versions
2025-05-13T08:00:47.4487940Z Successfully set up CPython (3.10.17)
2025-05-13T08:00:47.4490464Z ##[endgroup]
2025-05-13T08:00:47.4619962Z ##[group]Run Ubuntu_version=$(lsb_release -rs)
2025-05-13T08:00:47.4621457Z [36;1mUbuntu_version=$(lsb_release -rs)[0m
2025-05-13T08:00:47.4622759Z [36;1mif [[ "$Ubuntu_version" == "22.04" || "$Ubuntu_version" == "24.04" ]]; then[0m
2025-05-13T08:00:47.4624064Z [36;1m  sudo apt-get update -y[0m
2025-05-13T08:00:47.4625055Z [36;1m  sudo apt-get install -y libtinfo6[0m
2025-05-13T08:00:47.4626019Z [36;1melse[0m
2025-05-13T08:00:47.4626768Z [36;1m  sudo apt-get update -y[0m
2025-05-13T08:00:47.4627737Z [36;1m  sudo apt-get install -y libtinfo5[0m
2025-05-13T08:00:47.4628698Z [36;1mfi[0m
2025-05-13T08:00:47.4660109Z shell: /usr/bin/bash -e {0}
2025-05-13T08:00:47.4661164Z env:
2025-05-13T08:00:47.4662190Z   JAVA_HOME: /opt/hostedtoolcache/Java_Temurin-Hotspot_jdk/17.0.15-6/x64
2025-05-13T08:00:47.4663835Z   JAVA_HOME_17_X64: /opt/hostedtoolcache/Java_Temurin-Hotspot_jdk/17.0.15-6/x64
2025-05-13T08:00:47.4665389Z   pythonLocation: /opt/hostedtoolcache/Python/3.10.17/x64
2025-05-13T08:00:47.4666820Z   PKG_CONFIG_PATH: /opt/hostedtoolcache/Python/3.10.17/x64/lib/pkgconfig
2025-05-13T08:00:47.4668248Z   Python_ROOT_DIR: /opt/hostedtoolcache/Python/3.10.17/x64
2025-05-13T08:00:47.4669540Z   Python2_ROOT_DIR: /opt/hostedtoolcache/Python/3.10.17/x64
2025-05-13T08:00:47.4670955Z   Python3_ROOT_DIR: /opt/hostedtoolcache/Python/3.10.17/x64
2025-05-13T08:00:47.4672275Z   LD_LIBRARY_PATH: /opt/hostedtoolcache/Python/3.10.17/x64/lib
2025-05-13T08:00:47.4673388Z ##[endgroup]
2025-05-13T08:00:47.5506885Z Get:1 file:/etc/apt/apt-mirrors.txt Mirrorlist [144 B]
2025-05-13T08:00:47.5845450Z Hit:2 http://azure.archive.ubuntu.com/ubuntu noble InRelease
2025-05-13T08:00:47.5867290Z Get:3 http://azure.archive.ubuntu.com/ubuntu noble-updates InRelease [126 kB]
2025-05-13T08:00:47.5907779Z Get:4 http://azure.archive.ubuntu.com/ubuntu noble-backports InRelease [126 kB]
2025-05-13T08:00:47.5915553Z Hit:6 https://packages.microsoft.com/repos/azure-cli noble InRelease
2025-05-13T08:00:47.5949867Z Get:5 http://azure.archive.ubuntu.com/ubuntu noble-security InRelease [126 kB]
2025-05-13T08:00:47.5972461Z Get:7 https://packages.microsoft.com/ubuntu/24.04/prod noble InRelease [3600 B]
2025-05-13T08:00:47.7178592Z Get:8 http://azure.archive.ubuntu.com/ubuntu noble-updates/main amd64 Packages [1067 kB]
2025-05-13T08:00:47.7306038Z Get:9 http://azure.archive.ubuntu.com/ubuntu noble-updates/main Translation-en [229 kB]
2025-05-13T08:00:47.7326148Z Get:10 http://azure.archive.ubuntu.com/ubuntu noble-updates/main amd64 Components [161 kB]
2025-05-13T08:00:47.7348227Z Get:11 http://azure.archive.ubuntu.com/ubuntu noble-updates/universe amd64 Packages [1062 kB]
2025-05-13T08:00:47.7459427Z Get:12 http://azure.archive.ubuntu.com/ubuntu noble-updates/universe Translation-en [269 kB]
2025-05-13T08:00:47.7491244Z Get:13 http://azure.archive.ubuntu.com/ubuntu noble-updates/universe amd64 Components [376 kB]
2025-05-13T08:00:47.7516272Z Get:14 http://azure.archive.ubuntu.com/ubuntu noble-updates/restricted amd64 Components [212 B]
2025-05-13T08:00:47.7528561Z Get:15 http://azure.archive.ubuntu.com/ubuntu noble-updates/multiverse amd64 Packages [21.7 kB]
2025-05-13T08:00:47.7538244Z Get:16 http://azure.archive.ubuntu.com/ubuntu noble-updates/multiverse amd64 Components [940 B]
2025-05-13T08:00:47.8149848Z Get:17 http://azure.archive.ubuntu.com/ubuntu noble-backports/main amd64 Components [7060 B]
2025-05-13T08:00:47.8640626Z Get:18 http://azure.archive.ubuntu.com/ubuntu noble-backports/universe amd64 Components [16.4 kB]
2025-05-13T08:00:47.8643384Z Get:19 http://azure.archive.ubuntu.com/ubuntu noble-backports/restricted amd64 Components [212 B]
2025-05-13T08:00:47.8645219Z Get:20 http://azure.archive.ubuntu.com/ubuntu noble-backports/multiverse amd64 Components [212 B]
2025-05-13T08:00:47.8658279Z Get:21 http://azure.archive.ubuntu.com/ubuntu noble-security/main amd64 Packages [821 kB]
2025-05-13T08:00:47.8722808Z Get:22 http://azure.archive.ubuntu.com/ubuntu noble-security/main Translation-en [152 kB]
2025-05-13T08:00:47.8741328Z Get:23 http://azure.archive.ubuntu.com/ubuntu noble-security/main amd64 Components [21.5 kB]
2025-05-13T08:00:47.8752699Z Get:24 http://azure.archive.ubuntu.com/ubuntu noble-security/universe amd64 Packages [837 kB]
2025-05-13T08:00:47.8803553Z Get:25 http://azure.archive.ubuntu.com/ubuntu noble-security/universe Translation-en [182 kB]
2025-05-13T08:00:47.8826664Z Get:26 http://azure.archive.ubuntu.com/ubuntu noble-security/universe amd64 Components [52.2 kB]
2025-05-13T08:00:47.8835887Z Get:27 http://azure.archive.ubuntu.com/ubuntu noble-security/restricted amd64 Components [212 B]
2025-05-13T08:00:47.8845497Z Get:28 http://azure.archive.ubuntu.com/ubuntu noble-security/multiverse amd64 Packages [17.7 kB]
2025-05-13T08:00:47.8856684Z Get:29 http://azure.archive.ubuntu.com/ubuntu noble-security/multiverse amd64 Components [208 B]
2025-05-13T08:00:47.9194177Z Get:30 https://packages.microsoft.com/ubuntu/24.04/prod noble/main amd64 Packages [31.6 kB]
2025-05-13T08:00:47.9354500Z Get:31 https://packages.microsoft.com/ubuntu/24.04/prod noble/main arm64 Packages [19.9 kB]
2025-05-13T08:00:47.9405911Z Get:32 https://packages.microsoft.com/ubuntu/24.04/prod noble/main armhf Packages [8239 B]
2025-05-13T08:00:52.8627100Z Fetched 5737 kB in 1s (7433 kB/s)
2025-05-13T08:00:53.4877332Z Reading package lists...
2025-05-13T08:00:53.5203954Z Reading package lists...
2025-05-13T08:00:53.6707124Z Building dependency tree...
2025-05-13T08:00:53.6715072Z Reading state information...
2025-05-13T08:00:53.8459123Z libtinfo6 is already the newest version (6.4+20240113-1ubuntu2).
2025-05-13T08:00:53.8459838Z libtinfo6 set to manually installed.
2025-05-13T08:00:53.8460983Z 0 upgraded, 0 newly installed, 0 to remove and 20 not upgraded.
2025-05-13T08:00:53.8512388Z ##[group]Run sudo apt-get update -y
2025-05-13T08:00:53.8512721Z [36;1msudo apt-get update -y[0m
2025-05-13T08:00:53.8513096Z [36;1msudo apt-get install -y git zip unzip python3-pip autoconf libtool pkg-config[0m
2025-05-13T08:00:53.8513585Z [36;1msudo apt-get install -y zlib1g-dev libncurses5-dev libncursesw5-dev[0m
2025-05-13T08:00:53.8513985Z [36;1msudo apt-get install -y cmake libffi-dev libssl-dev[0m
2025-05-13T08:00:53.8514398Z [36;1msudo apt-get install -y libltdl-dev build-essential python3-dev python3-venv[0m
2025-05-13T08:00:53.8514811Z [36;1msudo apt-get install -y libnss3-dev libnss3-tools[0m
2025-05-13T08:00:53.8541164Z shell: /usr/bin/bash -e {0}
2025-05-13T08:00:53.8541387Z env:
2025-05-13T08:00:53.8541661Z   JAVA_HOME: /opt/hostedtoolcache/Java_Temurin-Hotspot_jdk/17.0.15-6/x64
2025-05-13T08:00:53.8542122Z   JAVA_HOME_17_X64: /opt/hostedtoolcache/Java_Temurin-Hotspot_jdk/17.0.15-6/x64
2025-05-13T08:00:53.8542570Z   pythonLocation: /opt/hostedtoolcache/Python/3.10.17/x64
2025-05-13T08:00:53.8542943Z   PKG_CONFIG_PATH: /opt/hostedtoolcache/Python/3.10.17/x64/lib/pkgconfig
2025-05-13T08:00:53.8543315Z   Python_ROOT_DIR: /opt/hostedtoolcache/Python/3.10.17/x64
2025-05-13T08:00:53.8543658Z   Python2_ROOT_DIR: /opt/hostedtoolcache/Python/3.10.17/x64
2025-05-13T08:00:53.8543994Z   Python3_ROOT_DIR: /opt/hostedtoolcache/Python/3.10.17/x64
2025-05-13T08:00:53.8544324Z   LD_LIBRARY_PATH: /opt/hostedtoolcache/Python/3.10.17/x64/lib
2025-05-13T08:00:53.8544607Z ##[endgroup]
2025-05-13T08:00:53.9248981Z Get:1 file:/etc/apt/apt-mirrors.txt Mirrorlist [144 B]
2025-05-13T08:00:53.9704218Z Hit:6 https://packages.microsoft.com/repos/azure-cli noble InRelease
2025-05-13T08:00:53.9707829Z Hit:2 http://azure.archive.ubuntu.com/ubuntu noble InRelease
2025-05-13T08:00:53.9715757Z Hit:7 https://packages.microsoft.com/ubuntu/24.04/prod noble InRelease
2025-05-13T08:00:53.9727971Z Hit:3 http://azure.archive.ubuntu.com/ubuntu noble-updates InRelease
2025-05-13T08:00:53.9735668Z Hit:4 http://azure.archive.ubuntu.com/ubuntu noble-backports InRelease
2025-05-13T08:00:53.9742698Z Hit:5 http://azure.archive.ubuntu.com/ubuntu noble-security InRelease
2025-05-13T08:00:55.0633357Z Reading package lists...
2025-05-13T08:00:55.0956031Z Reading package lists...
2025-05-13T08:00:55.2587425Z Building dependency tree...
2025-05-13T08:00:55.2594704Z Reading state information...
2025-05-13T08:00:55.4353633Z git is already the newest version (1:2.49.0-0ubuntu1~ubuntu24.04.1).
2025-05-13T08:00:55.4354178Z git set to manually installed.
2025-05-13T08:00:55.4354626Z zip is already the newest version (3.0-13ubuntu0.2).
2025-05-13T08:00:55.4355147Z unzip is already the newest version (6.0-28ubuntu4.1).
2025-05-13T08:00:55.4355749Z python3-pip is already the newest version (24.0+dfsg-1ubuntu1.1).
2025-05-13T08:00:55.4356316Z autoconf is already the newest version (2.71-3).
2025-05-13T08:00:55.4356863Z libtool is already the newest version (2.4.7-7build1).
2025-05-13T08:00:55.4357511Z pkg-config is already the newest version (1.8.1-2build1).
2025-05-13T08:00:55.4358682Z 0 upgraded, 0 newly installed, 0 to remove and 20 not upgraded.
2025-05-13T08:00:55.4601875Z Reading package lists...
2025-05-13T08:00:55.6050262Z Building dependency tree...
2025-05-13T08:00:55.6060893Z Reading state information...
2025-05-13T08:00:55.7817080Z zlib1g-dev is already the newest version (1:1.3.dfsg-3.1ubuntu2.1).
2025-05-13T08:00:55.7817778Z libncurses-dev is already the newest version (6.4+20240113-1ubuntu2).
2025-05-13T08:00:55.7818301Z libncurses-dev set to manually installed.
2025-05-13T08:00:55.7818730Z 0 upgraded, 0 newly installed, 0 to remove and 20 not upgraded.
2025-05-13T08:00:55.8049343Z Reading package lists...
2025-05-13T08:00:55.9497562Z Building dependency tree...
2025-05-13T08:00:55.9505235Z Reading state information...
2025-05-13T08:00:56.0934231Z libffi-dev is already the newest version (3.4.6-1build1).
2025-05-13T08:00:56.0934725Z libffi-dev set to manually installed.
2025-05-13T08:00:56.0935902Z libssl-dev is already the newest version (3.0.13-0ubuntu3.5).
2025-05-13T08:00:56.0936427Z The following additional packages will be installed:
2025-05-13T08:00:56.0941286Z   cmake-data libjsoncpp25 librhash0
2025-05-13T08:00:56.0946167Z Suggested packages:
2025-05-13T08:00:56.0946735Z   cmake-doc cmake-format elpa-cmake-mode ninja-build
2025-05-13T08:00:56.1092331Z The following NEW packages will be installed:
2025-05-13T08:00:56.1099284Z   cmake cmake-data libjsoncpp25 librhash0
2025-05-13T08:00:56.1271242Z 0 upgraded, 4 newly installed, 0 to remove and 20 not upgraded.
2025-05-13T08:00:56.1271808Z Need to get 13.6 MB of archives.
2025-05-13T08:00:56.1272185Z After this operation, 49.1 MB of additional disk space will be used.
2025-05-13T08:00:56.1272575Z Get:1 file:/etc/apt/apt-mirrors.txt Mirrorlist [144 B]
2025-05-13T08:00:56.2248240Z Get:2 http://azure.archive.ubuntu.com/ubuntu noble/main amd64 libjsoncpp25 amd64 1.9.5-6build1 [82.8 kB]
2025-05-13T08:00:56.3087505Z Get:3 http://azure.archive.ubuntu.com/ubuntu noble/main amd64 librhash0 amd64 1.4.3-3build1 [129 kB]
2025-05-13T08:00:56.3925502Z Get:4 http://azure.archive.ubuntu.com/ubuntu noble/main amd64 cmake-data all 3.28.3-1build7 [2155 kB]
2025-05-13T08:00:56.7345778Z Get:5 http://azure.archive.ubuntu.com/ubuntu noble/main amd64 cmake amd64 3.28.3-1build7 [11.2 MB]
2025-05-13T08:00:57.4321301Z Fetched 13.6 MB in 1s (12.8 MB/s)
2025-05-13T08:00:57.4565479Z Selecting previously unselected package libjsoncpp25:amd64.
2025-05-13T08:00:57.4804664Z (Reading database ... 
2025-05-13T08:00:57.4805291Z (Reading database ... 5%
2025-05-13T08:00:57.4805771Z (Reading database ... 10%
2025-05-13T08:00:57.4806187Z (Reading database ... 15%
2025-05-13T08:00:57.4806585Z (Reading database ... 20%
2025-05-13T08:00:57.4806972Z (Reading database ... 25%
2025-05-13T08:00:57.4807377Z (Reading database ... 30%
2025-05-13T08:00:57.4807635Z (Reading database ... 35%
2025-05-13T08:00:57.4807883Z (Reading database ... 40%
2025-05-13T08:00:57.4808494Z (Reading database ... 45%
2025-05-13T08:00:57.4809013Z (Reading database ... 50%
2025-05-13T08:00:57.4984125Z (Reading database ... 55%
2025-05-13T08:00:57.5259002Z (Reading database ... 60%
2025-05-13T08:00:57.5514525Z (Reading database ... 65%
2025-05-13T08:00:57.5710808Z (Reading database ... 70%
2025-05-13T08:00:57.5991859Z (Reading database ... 75%
2025-05-13T08:00:57.6362548Z (Reading database ... 80%
2025-05-13T08:00:57.7001898Z (Reading database ... 85%
2025-05-13T08:00:57.7633989Z (Reading database ... 90%
2025-05-13T08:00:57.8134619Z (Reading database ... 95%
2025-05-13T08:00:57.8135034Z (Reading database ... 100%
2025-05-13T08:00:57.8135578Z (Reading database ... 222550 files and directories currently installed.)
2025-05-13T08:00:57.8179956Z Preparing to unpack .../libjsoncpp25_1.9.5-6build1_amd64.deb ...
2025-05-13T08:00:57.8236979Z Unpacking libjsoncpp25:amd64 (1.9.5-6build1) ...
2025-05-13T08:00:57.8521865Z Selecting previously unselected package librhash0:amd64.
2025-05-13T08:00:57.8658394Z Preparing to unpack .../librhash0_1.4.3-3build1_amd64.deb ...
2025-05-13T08:00:57.8674545Z Unpacking librhash0:amd64 (1.4.3-3build1) ...
2025-05-13T08:00:57.8965317Z Selecting previously unselected package cmake-data.
2025-05-13T08:00:57.9109614Z Preparing to unpack .../cmake-data_3.28.3-1build7_all.deb ...
2025-05-13T08:00:57.9186111Z Unpacking cmake-data (3.28.3-1build7) ...
2025-05-13T08:00:58.4941369Z Selecting previously unselected package cmake.
2025-05-13T08:00:58.5094481Z Preparing to unpack .../cmake_3.28.3-1build7_amd64.deb ...
2025-05-13T08:00:58.5106526Z Unpacking cmake (3.28.3-1build7) ...
2025-05-13T08:00:58.7097930Z Setting up libjsoncpp25:amd64 (1.9.5-6build1) ...
2025-05-13T08:00:58.7134692Z Setting up librhash0:amd64 (1.4.3-3build1) ...
2025-05-13T08:00:58.7168231Z Setting up cmake-data (3.28.3-1build7) ...
2025-05-13T08:00:58.7254769Z Setting up cmake (3.28.3-1build7) ...
2025-05-13T08:00:58.7289975Z Processing triggers for man-db (2.12.0-4build2) ...
2025-05-13T08:01:05.5989745Z Processing triggers for libc-bin (2.39-0ubuntu8.4) ...
2025-05-13T08:01:06.4643519Z 
2025-05-13T08:01:06.4644001Z Running kernel seems to be up-to-date.
2025-05-13T08:01:06.4644347Z 
2025-05-13T08:01:06.4644516Z No services need to be restarted.
2025-05-13T08:01:06.4644776Z 
2025-05-13T08:01:06.4644932Z No containers need to be restarted.
2025-05-13T08:01:06.4645191Z 
2025-05-13T08:01:06.4645368Z No user sessions are running outdated binaries.
2025-05-13T08:01:06.4645701Z 
2025-05-13T08:01:06.4645993Z No VM guests are running outdated hypervisor (qemu) binaries on this host.
2025-05-13T08:01:07.2627444Z Reading package lists...
2025-05-13T08:01:07.4039550Z Building dependency tree...
2025-05-13T08:01:07.4046968Z Reading state information...
2025-05-13T08:01:07.5496561Z python3-dev is already the newest version (3.12.3-0ubuntu2).
2025-05-13T08:01:07.5497209Z python3-venv is already the newest version (3.12.3-0ubuntu2).
2025-05-13T08:01:07.5497683Z Suggested packages:
2025-05-13T08:01:07.5498009Z   libtool-doc
2025-05-13T08:01:07.5633693Z The following NEW packages will be installed:
2025-05-13T08:01:07.5639861Z   build-essential libltdl-dev
2025-05-13T08:01:07.5808682Z 0 upgraded, 2 newly installed, 0 to remove and 20 not upgraded.
2025-05-13T08:01:07.5809190Z Need to get 173 kB of archives.
2025-05-13T08:01:07.5809518Z After this operation, 980 kB of additional disk space will be used.
2025-05-13T08:01:07.5809883Z Get:1 file:/etc/apt/apt-mirrors.txt Mirrorlist [144 B]
2025-05-13T08:01:07.6796526Z Get:2 http://azure.archive.ubuntu.com/ubuntu noble/main amd64 build-essential amd64 12.10ubuntu1 [4928 B]
2025-05-13T08:01:07.7623960Z Get:3 http://azure.archive.ubuntu.com/ubuntu noble/main amd64 libltdl-dev amd64 2.4.7-7build1 [168 kB]
2025-05-13T08:01:08.0901981Z Fetched 173 kB in 0s (636 kB/s)
2025-05-13T08:01:08.1090974Z Selecting previously unselected package build-essential.
2025-05-13T08:01:08.1146712Z (Reading database ... 
2025-05-13T08:01:08.1147051Z (Reading database ... 5%
2025-05-13T08:01:08.1147438Z (Reading database ... 10%
2025-05-13T08:01:08.1147789Z (Reading database ... 15%
2025-05-13T08:01:08.1148115Z (Reading database ... 20%
2025-05-13T08:01:08.1148431Z (Reading database ... 25%
2025-05-13T08:01:08.1148736Z (Reading database ... 30%
2025-05-13T08:01:08.1149063Z (Reading database ... 35%
2025-05-13T08:01:08.1149360Z (Reading database ... 40%
2025-05-13T08:01:08.1149670Z (Reading database ... 45%
2025-05-13T08:01:08.1150282Z (Reading database ... 50%
2025-05-13T08:01:08.1225121Z (Reading database ... 55%
2025-05-13T08:01:08.1245380Z (Reading database ... 60%
2025-05-13T08:01:08.1274390Z (Reading database ... 65%
2025-05-13T08:01:08.1290519Z (Reading database ... 70%
2025-05-13T08:01:08.1338753Z (Reading database ... 75%
2025-05-13T08:01:08.1363988Z (Reading database ... 80%
2025-05-13T08:01:08.1553211Z (Reading database ... 85%
2025-05-13T08:01:08.1785807Z (Reading database ... 90%
2025-05-13T08:01:08.1867602Z (Reading database ... 95%
2025-05-13T08:01:08.1867934Z (Reading database ... 100%
2025-05-13T08:01:08.1868319Z (Reading database ... 225959 files and directories currently installed.)
2025-05-13T08:01:08.1912034Z Preparing to unpack .../build-essential_12.10ubuntu1_amd64.deb ...
2025-05-13T08:01:08.1922462Z Unpacking build-essential (12.10ubuntu1) ...
2025-05-13T08:01:08.2136719Z Selecting previously unselected package libltdl-dev:amd64.
2025-05-13T08:01:08.2271487Z Preparing to unpack .../libltdl-dev_2.4.7-7build1_amd64.deb ...
2025-05-13T08:01:08.2281971Z Unpacking libltdl-dev:amd64 (2.4.7-7build1) ...
2025-05-13T08:01:08.2774229Z Setting up libltdl-dev:amd64 (2.4.7-7build1) ...
2025-05-13T08:01:08.2801693Z Setting up build-essential (12.10ubuntu1) ...
2025-05-13T08:01:08.8358579Z 
2025-05-13T08:01:08.8359160Z Running kernel seems to be up-to-date.
2025-05-13T08:01:08.8359560Z 
2025-05-13T08:01:08.8359741Z No services need to be restarted.
2025-05-13T08:01:08.8360073Z 
2025-05-13T08:01:08.8360223Z No containers need to be restarted.
2025-05-13T08:01:08.8360441Z 
2025-05-13T08:01:08.8361238Z No user sessions are running outdated binaries.
2025-05-13T08:01:08.8361710Z 
2025-05-13T08:01:08.8361928Z No VM guests are running outdated hypervisor (qemu) binaries on this host.
2025-05-13T08:01:09.6366400Z Reading package lists...
2025-05-13T08:01:09.7775990Z Building dependency tree...
2025-05-13T08:01:09.7783673Z Reading state information...
2025-05-13T08:01:09.9153040Z The following additional packages will be installed:
2025-05-13T08:01:09.9156733Z   libnspr4-dev
2025-05-13T08:01:09.9296998Z The following NEW packages will be installed:
2025-05-13T08:01:09.9301435Z   libnspr4-dev libnss3-dev libnss3-tools
2025-05-13T08:01:09.9463862Z 0 upgraded, 3 newly installed, 0 to remove and 20 not upgraded.
2025-05-13T08:01:09.9464293Z Need to get 1088 kB of archives.
2025-05-13T08:01:09.9464610Z After this operation, 4860 kB of additional disk space will be used.
2025-05-13T08:01:09.9464993Z Get:1 file:/etc/apt/apt-mirrors.txt Mirrorlist [144 B]
2025-05-13T08:01:10.0481763Z Get:2 http://azure.archive.ubuntu.com/ubuntu noble/main amd64 libnspr4-dev amd64 2:4.35-1.1build1 [219 kB]
2025-05-13T08:01:10.1554628Z Get:3 http://azure.archive.ubuntu.com/ubuntu noble/main amd64 libnss3-dev amd64 2:3.98-1build1 [253 kB]
2025-05-13T08:01:10.2582285Z Get:4 http://azure.archive.ubuntu.com/ubuntu noble/main amd64 libnss3-tools amd64 2:3.98-1build1 [615 kB]
2025-05-13T08:01:10.6037002Z Fetched 1088 kB in 0s (2586 kB/s)
2025-05-13T08:01:10.6213583Z Selecting previously unselected package libnspr4-dev.
2025-05-13T08:01:10.6268411Z (Reading database ... 
2025-05-13T08:01:10.6268814Z (Reading database ... 5%
2025-05-13T08:01:10.6269180Z (Reading database ... 10%
2025-05-13T08:01:10.6269530Z (Reading database ... 15%
2025-05-13T08:01:10.6269919Z (Reading database ... 20%
2025-05-13T08:01:10.6270286Z (Reading database ... 25%
2025-05-13T08:01:10.6270814Z (Reading database ... 30%
2025-05-13T08:01:10.6271159Z (Reading database ... 35%
2025-05-13T08:01:10.6271559Z (Reading database ... 40%
2025-05-13T08:01:10.6271945Z (Reading database ... 45%
2025-05-13T08:01:10.6272363Z (Reading database ... 50%
2025-05-13T08:01:10.6348723Z (Reading database ... 55%
2025-05-13T08:01:10.6368727Z (Reading database ... 60%
2025-05-13T08:01:10.6397991Z (Reading database ... 65%
2025-05-13T08:01:10.6414433Z (Reading database ... 70%
2025-05-13T08:01:10.6464233Z (Reading database ... 75%
2025-05-13T08:01:10.6490154Z (Reading database ... 80%
2025-05-13T08:01:10.6681207Z (Reading database ... 85%
2025-05-13T08:01:10.6913375Z (Reading database ... 90%
2025-05-13T08:01:10.6996322Z (Reading database ... 95%
2025-05-13T08:01:10.6996771Z (Reading database ... 100%
2025-05-13T08:01:10.6997250Z (Reading database ... 226015 files and directories currently installed.)
2025-05-13T08:01:10.7040902Z Preparing to unpack .../libnspr4-dev_2%3a4.35-1.1build1_amd64.deb ...
2025-05-13T08:01:10.7052280Z Unpacking libnspr4-dev (2:4.35-1.1build1) ...
2025-05-13T08:01:10.7453713Z Selecting previously unselected package libnss3-dev:amd64.
2025-05-13T08:01:10.7593535Z Preparing to unpack .../libnss3-dev_2%3a3.98-1build1_amd64.deb ...
2025-05-13T08:01:10.7603290Z Unpacking libnss3-dev:amd64 (2:3.98-1build1) ...
2025-05-13T08:01:10.8026587Z Selecting previously unselected package libnss3-tools.
2025-05-13T08:01:10.8166737Z Preparing to unpack .../libnss3-tools_2%3a3.98-1build1_amd64.deb ...
2025-05-13T08:01:10.8176739Z Unpacking libnss3-tools (2:3.98-1build1) ...
2025-05-13T08:01:10.8788215Z Setting up libnspr4-dev (2:4.35-1.1build1) ...
2025-05-13T08:01:10.8819005Z Setting up libnss3-dev:amd64 (2:3.98-1build1) ...
2025-05-13T08:01:10.8845308Z Setting up libnss3-tools (2:3.98-1build1) ...
2025-05-13T08:01:10.8877299Z Processing triggers for man-db (2.12.0-4build2) ...
2025-05-13T08:01:15.3346062Z 
2025-05-13T08:01:15.3346489Z Running kernel seems to be up-to-date.
2025-05-13T08:01:15.3346761Z 
2025-05-13T08:01:15.3346871Z No services need to be restarted.
2025-05-13T08:01:15.3347056Z 
2025-05-13T08:01:15.3347166Z No containers need to be restarted.
2025-05-13T08:01:15.3347351Z 
2025-05-13T08:01:15.3347855Z No user sessions are running outdated binaries.
2025-05-13T08:01:15.3348233Z 
2025-05-13T08:01:15.3348445Z No VM guests are running outdated hypervisor (qemu) binaries on this host.
2025-05-13T08:01:16.1158586Z ##[group]Run pip config set global.index-url https://pypi.org/simple/
2025-05-13T08:01:16.1159434Z [36;1mpip config set global.index-url https://pypi.org/simple/[0m
2025-05-13T08:01:16.1160080Z [36;1mpip config set global.trusted-host pypi.org[0m
2025-05-13T08:01:16.1198779Z shell: /usr/bin/bash -e {0}
2025-05-13T08:01:16.1199133Z env:
2025-05-13T08:01:16.1199578Z   JAVA_HOME: /opt/hostedtoolcache/Java_Temurin-Hotspot_jdk/17.0.15-6/x64
2025-05-13T08:01:16.1200336Z   JAVA_HOME_17_X64: /opt/hostedtoolcache/Java_Temurin-Hotspot_jdk/17.0.15-6/x64
2025-05-13T08:01:16.1201268Z   pythonLocation: /opt/hostedtoolcache/Python/3.10.17/x64
2025-05-13T08:01:16.1201930Z   PKG_CONFIG_PATH: /opt/hostedtoolcache/Python/3.10.17/x64/lib/pkgconfig
2025-05-13T08:01:16.1202576Z   Python_ROOT_DIR: /opt/hostedtoolcache/Python/3.10.17/x64
2025-05-13T08:01:16.1203158Z   Python2_ROOT_DIR: /opt/hostedtoolcache/Python/3.10.17/x64
2025-05-13T08:01:16.1203779Z   Python3_ROOT_DIR: /opt/hostedtoolcache/Python/3.10.17/x64
2025-05-13T08:01:16.1204346Z   LD_LIBRARY_PATH: /opt/hostedtoolcache/Python/3.10.17/x64/lib
2025-05-13T08:01:16.1204826Z ##[endgroup]
2025-05-13T08:01:16.3859473Z Writing to /home/runner/.config/pip/pip.conf
2025-05-13T08:01:16.5618173Z Writing to /home/runner/.config/pip/pip.conf
2025-05-13T08:01:16.5845482Z ##[group]Run python -m pip install --upgrade pip setuptools
2025-05-13T08:01:16.5845933Z [36;1mpython -m pip install --upgrade pip setuptools[0m
2025-05-13T08:01:16.5846362Z [36;1mpip install buildozer==1.5.1 kivy==2.3.1 requests==2.25.1 cython==0.29.36 certifi[0m
2025-05-13T08:01:16.5846741Z [36;1mpip install python-for-android[0m
2025-05-13T08:01:16.5871934Z shell: /usr/bin/bash -e {0}
2025-05-13T08:01:16.5872153Z env:
2025-05-13T08:01:16.5872440Z   JAVA_HOME: /opt/hostedtoolcache/Java_Temurin-Hotspot_jdk/17.0.15-6/x64
2025-05-13T08:01:16.5872916Z   JAVA_HOME_17_X64: /opt/hostedtoolcache/Java_Temurin-Hotspot_jdk/17.0.15-6/x64
2025-05-13T08:01:16.5873310Z   pythonLocation: /opt/hostedtoolcache/Python/3.10.17/x64
2025-05-13T08:01:16.5873710Z   PKG_CONFIG_PATH: /opt/hostedtoolcache/Python/3.10.17/x64/lib/pkgconfig
2025-05-13T08:01:16.5874084Z   Python_ROOT_DIR: /opt/hostedtoolcache/Python/3.10.17/x64
2025-05-13T08:01:16.5874438Z   Python2_ROOT_DIR: /opt/hostedtoolcache/Python/3.10.17/x64
2025-05-13T08:01:16.5874764Z   Python3_ROOT_DIR: /opt/hostedtoolcache/Python/3.10.17/x64
2025-05-13T08:01:16.5875100Z   LD_LIBRARY_PATH: /opt/hostedtoolcache/Python/3.10.17/x64/lib
2025-05-13T08:01:16.5875384Z ##[endgroup]
2025-05-13T08:01:17.0829762Z Looking in indexes: https://pypi.org/simple/
2025-05-13T08:01:17.0841746Z Requirement already satisfied: pip in /opt/hostedtoolcache/Python/3.10.17/x64/lib/python3.10/site-packages (25.1.1)
2025-05-13T08:01:17.1333917Z Requirement already satisfied: setuptools in /opt/hostedtoolcache/Python/3.10.17/x64/lib/python3.10/site-packages (65.5.0)
2025-05-13T08:01:17.2851743Z Collecting setuptools
2025-05-13T08:01:17.3168969Z   Downloading setuptools-80.4.0-py3-none-any.whl.metadata (6.5 kB)
2025-05-13T08:01:17.3458740Z Downloading setuptools-80.4.0-py3-none-any.whl (1.2 MB)
2025-05-13T08:01:17.3759068Z    √¢¬î¬Å√¢¬î¬Å√¢¬î¬Å√¢¬î¬Å√¢¬î¬Å√¢¬î¬Å√¢¬î¬Å√¢¬î¬Å√¢¬î¬Å√¢¬î¬Å√¢¬î¬Å√¢¬î¬Å√¢¬î¬Å√¢¬î¬Å√¢¬î¬Å√¢¬î¬Å√¢¬î¬Å√¢¬î¬Å√¢¬î¬Å√¢¬î¬Å√¢¬î¬Å√¢¬î¬Å√¢¬î¬Å√¢¬î¬Å√¢¬î¬Å√¢¬î¬Å√¢¬î¬Å√¢¬î¬Å√¢¬î¬Å√¢¬î¬Å√¢¬î¬Å√¢¬î¬Å√¢¬î¬Å√¢¬î¬Å√¢¬î¬Å√¢¬î¬Å√¢¬î¬Å√¢¬î¬Å√¢¬î¬Å√¢¬î¬Å 1.2/1.2 MB 90.1 MB/s eta 0:00:00
2025-05-13T08:01:17.4266351Z Installing collected packages: setuptools
2025-05-13T08:01:17.4268668Z   Attempting uninstall: setuptools
2025-05-13T08:01:17.4275522Z     Found existing installation: setuptools 65.5.0
2025-05-13T08:01:17.4508354Z     Uninstalling setuptools-65.5.0:
2025-05-13T08:01:17.4625597Z       Successfully uninstalled setuptools-65.5.0
2025-05-13T08:01:18.1839301Z Successfully installed setuptools-80.4.0
2025-05-13T08:01:18.6161551Z Looking in indexes: https://pypi.org/simple/
2025-05-13T08:01:18.7119745Z ERROR: Could not find a version that satisfies the requirement buildozer==1.5.1 (from versions: 0.1, 0.2, 0.4, 0.5, 0.6, 0.7, 0.8, 0.9, 0.10, 0.11, 0.12, 0.13, 0.14, 0.15, 0.16, 0.17, 0.18, 0.19, 0.21, 0.22, 0.23, 0.24, 0.25, 0.26, 0.27, 0.29, 0.30, 0.31, 0.32, 0.33, 0.34, 0.35, 0.36, 0.37, 0.38, 0.39, 1.0, 1.1.0, 1.2.0, 1.3.0, 1.4.0, 1.5.0)
2025-05-13T08:01:18.7129127Z ERROR: No matching distribution found for buildozer==1.5.1
2025-05-13T08:01:18.7522604Z ##[error]Process completed with exit code 1.
2025-05-13T08:01:18.7591640Z ##[group]Run if [ -f build.log ]; then
2025-05-13T08:01:18.7591966Z [36;1mif [ -f build.log ]; then[0m
2025-05-13T08:01:18.7592264Z [36;1m  echo "Build log exists, checking for errors..."[0m
2025-05-13T08:01:18.7592597Z [36;1m  if grep -q -E "ERROR:|FAILED" build.log; then[0m
2025-05-13T08:01:18.7592885Z [36;1m    echo "Errors found in build log:"[0m
2025-05-13T08:01:18.7593152Z [36;1m    grep -E "ERROR:|FAILED" build.log[0m
2025-05-13T08:01:18.7593381Z [36;1m    exit 1[0m
2025-05-13T08:01:18.7593564Z [36;1m  else[0m
2025-05-13T08:01:18.7593787Z [36;1m    echo "No critical errors found in build log"[0m
2025-05-13T08:01:18.7594061Z [36;1m  fi[0m
2025-05-13T08:01:18.7594232Z [36;1melse[0m
2025-05-13T08:01:18.7594404Z [36;1m  echo "No build log found"[0m
2025-05-13T08:01:18.7594627Z [36;1m  exit 1[0m
2025-05-13T08:01:18.7594799Z [36;1mfi[0m
2025-05-13T08:01:18.7621199Z shell: /usr/bin/bash -e {0}
2025-05-13T08:01:18.7621418Z env:
2025-05-13T08:01:18.7621730Z   JAVA_HOME: /opt/hostedtoolcache/Java_Temurin-Hotspot_jdk/17.0.15-6/x64
2025-05-13T08:01:18.7622171Z   JAVA_HOME_17_X64: /opt/hostedtoolcache/Java_Temurin-Hotspot_jdk/17.0.15-6/x64
2025-05-13T08:01:18.7622580Z   pythonLocation: /opt/hostedtoolcache/Python/3.10.17/x64
2025-05-13T08:01:18.7622962Z   PKG_CONFIG_PATH: /opt/hostedtoolcache/Python/3.10.17/x64/lib/pkgconfig
2025-05-13T08:01:18.7623330Z   Python_ROOT_DIR: /opt/hostedtoolcache/Python/3.10.17/x64
2025-05-13T08:01:18.7623668Z   Python2_ROOT_DIR: /opt/hostedtoolcache/Python/3.10.17/x64
2025-05-13T08:01:18.7624002Z   Python3_ROOT_DIR: /opt/hostedtoolcache/Python/3.10.17/x64
2025-05-13T08:01:18.7624335Z   LD_LIBRARY_PATH: /opt/hostedtoolcache/Python/3.10.17/x64/lib
2025-05-13T08:01:18.7624624Z ##[endgroup]
2025-05-13T08:01:18.7673174Z No build log found
2025-05-13T08:01:18.7676607Z ##[error]Process completed with exit code 1.
2025-05-13T08:01:18.7720230Z ##[group]Run actions/upload-artifact@v4
2025-05-13T08:01:18.7720500Z with:
2025-05-13T08:01:18.7720907Z   name: build-log
2025-05-13T08:01:18.7721102Z   path: build.log
2025-05-13T08:01:18.7721278Z   retention-days: 1
2025-05-13T08:01:18.7721466Z   if-no-files-found: warn
2025-05-13T08:01:18.7721669Z   compression-level: 6
2025-05-13T08:01:18.7721857Z   overwrite: false
2025-05-13T08:01:18.7722042Z   include-hidden-files: false
2025-05-13T08:01:18.7722236Z env:
2025-05-13T08:01:18.7722499Z   JAVA_HOME: /opt/hostedtoolcache/Java_Temurin-Hotspot_jdk/17.0.15-6/x64
2025-05-13T08:01:18.7722949Z   JAVA_HOME_17_X64: /opt/hostedtoolcache/Java_Temurin-Hotspot_jdk/17.0.15-6/x64
2025-05-13T08:01:18.7723363Z   pythonLocation: /opt/hostedtoolcache/Python/3.10.17/x64
2025-05-13T08:01:18.7723741Z   PKG_CONFIG_PATH: /opt/hostedtoolcache/Python/3.10.17/x64/lib/pkgconfig
2025-05-13T08:01:18.7724109Z   Python_ROOT_DIR: /opt/hostedtoolcache/Python/3.10.17/x64
2025-05-13T08:01:18.7724481Z   Python2_ROOT_DIR: /opt/hostedtoolcache/Python/3.10.17/x64
2025-05-13T08:01:18.7724810Z   Python3_ROOT_DIR: /opt/hostedtoolcache/Python/3.10.17/x64
2025-05-13T08:01:18.7725148Z   LD_LIBRARY_PATH: /opt/hostedtoolcache/Python/3.10.17/x64/lib
2025-05-13T08:01:18.7725429Z ##[endgroup]
2025-05-13T08:01:18.9830178Z ##[warning]No files were found with the provided path: build.log. No artifacts will be uploaded.
2025-05-13T08:01:18.9989892Z Post job cleanup.
2025-05-13T08:01:19.1736013Z Post job cleanup.
2025-05-13T08:01:19.2676522Z [command]/usr/bin/git version
2025-05-13T08:01:19.2724578Z git version 2.49.0
2025-05-13T08:01:19.2784769Z Temporarily overriding HOME='/home/runner/work/_temp/1e2c9392-f8c1-4314-a3aa-63888365952f' before making global git config changes
2025-05-13T08:01:19.2786226Z Adding repository directory to the temporary git global config as a safe directory
2025-05-13T08:01:19.2804542Z [command]/usr/bin/git config --global --add safe.directory /home/runner/work/weatherapp/weatherapp
2025-05-13T08:01:19.2853402Z [command]/usr/bin/git config --local --name-only --get-regexp core\.sshCommand
2025-05-13T08:01:19.2895838Z [command]/usr/bin/git submodule foreach --recursive sh -c "git config --local --name-only --get-regexp 'core\.sshCommand' && git config --local --unset-all 'core.sshCommand' || :"
2025-05-13T08:01:19.3155322Z [command]/usr/bin/git config --local --name-only --get-regexp http\.https\:\/\/github\.com\/\.extraheader
2025-05-13T08:01:19.3178744Z http.https://github.com/.extraheader
2025-05-13T08:01:19.3196140Z [command]/usr/bin/git config --local --unset-all http.https://github.com/.extraheader
2025-05-13T08:01:19.3231452Z [command]/usr/bin/git submodule foreach --recursive sh -c "git config --local --name-only --get-regexp 'http\.https\:\/\/github\.com\/\.extraheader' && git config --local --unset-all 'http.https://github.com/.extraheader' || :"
2025-05-13T08:01:19.3577089Z Cleaning up orphan processes
