ï»¿2025-05-12T08:33:25.6915892Z Current runner version: '2.323.0'
2025-05-12T08:33:25.6939329Z ##[group]Operating System
2025-05-12T08:33:25.6940206Z Ubuntu
2025-05-12T08:33:25.6940711Z 24.04.2
2025-05-12T08:33:25.6941134Z LTS
2025-05-12T08:33:25.6941714Z ##[endgroup]
2025-05-12T08:33:25.6942206Z ##[group]Runner Image
2025-05-12T08:33:25.6942805Z Image: ubuntu-24.04
2025-05-12T08:33:25.6943351Z Version: 20250504.1.0
2025-05-12T08:33:25.6944351Z Included Software: https://github.com/actions/runner-images/blob/ubuntu24/20250504.1/images/ubuntu/Ubuntu2404-Readme.md
2025-05-12T08:33:25.6945773Z Image Release: https://github.com/actions/runner-images/releases/tag/ubuntu24%2F20250504.1
2025-05-12T08:33:25.6947095Z ##[endgroup]
2025-05-12T08:33:25.6947619Z ##[group]Runner Image Provisioner
2025-05-12T08:33:25.6948260Z 2.0.422.1
2025-05-12T08:33:25.6948747Z ##[endgroup]
2025-05-12T08:33:25.6949691Z ##[group]GITHUB_TOKEN Permissions
2025-05-12T08:33:25.6951538Z Contents: write
2025-05-12T08:33:25.6952155Z Metadata: read
2025-05-12T08:33:25.6953251Z ##[endgroup]
2025-05-12T08:33:25.6955713Z Secret source: Actions
2025-05-12T08:33:25.6956810Z Prepare workflow directory
2025-05-12T08:33:25.7276343Z Prepare all required actions
2025-05-12T08:33:25.7314398Z Getting action download info
2025-05-12T08:33:26.2569904Z ##[group]Download immutable action package 'actions/checkout@v4'
2025-05-12T08:33:26.2570885Z Version: 4.2.2
2025-05-12T08:33:26.2571815Z Digest: sha256:ccb2698953eaebd21c7bf6268a94f9c26518a7e38e27e0b83c1fe1ad049819b1
2025-05-12T08:33:26.2573081Z Source commit SHA: 11bd71901bbe5b1630ceea73d27597364c9af683
2025-05-12T08:33:26.2573800Z ##[endgroup]
2025-05-12T08:33:26.3406312Z ##[group]Download immutable action package 'actions/setup-java@v3'
2025-05-12T08:33:26.3407381Z Version: 3.14.1
2025-05-12T08:33:26.3408121Z Digest: sha256:0f5994bd85f236d7525048fec5b0b7b3ec7474ec50184c8f78a320717cfb3d51
2025-05-12T08:33:26.3409124Z Source commit SHA: 17f84c3641ba7b8f6deff6309fc4c864478f5d62
2025-05-12T08:33:26.3409848Z ##[endgroup]
2025-05-12T08:33:26.5570031Z ##[group]Download immutable action package 'actions/setup-python@v5'
2025-05-12T08:33:26.5570772Z Version: 5.6.0
2025-05-12T08:33:26.5571419Z Digest: sha256:0b35a0c11c97499e4e0576589036d450b9f5f9da74b7774225b3614b57324404
2025-05-12T08:33:26.5572353Z Source commit SHA: a26af69be951a213d495a4c3e4e4022e16d87065
2025-05-12T08:33:26.5572967Z ##[endgroup]
2025-05-12T08:33:26.7347155Z Download action repository 'android-actions/setup-android@v3' (SHA:9fc6c4e9069bf8d3d10b2204b1fb8f6ef7065407)
2025-05-12T08:33:26.9791315Z ##[group]Download immutable action package 'actions/upload-artifact@v4'
2025-05-12T08:33:26.9792130Z Version: 4.6.2
2025-05-12T08:33:26.9792822Z Digest: sha256:290722aa3281d5caf23d0acdc3dbeb3424786a1a01a9cc97e72f147225e37c38
2025-05-12T08:33:26.9793757Z Source commit SHA: ea165f8d65b6e75b540449e92b4886f43607fa02
2025-05-12T08:33:26.9794394Z ##[endgroup]
2025-05-12T08:33:27.1985349Z Complete job name: build
2025-05-12T08:33:27.2808017Z ##[group]Run actions/checkout@v4
2025-05-12T08:33:27.2808987Z with:
2025-05-12T08:33:27.2809506Z   repository: shelley021/weatherapp
2025-05-12T08:33:27.2810422Z   token: ***
2025-05-12T08:33:27.2810883Z   ssh-strict: true
2025-05-12T08:33:27.2811387Z   ssh-user: git
2025-05-12T08:33:27.2811885Z   persist-credentials: true
2025-05-12T08:33:27.2812470Z   clean: true
2025-05-12T08:33:27.2812976Z   sparse-checkout-cone-mode: true
2025-05-12T08:33:27.2813623Z   fetch-depth: 1
2025-05-12T08:33:27.2814106Z   fetch-tags: false
2025-05-12T08:33:27.2814605Z   show-progress: true
2025-05-12T08:33:27.2815112Z   lfs: false
2025-05-12T08:33:27.2815550Z   submodules: false
2025-05-12T08:33:27.2816060Z   set-safe-directory: true
2025-05-12T08:33:27.2817029Z ##[endgroup]
2025-05-12T08:33:27.4543713Z Syncing repository: shelley021/weatherapp
2025-05-12T08:33:27.4545893Z ##[group]Getting Git version info
2025-05-12T08:33:27.4547191Z Working directory is '/home/runner/work/weatherapp/weatherapp'
2025-05-12T08:33:27.4548859Z [command]/usr/bin/git version
2025-05-12T08:33:27.4587780Z git version 2.49.0
2025-05-12T08:33:27.4617003Z ##[endgroup]
2025-05-12T08:33:27.4633085Z Temporarily overriding HOME='/home/runner/work/_temp/30445a1b-b6ca-470f-8ea8-076aab329bc9' before making global git config changes
2025-05-12T08:33:27.4637532Z Adding repository directory to the temporary git global config as a safe directory
2025-05-12T08:33:27.4646852Z [command]/usr/bin/git config --global --add safe.directory /home/runner/work/weatherapp/weatherapp
2025-05-12T08:33:27.4682394Z Deleting the contents of '/home/runner/work/weatherapp/weatherapp'
2025-05-12T08:33:27.4685519Z ##[group]Initializing the repository
2025-05-12T08:33:27.4690837Z [command]/usr/bin/git init /home/runner/work/weatherapp/weatherapp
2025-05-12T08:33:27.4747056Z hint: Using 'master' as the name for the initial branch. This default branch name
2025-05-12T08:33:27.4750285Z hint: is subject to change. To configure the initial branch name to use in all
2025-05-12T08:33:27.4752985Z hint: of your new repositories, which will suppress this warning, call:
2025-05-12T08:33:27.4754479Z hint:
2025-05-12T08:33:27.4755543Z hint: 	git config --global init.defaultBranch <name>
2025-05-12T08:33:27.4757428Z hint:
2025-05-12T08:33:27.4758675Z hint: Names commonly chosen instead of 'master' are 'main', 'trunk' and
2025-05-12T08:33:27.4760559Z hint: 'development'. The just-created branch can be renamed via this command:
2025-05-12T08:33:27.4762441Z hint:
2025-05-12T08:33:27.4763395Z hint: 	git branch -m <name>
2025-05-12T08:33:27.4791427Z Initialized empty Git repository in /home/runner/work/weatherapp/weatherapp/.git/
2025-05-12T08:33:27.4795277Z [command]/usr/bin/git remote add origin https://github.com/shelley021/weatherapp
2025-05-12T08:33:27.4799063Z ##[endgroup]
2025-05-12T08:33:27.4801077Z ##[group]Disabling automatic garbage collection
2025-05-12T08:33:27.4802513Z [command]/usr/bin/git config --local gc.auto 0
2025-05-12T08:33:27.4829582Z ##[endgroup]
2025-05-12T08:33:27.4831170Z ##[group]Setting up auth
2025-05-12T08:33:27.4835528Z [command]/usr/bin/git config --local --name-only --get-regexp core\.sshCommand
2025-05-12T08:33:27.4865961Z [command]/usr/bin/git submodule foreach --recursive sh -c "git config --local --name-only --get-regexp 'core\.sshCommand' && git config --local --unset-all 'core.sshCommand' || :"
2025-05-12T08:33:27.5137407Z [command]/usr/bin/git config --local --name-only --get-regexp http\.https\:\/\/github\.com\/\.extraheader
2025-05-12T08:33:27.5170442Z [command]/usr/bin/git submodule foreach --recursive sh -c "git config --local --name-only --get-regexp 'http\.https\:\/\/github\.com\/\.extraheader' && git config --local --unset-all 'http.https://github.com/.extraheader' || :"
2025-05-12T08:33:27.5397204Z [command]/usr/bin/git config --local http.https://github.com/.extraheader AUTHORIZATION: basic ***
2025-05-12T08:33:27.5432812Z ##[endgroup]
2025-05-12T08:33:27.5440993Z ##[group]Fetching the repository
2025-05-12T08:33:27.5444575Z [command]/usr/bin/git -c protocol.version=2 fetch --no-tags --prune --no-recurse-submodules --depth=1 origin +141b30976cf73232bacda6f51811add936090cf5:refs/remotes/origin/main
2025-05-12T08:33:27.8686738Z From https://github.com/shelley021/weatherapp
2025-05-12T08:33:27.8689240Z  * [new ref]         141b30976cf73232bacda6f51811add936090cf5 -> origin/main
2025-05-12T08:33:27.8713279Z ##[endgroup]
2025-05-12T08:33:27.8715108Z ##[group]Determining the checkout info
2025-05-12T08:33:27.8716956Z ##[endgroup]
2025-05-12T08:33:27.8720028Z [command]/usr/bin/git sparse-checkout disable
2025-05-12T08:33:27.8757585Z [command]/usr/bin/git config --local --unset-all extensions.worktreeConfig
2025-05-12T08:33:27.8783415Z ##[group]Checking out the ref
2025-05-12T08:33:27.8786191Z [command]/usr/bin/git checkout --progress --force -B main refs/remotes/origin/main
2025-05-12T08:33:27.8903729Z Switched to a new branch 'main'
2025-05-12T08:33:27.8906366Z branch 'main' set up to track 'origin/main'.
2025-05-12T08:33:27.8913190Z ##[endgroup]
2025-05-12T08:33:27.8944931Z [command]/usr/bin/git log -1 --format=%H
2025-05-12T08:33:27.8967264Z 141b30976cf73232bacda6f51811add936090cf5
2025-05-12T08:33:27.9172512Z ##[group]Run echo "Checking disk space before build..."
2025-05-12T08:33:27.9173918Z [36;1mecho "Checking disk space before build..."[0m
2025-05-12T08:33:27.9175043Z [36;1mdf -h[0m
2025-05-12T08:33:27.9176146Z [36;1mdu -h /tmp -d 1 --no-dereference 2>/dev/null || echo "æ æ³æ£æ¥ /tmp ç®å½"[0m
2025-05-12T08:33:27.9178105Z [36;1mdu -h $HOME -d 1 --no-dereference 2>/dev/null || echo "æ æ³æ£æ¥ $HOME ç®å½"[0m
2025-05-12T08:33:27.9209638Z shell: /usr/bin/bash -e {0}
2025-05-12T08:33:27.9211082Z ##[endgroup]
2025-05-12T08:33:27.9283274Z Checking disk space before build...
2025-05-12T08:33:27.9297823Z Filesystem      Size  Used Avail Use% Mounted on
2025-05-12T08:33:27.9299101Z /dev/root        72G   48G   25G  66% /
2025-05-12T08:33:27.9300147Z tmpfs           7.9G   84K  7.9G   1% /dev/shm
2025-05-12T08:33:27.9301414Z tmpfs           3.2G  1.1M  3.2G   1% /run
2025-05-12T08:33:27.9302478Z tmpfs           5.0M     0  5.0M   0% /run/lock
2025-05-12T08:33:27.9303711Z /dev/sda16      881M   60M  760M   8% /boot
2025-05-12T08:33:27.9304766Z /dev/sda15      105M  6.2M   99M   6% /boot/efi
2025-05-12T08:33:27.9305839Z /dev/sdb1        74G  4.1G   66G   6% /mnt
2025-05-12T08:33:27.9307258Z tmpfs           1.6G   12K  1.6G   1% /run/user/1001
2025-05-12T08:33:27.9314683Z 4.0K	/tmp/systemd-private-68ad6093d783448380a6c825ef4052c9-ModemManager.service-GB4nLn
2025-05-12T08:33:27.9317589Z 4.0K	/tmp/.X11-unix
2025-05-12T08:33:27.9319685Z 4.0K	/tmp/systemd-private-68ad6093d783448380a6c825ef4052c9-systemd-resolved.service-KBzan4
2025-05-12T08:33:27.9321887Z 4.0K	/tmp/systemd-private-68ad6093d783448380a6c825ef4052c9-chrony.service-VOvVLY
2025-05-12T08:33:27.9323390Z 4.0K	/tmp/.ICE-unix
2025-05-12T08:33:27.9324810Z 4.0K	/tmp/systemd-private-68ad6093d783448380a6c825ef4052c9-systemd-logind.service-OXb6yX
2025-05-12T08:33:27.9327385Z 4.0K	/tmp/systemd-private-68ad6093d783448380a6c825ef4052c9-haveged.service-IHP3Da
2025-05-12T08:33:27.9329939Z 4.0K	/tmp/.XIM-unix
2025-05-12T08:33:27.9330993Z 4.0K	/tmp/.font-unix
2025-05-12T08:33:27.9331861Z 4.0K	/tmp/snap-private-tmp
2025-05-12T08:33:27.9333295Z 4.0K	/tmp/systemd-private-68ad6093d783448380a6c825ef4052c9-polkit.service-V9ARe4
2025-05-12T08:33:27.9334776Z 56K	/tmp
2025-05-12T08:33:27.9335705Z æ æ³æ£æ¥ /tmp ç®å½
2025-05-12T08:33:27.9336640Z 19M	/home/runner/.cargo
2025-05-12T08:33:27.9337585Z 12K	/home/runner/perflog
2025-05-12T08:33:27.9347705Z 3.1M	/home/runner/.nvm
2025-05-12T08:33:27.9390769Z 37M	/home/runner/work
2025-05-12T08:33:27.9399925Z 51M	/home/runner/.dotnet
2025-05-12T08:33:27.9401280Z 8.0K	/home/runner/.docker
2025-05-12T08:33:27.9402632Z 4.0K	/home/runner/.composer
2025-05-12T08:33:27.9403776Z 8.0K	/home/runner/.config
2025-05-12T08:33:27.9407818Z 557M	/home/runner/.rustup
2025-05-12T08:33:27.9408866Z 4.0K	/home/runner/factory
2025-05-12T08:33:27.9639649Z 348M	/home/runner/runners
2025-05-12T08:33:27.9641321Z 32K	/home/runner/warmup
2025-05-12T08:33:27.9643040Z 1012M	/home/runner
2025-05-12T08:33:27.9698568Z ##[group]Run echo "Cleaning disk space..."
2025-05-12T08:33:27.9699713Z [36;1mecho "Cleaning disk space..."[0m
2025-05-12T08:33:27.9700715Z [36;1mrm -rf /tmp/* || true[0m
2025-05-12T08:33:27.9701635Z [36;1mrm -rf $HOME/.cache || true[0m
2025-05-12T08:33:27.9702588Z [36;1msudo apt-get clean[0m
2025-05-12T08:33:27.9703503Z [36;1mdocker system prune -a --force[0m
2025-05-12T08:33:27.9728660Z shell: /usr/bin/bash -e {0}
2025-05-12T08:33:27.9729510Z ##[endgroup]
2025-05-12T08:33:27.9778733Z Cleaning disk space...
2025-05-12T08:33:27.9790008Z rm: cannot remove '/tmp/clr-debug-pipe-833-1190-in': Operation not permitted
2025-05-12T08:33:27.9792424Z rm: cannot remove '/tmp/clr-debug-pipe-833-1190-out': Operation not permitted
2025-05-12T08:33:27.9794430Z rm: cannot remove '/tmp/dotnet-diagnostic-833-1190-socket': Operation not permitted
2025-05-12T08:33:27.9796182Z rm: cannot remove '/tmp/snap-private-tmp': Operation not permitted
2025-05-12T08:33:27.9798738Z rm: cannot remove '/tmp/systemd-private-68ad6093d783448380a6c825ef4052c9-ModemManager.service-GB4nLn': Operation not permitted
2025-05-12T08:33:27.9802107Z rm: cannot remove '/tmp/systemd-private-68ad6093d783448380a6c825ef4052c9-chrony.service-VOvVLY': Operation not permitted
2025-05-12T08:33:27.9805318Z rm: cannot remove '/tmp/systemd-private-68ad6093d783448380a6c825ef4052c9-haveged.service-IHP3Da': Operation not permitted
2025-05-12T08:33:27.9808659Z rm: cannot remove '/tmp/systemd-private-68ad6093d783448380a6c825ef4052c9-polkit.service-V9ARe4': Operation not permitted
2025-05-12T08:33:27.9811793Z rm: cannot remove '/tmp/systemd-private-68ad6093d783448380a6c825ef4052c9-systemd-logind.service-OXb6yX': Operation not permitted
2025-05-12T08:33:27.9815080Z rm: cannot remove '/tmp/systemd-private-68ad6093d783448380a6c825ef4052c9-systemd-resolved.service-KBzan4': Operation not permitted
2025-05-12T08:33:28.0410589Z Total reclaimed space: 0B
2025-05-12T08:33:28.0587484Z ##[group]Run actions/setup-java@v3
2025-05-12T08:33:28.0588419Z with:
2025-05-12T08:33:28.0589078Z   distribution: temurin
2025-05-12T08:33:28.0589873Z   java-version: 17
2025-05-12T08:33:28.0590608Z   java-package: jdk
2025-05-12T08:33:28.0591344Z   check-latest: false
2025-05-12T08:33:28.0592098Z   server-id: github
2025-05-12T08:33:28.0592916Z   server-username: GITHUB_ACTOR
2025-05-12T08:33:28.0593800Z   server-password: GITHUB_TOKEN
2025-05-12T08:33:28.0594692Z   overwrite-settings: true
2025-05-12T08:33:28.0595506Z   job-status: success
2025-05-12T08:33:28.0596646Z   token: ***
2025-05-12T08:33:28.0597350Z ##[endgroup]
2025-05-12T08:33:28.2668477Z ##[group]Installed distributions
2025-05-12T08:33:28.2708566Z Resolved Java 17.0.15+6 from tool-cache
2025-05-12T08:33:28.2709778Z Setting Java 17.0.15+6 as the default
2025-05-12T08:33:28.2721835Z Creating toolchains.xml for JDK version 17 from temurin
2025-05-12T08:33:28.2799230Z Writing to /home/runner/.m2/toolchains.xml
2025-05-12T08:33:28.2800815Z 
2025-05-12T08:33:28.2801448Z Java configuration:
2025-05-12T08:33:28.2802477Z   Distribution: temurin
2025-05-12T08:33:28.2803461Z   Version: 17.0.15+6
2025-05-12T08:33:28.2804792Z   Path: /opt/hostedtoolcache/Java_Temurin-Hotspot_jdk/17.0.15-6/x64
2025-05-12T08:33:28.2807334Z 
2025-05-12T08:33:28.2809126Z ##[endgroup]
2025-05-12T08:33:28.2827509Z Creating settings.xml with server-id: github
2025-05-12T08:33:28.2835072Z Writing to /home/runner/.m2/settings.xml
2025-05-12T08:33:28.3015113Z ##[group]Run actions/setup-python@v5
2025-05-12T08:33:28.3016046Z with:
2025-05-12T08:33:28.3016871Z   python-version: 3.10
2025-05-12T08:33:28.3017648Z   check-latest: false
2025-05-12T08:33:28.3018646Z   token: ***
2025-05-12T08:33:28.3019378Z   update-environment: true
2025-05-12T08:33:28.3020226Z   allow-prereleases: false
2025-05-12T08:33:28.3021065Z   freethreaded: false
2025-05-12T08:33:28.3021795Z env:
2025-05-12T08:33:28.3022775Z   JAVA_HOME: /opt/hostedtoolcache/Java_Temurin-Hotspot_jdk/17.0.15-6/x64
2025-05-12T08:33:28.3024426Z   JAVA_HOME_17_X64: /opt/hostedtoolcache/Java_Temurin-Hotspot_jdk/17.0.15-6/x64
2025-05-12T08:33:28.3025751Z ##[endgroup]
2025-05-12T08:33:28.4693274Z ##[group]Installed versions
2025-05-12T08:33:28.4751822Z Successfully set up CPython (3.10.17)
2025-05-12T08:33:28.4754402Z ##[endgroup]
2025-05-12T08:33:28.4867082Z ##[group]Run Ubuntu_version=$(lsb_release -rs)
2025-05-12T08:33:28.4868228Z [36;1mUbuntu_version=$(lsb_release -rs)[0m
2025-05-12T08:33:28.4869487Z [36;1mif [[ "$Ubuntu_version" == "22.04" || "$Ubuntu_version" == "24.04" ]]; then[0m
2025-05-12T08:33:28.4870751Z [36;1m  sudo apt-get update -y[0m
2025-05-12T08:33:28.4871700Z [36;1m  sudo apt-get install -y libtinfo6[0m
2025-05-12T08:33:28.4872649Z [36;1melse[0m
2025-05-12T08:33:28.4873361Z [36;1m  sudo apt-get update -y[0m
2025-05-12T08:33:28.4874321Z [36;1m  sudo apt-get install -y libtinfo5[0m
2025-05-12T08:33:28.4875263Z [36;1mfi[0m
2025-05-12T08:33:28.4903971Z shell: /usr/bin/bash -e {0}
2025-05-12T08:33:28.4904787Z env:
2025-05-12T08:33:28.4905775Z   JAVA_HOME: /opt/hostedtoolcache/Java_Temurin-Hotspot_jdk/17.0.15-6/x64
2025-05-12T08:33:28.4907817Z   JAVA_HOME_17_X64: /opt/hostedtoolcache/Java_Temurin-Hotspot_jdk/17.0.15-6/x64
2025-05-12T08:33:28.4909352Z   pythonLocation: /opt/hostedtoolcache/Python/3.10.17/x64
2025-05-12T08:33:28.4910791Z   PKG_CONFIG_PATH: /opt/hostedtoolcache/Python/3.10.17/x64/lib/pkgconfig
2025-05-12T08:33:28.4912216Z   Python_ROOT_DIR: /opt/hostedtoolcache/Python/3.10.17/x64
2025-05-12T08:33:28.4913494Z   Python2_ROOT_DIR: /opt/hostedtoolcache/Python/3.10.17/x64
2025-05-12T08:33:28.4914807Z   Python3_ROOT_DIR: /opt/hostedtoolcache/Python/3.10.17/x64
2025-05-12T08:33:28.4916102Z   LD_LIBRARY_PATH: /opt/hostedtoolcache/Python/3.10.17/x64/lib
2025-05-12T08:33:28.4917312Z ##[endgroup]
2025-05-12T08:33:28.5635197Z Get:1 file:/etc/apt/apt-mirrors.txt Mirrorlist [144 B]
2025-05-12T08:33:28.5912772Z Hit:2 http://azure.archive.ubuntu.com/ubuntu noble InRelease
2025-05-12T08:33:28.5927296Z Get:3 http://azure.archive.ubuntu.com/ubuntu noble-updates InRelease [126 kB]
2025-05-12T08:33:28.5931739Z Hit:6 https://packages.microsoft.com/repos/azure-cli noble InRelease
2025-05-12T08:33:28.5961934Z Get:7 https://packages.microsoft.com/ubuntu/24.04/prod noble InRelease [3600 B]
2025-05-12T08:33:28.5980229Z Get:4 http://azure.archive.ubuntu.com/ubuntu noble-backports InRelease [126 kB]
2025-05-12T08:33:28.6008342Z Get:5 http://azure.archive.ubuntu.com/ubuntu noble-security InRelease [126 kB]
2025-05-12T08:33:28.7740871Z Get:8 http://azure.archive.ubuntu.com/ubuntu noble-updates/main amd64 Packages [1067 kB]
2025-05-12T08:33:28.7873550Z Get:9 http://azure.archive.ubuntu.com/ubuntu noble-updates/main Translation-en [229 kB]
2025-05-12T08:33:28.7894377Z Get:10 http://azure.archive.ubuntu.com/ubuntu noble-updates/main amd64 Components [161 kB]
2025-05-12T08:33:28.7912842Z Get:11 http://azure.archive.ubuntu.com/ubuntu noble-updates/universe amd64 Packages [1063 kB]
2025-05-12T08:33:28.7981946Z Get:12 http://azure.archive.ubuntu.com/ubuntu noble-updates/universe Translation-en [269 kB]
2025-05-12T08:33:28.8010521Z Get:13 http://azure.archive.ubuntu.com/ubuntu noble-updates/universe amd64 Components [376 kB]
2025-05-12T08:33:28.8042788Z Get:14 http://azure.archive.ubuntu.com/ubuntu noble-updates/restricted amd64 Components [212 B]
2025-05-12T08:33:28.8050000Z Get:15 http://azure.archive.ubuntu.com/ubuntu noble-updates/multiverse amd64 Packages [21.7 kB]
2025-05-12T08:33:28.8057065Z Get:16 http://azure.archive.ubuntu.com/ubuntu noble-updates/multiverse amd64 Components [940 B]
2025-05-12T08:33:28.8214861Z Get:17 https://packages.microsoft.com/ubuntu/24.04/prod noble/main amd64 Packages [31.4 kB]
2025-05-12T08:33:28.8247970Z Get:18 https://packages.microsoft.com/ubuntu/24.04/prod noble/main arm64 Packages [19.7 kB]
2025-05-12T08:33:28.8759490Z Get:19 http://azure.archive.ubuntu.com/ubuntu noble-backports/main amd64 Components [7064 B]
2025-05-12T08:33:28.9231365Z Get:20 http://azure.archive.ubuntu.com/ubuntu noble-backports/universe amd64 Components [16.4 kB]
2025-05-12T08:33:28.9251567Z Get:21 http://azure.archive.ubuntu.com/ubuntu noble-backports/restricted amd64 Components [216 B]
2025-05-12T08:33:28.9270203Z Get:22 http://azure.archive.ubuntu.com/ubuntu noble-backports/multiverse amd64 Components [212 B]
2025-05-12T08:33:28.9418921Z Get:23 http://azure.archive.ubuntu.com/ubuntu noble-security/main amd64 Packages [820 kB]
2025-05-12T08:33:28.9472627Z Get:24 http://azure.archive.ubuntu.com/ubuntu noble-security/main Translation-en [152 kB]
2025-05-12T08:33:28.9492165Z Get:25 http://azure.archive.ubuntu.com/ubuntu noble-security/main amd64 Components [21.5 kB]
2025-05-12T08:33:28.9499653Z Get:26 http://azure.archive.ubuntu.com/ubuntu noble-security/universe amd64 Packages [837 kB]
2025-05-12T08:33:28.9549158Z Get:27 http://azure.archive.ubuntu.com/ubuntu noble-security/universe Translation-en [182 kB]
2025-05-12T08:33:28.9565444Z Get:28 http://azure.archive.ubuntu.com/ubuntu noble-security/universe amd64 Components [52.2 kB]
2025-05-12T08:33:28.9574592Z Get:29 http://azure.archive.ubuntu.com/ubuntu noble-security/restricted amd64 Packages [1041 kB]
2025-05-12T08:33:28.9637095Z Get:30 http://azure.archive.ubuntu.com/ubuntu noble-security/restricted Translation-en [215 kB]
2025-05-12T08:33:28.9659316Z Get:31 http://azure.archive.ubuntu.com/ubuntu noble-security/restricted amd64 Components [212 B]
2025-05-12T08:33:28.9669305Z Get:32 http://azure.archive.ubuntu.com/ubuntu noble-security/multiverse amd64 Packages [17.7 kB]
2025-05-12T08:33:28.9677177Z Get:33 http://azure.archive.ubuntu.com/ubuntu noble-security/multiverse amd64 Components [208 B]
2025-05-12T08:33:32.3432196Z Fetched 6985 kB in 1s (7412 kB/s)
2025-05-12T08:33:32.9689031Z Reading package lists...
2025-05-12T08:33:33.0012077Z Reading package lists...
2025-05-12T08:33:33.1427886Z Building dependency tree...
2025-05-12T08:33:33.1434866Z Reading state information...
2025-05-12T08:33:33.3157449Z libtinfo6 is already the newest version (6.4+20240113-1ubuntu2).
2025-05-12T08:33:33.3158042Z libtinfo6 set to manually installed.
2025-05-12T08:33:33.3158526Z 0 upgraded, 0 newly installed, 0 to remove and 20 not upgraded.
2025-05-12T08:33:33.3206321Z ##[group]Run sudo apt-get update -y
2025-05-12T08:33:33.3206918Z [36;1msudo apt-get update -y[0m
2025-05-12T08:33:33.3207308Z [36;1msudo apt-get install -y git zip unzip python3-pip autoconf libtool pkg-config[0m
2025-05-12T08:33:33.3207808Z [36;1msudo apt-get install -y zlib1g-dev libncurses5-dev libncursesw5-dev[0m
2025-05-12T08:33:33.3208236Z [36;1msudo apt-get install -y cmake libffi-dev libssl-dev[0m
2025-05-12T08:33:33.3208672Z [36;1msudo apt-get install -y libltdl-dev build-essential python3-dev python3-venv[0m
2025-05-12T08:33:33.3209107Z [36;1msudo apt-get install -y libnss3-dev libnss3-tools[0m
2025-05-12T08:33:33.3235210Z shell: /usr/bin/bash -e {0}
2025-05-12T08:33:33.3235440Z env:
2025-05-12T08:33:33.3235731Z   JAVA_HOME: /opt/hostedtoolcache/Java_Temurin-Hotspot_jdk/17.0.15-6/x64
2025-05-12T08:33:33.3236224Z   JAVA_HOME_17_X64: /opt/hostedtoolcache/Java_Temurin-Hotspot_jdk/17.0.15-6/x64
2025-05-12T08:33:33.3236938Z   pythonLocation: /opt/hostedtoolcache/Python/3.10.17/x64
2025-05-12T08:33:33.3237349Z   PKG_CONFIG_PATH: /opt/hostedtoolcache/Python/3.10.17/x64/lib/pkgconfig
2025-05-12T08:33:33.3237749Z   Python_ROOT_DIR: /opt/hostedtoolcache/Python/3.10.17/x64
2025-05-12T08:33:33.3238102Z   Python2_ROOT_DIR: /opt/hostedtoolcache/Python/3.10.17/x64
2025-05-12T08:33:33.3238463Z   Python3_ROOT_DIR: /opt/hostedtoolcache/Python/3.10.17/x64
2025-05-12T08:33:33.3238817Z   LD_LIBRARY_PATH: /opt/hostedtoolcache/Python/3.10.17/x64/lib
2025-05-12T08:33:33.3239119Z ##[endgroup]
2025-05-12T08:33:33.3825842Z Get:1 file:/etc/apt/apt-mirrors.txt Mirrorlist [144 B]
2025-05-12T08:33:33.4069803Z Hit:2 http://azure.archive.ubuntu.com/ubuntu noble InRelease
2025-05-12T08:33:33.4077881Z Hit:3 http://azure.archive.ubuntu.com/ubuntu noble-updates InRelease
2025-05-12T08:33:33.4082989Z Hit:4 http://azure.archive.ubuntu.com/ubuntu noble-backports InRelease
2025-05-12T08:33:33.4086963Z Hit:5 http://azure.archive.ubuntu.com/ubuntu noble-security InRelease
2025-05-12T08:33:33.4106775Z Hit:6 https://packages.microsoft.com/repos/azure-cli noble InRelease
2025-05-12T08:33:33.4148642Z Hit:7 https://packages.microsoft.com/ubuntu/24.04/prod noble InRelease
2025-05-12T08:33:34.4690585Z Reading package lists...
2025-05-12T08:33:34.5009372Z Reading package lists...
2025-05-12T08:33:34.6436735Z Building dependency tree...
2025-05-12T08:33:34.6443605Z Reading state information...
2025-05-12T08:33:34.8122006Z git is already the newest version (1:2.49.0-0ubuntu1~ubuntu24.04.1).
2025-05-12T08:33:34.8122626Z git set to manually installed.
2025-05-12T08:33:34.8123206Z zip is already the newest version (3.0-13ubuntu0.2).
2025-05-12T08:33:34.8123671Z unzip is already the newest version (6.0-28ubuntu4.1).
2025-05-12T08:33:34.8124058Z python3-pip is already the newest version (24.0+dfsg-1ubuntu1.1).
2025-05-12T08:33:34.8124515Z autoconf is already the newest version (2.71-3).
2025-05-12T08:33:34.8124833Z libtool is already the newest version (2.4.7-7build1).
2025-05-12T08:33:34.8125195Z pkg-config is already the newest version (1.8.1-2build1).
2025-05-12T08:33:34.8126044Z 0 upgraded, 0 newly installed, 0 to remove and 20 not upgraded.
2025-05-12T08:33:34.8362456Z Reading package lists...
2025-05-12T08:33:34.9781773Z Building dependency tree...
2025-05-12T08:33:34.9789861Z Reading state information...
2025-05-12T08:33:35.1503984Z zlib1g-dev is already the newest version (1:1.3.dfsg-3.1ubuntu2.1).
2025-05-12T08:33:35.1504799Z libncurses-dev is already the newest version (6.4+20240113-1ubuntu2).
2025-05-12T08:33:35.1505544Z libncurses-dev set to manually installed.
2025-05-12T08:33:35.1506256Z 0 upgraded, 0 newly installed, 0 to remove and 20 not upgraded.
2025-05-12T08:33:35.1740224Z Reading package lists...
2025-05-12T08:33:35.3241026Z Building dependency tree...
2025-05-12T08:33:35.3248591Z Reading state information...
2025-05-12T08:33:35.4747568Z libffi-dev is already the newest version (3.4.6-1build1).
2025-05-12T08:33:35.4748453Z libffi-dev set to manually installed.
2025-05-12T08:33:35.4749896Z libssl-dev is already the newest version (3.0.13-0ubuntu3.5).
2025-05-12T08:33:35.4750833Z The following additional packages will be installed:
2025-05-12T08:33:35.4754730Z   cmake-data libjsoncpp25 librhash0
2025-05-12T08:33:35.4761973Z Suggested packages:
2025-05-12T08:33:35.4762940Z   cmake-doc cmake-format elpa-cmake-mode ninja-build
2025-05-12T08:33:35.4940117Z The following NEW packages will be installed:
2025-05-12T08:33:35.4946935Z   cmake cmake-data libjsoncpp25 librhash0
2025-05-12T08:33:35.5113077Z 0 upgraded, 4 newly installed, 0 to remove and 20 not upgraded.
2025-05-12T08:33:35.5113589Z Need to get 13.6 MB of archives.
2025-05-12T08:33:35.5113960Z After this operation, 49.1 MB of additional disk space will be used.
2025-05-12T08:33:35.5114485Z Get:1 file:/etc/apt/apt-mirrors.txt Mirrorlist [144 B]
2025-05-12T08:33:35.5781512Z Get:2 http://azure.archive.ubuntu.com/ubuntu noble/main amd64 libjsoncpp25 amd64 1.9.5-6build1 [82.8 kB]
2025-05-12T08:33:35.5957908Z Get:3 http://azure.archive.ubuntu.com/ubuntu noble/main amd64 librhash0 amd64 1.4.3-3build1 [129 kB]
2025-05-12T08:33:35.6158512Z Get:4 http://azure.archive.ubuntu.com/ubuntu noble/main amd64 cmake-data all 3.28.3-1build7 [2155 kB]
2025-05-12T08:33:35.6729771Z Get:5 http://azure.archive.ubuntu.com/ubuntu noble/main amd64 cmake amd64 3.28.3-1build7 [11.2 MB]
2025-05-12T08:33:36.0528592Z Fetched 13.6 MB in 0s (45.5 MB/s)
2025-05-12T08:33:36.0748272Z Selecting previously unselected package libjsoncpp25:amd64.
2025-05-12T08:33:36.0918865Z (Reading database ... 
2025-05-12T08:33:36.0919356Z (Reading database ... 5%
2025-05-12T08:33:36.0919848Z (Reading database ... 10%
2025-05-12T08:33:36.0920323Z (Reading database ... 15%
2025-05-12T08:33:36.0920780Z (Reading database ... 20%
2025-05-12T08:33:36.0921114Z (Reading database ... 25%
2025-05-12T08:33:36.0921401Z (Reading database ... 30%
2025-05-12T08:33:36.0922005Z (Reading database ... 35%
2025-05-12T08:33:36.0922328Z (Reading database ... 40%
2025-05-12T08:33:36.0922611Z (Reading database ... 45%
2025-05-12T08:33:36.0922965Z (Reading database ... 50%
2025-05-12T08:33:36.1032602Z (Reading database ... 55%
2025-05-12T08:33:36.1138695Z (Reading database ... 60%
2025-05-12T08:33:36.1264390Z (Reading database ... 65%
2025-05-12T08:33:36.1358871Z (Reading database ... 70%
2025-05-12T08:33:36.1500008Z (Reading database ... 75%
2025-05-12T08:33:36.1609977Z (Reading database ... 80%
2025-05-12T08:33:36.1901450Z (Reading database ... 85%
2025-05-12T08:33:36.2239072Z (Reading database ... 90%
2025-05-12T08:33:36.2417891Z (Reading database ... 95%
2025-05-12T08:33:36.2418556Z (Reading database ... 100%
2025-05-12T08:33:36.2419302Z (Reading database ... 222550 files and directories currently installed.)
2025-05-12T08:33:36.2462579Z Preparing to unpack .../libjsoncpp25_1.9.5-6build1_amd64.deb ...
2025-05-12T08:33:36.2508765Z Unpacking libjsoncpp25:amd64 (1.9.5-6build1) ...
2025-05-12T08:33:36.2762994Z Selecting previously unselected package librhash0:amd64.
2025-05-12T08:33:36.2900881Z Preparing to unpack .../librhash0_1.4.3-3build1_amd64.deb ...
2025-05-12T08:33:36.2911783Z Unpacking librhash0:amd64 (1.4.3-3build1) ...
2025-05-12T08:33:36.3171939Z Selecting previously unselected package cmake-data.
2025-05-12T08:33:36.3310811Z Preparing to unpack .../cmake-data_3.28.3-1build7_all.deb ...
2025-05-12T08:33:36.3380892Z Unpacking cmake-data (3.28.3-1build7) ...
2025-05-12T08:33:36.9143043Z Selecting previously unselected package cmake.
2025-05-12T08:33:36.9297965Z Preparing to unpack .../cmake_3.28.3-1build7_amd64.deb ...
2025-05-12T08:33:36.9308634Z Unpacking cmake (3.28.3-1build7) ...
2025-05-12T08:33:37.1186876Z Setting up libjsoncpp25:amd64 (1.9.5-6build1) ...
2025-05-12T08:33:37.1214935Z Setting up librhash0:amd64 (1.4.3-3build1) ...
2025-05-12T08:33:37.1241111Z Setting up cmake-data (3.28.3-1build7) ...
2025-05-12T08:33:37.1313447Z Setting up cmake (3.28.3-1build7) ...
2025-05-12T08:33:37.1342535Z Processing triggers for man-db (2.12.0-4build2) ...
2025-05-12T08:33:42.8018944Z Processing triggers for libc-bin (2.39-0ubuntu8.4) ...
2025-05-12T08:33:43.4855762Z 
2025-05-12T08:33:43.4856354Z Running kernel seems to be up-to-date.
2025-05-12T08:33:43.4857111Z 
2025-05-12T08:33:43.4857298Z No services need to be restarted.
2025-05-12T08:33:43.4857621Z 
2025-05-12T08:33:43.4859163Z No containers need to be restarted.
2025-05-12T08:33:43.4859477Z 
2025-05-12T08:33:43.4859660Z No user sessions are running outdated binaries.
2025-05-12T08:33:43.4859976Z 
2025-05-12T08:33:43.4860261Z No VM guests are running outdated hypervisor (qemu) binaries on this host.
2025-05-12T08:33:44.3255409Z Reading package lists...
2025-05-12T08:33:44.4638084Z Building dependency tree...
2025-05-12T08:33:44.4645955Z Reading state information...
2025-05-12T08:33:44.6075136Z python3-dev is already the newest version (3.12.3-0ubuntu2).
2025-05-12T08:33:44.6075824Z python3-venv is already the newest version (3.12.3-0ubuntu2).
2025-05-12T08:33:44.6076322Z Suggested packages:
2025-05-12T08:33:44.6076903Z   libtool-doc
2025-05-12T08:33:44.6228186Z The following NEW packages will be installed:
2025-05-12T08:33:44.6235923Z   build-essential libltdl-dev
2025-05-12T08:33:44.6409683Z 0 upgraded, 2 newly installed, 0 to remove and 20 not upgraded.
2025-05-12T08:33:44.6410363Z Need to get 173 kB of archives.
2025-05-12T08:33:44.6410929Z After this operation, 980 kB of additional disk space will be used.
2025-05-12T08:33:44.6411375Z Get:1 file:/etc/apt/apt-mirrors.txt Mirrorlist [144 B]
2025-05-12T08:33:44.6700408Z Get:2 http://azure.archive.ubuntu.com/ubuntu noble/main amd64 build-essential amd64 12.10ubuntu1 [4928 B]
2025-05-12T08:33:44.6829514Z Get:3 http://azure.archive.ubuntu.com/ubuntu noble/main amd64 libltdl-dev amd64 2.4.7-7build1 [168 kB]
2025-05-12T08:33:44.9331111Z Fetched 173 kB in 0s (3190 kB/s)
2025-05-12T08:33:44.9510668Z Selecting previously unselected package build-essential.
2025-05-12T08:33:44.9567348Z (Reading database ... 
2025-05-12T08:33:44.9567885Z (Reading database ... 5%
2025-05-12T08:33:44.9568432Z (Reading database ... 10%
2025-05-12T08:33:44.9568795Z (Reading database ... 15%
2025-05-12T08:33:44.9569108Z (Reading database ... 20%
2025-05-12T08:33:44.9569427Z (Reading database ... 25%
2025-05-12T08:33:44.9569738Z (Reading database ... 30%
2025-05-12T08:33:44.9570042Z (Reading database ... 35%
2025-05-12T08:33:44.9570347Z (Reading database ... 40%
2025-05-12T08:33:44.9570649Z (Reading database ... 45%
2025-05-12T08:33:44.9570959Z (Reading database ... 50%
2025-05-12T08:33:44.9645257Z (Reading database ... 55%
2025-05-12T08:33:44.9665560Z (Reading database ... 60%
2025-05-12T08:33:44.9693757Z (Reading database ... 65%
2025-05-12T08:33:44.9709865Z (Reading database ... 70%
2025-05-12T08:33:44.9758306Z (Reading database ... 75%
2025-05-12T08:33:44.9783586Z (Reading database ... 80%
2025-05-12T08:33:44.9961926Z (Reading database ... 85%
2025-05-12T08:33:45.0184353Z (Reading database ... 90%
2025-05-12T08:33:45.0273386Z (Reading database ... 95%
2025-05-12T08:33:45.0273878Z (Reading database ... 100%
2025-05-12T08:33:45.0274525Z (Reading database ... 225959 files and directories currently installed.)
2025-05-12T08:33:45.0315203Z Preparing to unpack .../build-essential_12.10ubuntu1_amd64.deb ...
2025-05-12T08:33:45.0323867Z Unpacking build-essential (12.10ubuntu1) ...
2025-05-12T08:33:45.0533426Z Selecting previously unselected package libltdl-dev:amd64.
2025-05-12T08:33:45.0668922Z Preparing to unpack .../libltdl-dev_2.4.7-7build1_amd64.deb ...
2025-05-12T08:33:45.0677584Z Unpacking libltdl-dev:amd64 (2.4.7-7build1) ...
2025-05-12T08:33:45.1151136Z Setting up libltdl-dev:amd64 (2.4.7-7build1) ...
2025-05-12T08:33:45.1172859Z Setting up build-essential (12.10ubuntu1) ...
2025-05-12T08:33:45.7465333Z 
2025-05-12T08:33:45.7465905Z Running kernel seems to be up-to-date.
2025-05-12T08:33:45.7466448Z 
2025-05-12T08:33:45.7466887Z No services need to be restarted.
2025-05-12T08:33:45.7467322Z 
2025-05-12T08:33:45.7467505Z No containers need to be restarted.
2025-05-12T08:33:45.7467795Z 
2025-05-12T08:33:45.7468002Z No user sessions are running outdated binaries.
2025-05-12T08:33:45.7468683Z 
2025-05-12T08:33:45.7469019Z No VM guests are running outdated hypervisor (qemu) binaries on this host.
2025-05-12T08:33:46.5269912Z Reading package lists...
2025-05-12T08:33:46.6675442Z Building dependency tree...
2025-05-12T08:33:46.6683241Z Reading state information...
2025-05-12T08:33:46.8121819Z The following additional packages will be installed:
2025-05-12T08:33:46.8126895Z   libnspr4-dev
2025-05-12T08:33:46.8271927Z The following NEW packages will be installed:
2025-05-12T08:33:46.8276270Z   libnspr4-dev libnss3-dev libnss3-tools
2025-05-12T08:33:46.8441249Z 0 upgraded, 3 newly installed, 0 to remove and 20 not upgraded.
2025-05-12T08:33:46.8441845Z Need to get 1088 kB of archives.
2025-05-12T08:33:46.8442376Z After this operation, 4860 kB of additional disk space will be used.
2025-05-12T08:33:46.8443025Z Get:1 file:/etc/apt/apt-mirrors.txt Mirrorlist [144 B]
2025-05-12T08:33:46.8731103Z Get:2 http://azure.archive.ubuntu.com/ubuntu noble/main amd64 libnspr4-dev amd64 2:4.35-1.1build1 [219 kB]
2025-05-12T08:33:46.8895715Z Get:3 http://azure.archive.ubuntu.com/ubuntu noble/main amd64 libnss3-dev amd64 2:3.98-1build1 [253 kB]
2025-05-12T08:33:46.9052821Z Get:4 http://azure.archive.ubuntu.com/ubuntu noble/main amd64 libnss3-tools amd64 2:3.98-1build1 [615 kB]
2025-05-12T08:33:47.1644905Z Fetched 1088 kB in 0s (13.0 MB/s)
2025-05-12T08:33:47.1829241Z Selecting previously unselected package libnspr4-dev.
2025-05-12T08:33:47.1884628Z (Reading database ... 
2025-05-12T08:33:47.1885506Z (Reading database ... 5%
2025-05-12T08:33:47.1885889Z (Reading database ... 10%
2025-05-12T08:33:47.1886216Z (Reading database ... 15%
2025-05-12T08:33:47.1886704Z (Reading database ... 20%
2025-05-12T08:33:47.1887010Z (Reading database ... 25%
2025-05-12T08:33:47.1887314Z (Reading database ... 30%
2025-05-12T08:33:47.1887615Z (Reading database ... 35%
2025-05-12T08:33:47.1887917Z (Reading database ... 40%
2025-05-12T08:33:47.1888229Z (Reading database ... 45%
2025-05-12T08:33:47.1888525Z (Reading database ... 50%
2025-05-12T08:33:47.1962873Z (Reading database ... 55%
2025-05-12T08:33:47.1982621Z (Reading database ... 60%
2025-05-12T08:33:47.2010631Z (Reading database ... 65%
2025-05-12T08:33:47.2026387Z (Reading database ... 70%
2025-05-12T08:33:47.2075169Z (Reading database ... 75%
2025-05-12T08:33:47.2100475Z (Reading database ... 80%
2025-05-12T08:33:47.2276905Z (Reading database ... 85%
2025-05-12T08:33:47.2497846Z (Reading database ... 90%
2025-05-12T08:33:47.2584582Z (Reading database ... 95%
2025-05-12T08:33:47.2585051Z (Reading database ... 100%
2025-05-12T08:33:47.2585656Z (Reading database ... 226015 files and directories currently installed.)
2025-05-12T08:33:47.2624755Z Preparing to unpack .../libnspr4-dev_2%3a4.35-1.1build1_amd64.deb ...
2025-05-12T08:33:47.2636308Z Unpacking libnspr4-dev (2:4.35-1.1build1) ...
2025-05-12T08:33:47.3001353Z Selecting previously unselected package libnss3-dev:amd64.
2025-05-12T08:33:47.3135521Z Preparing to unpack .../libnss3-dev_2%3a3.98-1build1_amd64.deb ...
2025-05-12T08:33:47.3143707Z Unpacking libnss3-dev:amd64 (2:3.98-1build1) ...
2025-05-12T08:33:47.3527624Z Selecting previously unselected package libnss3-tools.
2025-05-12T08:33:47.3664023Z Preparing to unpack .../libnss3-tools_2%3a3.98-1build1_amd64.deb ...
2025-05-12T08:33:47.3671952Z Unpacking libnss3-tools (2:3.98-1build1) ...
2025-05-12T08:33:47.4213238Z Setting up libnspr4-dev (2:4.35-1.1build1) ...
2025-05-12T08:33:47.4234916Z Setting up libnss3-dev:amd64 (2:3.98-1build1) ...
2025-05-12T08:33:47.4255365Z Setting up libnss3-tools (2:3.98-1build1) ...
2025-05-12T08:33:47.4276669Z Processing triggers for man-db (2.12.0-4build2) ...
2025-05-12T08:33:52.0078502Z 
2025-05-12T08:33:52.0079249Z Running kernel seems to be up-to-date.
2025-05-12T08:33:52.0079631Z 
2025-05-12T08:33:52.0079793Z No services need to be restarted.
2025-05-12T08:33:52.0080076Z 
2025-05-12T08:33:52.0080241Z No containers need to be restarted.
2025-05-12T08:33:52.0080522Z 
2025-05-12T08:33:52.0080713Z No user sessions are running outdated binaries.
2025-05-12T08:33:52.0081403Z 
2025-05-12T08:33:52.0081728Z No VM guests are running outdated hypervisor (qemu) binaries on this host.
2025-05-12T08:33:52.7524153Z ##[group]Run pip config set global.index-url https://pypi.org/simple/
2025-05-12T08:33:52.7524670Z [36;1mpip config set global.index-url https://pypi.org/simple/[0m
2025-05-12T08:33:52.7525098Z [36;1mpip config set global.trusted-host pypi.org[0m
2025-05-12T08:33:52.7551579Z shell: /usr/bin/bash -e {0}
2025-05-12T08:33:52.7551812Z env:
2025-05-12T08:33:52.7552109Z   JAVA_HOME: /opt/hostedtoolcache/Java_Temurin-Hotspot_jdk/17.0.15-6/x64
2025-05-12T08:33:52.7552593Z   JAVA_HOME_17_X64: /opt/hostedtoolcache/Java_Temurin-Hotspot_jdk/17.0.15-6/x64
2025-05-12T08:33:52.7553024Z   pythonLocation: /opt/hostedtoolcache/Python/3.10.17/x64
2025-05-12T08:33:52.7553440Z   PKG_CONFIG_PATH: /opt/hostedtoolcache/Python/3.10.17/x64/lib/pkgconfig
2025-05-12T08:33:52.7553836Z   Python_ROOT_DIR: /opt/hostedtoolcache/Python/3.10.17/x64
2025-05-12T08:33:52.7554210Z   Python2_ROOT_DIR: /opt/hostedtoolcache/Python/3.10.17/x64
2025-05-12T08:33:52.7554592Z   Python3_ROOT_DIR: /opt/hostedtoolcache/Python/3.10.17/x64
2025-05-12T08:33:52.7554944Z   LD_LIBRARY_PATH: /opt/hostedtoolcache/Python/3.10.17/x64/lib
2025-05-12T08:33:52.7555251Z ##[endgroup]
2025-05-12T08:33:52.9625297Z Writing to /home/runner/.config/pip/pip.conf
2025-05-12T08:33:53.1391829Z Writing to /home/runner/.config/pip/pip.conf
2025-05-12T08:33:53.1653192Z ##[group]Run python -m pip install --upgrade pip setuptools
2025-05-12T08:33:53.1653936Z [36;1mpython -m pip install --upgrade pip setuptools[0m
2025-05-12T08:33:53.1654694Z [36;1mpip install buildozer==1.5.1 kivy==2.3.1 requests==2.25.1 cython==0.29.36 certifi[0m
2025-05-12T08:33:53.1655386Z [36;1mpip install python-for-android[0m
2025-05-12T08:33:53.1693006Z shell: /usr/bin/bash -e {0}
2025-05-12T08:33:53.1693391Z env:
2025-05-12T08:33:53.1693869Z   JAVA_HOME: /opt/hostedtoolcache/Java_Temurin-Hotspot_jdk/17.0.15-6/x64
2025-05-12T08:33:53.1694698Z   JAVA_HOME_17_X64: /opt/hostedtoolcache/Java_Temurin-Hotspot_jdk/17.0.15-6/x64
2025-05-12T08:33:53.1695431Z   pythonLocation: /opt/hostedtoolcache/Python/3.10.17/x64
2025-05-12T08:33:53.1696182Z   PKG_CONFIG_PATH: /opt/hostedtoolcache/Python/3.10.17/x64/lib/pkgconfig
2025-05-12T08:33:53.1697076Z   Python_ROOT_DIR: /opt/hostedtoolcache/Python/3.10.17/x64
2025-05-12T08:33:53.1697700Z   Python2_ROOT_DIR: /opt/hostedtoolcache/Python/3.10.17/x64
2025-05-12T08:33:53.1698298Z   Python3_ROOT_DIR: /opt/hostedtoolcache/Python/3.10.17/x64
2025-05-12T08:33:53.1698908Z   LD_LIBRARY_PATH: /opt/hostedtoolcache/Python/3.10.17/x64/lib
2025-05-12T08:33:53.1699436Z ##[endgroup]
2025-05-12T08:33:53.5763978Z Looking in indexes: https://pypi.org/simple/
2025-05-12T08:33:53.5776306Z Requirement already satisfied: pip in /opt/hostedtoolcache/Python/3.10.17/x64/lib/python3.10/site-packages (25.1.1)
2025-05-12T08:33:53.6310742Z Requirement already satisfied: setuptools in /opt/hostedtoolcache/Python/3.10.17/x64/lib/python3.10/site-packages (65.5.0)
2025-05-12T08:33:53.7832861Z Collecting setuptools
2025-05-12T08:33:53.8193976Z   Downloading setuptools-80.4.0-py3-none-any.whl.metadata (6.5 kB)
2025-05-12T08:33:53.8404814Z Downloading setuptools-80.4.0-py3-none-any.whl (1.2 MB)
2025-05-12T08:33:53.8738158Z    ââââââââââââââââââââââââââââââââââââââââ 1.2/1.2 MB 52.2 MB/s eta 0:00:00
2025-05-12T08:33:53.9067893Z Installing collected packages: setuptools
2025-05-12T08:33:53.9070485Z   Attempting uninstall: setuptools
2025-05-12T08:33:53.9077008Z     Found existing installation: setuptools 65.5.0
2025-05-12T08:33:53.9310945Z     Uninstalling setuptools-65.5.0:
2025-05-12T08:33:53.9414408Z       Successfully uninstalled setuptools-65.5.0
2025-05-12T08:33:54.6168271Z Successfully installed setuptools-80.4.0
2025-05-12T08:33:55.0378060Z Looking in indexes: https://pypi.org/simple/
2025-05-12T08:33:55.0658831Z ERROR: Could not find a version that satisfies the requirement buildozer==1.5.1 (from versions: 0.1, 0.2, 0.4, 0.5, 0.6, 0.7, 0.8, 0.9, 0.10, 0.11, 0.12, 0.13, 0.14, 0.15, 0.16, 0.17, 0.18, 0.19, 0.21, 0.22, 0.23, 0.24, 0.25, 0.26, 0.27, 0.29, 0.30, 0.31, 0.32, 0.33, 0.34, 0.35, 0.36, 0.37, 0.38, 0.39, 1.0, 1.1.0, 1.2.0, 1.3.0, 1.4.0, 1.5.0)
2025-05-12T08:33:55.0666258Z ERROR: No matching distribution found for buildozer==1.5.1
2025-05-12T08:33:55.1053447Z ##[error]Process completed with exit code 1.
2025-05-12T08:33:55.1124517Z ##[group]Run if [ -f build.log ]; then
2025-05-12T08:33:55.1124864Z [36;1mif [ -f build.log ]; then[0m
2025-05-12T08:33:55.1125178Z [36;1m  echo "Build log exists, checking for errors..."[0m
2025-05-12T08:33:55.1125542Z [36;1m  if grep -q -E "ERROR:|FAILED" build.log; then[0m
2025-05-12T08:33:55.1125862Z [36;1m    echo "Errors found in build log:"[0m
2025-05-12T08:33:55.1126160Z [36;1m    grep -E "ERROR:|FAILED" build.log[0m
2025-05-12T08:33:55.1126427Z [36;1m    exit 1[0m
2025-05-12T08:33:55.1126777Z [36;1m  else[0m
2025-05-12T08:33:55.1127017Z [36;1m    echo "No critical errors found in build log"[0m
2025-05-12T08:33:55.1127320Z [36;1m  fi[0m
2025-05-12T08:33:55.1127503Z [36;1melse[0m
2025-05-12T08:33:55.1127700Z [36;1m  echo "No build log found"[0m
2025-05-12T08:33:55.1127945Z [36;1m  exit 1[0m
2025-05-12T08:33:55.1128133Z [36;1mfi[0m
2025-05-12T08:33:55.1153443Z shell: /usr/bin/bash -e {0}
2025-05-12T08:33:55.1153679Z env:
2025-05-12T08:33:55.1154014Z   JAVA_HOME: /opt/hostedtoolcache/Java_Temurin-Hotspot_jdk/17.0.15-6/x64
2025-05-12T08:33:55.1154500Z   JAVA_HOME_17_X64: /opt/hostedtoolcache/Java_Temurin-Hotspot_jdk/17.0.15-6/x64
2025-05-12T08:33:55.1154949Z   pythonLocation: /opt/hostedtoolcache/Python/3.10.17/x64
2025-05-12T08:33:55.1155378Z   PKG_CONFIG_PATH: /opt/hostedtoolcache/Python/3.10.17/x64/lib/pkgconfig
2025-05-12T08:33:55.1155788Z   Python_ROOT_DIR: /opt/hostedtoolcache/Python/3.10.17/x64
2025-05-12T08:33:55.1156161Z   Python2_ROOT_DIR: /opt/hostedtoolcache/Python/3.10.17/x64
2025-05-12T08:33:55.1156690Z   Python3_ROOT_DIR: /opt/hostedtoolcache/Python/3.10.17/x64
2025-05-12T08:33:55.1157073Z   LD_LIBRARY_PATH: /opt/hostedtoolcache/Python/3.10.17/x64/lib
2025-05-12T08:33:55.1157390Z ##[endgroup]
2025-05-12T08:33:55.1205785Z No build log found
2025-05-12T08:33:55.1209324Z ##[error]Process completed with exit code 1.
2025-05-12T08:33:55.1255076Z ##[group]Run actions/upload-artifact@v4
2025-05-12T08:33:55.1255343Z with:
2025-05-12T08:33:55.1255509Z   name: build-log
2025-05-12T08:33:55.1255689Z   path: build.log
2025-05-12T08:33:55.1255863Z   retention-days: 1
2025-05-12T08:33:55.1256054Z   if-no-files-found: warn
2025-05-12T08:33:55.1256264Z   compression-level: 6
2025-05-12T08:33:55.1256450Z   overwrite: false
2025-05-12T08:33:55.1256843Z   include-hidden-files: false
2025-05-12T08:33:55.1257048Z env:
2025-05-12T08:33:55.1257346Z   JAVA_HOME: /opt/hostedtoolcache/Java_Temurin-Hotspot_jdk/17.0.15-6/x64
2025-05-12T08:33:55.1257791Z   JAVA_HOME_17_X64: /opt/hostedtoolcache/Java_Temurin-Hotspot_jdk/17.0.15-6/x64
2025-05-12T08:33:55.1258189Z   pythonLocation: /opt/hostedtoolcache/Python/3.10.17/x64
2025-05-12T08:33:55.1258764Z   PKG_CONFIG_PATH: /opt/hostedtoolcache/Python/3.10.17/x64/lib/pkgconfig
2025-05-12T08:33:55.1259143Z   Python_ROOT_DIR: /opt/hostedtoolcache/Python/3.10.17/x64
2025-05-12T08:33:55.1259528Z   Python2_ROOT_DIR: /opt/hostedtoolcache/Python/3.10.17/x64
2025-05-12T08:33:55.1259865Z   Python3_ROOT_DIR: /opt/hostedtoolcache/Python/3.10.17/x64
2025-05-12T08:33:55.1260207Z   LD_LIBRARY_PATH: /opt/hostedtoolcache/Python/3.10.17/x64/lib
2025-05-12T08:33:55.1260492Z ##[endgroup]
2025-05-12T08:33:55.3386145Z ##[warning]No files were found with the provided path: build.log. No artifacts will be uploaded.
2025-05-12T08:33:55.3554062Z Post job cleanup.
2025-05-12T08:33:55.5300013Z Post job cleanup.
2025-05-12T08:33:55.6230327Z [command]/usr/bin/git version
2025-05-12T08:33:55.6267184Z git version 2.49.0
2025-05-12T08:33:55.6315985Z Temporarily overriding HOME='/home/runner/work/_temp/d7384b42-868e-42d6-8616-9c0c48b10afe' before making global git config changes
2025-05-12T08:33:55.6317477Z Adding repository directory to the temporary git global config as a safe directory
2025-05-12T08:33:55.6329656Z [command]/usr/bin/git config --global --add safe.directory /home/runner/work/weatherapp/weatherapp
2025-05-12T08:33:55.6365973Z [command]/usr/bin/git config --local --name-only --get-regexp core\.sshCommand
2025-05-12T08:33:55.6399741Z [command]/usr/bin/git submodule foreach --recursive sh -c "git config --local --name-only --get-regexp 'core\.sshCommand' && git config --local --unset-all 'core.sshCommand' || :"
2025-05-12T08:33:55.6631523Z [command]/usr/bin/git config --local --name-only --get-regexp http\.https\:\/\/github\.com\/\.extraheader
2025-05-12T08:33:55.6655089Z http.https://github.com/.extraheader
2025-05-12T08:33:55.6667728Z [command]/usr/bin/git config --local --unset-all http.https://github.com/.extraheader
2025-05-12T08:33:55.6698597Z [command]/usr/bin/git submodule foreach --recursive sh -c "git config --local --name-only --get-regexp 'http\.https\:\/\/github\.com\/\.extraheader' && git config --local --unset-all 'http.https://github.com/.extraheader' || :"
2025-05-12T08:33:55.7024806Z Cleaning up orphan processes
