Ã¯Â»Â¿2025-05-12T06:53:09.2743508Z Current runner version: '2.323.0'
2025-05-12T06:53:09.2771452Z ##[group]Operating System
2025-05-12T06:53:09.2772232Z Ubuntu
2025-05-12T06:53:09.2772667Z 24.04.2
2025-05-12T06:53:09.2773266Z LTS
2025-05-12T06:53:09.2773719Z ##[endgroup]
2025-05-12T06:53:09.2774228Z ##[group]Runner Image
2025-05-12T06:53:09.2774912Z Image: ubuntu-24.04
2025-05-12T06:53:09.2775598Z Version: 20250504.1.0
2025-05-12T06:53:09.2776606Z Included Software: https://github.com/actions/runner-images/blob/ubuntu24/20250504.1/images/ubuntu/Ubuntu2404-Readme.md
2025-05-12T06:53:09.2778064Z Image Release: https://github.com/actions/runner-images/releases/tag/ubuntu24%2F20250504.1
2025-05-12T06:53:09.2778920Z ##[endgroup]
2025-05-12T06:53:09.2779579Z ##[group]Runner Image Provisioner
2025-05-12T06:53:09.2780216Z 2.0.422.1
2025-05-12T06:53:09.2780672Z ##[endgroup]
2025-05-12T06:53:09.2781699Z ##[group]GITHUB_TOKEN Permissions
2025-05-12T06:53:09.2783773Z Contents: write
2025-05-12T06:53:09.2784323Z Metadata: read
2025-05-12T06:53:09.2785072Z ##[endgroup]
2025-05-12T06:53:09.2787339Z Secret source: Actions
2025-05-12T06:53:09.2788147Z Prepare workflow directory
2025-05-12T06:53:09.3118337Z Prepare all required actions
2025-05-12T06:53:09.3156705Z Getting action download info
2025-05-12T06:53:09.7610856Z ##[group]Download immutable action package 'actions/checkout@v4'
2025-05-12T06:53:09.7611855Z Version: 4.2.2
2025-05-12T06:53:09.7612797Z Digest: sha256:ccb2698953eaebd21c7bf6268a94f9c26518a7e38e27e0b83c1fe1ad049819b1
2025-05-12T06:53:09.7614069Z Source commit SHA: 11bd71901bbe5b1630ceea73d27597364c9af683
2025-05-12T06:53:09.7614821Z ##[endgroup]
2025-05-12T06:53:09.8468202Z ##[group]Download immutable action package 'actions/setup-java@v3'
2025-05-12T06:53:09.8469112Z Version: 3.14.1
2025-05-12T06:53:09.8469815Z Digest: sha256:0f5994bd85f236d7525048fec5b0b7b3ec7474ec50184c8f78a320717cfb3d51
2025-05-12T06:53:09.8470851Z Source commit SHA: 17f84c3641ba7b8f6deff6309fc4c864478f5d62
2025-05-12T06:53:09.8471632Z ##[endgroup]
2025-05-12T06:53:10.0566289Z ##[group]Download immutable action package 'actions/setup-python@v5'
2025-05-12T06:53:10.0567040Z Version: 5.6.0
2025-05-12T06:53:10.0567687Z Digest: sha256:0b35a0c11c97499e4e0576589036d450b9f5f9da74b7774225b3614b57324404
2025-05-12T06:53:10.0568575Z Source commit SHA: a26af69be951a213d495a4c3e4e4022e16d87065
2025-05-12T06:53:10.0569204Z ##[endgroup]
2025-05-12T06:53:10.2323426Z Download action repository 'android-actions/setup-android@v3' (SHA:9fc6c4e9069bf8d3d10b2204b1fb8f6ef7065407)
2025-05-12T06:53:10.3878949Z ##[group]Download immutable action package 'actions/upload-artifact@v4'
2025-05-12T06:53:10.3879753Z Version: 4.6.2
2025-05-12T06:53:10.3880455Z Digest: sha256:290722aa3281d5caf23d0acdc3dbeb3424786a1a01a9cc97e72f147225e37c38
2025-05-12T06:53:10.3881412Z Source commit SHA: ea165f8d65b6e75b540449e92b4886f43607fa02
2025-05-12T06:53:10.3882071Z ##[endgroup]
2025-05-12T06:53:10.5881724Z Complete job name: build
2025-05-12T06:53:10.6601006Z ##[group]Run actions/checkout@v4
2025-05-12T06:53:10.6601884Z with:
2025-05-12T06:53:10.6602295Z   repository: shelley021/weatherapp
2025-05-12T06:53:10.6602986Z   token: ***
2025-05-12T06:53:10.6603360Z   ssh-strict: true
2025-05-12T06:53:10.6603737Z   ssh-user: git
2025-05-12T06:53:10.6604124Z   persist-credentials: true
2025-05-12T06:53:10.6604565Z   clean: true
2025-05-12T06:53:10.6604944Z   sparse-checkout-cone-mode: true
2025-05-12T06:53:10.6605666Z   fetch-depth: 1
2025-05-12T06:53:10.6606041Z   fetch-tags: false
2025-05-12T06:53:10.6606436Z   show-progress: true
2025-05-12T06:53:10.6606829Z   lfs: false
2025-05-12T06:53:10.6607181Z   submodules: false
2025-05-12T06:53:10.6607567Z   set-safe-directory: true
2025-05-12T06:53:10.6608241Z ##[endgroup]
2025-05-12T06:53:10.8488790Z Syncing repository: shelley021/weatherapp
2025-05-12T06:53:10.8490465Z ##[group]Getting Git version info
2025-05-12T06:53:10.8491159Z Working directory is '/home/runner/work/weatherapp/weatherapp'
2025-05-12T06:53:10.8492180Z [command]/usr/bin/git version
2025-05-12T06:53:10.8548470Z git version 2.49.0
2025-05-12T06:53:10.8577414Z ##[endgroup]
2025-05-12T06:53:10.8601162Z Temporarily overriding HOME='/home/runner/work/_temp/96444d1a-f215-475b-a1bd-7d85fad0a175' before making global git config changes
2025-05-12T06:53:10.8603550Z Adding repository directory to the temporary git global config as a safe directory
2025-05-12T06:53:10.8608321Z [command]/usr/bin/git config --global --add safe.directory /home/runner/work/weatherapp/weatherapp
2025-05-12T06:53:10.8646259Z Deleting the contents of '/home/runner/work/weatherapp/weatherapp'
2025-05-12T06:53:10.8650309Z ##[group]Initializing the repository
2025-05-12T06:53:10.8655548Z [command]/usr/bin/git init /home/runner/work/weatherapp/weatherapp
2025-05-12T06:53:10.8721188Z hint: Using 'master' as the name for the initial branch. This default branch name
2025-05-12T06:53:10.8722708Z hint: is subject to change. To configure the initial branch name to use in all
2025-05-12T06:53:10.8724319Z hint: of your new repositories, which will suppress this warning, call:
2025-05-12T06:53:10.8725755Z hint:
2025-05-12T06:53:10.8726504Z hint: 	git config --global init.defaultBranch <name>
2025-05-12T06:53:10.8727426Z hint:
2025-05-12T06:53:10.8728204Z hint: Names commonly chosen instead of 'master' are 'main', 'trunk' and
2025-05-12T06:53:10.8729118Z hint: 'development'. The just-created branch can be renamed via this command:
2025-05-12T06:53:10.8729798Z hint:
2025-05-12T06:53:10.8730161Z hint: 	git branch -m <name>
2025-05-12T06:53:10.8730871Z Initialized empty Git repository in /home/runner/work/weatherapp/weatherapp/.git/
2025-05-12T06:53:10.8738661Z [command]/usr/bin/git remote add origin https://github.com/shelley021/weatherapp
2025-05-12T06:53:10.8771601Z ##[endgroup]
2025-05-12T06:53:10.8772322Z ##[group]Disabling automatic garbage collection
2025-05-12T06:53:10.8776011Z [command]/usr/bin/git config --local gc.auto 0
2025-05-12T06:53:10.8804222Z ##[endgroup]
2025-05-12T06:53:10.8804903Z ##[group]Setting up auth
2025-05-12T06:53:10.8811698Z [command]/usr/bin/git config --local --name-only --get-regexp core\.sshCommand
2025-05-12T06:53:10.8844582Z [command]/usr/bin/git submodule foreach --recursive sh -c "git config --local --name-only --get-regexp 'core\.sshCommand' && git config --local --unset-all 'core.sshCommand' || :"
2025-05-12T06:53:10.9167802Z [command]/usr/bin/git config --local --name-only --get-regexp http\.https\:\/\/github\.com\/\.extraheader
2025-05-12T06:53:10.9201515Z [command]/usr/bin/git submodule foreach --recursive sh -c "git config --local --name-only --get-regexp 'http\.https\:\/\/github\.com\/\.extraheader' && git config --local --unset-all 'http.https://github.com/.extraheader' || :"
2025-05-12T06:53:10.9430494Z [command]/usr/bin/git config --local http.https://github.com/.extraheader AUTHORIZATION: basic ***
2025-05-12T06:53:10.9474292Z ##[endgroup]
2025-05-12T06:53:10.9475403Z ##[group]Fetching the repository
2025-05-12T06:53:10.9483831Z [command]/usr/bin/git -c protocol.version=2 fetch --no-tags --prune --no-recurse-submodules --depth=1 origin +36fdf4637e05f2aad2b5dea222e23f177ce156c5:refs/remotes/origin/main
2025-05-12T06:53:11.2464323Z From https://github.com/shelley021/weatherapp
2025-05-12T06:53:11.2465841Z  * [new ref]         36fdf4637e05f2aad2b5dea222e23f177ce156c5 -> origin/main
2025-05-12T06:53:11.2496841Z ##[endgroup]
2025-05-12T06:53:11.2497585Z ##[group]Determining the checkout info
2025-05-12T06:53:11.2499160Z ##[endgroup]
2025-05-12T06:53:11.2504443Z [command]/usr/bin/git sparse-checkout disable
2025-05-12T06:53:11.2544151Z [command]/usr/bin/git config --local --unset-all extensions.worktreeConfig
2025-05-12T06:53:11.2581370Z ##[group]Checking out the ref
2025-05-12T06:53:11.2582218Z [command]/usr/bin/git checkout --progress --force -B main refs/remotes/origin/main
2025-05-12T06:53:11.2686120Z Switched to a new branch 'main'
2025-05-12T06:53:11.2688217Z branch 'main' set up to track 'origin/main'.
2025-05-12T06:53:11.2695977Z ##[endgroup]
2025-05-12T06:53:11.2737347Z [command]/usr/bin/git log -1 --format=%H
2025-05-12T06:53:11.2795003Z 36fdf4637e05f2aad2b5dea222e23f177ce156c5
2025-05-12T06:53:11.3125681Z ##[group]Run actions/setup-java@v3
2025-05-12T06:53:11.3126345Z with:
2025-05-12T06:53:11.3126740Z   distribution: temurin
2025-05-12T06:53:11.3127182Z   java-version: 17
2025-05-12T06:53:11.3127602Z   java-package: jdk
2025-05-12T06:53:11.3128025Z   check-latest: false
2025-05-12T06:53:11.3128449Z   server-id: github
2025-05-12T06:53:11.3128884Z   server-username: GITHUB_ACTOR
2025-05-12T06:53:11.3129377Z   server-password: GITHUB_TOKEN
2025-05-12T06:53:11.3129869Z   overwrite-settings: true
2025-05-12T06:53:11.3130325Z   job-status: success
2025-05-12T06:53:11.3130933Z   token: ***
2025-05-12T06:53:11.3131337Z ##[endgroup]
2025-05-12T06:53:11.5145518Z ##[group]Installed distributions
2025-05-12T06:53:11.5190098Z Resolved Java 17.0.15+6 from tool-cache
2025-05-12T06:53:11.5191377Z Setting Java 17.0.15+6 as the default
2025-05-12T06:53:11.5204736Z Creating toolchains.xml for JDK version 17 from temurin
2025-05-12T06:53:11.5282994Z Writing to /home/runner/.m2/toolchains.xml
2025-05-12T06:53:11.5284022Z 
2025-05-12T06:53:11.5284403Z Java configuration:
2025-05-12T06:53:11.5285489Z   Distribution: temurin
2025-05-12T06:53:11.5286442Z   Version: 17.0.15+6
2025-05-12T06:53:11.5287751Z   Path: /opt/hostedtoolcache/Java_Temurin-Hotspot_jdk/17.0.15-6/x64
2025-05-12T06:53:11.5288790Z 
2025-05-12T06:53:11.5289900Z ##[endgroup]
2025-05-12T06:53:11.5310302Z Creating settings.xml with server-id: github
2025-05-12T06:53:11.5320247Z Writing to /home/runner/.m2/settings.xml
2025-05-12T06:53:11.5473969Z ##[group]Run actions/setup-python@v5
2025-05-12T06:53:11.5474556Z with:
2025-05-12T06:53:11.5474938Z   python-version: 3.10
2025-05-12T06:53:11.5475545Z   check-latest: false
2025-05-12T06:53:11.5476173Z   token: ***
2025-05-12T06:53:11.5476592Z   update-environment: true
2025-05-12T06:53:11.5477081Z   allow-prereleases: false
2025-05-12T06:53:11.5477540Z   freethreaded: false
2025-05-12T06:53:11.5477960Z env:
2025-05-12T06:53:11.5478526Z   JAVA_HOME: /opt/hostedtoolcache/Java_Temurin-Hotspot_jdk/17.0.15-6/x64
2025-05-12T06:53:11.5479466Z   JAVA_HOME_17_X64: /opt/hostedtoolcache/Java_Temurin-Hotspot_jdk/17.0.15-6/x64
2025-05-12T06:53:11.5480198Z ##[endgroup]
2025-05-12T06:53:11.7142960Z ##[group]Installed versions
2025-05-12T06:53:11.7203872Z Successfully set up CPython (3.10.17)
2025-05-12T06:53:11.7205758Z ##[endgroup]
2025-05-12T06:53:11.7317782Z ##[group]Run Ubuntu_version=$(lsb_release -rs)
2025-05-12T06:53:11.7318562Z [36;1mUbuntu_version=$(lsb_release -rs)[0m
2025-05-12T06:53:11.7319329Z [36;1mif [[ "$Ubuntu_version" == "22.04" || "$Ubuntu_version" == "24.04" ]]; then[0m
2025-05-12T06:53:11.7320053Z [36;1m  sudo apt-get update -y[0m
2025-05-12T06:53:11.7320621Z [36;1m  sudo apt-get install -y libtinfo6[0m
2025-05-12T06:53:11.7321162Z [36;1melse[0m
2025-05-12T06:53:11.7321579Z [36;1m  sudo apt-get update -y[0m
2025-05-12T06:53:11.7322119Z [36;1m  sudo apt-get install -y libtinfo5[0m
2025-05-12T06:53:11.7322654Z [36;1mfi[0m
2025-05-12T06:53:11.7352474Z shell: /usr/bin/bash -e {0}
2025-05-12T06:53:11.7352986Z env:
2025-05-12T06:53:11.7353565Z   JAVA_HOME: /opt/hostedtoolcache/Java_Temurin-Hotspot_jdk/17.0.15-6/x64
2025-05-12T06:53:11.7354537Z   JAVA_HOME_17_X64: /opt/hostedtoolcache/Java_Temurin-Hotspot_jdk/17.0.15-6/x64
2025-05-12T06:53:11.7355716Z   pythonLocation: /opt/hostedtoolcache/Python/3.10.17/x64
2025-05-12T06:53:11.7356558Z   PKG_CONFIG_PATH: /opt/hostedtoolcache/Python/3.10.17/x64/lib/pkgconfig
2025-05-12T06:53:11.7357387Z   Python_ROOT_DIR: /opt/hostedtoolcache/Python/3.10.17/x64
2025-05-12T06:53:11.7358126Z   Python2_ROOT_DIR: /opt/hostedtoolcache/Python/3.10.17/x64
2025-05-12T06:53:11.7358851Z   Python3_ROOT_DIR: /opt/hostedtoolcache/Python/3.10.17/x64
2025-05-12T06:53:11.7359599Z   LD_LIBRARY_PATH: /opt/hostedtoolcache/Python/3.10.17/x64/lib
2025-05-12T06:53:11.7360236Z ##[endgroup]
2025-05-12T06:53:11.8197363Z Get:1 file:/etc/apt/apt-mirrors.txt Mirrorlist [144 B]
2025-05-12T06:53:11.8533895Z Hit:2 http://azure.archive.ubuntu.com/ubuntu noble InRelease
2025-05-12T06:53:11.8554238Z Get:3 http://azure.archive.ubuntu.com/ubuntu noble-updates InRelease [126 kB]
2025-05-12T06:53:11.8566141Z Hit:6 https://packages.microsoft.com/repos/azure-cli noble InRelease
2025-05-12T06:53:11.8603307Z Get:7 https://packages.microsoft.com/ubuntu/24.04/prod noble InRelease [3600 B]
2025-05-12T06:53:11.8611179Z Get:4 http://azure.archive.ubuntu.com/ubuntu noble-backports InRelease [126 kB]
2025-05-12T06:53:11.8636572Z Get:5 http://azure.archive.ubuntu.com/ubuntu noble-security InRelease [126 kB]
2025-05-12T06:53:12.0363718Z Get:8 http://azure.archive.ubuntu.com/ubuntu noble-updates/main amd64 Packages [1067 kB]
2025-05-12T06:53:12.0508362Z Get:9 http://azure.archive.ubuntu.com/ubuntu noble-updates/main Translation-en [229 kB]
2025-05-12T06:53:12.0541000Z Get:10 http://azure.archive.ubuntu.com/ubuntu noble-updates/main amd64 Components [161 kB]
2025-05-12T06:53:12.0564639Z Get:11 http://azure.archive.ubuntu.com/ubuntu noble-updates/universe amd64 Packages [1063 kB]
2025-05-12T06:53:12.0640934Z Get:12 http://azure.archive.ubuntu.com/ubuntu noble-updates/universe Translation-en [269 kB]
2025-05-12T06:53:12.0674824Z Get:13 http://azure.archive.ubuntu.com/ubuntu noble-updates/universe amd64 Components [376 kB]
2025-05-12T06:53:12.0717492Z Get:14 http://azure.archive.ubuntu.com/ubuntu noble-updates/restricted amd64 Components [212 B]
2025-05-12T06:53:12.0728792Z Get:15 http://azure.archive.ubuntu.com/ubuntu noble-updates/multiverse amd64 Packages [21.7 kB]
2025-05-12T06:53:12.0746937Z Get:16 http://azure.archive.ubuntu.com/ubuntu noble-updates/multiverse amd64 Components [940 B]
2025-05-12T06:53:12.1028504Z Get:17 https://packages.microsoft.com/ubuntu/24.04/prod noble/main arm64 Packages [19.7 kB]
2025-05-12T06:53:12.1070417Z Get:18 https://packages.microsoft.com/ubuntu/24.04/prod noble/main amd64 Packages [31.4 kB]
2025-05-12T06:53:12.1408100Z Get:19 http://azure.archive.ubuntu.com/ubuntu noble-backports/main amd64 Components [7064 B]
2025-05-12T06:53:12.1908238Z Get:20 http://azure.archive.ubuntu.com/ubuntu noble-backports/universe amd64 Components [16.4 kB]
2025-05-12T06:53:12.1912913Z Get:21 http://azure.archive.ubuntu.com/ubuntu noble-backports/restricted amd64 Components [216 B]
2025-05-12T06:53:12.1919028Z Get:22 http://azure.archive.ubuntu.com/ubuntu noble-backports/multiverse amd64 Components [212 B]
2025-05-12T06:53:12.1926401Z Get:23 http://azure.archive.ubuntu.com/ubuntu noble-security/main amd64 Packages [820 kB]
2025-05-12T06:53:12.1981238Z Get:24 http://azure.archive.ubuntu.com/ubuntu noble-security/main Translation-en [152 kB]
2025-05-12T06:53:12.2007526Z Get:25 http://azure.archive.ubuntu.com/ubuntu noble-security/main amd64 Components [21.5 kB]
2025-05-12T06:53:12.2022750Z Get:26 http://azure.archive.ubuntu.com/ubuntu noble-security/universe amd64 Packages [837 kB]
2025-05-12T06:53:12.2075741Z Get:27 http://azure.archive.ubuntu.com/ubuntu noble-security/universe Translation-en [182 kB]
2025-05-12T06:53:12.2099940Z Get:28 http://azure.archive.ubuntu.com/ubuntu noble-security/universe amd64 Components [52.2 kB]
2025-05-12T06:53:12.2114913Z Get:29 http://azure.archive.ubuntu.com/ubuntu noble-security/restricted amd64 Packages [1041 kB]
2025-05-12T06:53:12.2171660Z Get:30 http://azure.archive.ubuntu.com/ubuntu noble-security/restricted Translation-en [215 kB]
2025-05-12T06:53:12.2195880Z Get:31 http://azure.archive.ubuntu.com/ubuntu noble-security/restricted amd64 Components [212 B]
2025-05-12T06:53:12.2209572Z Get:32 http://azure.archive.ubuntu.com/ubuntu noble-security/multiverse amd64 Packages [17.7 kB]
2025-05-12T06:53:12.2221433Z Get:33 http://azure.archive.ubuntu.com/ubuntu noble-security/multiverse amd64 Components [208 B]
2025-05-12T06:53:16.1786800Z Fetched 6985 kB in 1s (7320 kB/s)
2025-05-12T06:53:16.8601775Z Reading package lists...
2025-05-12T06:53:16.8928632Z Reading package lists...
2025-05-12T06:53:17.0651948Z Building dependency tree...
2025-05-12T06:53:17.0660259Z Reading state information...
2025-05-12T06:53:17.2428196Z libtinfo6 is already the newest version (6.4+20240113-1ubuntu2).
2025-05-12T06:53:17.2429348Z libtinfo6 set to manually installed.
2025-05-12T06:53:17.2429920Z 0 upgraded, 0 newly installed, 0 to remove and 20 not upgraded.
2025-05-12T06:53:17.2482917Z ##[group]Run sudo apt-get update -y
2025-05-12T06:53:17.2483268Z [36;1msudo apt-get update -y[0m
2025-05-12T06:53:17.2483651Z [36;1msudo apt-get install -y git zip unzip python3-pip autoconf libtool pkg-config[0m
2025-05-12T06:53:17.2484136Z [36;1msudo apt-get install -y zlib1g-dev libncurses5-dev libncursesw5-dev[0m
2025-05-12T06:53:17.2484539Z [36;1msudo apt-get install -y cmake libffi-dev libssl-dev[0m
2025-05-12T06:53:17.2484969Z [36;1msudo apt-get install -y libltdl-dev build-essential python3-dev python3-venv[0m
2025-05-12T06:53:17.2485717Z [36;1msudo apt-get install -y libnss3-dev libnss3-tools[0m
2025-05-12T06:53:17.2512462Z shell: /usr/bin/bash -e {0}
2025-05-12T06:53:17.2512691Z env:
2025-05-12T06:53:17.2512981Z   JAVA_HOME: /opt/hostedtoolcache/Java_Temurin-Hotspot_jdk/17.0.15-6/x64
2025-05-12T06:53:17.2513452Z   JAVA_HOME_17_X64: /opt/hostedtoolcache/Java_Temurin-Hotspot_jdk/17.0.15-6/x64
2025-05-12T06:53:17.2513881Z   pythonLocation: /opt/hostedtoolcache/Python/3.10.17/x64
2025-05-12T06:53:17.2514272Z   PKG_CONFIG_PATH: /opt/hostedtoolcache/Python/3.10.17/x64/lib/pkgconfig
2025-05-12T06:53:17.2514666Z   Python_ROOT_DIR: /opt/hostedtoolcache/Python/3.10.17/x64
2025-05-12T06:53:17.2515009Z   Python2_ROOT_DIR: /opt/hostedtoolcache/Python/3.10.17/x64
2025-05-12T06:53:17.2515577Z   Python3_ROOT_DIR: /opt/hostedtoolcache/Python/3.10.17/x64
2025-05-12T06:53:17.2515931Z   LD_LIBRARY_PATH: /opt/hostedtoolcache/Python/3.10.17/x64/lib
2025-05-12T06:53:17.2516220Z ##[endgroup]
2025-05-12T06:53:17.3177188Z Get:1 file:/etc/apt/apt-mirrors.txt Mirrorlist [144 B]
2025-05-12T06:53:17.3439006Z Hit:2 http://azure.archive.ubuntu.com/ubuntu noble InRelease
2025-05-12T06:53:17.3452693Z Hit:3 http://azure.archive.ubuntu.com/ubuntu noble-updates InRelease
2025-05-12T06:53:17.3463170Z Hit:4 http://azure.archive.ubuntu.com/ubuntu noble-backports InRelease
2025-05-12T06:53:17.3472033Z Hit:5 http://azure.archive.ubuntu.com/ubuntu noble-security InRelease
2025-05-12T06:53:17.3594152Z Hit:6 https://packages.microsoft.com/repos/azure-cli noble InRelease
2025-05-12T06:53:17.3617483Z Hit:7 https://packages.microsoft.com/ubuntu/24.04/prod noble InRelease
2025-05-12T06:53:18.4520840Z Reading package lists...
2025-05-12T06:53:18.4826647Z Reading package lists...
2025-05-12T06:53:18.6484952Z Building dependency tree...
2025-05-12T06:53:18.6492189Z Reading state information...
2025-05-12T06:53:18.8249380Z git is already the newest version (1:2.49.0-0ubuntu1~ubuntu24.04.1).
2025-05-12T06:53:18.8250266Z git set to manually installed.
2025-05-12T06:53:18.8250799Z zip is already the newest version (3.0-13ubuntu0.2).
2025-05-12T06:53:18.8251450Z unzip is already the newest version (6.0-28ubuntu4.1).
2025-05-12T06:53:18.8252193Z python3-pip is already the newest version (24.0+dfsg-1ubuntu1.1).
2025-05-12T06:53:18.8252757Z autoconf is already the newest version (2.71-3).
2025-05-12T06:53:18.8253155Z libtool is already the newest version (2.4.7-7build1).
2025-05-12T06:53:18.8253593Z pkg-config is already the newest version (1.8.1-2build1).
2025-05-12T06:53:18.8254074Z 0 upgraded, 0 newly installed, 0 to remove and 20 not upgraded.
2025-05-12T06:53:18.8482009Z Reading package lists...
2025-05-12T06:53:19.0187434Z Building dependency tree...
2025-05-12T06:53:19.0198923Z Reading state information...
2025-05-12T06:53:19.2031008Z zlib1g-dev is already the newest version (1:1.3.dfsg-3.1ubuntu2.1).
2025-05-12T06:53:19.2031892Z libncurses-dev is already the newest version (6.4+20240113-1ubuntu2).
2025-05-12T06:53:19.2032605Z libncurses-dev set to manually installed.
2025-05-12T06:53:19.2033249Z 0 upgraded, 0 newly installed, 0 to remove and 20 not upgraded.
2025-05-12T06:53:19.2261206Z Reading package lists...
2025-05-12T06:53:19.3915732Z Building dependency tree...
2025-05-12T06:53:19.3923019Z Reading state information...
2025-05-12T06:53:19.5517490Z libffi-dev is already the newest version (3.4.6-1build1).
2025-05-12T06:53:19.5518101Z libffi-dev set to manually installed.
2025-05-12T06:53:19.5519166Z libssl-dev is already the newest version (3.0.13-0ubuntu3.5).
2025-05-12T06:53:19.5519852Z The following additional packages will be installed:
2025-05-12T06:53:19.5524008Z   cmake-data libjsoncpp25 librhash0
2025-05-12T06:53:19.5530374Z Suggested packages:
2025-05-12T06:53:19.5530907Z   cmake-doc cmake-format elpa-cmake-mode ninja-build
2025-05-12T06:53:19.5705528Z The following NEW packages will be installed:
2025-05-12T06:53:19.5713873Z   cmake cmake-data libjsoncpp25 librhash0
2025-05-12T06:53:19.5884005Z 0 upgraded, 4 newly installed, 0 to remove and 20 not upgraded.
2025-05-12T06:53:19.5884413Z Need to get 13.6 MB of archives.
2025-05-12T06:53:19.5884761Z After this operation, 49.1 MB of additional disk space will be used.
2025-05-12T06:53:19.5885499Z Get:1 file:/etc/apt/apt-mirrors.txt Mirrorlist [144 B]
2025-05-12T06:53:19.6346120Z Get:2 http://azure.archive.ubuntu.com/ubuntu noble/main amd64 libjsoncpp25 amd64 1.9.5-6build1 [82.8 kB]
2025-05-12T06:53:19.6522399Z Get:3 http://azure.archive.ubuntu.com/ubuntu noble/main amd64 librhash0 amd64 1.4.3-3build1 [129 kB]
2025-05-12T06:53:19.6710678Z Get:4 http://azure.archive.ubuntu.com/ubuntu noble/main amd64 cmake-data all 3.28.3-1build7 [2155 kB]
2025-05-12T06:53:19.7200864Z Get:5 http://azure.archive.ubuntu.com/ubuntu noble/main amd64 cmake amd64 3.28.3-1build7 [11.2 MB]
2025-05-12T06:53:20.0925100Z Fetched 13.6 MB in 0s (53.2 MB/s)
2025-05-12T06:53:20.1157075Z Selecting previously unselected package libjsoncpp25:amd64.
2025-05-12T06:53:20.1396231Z (Reading database ... 
2025-05-12T06:53:20.1396780Z (Reading database ... 5%
2025-05-12T06:53:20.1397167Z (Reading database ... 10%
2025-05-12T06:53:20.1397748Z (Reading database ... 15%
2025-05-12T06:53:20.1398122Z (Reading database ... 20%
2025-05-12T06:53:20.1398452Z (Reading database ... 25%
2025-05-12T06:53:20.1398688Z (Reading database ... 30%
2025-05-12T06:53:20.1398958Z (Reading database ... 35%
2025-05-12T06:53:20.1399198Z (Reading database ... 40%
2025-05-12T06:53:20.1399436Z (Reading database ... 45%
2025-05-12T06:53:20.1399683Z (Reading database ... 50%
2025-05-12T06:53:20.1573439Z (Reading database ... 55%
2025-05-12T06:53:20.1893935Z (Reading database ... 60%
2025-05-12T06:53:20.2203920Z (Reading database ... 65%
2025-05-12T06:53:20.2476219Z (Reading database ... 70%
2025-05-12T06:53:20.2805580Z (Reading database ... 75%
2025-05-12T06:53:20.3146845Z (Reading database ... 80%
2025-05-12T06:53:20.3631155Z (Reading database ... 85%
2025-05-12T06:53:20.4333793Z (Reading database ... 90%
2025-05-12T06:53:20.4791909Z (Reading database ... 95%
2025-05-12T06:53:20.4792544Z (Reading database ... 100%
2025-05-12T06:53:20.4793282Z (Reading database ... 222550 files and directories currently installed.)
2025-05-12T06:53:20.4836285Z Preparing to unpack .../libjsoncpp25_1.9.5-6build1_amd64.deb ...
2025-05-12T06:53:20.4889385Z Unpacking libjsoncpp25:amd64 (1.9.5-6build1) ...
2025-05-12T06:53:20.5162942Z Selecting previously unselected package librhash0:amd64.
2025-05-12T06:53:20.5300581Z Preparing to unpack .../librhash0_1.4.3-3build1_amd64.deb ...
2025-05-12T06:53:20.5313443Z Unpacking librhash0:amd64 (1.4.3-3build1) ...
2025-05-12T06:53:20.5613655Z Selecting previously unselected package cmake-data.
2025-05-12T06:53:20.5753906Z Preparing to unpack .../cmake-data_3.28.3-1build7_all.deb ...
2025-05-12T06:53:20.5839011Z Unpacking cmake-data (3.28.3-1build7) ...
2025-05-12T06:53:21.1575873Z Selecting previously unselected package cmake.
2025-05-12T06:53:21.1725374Z Preparing to unpack .../cmake_3.28.3-1build7_amd64.deb ...
2025-05-12T06:53:21.1739199Z Unpacking cmake (3.28.3-1build7) ...
2025-05-12T06:53:21.3726123Z Setting up libjsoncpp25:amd64 (1.9.5-6build1) ...
2025-05-12T06:53:21.3762566Z Setting up librhash0:amd64 (1.4.3-3build1) ...
2025-05-12T06:53:21.3789878Z Setting up cmake-data (3.28.3-1build7) ...
2025-05-12T06:53:21.3863503Z Setting up cmake (3.28.3-1build7) ...
2025-05-12T06:53:21.3901801Z Processing triggers for man-db (2.12.0-4build2) ...
2025-05-12T06:53:28.7276496Z Processing triggers for libc-bin (2.39-0ubuntu8.4) ...
2025-05-12T06:53:29.4542991Z 
2025-05-12T06:53:29.4543439Z Running kernel seems to be up-to-date.
2025-05-12T06:53:29.4544909Z 
2025-05-12T06:53:29.4545107Z No services need to be restarted.
2025-05-12T06:53:29.4545629Z 
2025-05-12T06:53:29.4545791Z No containers need to be restarted.
2025-05-12T06:53:29.4546072Z 
2025-05-12T06:53:29.4546258Z No user sessions are running outdated binaries.
2025-05-12T06:53:29.4546580Z 
2025-05-12T06:53:29.4546865Z No VM guests are running outdated hypervisor (qemu) binaries on this host.
2025-05-12T06:53:30.3183195Z Reading package lists...
2025-05-12T06:53:30.4863761Z Building dependency tree...
2025-05-12T06:53:30.4870742Z Reading state information...
2025-05-12T06:53:30.6334776Z python3-dev is already the newest version (3.12.3-0ubuntu2).
2025-05-12T06:53:30.6337361Z python3-venv is already the newest version (3.12.3-0ubuntu2).
2025-05-12T06:53:30.6337959Z Suggested packages:
2025-05-12T06:53:30.6338226Z   libtool-doc
2025-05-12T06:53:30.6484238Z The following NEW packages will be installed:
2025-05-12T06:53:30.6490319Z   build-essential libltdl-dev
2025-05-12T06:53:30.6657847Z 0 upgraded, 2 newly installed, 0 to remove and 20 not upgraded.
2025-05-12T06:53:30.6658415Z Need to get 173 kB of archives.
2025-05-12T06:53:30.6658789Z After this operation, 980 kB of additional disk space will be used.
2025-05-12T06:53:30.6659194Z Get:1 file:/etc/apt/apt-mirrors.txt Mirrorlist [144 B]
2025-05-12T06:53:30.7126685Z Get:2 http://azure.archive.ubuntu.com/ubuntu noble/main amd64 build-essential amd64 12.10ubuntu1 [4928 B]
2025-05-12T06:53:30.7279365Z Get:3 http://azure.archive.ubuntu.com/ubuntu noble/main amd64 libltdl-dev amd64 2.4.7-7build1 [168 kB]
2025-05-12T06:53:30.9962410Z Fetched 173 kB in 0s (2122 kB/s)
2025-05-12T06:53:31.0150441Z Selecting previously unselected package build-essential.
2025-05-12T06:53:31.0205427Z (Reading database ... 
2025-05-12T06:53:31.0205848Z (Reading database ... 5%
2025-05-12T06:53:31.0206244Z (Reading database ... 10%
2025-05-12T06:53:31.0206672Z (Reading database ... 15%
2025-05-12T06:53:31.0207084Z (Reading database ... 20%
2025-05-12T06:53:31.0207499Z (Reading database ... 25%
2025-05-12T06:53:31.0207923Z (Reading database ... 30%
2025-05-12T06:53:31.0208319Z (Reading database ... 35%
2025-05-12T06:53:31.0208729Z (Reading database ... 40%
2025-05-12T06:53:31.0209136Z (Reading database ... 45%
2025-05-12T06:53:31.0209481Z (Reading database ... 50%
2025-05-12T06:53:31.0287005Z (Reading database ... 55%
2025-05-12T06:53:31.0307867Z (Reading database ... 60%
2025-05-12T06:53:31.0337219Z (Reading database ... 65%
2025-05-12T06:53:31.0353387Z (Reading database ... 70%
2025-05-12T06:53:31.0403715Z (Reading database ... 75%
2025-05-12T06:53:31.0437099Z (Reading database ... 80%
2025-05-12T06:53:31.0634428Z (Reading database ... 85%
2025-05-12T06:53:31.0877259Z (Reading database ... 90%
2025-05-12T06:53:31.0958589Z (Reading database ... 95%
2025-05-12T06:53:31.0959082Z (Reading database ... 100%
2025-05-12T06:53:31.0959654Z (Reading database ... 225959 files and directories currently installed.)
2025-05-12T06:53:31.1001530Z Preparing to unpack .../build-essential_12.10ubuntu1_amd64.deb ...
2025-05-12T06:53:31.1015381Z Unpacking build-essential (12.10ubuntu1) ...
2025-05-12T06:53:31.1247190Z Selecting previously unselected package libltdl-dev:amd64.
2025-05-12T06:53:31.1383345Z Preparing to unpack .../libltdl-dev_2.4.7-7build1_amd64.deb ...
2025-05-12T06:53:31.1393354Z Unpacking libltdl-dev:amd64 (2.4.7-7build1) ...
2025-05-12T06:53:31.1905420Z Setting up libltdl-dev:amd64 (2.4.7-7build1) ...
2025-05-12T06:53:31.1942884Z Setting up build-essential (12.10ubuntu1) ...
2025-05-12T06:53:31.8247498Z 
2025-05-12T06:53:31.8248117Z Running kernel seems to be up-to-date.
2025-05-12T06:53:31.8248482Z 
2025-05-12T06:53:31.8248627Z No services need to be restarted.
2025-05-12T06:53:31.8249271Z 
2025-05-12T06:53:31.8249410Z No containers need to be restarted.
2025-05-12T06:53:31.8249660Z 
2025-05-12T06:53:31.8249824Z No user sessions are running outdated binaries.
2025-05-12T06:53:31.8250316Z 
2025-05-12T06:53:31.8250645Z No VM guests are running outdated hypervisor (qemu) binaries on this host.
2025-05-12T06:53:32.6809344Z Reading package lists...
2025-05-12T06:53:32.8309592Z Building dependency tree...
2025-05-12T06:53:32.8316949Z Reading state information...
2025-05-12T06:53:32.9804161Z The following additional packages will be installed:
2025-05-12T06:53:32.9807614Z   libnspr4-dev
2025-05-12T06:53:32.9945669Z The following NEW packages will be installed:
2025-05-12T06:53:32.9949838Z   libnspr4-dev libnss3-dev libnss3-tools
2025-05-12T06:53:33.0120295Z 0 upgraded, 3 newly installed, 0 to remove and 20 not upgraded.
2025-05-12T06:53:33.0120927Z Need to get 1088 kB of archives.
2025-05-12T06:53:33.0121481Z After this operation, 4860 kB of additional disk space will be used.
2025-05-12T06:53:33.0122070Z Get:1 file:/etc/apt/apt-mirrors.txt Mirrorlist [144 B]
2025-05-12T06:53:33.0422879Z Get:2 http://azure.archive.ubuntu.com/ubuntu noble/main amd64 libnspr4-dev amd64 2:4.35-1.1build1 [219 kB]
2025-05-12T06:53:33.0602213Z Get:3 http://azure.archive.ubuntu.com/ubuntu noble/main amd64 libnss3-dev amd64 2:3.98-1build1 [253 kB]
2025-05-12T06:53:33.0773249Z Get:4 http://azure.archive.ubuntu.com/ubuntu noble/main amd64 libnss3-tools amd64 2:3.98-1build1 [615 kB]
2025-05-12T06:53:33.3415890Z Fetched 1088 kB in 0s (12.2 MB/s)
2025-05-12T06:53:33.3601072Z Selecting previously unselected package libnspr4-dev.
2025-05-12T06:53:33.3657215Z (Reading database ... 
2025-05-12T06:53:33.3657725Z (Reading database ... 5%
2025-05-12T06:53:33.3658183Z (Reading database ... 10%
2025-05-12T06:53:33.3658484Z (Reading database ... 15%
2025-05-12T06:53:33.3658767Z (Reading database ... 20%
2025-05-12T06:53:33.3659046Z (Reading database ... 25%
2025-05-12T06:53:33.3659322Z (Reading database ... 30%
2025-05-12T06:53:33.3659629Z (Reading database ... 35%
2025-05-12T06:53:33.3659909Z (Reading database ... 40%
2025-05-12T06:53:33.3660175Z (Reading database ... 45%
2025-05-12T06:53:33.3660432Z (Reading database ... 50%
2025-05-12T06:53:33.3736962Z (Reading database ... 55%
2025-05-12T06:53:33.3757057Z (Reading database ... 60%
2025-05-12T06:53:33.3785952Z (Reading database ... 65%
2025-05-12T06:53:33.3802107Z (Reading database ... 70%
2025-05-12T06:53:33.3851532Z (Reading database ... 75%
2025-05-12T06:53:33.3884595Z (Reading database ... 80%
2025-05-12T06:53:33.4070744Z (Reading database ... 85%
2025-05-12T06:53:33.4311081Z (Reading database ... 90%
2025-05-12T06:53:33.4393443Z (Reading database ... 95%
2025-05-12T06:53:33.4393944Z (Reading database ... 100%
2025-05-12T06:53:33.4394552Z (Reading database ... 226015 files and directories currently installed.)
2025-05-12T06:53:33.4436766Z Preparing to unpack .../libnspr4-dev_2%3a4.35-1.1build1_amd64.deb ...
2025-05-12T06:53:33.4446969Z Unpacking libnspr4-dev (2:4.35-1.1build1) ...
2025-05-12T06:53:33.4827823Z Selecting previously unselected package libnss3-dev:amd64.
2025-05-12T06:53:33.4964866Z Preparing to unpack .../libnss3-dev_2%3a3.98-1build1_amd64.deb ...
2025-05-12T06:53:33.4973842Z Unpacking libnss3-dev:amd64 (2:3.98-1build1) ...
2025-05-12T06:53:33.5398491Z Selecting previously unselected package libnss3-tools.
2025-05-12T06:53:33.5535410Z Preparing to unpack .../libnss3-tools_2%3a3.98-1build1_amd64.deb ...
2025-05-12T06:53:33.5545350Z Unpacking libnss3-tools (2:3.98-1build1) ...
2025-05-12T06:53:33.6096974Z Setting up libnspr4-dev (2:4.35-1.1build1) ...
2025-05-12T06:53:33.6126132Z Setting up libnss3-dev:amd64 (2:3.98-1build1) ...
2025-05-12T06:53:33.6150131Z Setting up libnss3-tools (2:3.98-1build1) ...
2025-05-12T06:53:33.6176982Z Processing triggers for man-db (2.12.0-4build2) ...
2025-05-12T06:53:38.2055812Z 
2025-05-12T06:53:38.2058145Z Running kernel seems to be up-to-date.
2025-05-12T06:53:38.2058434Z 
2025-05-12T06:53:38.2058559Z No services need to be restarted.
2025-05-12T06:53:38.2059120Z 
2025-05-12T06:53:38.2059251Z No containers need to be restarted.
2025-05-12T06:53:38.2059456Z 
2025-05-12T06:53:38.2059595Z No user sessions are running outdated binaries.
2025-05-12T06:53:38.2059998Z 
2025-05-12T06:53:38.2060282Z No VM guests are running outdated hypervisor (qemu) binaries on this host.
2025-05-12T06:53:39.0067254Z ##[group]Run pip config set global.index-url https://mirrors.aliyun.com/pypi/simple/
2025-05-12T06:53:39.0067811Z [36;1mpip config set global.index-url https://mirrors.aliyun.com/pypi/simple/[0m
2025-05-12T06:53:39.0068252Z [36;1mpip config set global.trusted-host mirrors.aliyun.com[0m
2025-05-12T06:53:39.0094598Z shell: /usr/bin/bash -e {0}
2025-05-12T06:53:39.0094819Z env:
2025-05-12T06:53:39.0095097Z   JAVA_HOME: /opt/hostedtoolcache/Java_Temurin-Hotspot_jdk/17.0.15-6/x64
2025-05-12T06:53:39.0095779Z   JAVA_HOME_17_X64: /opt/hostedtoolcache/Java_Temurin-Hotspot_jdk/17.0.15-6/x64
2025-05-12T06:53:39.0096194Z   pythonLocation: /opt/hostedtoolcache/Python/3.10.17/x64
2025-05-12T06:53:39.0096599Z   PKG_CONFIG_PATH: /opt/hostedtoolcache/Python/3.10.17/x64/lib/pkgconfig
2025-05-12T06:53:39.0096971Z   Python_ROOT_DIR: /opt/hostedtoolcache/Python/3.10.17/x64
2025-05-12T06:53:39.0097303Z   Python2_ROOT_DIR: /opt/hostedtoolcache/Python/3.10.17/x64
2025-05-12T06:53:39.0097652Z   Python3_ROOT_DIR: /opt/hostedtoolcache/Python/3.10.17/x64
2025-05-12T06:53:39.0097979Z   LD_LIBRARY_PATH: /opt/hostedtoolcache/Python/3.10.17/x64/lib
2025-05-12T06:53:39.0098259Z ##[endgroup]
2025-05-12T06:53:39.2806068Z Writing to /home/runner/.config/pip/pip.conf
2025-05-12T06:53:39.4603853Z Writing to /home/runner/.config/pip/pip.conf
2025-05-12T06:53:39.4839766Z ##[group]Run python -m pip install --upgrade pip setuptools
2025-05-12T06:53:39.4840185Z [36;1mpython -m pip install --upgrade pip setuptools[0m
2025-05-12T06:53:39.4840587Z [36;1mpip install buildozer==1.5.0 kivy==2.3.1 requests==2.25.1 cython==0.29.36 certifi[0m
2025-05-12T06:53:39.4840963Z [36;1mpip install python-for-android[0m
2025-05-12T06:53:39.4867241Z shell: /usr/bin/bash -e {0}
2025-05-12T06:53:39.4867454Z env:
2025-05-12T06:53:39.4867736Z   JAVA_HOME: /opt/hostedtoolcache/Java_Temurin-Hotspot_jdk/17.0.15-6/x64
2025-05-12T06:53:39.4868182Z   JAVA_HOME_17_X64: /opt/hostedtoolcache/Java_Temurin-Hotspot_jdk/17.0.15-6/x64
2025-05-12T06:53:39.4868595Z   pythonLocation: /opt/hostedtoolcache/Python/3.10.17/x64
2025-05-12T06:53:39.4868983Z   PKG_CONFIG_PATH: /opt/hostedtoolcache/Python/3.10.17/x64/lib/pkgconfig
2025-05-12T06:53:39.4869350Z   Python_ROOT_DIR: /opt/hostedtoolcache/Python/3.10.17/x64
2025-05-12T06:53:39.4869709Z   Python2_ROOT_DIR: /opt/hostedtoolcache/Python/3.10.17/x64
2025-05-12T06:53:39.4870039Z   Python3_ROOT_DIR: /opt/hostedtoolcache/Python/3.10.17/x64
2025-05-12T06:53:39.4870374Z   LD_LIBRARY_PATH: /opt/hostedtoolcache/Python/3.10.17/x64/lib
2025-05-12T06:53:39.4870661Z ##[endgroup]
2025-05-12T06:53:39.9456929Z Looking in indexes: https://mirrors.aliyun.com/pypi/simple/
2025-05-12T06:53:39.9471554Z Requirement already satisfied: pip in /opt/hostedtoolcache/Python/3.10.17/x64/lib/python3.10/site-packages (25.1.1)
2025-05-12T06:53:40.3743566Z Requirement already satisfied: setuptools in /opt/hostedtoolcache/Python/3.10.17/x64/lib/python3.10/site-packages (65.5.0)
2025-05-12T06:53:40.7356930Z Collecting setuptools
2025-05-12T06:53:40.7413343Z   Downloading https://mirrors.aliyun.com/pypi/packages/b1/93/dba5ed08c2e31ec7cdc2ce75705a484ef0be1a2fecac8a58272489349de8/setuptools-80.4.0-py3-none-any.whl (1.2 MB)
2025-05-12T06:53:42.0727987Z      Ã¢Â”ÂÃ¢Â”ÂÃ¢Â”ÂÃ¢Â”ÂÃ¢Â”ÂÃ¢Â”ÂÃ¢Â”ÂÃ¢Â”ÂÃ¢Â”ÂÃ¢Â”ÂÃ¢Â”ÂÃ¢Â”ÂÃ¢Â”ÂÃ¢Â”ÂÃ¢Â”ÂÃ¢Â”ÂÃ¢Â”ÂÃ¢Â”ÂÃ¢Â”ÂÃ¢Â”ÂÃ¢Â”ÂÃ¢Â”ÂÃ¢Â”ÂÃ¢Â”ÂÃ¢Â”ÂÃ¢Â”ÂÃ¢Â”ÂÃ¢Â”ÂÃ¢Â”ÂÃ¢Â”ÂÃ¢Â”ÂÃ¢Â”ÂÃ¢Â”ÂÃ¢Â”ÂÃ¢Â”ÂÃ¢Â”ÂÃ¢Â”ÂÃ¢Â”ÂÃ¢Â”ÂÃ¢Â”Â 1.2/1.2 MB 904.4 kB/s eta 0:00:00
2025-05-12T06:53:42.1186665Z Installing collected packages: setuptools
2025-05-12T06:53:42.1189019Z   Attempting uninstall: setuptools
2025-05-12T06:53:42.1196609Z     Found existing installation: setuptools 65.5.0
2025-05-12T06:53:42.1463972Z     Uninstalling setuptools-65.5.0:
2025-05-12T06:53:42.1569571Z       Successfully uninstalled setuptools-65.5.0
2025-05-12T06:53:42.8198671Z Successfully installed setuptools-80.4.0
2025-05-12T06:53:43.3351512Z Looking in indexes: https://mirrors.aliyun.com/pypi/simple/
2025-05-12T06:53:43.9353048Z Collecting buildozer==1.5.0
2025-05-12T06:53:52.6368662Z   Downloading https://mirrors.aliyun.com/pypi/packages/b4/cc/b100902af85c46a2acddf0c83d11239393c17c891bf25e225ed5243ffc2a/buildozer-1.5.0-py3-none-any.whl (86 kB)
2025-05-12T06:53:55.5477638Z Collecting kivy==2.3.1
2025-05-12T06:53:56.0110583Z   Downloading https://mirrors.aliyun.com/pypi/packages/5f/a5/880e85aac2724ed60ecf109ad3c983c9cc90df912d82f02b8c734bdbfa4d/Kivy-2.3.1-cp310-cp310-manylinux_2_17_x86_64.manylinux2014_x86_64.whl (21.6 MB)
2025-05-12T06:54:20.1381544Z      Ã¢Â”ÂÃ¢Â”ÂÃ¢Â”ÂÃ¢Â”ÂÃ¢Â”ÂÃ¢Â”ÂÃ¢Â”ÂÃ¢Â”ÂÃ¢Â”ÂÃ¢Â”ÂÃ¢Â”ÂÃ¢Â”ÂÃ¢Â”ÂÃ¢Â”ÂÃ¢Â”ÂÃ¢Â”ÂÃ¢Â”ÂÃ¢Â”ÂÃ¢Â”ÂÃ¢Â”ÂÃ¢Â”ÂÃ¢Â”ÂÃ¢Â”ÂÃ¢Â”ÂÃ¢Â”ÂÃ¢Â”ÂÃ¢Â”ÂÃ¢Â”ÂÃ¢Â”ÂÃ¢Â”ÂÃ¢Â”ÂÃ¢Â”ÂÃ¢Â”ÂÃ¢Â”ÂÃ¢Â”ÂÃ¢Â”ÂÃ¢Â”ÂÃ¢Â”ÂÃ¢Â”Â 21.6/21.6 MB 894.8 kB/s eta 0:00:00
2025-05-12T06:54:20.2189418Z Collecting requests==2.25.1
2025-05-12T06:54:20.2241263Z   Downloading https://mirrors.aliyun.com/pypi/packages/29/c1/24814557f1d22c56d50280771a17307e6bf87b70727d975fd6b2ce6b014a/requests-2.25.1-py2.py3-none-any.whl (61 kB)
2025-05-12T06:54:20.9926690Z Collecting cython==0.29.36
2025-05-12T06:54:23.2739543Z   Downloading https://mirrors.aliyun.com/pypi/packages/f8/26/ca0f1bb049b83c25cafa39f3fa5287c826a6ab36e665c906209e07f4deac/Cython-0.29.36-cp310-cp310-manylinux_2_17_x86_64.manylinux2014_x86_64.manylinux_2_24_x86_64.whl (1.9 MB)
2025-05-12T06:54:25.3746455Z      Ã¢Â”ÂÃ¢Â”ÂÃ¢Â”ÂÃ¢Â”ÂÃ¢Â”ÂÃ¢Â”ÂÃ¢Â”ÂÃ¢Â”ÂÃ¢Â”ÂÃ¢Â”ÂÃ¢Â”ÂÃ¢Â”ÂÃ¢Â”ÂÃ¢Â”ÂÃ¢Â”ÂÃ¢Â”ÂÃ¢Â”ÂÃ¢Â”ÂÃ¢Â”ÂÃ¢Â”ÂÃ¢Â”ÂÃ¢Â”ÂÃ¢Â”ÂÃ¢Â”ÂÃ¢Â”ÂÃ¢Â”ÂÃ¢Â”ÂÃ¢Â”ÂÃ¢Â”ÂÃ¢Â”ÂÃ¢Â”ÂÃ¢Â”ÂÃ¢Â”ÂÃ¢Â”ÂÃ¢Â”ÂÃ¢Â”ÂÃ¢Â”ÂÃ¢Â”ÂÃ¢Â”ÂÃ¢Â”Â 1.9/1.9 MB 907.8 kB/s eta 0:00:00
2025-05-12T06:54:25.4138400Z Collecting certifi
2025-05-12T06:54:25.4189512Z   Downloading https://mirrors.aliyun.com/pypi/packages/4a/7e/3db2bd1b1f9e95f7cddca6d6e75e2f2bd9f51b1246e546d88addca0106bd/certifi-2025.4.26-py3-none-any.whl (159 kB)
2025-05-12T06:54:25.6072426Z Collecting pexpect (from buildozer==1.5.0)
2025-05-12T06:54:36.1998072Z   Downloading https://mirrors.aliyun.com/pypi/packages/9e/c3/059298687310d527a58bb01f3b1965787ee3b40dce76752eda8b44e9a2c5/pexpect-4.9.0-py2.py3-none-any.whl (63 kB)
2025-05-12T06:54:36.3470094Z Collecting virtualenv (from buildozer==1.5.0)
2025-05-12T06:54:36.3522279Z   Downloading https://mirrors.aliyun.com/pypi/packages/f3/40/b1c265d4b2b62b58576588510fc4d1fe60a86319c8de99fd8e9fec617d2c/virtualenv-20.31.2-py3-none-any.whl (6.1 MB)
2025-05-12T06:54:43.2910465Z      Ã¢Â”ÂÃ¢Â”ÂÃ¢Â”ÂÃ¢Â”ÂÃ¢Â”ÂÃ¢Â”ÂÃ¢Â”ÂÃ¢Â”ÂÃ¢Â”ÂÃ¢Â”ÂÃ¢Â”ÂÃ¢Â”ÂÃ¢Â”ÂÃ¢Â”ÂÃ¢Â”ÂÃ¢Â”ÂÃ¢Â”ÂÃ¢Â”ÂÃ¢Â”ÂÃ¢Â”ÂÃ¢Â”ÂÃ¢Â”ÂÃ¢Â”ÂÃ¢Â”ÂÃ¢Â”ÂÃ¢Â”ÂÃ¢Â”ÂÃ¢Â”ÂÃ¢Â”ÂÃ¢Â”ÂÃ¢Â”ÂÃ¢Â”ÂÃ¢Â”ÂÃ¢Â”ÂÃ¢Â”ÂÃ¢Â”ÂÃ¢Â”ÂÃ¢Â”ÂÃ¢Â”ÂÃ¢Â”Â 6.1/6.1 MB 872.2 kB/s eta 0:00:00
2025-05-12T06:54:58.3194881Z WARNING: Retrying (Retry(total=4, connect=None, read=None, redirect=None, status=None)) after connection broken by 'ReadTimeoutError("HTTPSConnectionPool(host='mirrors.aliyun.com', port=443): Read timed out. (read timeout=15)")': /pypi/simple/sh/
2025-05-12T06:55:14.1877864Z WARNING: Retrying (Retry(total=3, connect=None, read=None, redirect=None, status=None)) after connection broken by 'ReadTimeoutError("HTTPSConnectionPool(host='mirrors.aliyun.com', port=443): Read timed out. (read timeout=15)")': /pypi/simple/sh/
2025-05-12T06:55:30.4910474Z WARNING: Retrying (Retry(total=2, connect=None, read=None, redirect=None, status=None)) after connection broken by 'ReadTimeoutError("HTTPSConnectionPool(host='mirrors.aliyun.com', port=443): Read timed out. (read timeout=15)")': /pypi/simple/sh/
2025-05-12T06:55:47.5804042Z WARNING: Retrying (Retry(total=1, connect=None, read=None, redirect=None, status=None)) after connection broken by 'ReadTimeoutError("HTTPSConnectionPool(host='mirrors.aliyun.com', port=443): Read timed out. (read timeout=15)")': /pypi/simple/sh/
2025-05-12T06:56:06.8852666Z WARNING: Retrying (Retry(total=0, connect=None, read=None, redirect=None, status=None)) after connection broken by 'ReadTimeoutError("HTTPSConnectionPool(host='mirrors.aliyun.com', port=443): Read timed out. (read timeout=15)")': /pypi/simple/sh/
2025-05-12T06:56:22.2573442Z INFO: pip is looking at multiple versions of buildozer to determine which version is compatible with other requirements. This could take a while.
2025-05-12T06:56:22.2589013Z ERROR: Could not find a version that satisfies the requirement sh (from buildozer) (from versions: none)
2025-05-12T06:56:22.2598824Z ERROR: No matching distribution found for sh
2025-05-12T06:56:22.3162008Z ##[error]Process completed with exit code 1.
2025-05-12T06:56:22.3220421Z ##[group]Run if [ -f build.log ]; then
2025-05-12T06:56:22.3220737Z [36;1mif [ -f build.log ]; then[0m
2025-05-12T06:56:22.3221021Z [36;1m  echo "Build log exists, checking for errors..."[0m
2025-05-12T06:56:22.3221348Z [36;1m  if grep -q -E "ERROR:|FAILED" build.log; then[0m
2025-05-12T06:56:22.3221631Z [36;1m    echo "Errors found in build log:"[0m
2025-05-12T06:56:22.3221896Z [36;1m    grep -E "ERROR:|FAILED" build.log[0m
2025-05-12T06:56:22.3222135Z [36;1m    exit 1[0m
2025-05-12T06:56:22.3222310Z [36;1m  else[0m
2025-05-12T06:56:22.3222526Z [36;1m    echo "No critical errors found in build log"[0m
2025-05-12T06:56:22.3222771Z [36;1m  fi[0m
2025-05-12T06:56:22.3222930Z [36;1melse[0m
2025-05-12T06:56:22.3223098Z [36;1m  echo "No build log found"[0m
2025-05-12T06:56:22.3223315Z [36;1m  exit 1[0m
2025-05-12T06:56:22.3223480Z [36;1mfi[0m
2025-05-12T06:56:22.3248530Z shell: /usr/bin/bash -e {0}
2025-05-12T06:56:22.3248759Z env:
2025-05-12T06:56:22.3249060Z   JAVA_HOME: /opt/hostedtoolcache/Java_Temurin-Hotspot_jdk/17.0.15-6/x64
2025-05-12T06:56:22.3249511Z   JAVA_HOME_17_X64: /opt/hostedtoolcache/Java_Temurin-Hotspot_jdk/17.0.15-6/x64
2025-05-12T06:56:22.3249913Z   pythonLocation: /opt/hostedtoolcache/Python/3.10.17/x64
2025-05-12T06:56:22.3250292Z   PKG_CONFIG_PATH: /opt/hostedtoolcache/Python/3.10.17/x64/lib/pkgconfig
2025-05-12T06:56:22.3250662Z   Python_ROOT_DIR: /opt/hostedtoolcache/Python/3.10.17/x64
2025-05-12T06:56:22.3250995Z   Python2_ROOT_DIR: /opt/hostedtoolcache/Python/3.10.17/x64
2025-05-12T06:56:22.3251323Z   Python3_ROOT_DIR: /opt/hostedtoolcache/Python/3.10.17/x64
2025-05-12T06:56:22.3251651Z   LD_LIBRARY_PATH: /opt/hostedtoolcache/Python/3.10.17/x64/lib
2025-05-12T06:56:22.3251934Z ##[endgroup]
2025-05-12T06:56:22.3298467Z No build log found
2025-05-12T06:56:22.3301722Z ##[error]Process completed with exit code 1.
2025-05-12T06:56:22.3351503Z ##[group]Run actions/upload-artifact@v4
2025-05-12T06:56:22.3351932Z with:
2025-05-12T06:56:22.3352203Z   name: build-log
2025-05-12T06:56:22.3352505Z   path: build.log
2025-05-12T06:56:22.3352822Z   retention-days: 1
2025-05-12T06:56:22.3353153Z   if-no-files-found: warn
2025-05-12T06:56:22.3353533Z   compression-level: 6
2025-05-12T06:56:22.3353864Z   overwrite: false
2025-05-12T06:56:22.3354239Z   include-hidden-files: false
2025-05-12T06:56:22.3354612Z env:
2025-05-12T06:56:22.3354923Z   JAVA_HOME: /opt/hostedtoolcache/Java_Temurin-Hotspot_jdk/17.0.15-6/x64
2025-05-12T06:56:22.3355689Z   JAVA_HOME_17_X64: /opt/hostedtoolcache/Java_Temurin-Hotspot_jdk/17.0.15-6/x64
2025-05-12T06:56:22.3356133Z   pythonLocation: /opt/hostedtoolcache/Python/3.10.17/x64
2025-05-12T06:56:22.3356530Z   PKG_CONFIG_PATH: /opt/hostedtoolcache/Python/3.10.17/x64/lib/pkgconfig
2025-05-12T06:56:22.3356969Z   Python_ROOT_DIR: /opt/hostedtoolcache/Python/3.10.17/x64
2025-05-12T06:56:22.3357337Z   Python2_ROOT_DIR: /opt/hostedtoolcache/Python/3.10.17/x64
2025-05-12T06:56:22.3357680Z   Python3_ROOT_DIR: /opt/hostedtoolcache/Python/3.10.17/x64
2025-05-12T06:56:22.3358015Z   LD_LIBRARY_PATH: /opt/hostedtoolcache/Python/3.10.17/x64/lib
2025-05-12T06:56:22.3358292Z ##[endgroup]
2025-05-12T06:56:22.5552115Z ##[warning]No files were found with the provided path: build.log. No artifacts will be uploaded.
2025-05-12T06:56:22.5706187Z Post job cleanup.
2025-05-12T06:56:22.7548795Z Post job cleanup.
2025-05-12T06:56:22.8561555Z [command]/usr/bin/git version
2025-05-12T06:56:22.8617221Z git version 2.49.0
2025-05-12T06:56:22.8673827Z Temporarily overriding HOME='/home/runner/work/_temp/41a0aa1e-9db1-44ad-9ef7-fe491efd9274' before making global git config changes
2025-05-12T06:56:22.8686458Z Adding repository directory to the temporary git global config as a safe directory
2025-05-12T06:56:22.8688061Z [command]/usr/bin/git config --global --add safe.directory /home/runner/work/weatherapp/weatherapp
2025-05-12T06:56:22.8719464Z [command]/usr/bin/git config --local --name-only --get-regexp core\.sshCommand
2025-05-12T06:56:22.8755412Z [command]/usr/bin/git submodule foreach --recursive sh -c "git config --local --name-only --get-regexp 'core\.sshCommand' && git config --local --unset-all 'core.sshCommand' || :"
2025-05-12T06:56:22.8994038Z [command]/usr/bin/git config --local --name-only --get-regexp http\.https\:\/\/github\.com\/\.extraheader
2025-05-12T06:56:22.9015675Z http.https://github.com/.extraheader
2025-05-12T06:56:22.9028737Z [command]/usr/bin/git config --local --unset-all http.https://github.com/.extraheader
2025-05-12T06:56:22.9059715Z [command]/usr/bin/git submodule foreach --recursive sh -c "git config --local --name-only --get-regexp 'http\.https\:\/\/github\.com\/\.extraheader' && git config --local --unset-all 'http.https://github.com/.extraheader' || :"
2025-05-12T06:56:22.9387800Z Cleaning up orphan processes
