ï»¿2025-05-13T09:10:06.2273987Z Current runner version: '2.323.0'
2025-05-13T09:10:06.2311569Z ##[group]Operating System
2025-05-13T09:10:06.2313344Z Ubuntu
2025-05-13T09:10:06.2314124Z 24.04.2
2025-05-13T09:10:06.2314937Z LTS
2025-05-13T09:10:06.2315787Z ##[endgroup]
2025-05-13T09:10:06.2316536Z ##[group]Runner Image
2025-05-13T09:10:06.2317463Z Image: ubuntu-24.04
2025-05-13T09:10:06.2318377Z Version: 20250504.1.0
2025-05-13T09:10:06.2320458Z Included Software: https://github.com/actions/runner-images/blob/ubuntu24/20250504.1/images/ubuntu/Ubuntu2404-Readme.md
2025-05-13T09:10:06.2322975Z Image Release: https://github.com/actions/runner-images/releases/tag/ubuntu24%2F20250504.1
2025-05-13T09:10:06.2324593Z ##[endgroup]
2025-05-13T09:10:06.2325511Z ##[group]Runner Image Provisioner
2025-05-13T09:10:06.2326542Z 2.0.422.1
2025-05-13T09:10:06.2327366Z ##[endgroup]
2025-05-13T09:10:06.2329120Z ##[group]GITHUB_TOKEN Permissions
2025-05-13T09:10:06.2332499Z Contents: write
2025-05-13T09:10:06.2333543Z Metadata: read
2025-05-13T09:10:06.2334539Z ##[endgroup]
2025-05-13T09:10:06.2337593Z Secret source: Actions
2025-05-13T09:10:06.2339015Z Prepare workflow directory
2025-05-13T09:10:06.2791890Z Prepare all required actions
2025-05-13T09:10:06.2846933Z Getting action download info
2025-05-13T09:10:06.7599464Z ##[group]Download immutable action package 'actions/checkout@v4'
2025-05-13T09:10:06.7600600Z Version: 4.2.2
2025-05-13T09:10:06.7601728Z Digest: sha256:ccb2698953eaebd21c7bf6268a94f9c26518a7e38e27e0b83c1fe1ad049819b1
2025-05-13T09:10:06.7602867Z Source commit SHA: 11bd71901bbe5b1630ceea73d27597364c9af683
2025-05-13T09:10:06.7603537Z ##[endgroup]
2025-05-13T09:10:06.8561222Z ##[group]Download immutable action package 'actions/setup-java@v3'
2025-05-13T09:10:06.8561987Z Version: 3.14.1
2025-05-13T09:10:06.8562782Z Digest: sha256:0f5994bd85f236d7525048fec5b0b7b3ec7474ec50184c8f78a320717cfb3d51
2025-05-13T09:10:06.8563809Z Source commit SHA: 17f84c3641ba7b8f6deff6309fc4c864478f5d62
2025-05-13T09:10:06.8564478Z ##[endgroup]
2025-05-13T09:10:07.1142612Z ##[group]Download immutable action package 'actions/setup-python@v5'
2025-05-13T09:10:07.1143295Z Version: 5.6.0
2025-05-13T09:10:07.1143894Z Digest: sha256:0b35a0c11c97499e4e0576589036d450b9f5f9da74b7774225b3614b57324404
2025-05-13T09:10:07.1144694Z Source commit SHA: a26af69be951a213d495a4c3e4e4022e16d87065
2025-05-13T09:10:07.1145259Z ##[endgroup]
2025-05-13T09:10:08.3771568Z Download action repository 'android-actions/setup-android@v3' (SHA:9fc6c4e9069bf8d3d10b2204b1fb8f6ef7065407)
2025-05-13T09:10:08.6303420Z ##[group]Download immutable action package 'actions/upload-artifact@v4'
2025-05-13T09:10:08.6304205Z Version: 4.6.2
2025-05-13T09:10:08.6304878Z Digest: sha256:290722aa3281d5caf23d0acdc3dbeb3424786a1a01a9cc97e72f147225e37c38
2025-05-13T09:10:08.6305781Z Source commit SHA: ea165f8d65b6e75b540449e92b4886f43607fa02
2025-05-13T09:10:08.6306416Z ##[endgroup]
2025-05-13T09:10:08.8332575Z Complete job name: build
2025-05-13T09:10:08.9082810Z ##[group]Run actions/checkout@v4
2025-05-13T09:10:08.9083676Z with:
2025-05-13T09:10:08.9084145Z   repository: shelley021/weatherapp
2025-05-13T09:10:08.9084838Z   token: ***
2025-05-13T09:10:08.9085235Z   ssh-strict: true
2025-05-13T09:10:08.9085659Z   ssh-user: git
2025-05-13T09:10:08.9086095Z   persist-credentials: true
2025-05-13T09:10:08.9086582Z   clean: true
2025-05-13T09:10:08.9087010Z   sparse-checkout-cone-mode: true
2025-05-13T09:10:08.9087520Z   fetch-depth: 1
2025-05-13T09:10:08.9087937Z   fetch-tags: false
2025-05-13T09:10:08.9088356Z   show-progress: true
2025-05-13T09:10:08.9088788Z   lfs: false
2025-05-13T09:10:08.9089177Z   submodules: false
2025-05-13T09:10:08.9089595Z   set-safe-directory: true
2025-05-13T09:10:08.9090445Z ##[endgroup]
2025-05-13T09:10:09.1085568Z Syncing repository: shelley021/weatherapp
2025-05-13T09:10:09.1087474Z ##[group]Getting Git version info
2025-05-13T09:10:09.1088230Z Working directory is '/home/runner/work/weatherapp/weatherapp'
2025-05-13T09:10:09.1089341Z [command]/usr/bin/git version
2025-05-13T09:10:09.1143886Z git version 2.49.0
2025-05-13T09:10:09.1171061Z ##[endgroup]
2025-05-13T09:10:09.1192320Z Temporarily overriding HOME='/home/runner/work/_temp/60336a87-1f18-4c13-892e-7564d3e5a2b3' before making global git config changes
2025-05-13T09:10:09.1193868Z Adding repository directory to the temporary git global config as a safe directory
2025-05-13T09:10:09.1197740Z [command]/usr/bin/git config --global --add safe.directory /home/runner/work/weatherapp/weatherapp
2025-05-13T09:10:09.1233673Z Deleting the contents of '/home/runner/work/weatherapp/weatherapp'
2025-05-13T09:10:09.1237135Z ##[group]Initializing the repository
2025-05-13T09:10:09.1241983Z [command]/usr/bin/git init /home/runner/work/weatherapp/weatherapp
2025-05-13T09:10:09.1305776Z hint: Using 'master' as the name for the initial branch. This default branch name
2025-05-13T09:10:09.1307494Z hint: is subject to change. To configure the initial branch name to use in all
2025-05-13T09:10:09.1308855Z hint: of your new repositories, which will suppress this warning, call:
2025-05-13T09:10:09.1310480Z hint:
2025-05-13T09:10:09.1311466Z hint: 	git config --global init.defaultBranch <name>
2025-05-13T09:10:09.1312587Z hint:
2025-05-13T09:10:09.1313630Z hint: Names commonly chosen instead of 'master' are 'main', 'trunk' and
2025-05-13T09:10:09.1314804Z hint: 'development'. The just-created branch can be renamed via this command:
2025-05-13T09:10:09.1315543Z hint:
2025-05-13T09:10:09.1315934Z hint: 	git branch -m <name>
2025-05-13T09:10:09.1316748Z Initialized empty Git repository in /home/runner/work/weatherapp/weatherapp/.git/
2025-05-13T09:10:09.1324609Z [command]/usr/bin/git remote add origin https://github.com/shelley021/weatherapp
2025-05-13T09:10:09.1358136Z ##[endgroup]
2025-05-13T09:10:09.1358923Z ##[group]Disabling automatic garbage collection
2025-05-13T09:10:09.1362424Z [command]/usr/bin/git config --local gc.auto 0
2025-05-13T09:10:09.1391596Z ##[endgroup]
2025-05-13T09:10:09.1392358Z ##[group]Setting up auth
2025-05-13T09:10:09.1398447Z [command]/usr/bin/git config --local --name-only --get-regexp core\.sshCommand
2025-05-13T09:10:09.1431454Z [command]/usr/bin/git submodule foreach --recursive sh -c "git config --local --name-only --get-regexp 'core\.sshCommand' && git config --local --unset-all 'core.sshCommand' || :"
2025-05-13T09:10:09.1734847Z [command]/usr/bin/git config --local --name-only --get-regexp http\.https\:\/\/github\.com\/\.extraheader
2025-05-13T09:10:09.1769661Z [command]/usr/bin/git submodule foreach --recursive sh -c "git config --local --name-only --get-regexp 'http\.https\:\/\/github\.com\/\.extraheader' && git config --local --unset-all 'http.https://github.com/.extraheader' || :"
2025-05-13T09:10:09.2004412Z [command]/usr/bin/git config --local http.https://github.com/.extraheader AUTHORIZATION: basic ***
2025-05-13T09:10:09.2059842Z ##[endgroup]
2025-05-13T09:10:09.2061791Z ##[group]Fetching the repository
2025-05-13T09:10:09.2065498Z [command]/usr/bin/git -c protocol.version=2 fetch --no-tags --prune --no-recurse-submodules --depth=1 origin +ba65c1b926ed04ffd8514be05015e09f4b878b5e:refs/remotes/origin/main
2025-05-13T09:10:09.6155501Z From https://github.com/shelley021/weatherapp
2025-05-13T09:10:09.6156673Z  * [new ref]         ba65c1b926ed04ffd8514be05015e09f4b878b5e -> origin/main
2025-05-13T09:10:09.6183835Z ##[endgroup]
2025-05-13T09:10:09.6184807Z ##[group]Determining the checkout info
2025-05-13T09:10:09.6186613Z ##[endgroup]
2025-05-13T09:10:09.6192359Z [command]/usr/bin/git sparse-checkout disable
2025-05-13T09:10:09.6237023Z [command]/usr/bin/git config --local --unset-all extensions.worktreeConfig
2025-05-13T09:10:09.6265565Z ##[group]Checking out the ref
2025-05-13T09:10:09.6269223Z [command]/usr/bin/git checkout --progress --force -B main refs/remotes/origin/main
2025-05-13T09:10:09.6399862Z Switched to a new branch 'main'
2025-05-13T09:10:09.6401589Z branch 'main' set up to track 'origin/main'.
2025-05-13T09:10:09.6407712Z ##[endgroup]
2025-05-13T09:10:09.6445067Z [command]/usr/bin/git log -1 --format=%H
2025-05-13T09:10:09.6467114Z ba65c1b926ed04ffd8514be05015e09f4b878b5e
2025-05-13T09:10:09.6718910Z ##[group]Run actions/setup-java@v3
2025-05-13T09:10:09.6719422Z with:
2025-05-13T09:10:09.6719762Z   distribution: temurin
2025-05-13T09:10:09.6720302Z   java-version: 17
2025-05-13T09:10:09.6720692Z   java-package: jdk
2025-05-13T09:10:09.6721072Z   check-latest: false
2025-05-13T09:10:09.6721459Z   server-id: github
2025-05-13T09:10:09.6721840Z   server-username: GITHUB_ACTOR
2025-05-13T09:10:09.6722298Z   server-password: GITHUB_TOKEN
2025-05-13T09:10:09.6722738Z   overwrite-settings: true
2025-05-13T09:10:09.6723155Z   job-status: success
2025-05-13T09:10:09.6723695Z   token: ***
2025-05-13T09:10:09.6724047Z ##[endgroup]
2025-05-13T09:10:09.8657079Z ##[group]Installed distributions
2025-05-13T09:10:09.8698932Z Resolved Java 17.0.15+6 from tool-cache
2025-05-13T09:10:09.8700039Z Setting Java 17.0.15+6 as the default
2025-05-13T09:10:09.8712864Z Creating toolchains.xml for JDK version 17 from temurin
2025-05-13T09:10:09.8790840Z Writing to /home/runner/.m2/toolchains.xml
2025-05-13T09:10:09.8791705Z 
2025-05-13T09:10:09.8792317Z Java configuration:
2025-05-13T09:10:09.8793682Z   Distribution: temurin
2025-05-13T09:10:09.8796112Z   Version: 17.0.15+6
2025-05-13T09:10:09.8797284Z   Path: /opt/hostedtoolcache/Java_Temurin-Hotspot_jdk/17.0.15-6/x64
2025-05-13T09:10:09.8798236Z 
2025-05-13T09:10:09.8799138Z ##[endgroup]
2025-05-13T09:10:09.8815243Z Creating settings.xml with server-id: github
2025-05-13T09:10:09.8826670Z Writing to /home/runner/.m2/settings.xml
2025-05-13T09:10:09.8972563Z ##[group]Run actions/setup-python@v5
2025-05-13T09:10:09.8973239Z with:
2025-05-13T09:10:09.8973656Z   python-version: 3.10
2025-05-13T09:10:09.8974156Z   check-latest: false
2025-05-13T09:10:09.8974796Z   token: ***
2025-05-13T09:10:09.8975243Z   update-environment: true
2025-05-13T09:10:09.8975771Z   allow-prereleases: false
2025-05-13T09:10:09.8976277Z   freethreaded: false
2025-05-13T09:10:09.8976731Z env:
2025-05-13T09:10:09.8977353Z   JAVA_HOME: /opt/hostedtoolcache/Java_Temurin-Hotspot_jdk/17.0.15-6/x64
2025-05-13T09:10:09.8978373Z   JAVA_HOME_17_X64: /opt/hostedtoolcache/Java_Temurin-Hotspot_jdk/17.0.15-6/x64
2025-05-13T09:10:09.8979156Z ##[endgroup]
2025-05-13T09:10:10.0634202Z ##[group]Installed versions
2025-05-13T09:10:10.0693674Z Successfully set up CPython (3.10.17)
2025-05-13T09:10:10.0694911Z ##[endgroup]
2025-05-13T09:10:10.0808914Z ##[group]Run Ubuntu_version=$(lsb_release -rs)
2025-05-13T09:10:10.0809679Z [36;1mUbuntu_version=$(lsb_release -rs)[0m
2025-05-13T09:10:10.0810618Z [36;1mif [[ "$Ubuntu_version" == "22.04" || "$Ubuntu_version" == "24.04" ]]; then[0m
2025-05-13T09:10:10.0811373Z [36;1m  sudo apt-get update -y[0m
2025-05-13T09:10:10.0811965Z [36;1m  sudo apt-get install -y libtinfo6[0m
2025-05-13T09:10:10.0812542Z [36;1melse[0m
2025-05-13T09:10:10.0812990Z [36;1m  sudo apt-get update -y[0m
2025-05-13T09:10:10.0813565Z [36;1m  sudo apt-get install -y libtinfo5[0m
2025-05-13T09:10:10.0814126Z [36;1mfi[0m
2025-05-13T09:10:10.0843561Z shell: /usr/bin/bash -e {0}
2025-05-13T09:10:10.0844088Z env:
2025-05-13T09:10:10.0844694Z   JAVA_HOME: /opt/hostedtoolcache/Java_Temurin-Hotspot_jdk/17.0.15-6/x64
2025-05-13T09:10:10.0845677Z   JAVA_HOME_17_X64: /opt/hostedtoolcache/Java_Temurin-Hotspot_jdk/17.0.15-6/x64
2025-05-13T09:10:10.0846616Z   pythonLocation: /opt/hostedtoolcache/Python/3.10.17/x64
2025-05-13T09:10:10.0847483Z   PKG_CONFIG_PATH: /opt/hostedtoolcache/Python/3.10.17/x64/lib/pkgconfig
2025-05-13T09:10:10.0848326Z   Python_ROOT_DIR: /opt/hostedtoolcache/Python/3.10.17/x64
2025-05-13T09:10:10.0849083Z   Python2_ROOT_DIR: /opt/hostedtoolcache/Python/3.10.17/x64
2025-05-13T09:10:10.0849834Z   Python3_ROOT_DIR: /opt/hostedtoolcache/Python/3.10.17/x64
2025-05-13T09:10:10.0850757Z   LD_LIBRARY_PATH: /opt/hostedtoolcache/Python/3.10.17/x64/lib
2025-05-13T09:10:10.0851405Z ##[endgroup]
2025-05-13T09:10:10.1716615Z Get:1 file:/etc/apt/apt-mirrors.txt Mirrorlist [144 B]
2025-05-13T09:10:10.1976272Z Hit:2 http://azure.archive.ubuntu.com/ubuntu noble InRelease
2025-05-13T09:10:10.1988161Z Get:3 http://azure.archive.ubuntu.com/ubuntu noble-updates InRelease [126 kB]
2025-05-13T09:10:10.2056036Z Get:4 http://azure.archive.ubuntu.com/ubuntu noble-backports InRelease [126 kB]
2025-05-13T09:10:10.2076386Z Get:5 http://azure.archive.ubuntu.com/ubuntu noble-security InRelease [126 kB]
2025-05-13T09:10:10.2154287Z Hit:6 https://packages.microsoft.com/repos/azure-cli noble InRelease
2025-05-13T09:10:10.2224013Z Get:7 https://packages.microsoft.com/ubuntu/24.04/prod noble InRelease [3600 B]
2025-05-13T09:10:10.3354952Z Get:8 http://azure.archive.ubuntu.com/ubuntu noble-updates/main amd64 Packages [1067 kB]
2025-05-13T09:10:10.3493873Z Get:9 http://azure.archive.ubuntu.com/ubuntu noble-updates/main Translation-en [229 kB]
2025-05-13T09:10:10.3524344Z Get:10 http://azure.archive.ubuntu.com/ubuntu noble-updates/main amd64 Components [161 kB]
2025-05-13T09:10:10.3549010Z Get:11 http://azure.archive.ubuntu.com/ubuntu noble-updates/universe amd64 Packages [1062 kB]
2025-05-13T09:10:10.3609638Z Get:12 http://azure.archive.ubuntu.com/ubuntu noble-updates/universe Translation-en [269 kB]
2025-05-13T09:10:10.3634550Z Get:13 http://azure.archive.ubuntu.com/ubuntu noble-updates/universe amd64 Components [376 kB]
2025-05-13T09:10:10.3669016Z Get:14 http://azure.archive.ubuntu.com/ubuntu noble-updates/restricted amd64 Components [212 B]
2025-05-13T09:10:10.3682121Z Get:15 http://azure.archive.ubuntu.com/ubuntu noble-updates/multiverse amd64 Packages [21.7 kB]
2025-05-13T09:10:10.3691921Z Get:16 http://azure.archive.ubuntu.com/ubuntu noble-updates/multiverse amd64 Components [940 B]
2025-05-13T09:10:10.3883880Z Get:17 http://azure.archive.ubuntu.com/ubuntu noble-backports/main amd64 Components [7060 B]
2025-05-13T09:10:10.4399012Z Get:18 http://azure.archive.ubuntu.com/ubuntu noble-backports/universe amd64 Components [16.4 kB]
2025-05-13T09:10:10.4412305Z Get:19 http://azure.archive.ubuntu.com/ubuntu noble-backports/restricted amd64 Components [212 B]
2025-05-13T09:10:10.4422309Z Get:20 http://azure.archive.ubuntu.com/ubuntu noble-backports/multiverse amd64 Components [212 B]
2025-05-13T09:10:10.4436121Z Get:21 http://azure.archive.ubuntu.com/ubuntu noble-security/main amd64 Packages [821 kB]
2025-05-13T09:10:10.4485319Z Get:22 http://azure.archive.ubuntu.com/ubuntu noble-security/main Translation-en [152 kB]
2025-05-13T09:10:10.4508677Z Get:23 http://azure.archive.ubuntu.com/ubuntu noble-security/main amd64 Components [21.5 kB]
2025-05-13T09:10:10.4518298Z Get:24 http://azure.archive.ubuntu.com/ubuntu noble-security/universe amd64 Packages [837 kB]
2025-05-13T09:10:10.4570542Z Get:25 http://azure.archive.ubuntu.com/ubuntu noble-security/universe Translation-en [182 kB]
2025-05-13T09:10:10.4592366Z Get:26 http://azure.archive.ubuntu.com/ubuntu noble-security/universe amd64 Components [52.2 kB]
2025-05-13T09:10:10.4605158Z Get:27 http://azure.archive.ubuntu.com/ubuntu noble-security/restricted amd64 Components [212 B]
2025-05-13T09:10:10.4617429Z Get:28 http://azure.archive.ubuntu.com/ubuntu noble-security/multiverse amd64 Packages [17.7 kB]
2025-05-13T09:10:10.4625198Z Get:29 http://azure.archive.ubuntu.com/ubuntu noble-security/multiverse amd64 Components [208 B]
2025-05-13T09:10:10.5533544Z Get:30 https://packages.microsoft.com/ubuntu/24.04/prod noble/main armhf Packages [8239 B]
2025-05-13T09:10:10.5602366Z Get:31 https://packages.microsoft.com/ubuntu/24.04/prod noble/main arm64 Packages [19.9 kB]
2025-05-13T09:10:10.5633607Z Get:32 https://packages.microsoft.com/ubuntu/24.04/prod noble/main amd64 Packages [31.6 kB]
2025-05-13T09:10:15.4326502Z Fetched 5737 kB in 1s (7397 kB/s)
2025-05-13T09:10:16.0645642Z Reading package lists...
2025-05-13T09:10:16.0960113Z Reading package lists...
2025-05-13T09:10:16.2495693Z Building dependency tree...
2025-05-13T09:10:16.2503513Z Reading state information...
2025-05-13T09:10:16.4223061Z libtinfo6 is already the newest version (6.4+20240113-1ubuntu2).
2025-05-13T09:10:16.4223812Z libtinfo6 set to manually installed.
2025-05-13T09:10:16.4225143Z 0 upgraded, 0 newly installed, 0 to remove and 20 not upgraded.
2025-05-13T09:10:16.4282235Z ##[group]Run sudo apt-get update -y
2025-05-13T09:10:16.4282641Z [36;1msudo apt-get update -y[0m
2025-05-13T09:10:16.4283069Z [36;1msudo apt-get install -y git zip unzip python3-pip autoconf libtool pkg-config[0m
2025-05-13T09:10:16.4283618Z [36;1msudo apt-get install -y zlib1g-dev libncurses5-dev libncursesw5-dev[0m
2025-05-13T09:10:16.4284064Z [36;1msudo apt-get install -y cmake libffi-dev libssl-dev[0m
2025-05-13T09:10:16.4284532Z [36;1msudo apt-get install -y libltdl-dev build-essential python3-dev python3-venv[0m
2025-05-13T09:10:16.4285002Z [36;1msudo apt-get install -y libnss3-dev libnss3-tools[0m
2025-05-13T09:10:16.4312399Z shell: /usr/bin/bash -e {0}
2025-05-13T09:10:16.4312669Z env:
2025-05-13T09:10:16.4312998Z   JAVA_HOME: /opt/hostedtoolcache/Java_Temurin-Hotspot_jdk/17.0.15-6/x64
2025-05-13T09:10:16.4313503Z   JAVA_HOME_17_X64: /opt/hostedtoolcache/Java_Temurin-Hotspot_jdk/17.0.15-6/x64
2025-05-13T09:10:16.4314012Z   pythonLocation: /opt/hostedtoolcache/Python/3.10.17/x64
2025-05-13T09:10:16.4314440Z   PKG_CONFIG_PATH: /opt/hostedtoolcache/Python/3.10.17/x64/lib/pkgconfig
2025-05-13T09:10:16.4314867Z   Python_ROOT_DIR: /opt/hostedtoolcache/Python/3.10.17/x64
2025-05-13T09:10:16.4315272Z   Python2_ROOT_DIR: /opt/hostedtoolcache/Python/3.10.17/x64
2025-05-13T09:10:16.4315667Z   Python3_ROOT_DIR: /opt/hostedtoolcache/Python/3.10.17/x64
2025-05-13T09:10:16.4316063Z   LD_LIBRARY_PATH: /opt/hostedtoolcache/Python/3.10.17/x64/lib
2025-05-13T09:10:16.4316404Z ##[endgroup]
2025-05-13T09:10:16.4913029Z Get:1 file:/etc/apt/apt-mirrors.txt Mirrorlist [144 B]
2025-05-13T09:10:16.5166104Z Hit:2 http://azure.archive.ubuntu.com/ubuntu noble InRelease
2025-05-13T09:10:16.5167569Z Hit:6 https://packages.microsoft.com/repos/azure-cli noble InRelease
2025-05-13T09:10:16.5178017Z Hit:3 http://azure.archive.ubuntu.com/ubuntu noble-updates InRelease
2025-05-13T09:10:16.5181178Z Hit:7 https://packages.microsoft.com/ubuntu/24.04/prod noble InRelease
2025-05-13T09:10:16.5187091Z Hit:4 http://azure.archive.ubuntu.com/ubuntu noble-backports InRelease
2025-05-13T09:10:16.5197486Z Hit:5 http://azure.archive.ubuntu.com/ubuntu noble-security InRelease
2025-05-13T09:10:17.5697540Z Reading package lists...
2025-05-13T09:10:17.6019961Z Reading package lists...
2025-05-13T09:10:17.7497676Z Building dependency tree...
2025-05-13T09:10:17.7505510Z Reading state information...
2025-05-13T09:10:17.9297541Z git is already the newest version (1:2.49.0-0ubuntu1~ubuntu24.04.1).
2025-05-13T09:10:17.9298193Z git set to manually installed.
2025-05-13T09:10:17.9298643Z zip is already the newest version (3.0-13ubuntu0.2).
2025-05-13T09:10:17.9299174Z unzip is already the newest version (6.0-28ubuntu4.1).
2025-05-13T09:10:17.9299782Z python3-pip is already the newest version (24.0+dfsg-1ubuntu1.1).
2025-05-13T09:10:17.9300577Z autoconf is already the newest version (2.71-3).
2025-05-13T09:10:17.9301123Z libtool is already the newest version (2.4.7-7build1).
2025-05-13T09:10:17.9301738Z pkg-config is already the newest version (1.8.1-2build1).
2025-05-13T09:10:17.9302365Z 0 upgraded, 0 newly installed, 0 to remove and 20 not upgraded.
2025-05-13T09:10:17.9535703Z Reading package lists...
2025-05-13T09:10:18.1005826Z Building dependency tree...
2025-05-13T09:10:18.1013525Z Reading state information...
2025-05-13T09:10:18.2746424Z zlib1g-dev is already the newest version (1:1.3.dfsg-3.1ubuntu2.1).
2025-05-13T09:10:18.2747018Z libncurses-dev is already the newest version (6.4+20240113-1ubuntu2).
2025-05-13T09:10:18.2978939Z libncurses-dev set to manually installed.
2025-05-13T09:10:18.2979626Z 0 upgraded, 0 newly installed, 0 to remove and 20 not upgraded.
2025-05-13T09:10:18.2980385Z Reading package lists...
2025-05-13T09:10:18.4433864Z Building dependency tree...
2025-05-13T09:10:18.4441746Z Reading state information...
2025-05-13T09:10:18.5926430Z libffi-dev is already the newest version (3.4.6-1build1).
2025-05-13T09:10:18.5926970Z libffi-dev set to manually installed.
2025-05-13T09:10:18.5928122Z libssl-dev is already the newest version (3.0.13-0ubuntu3.5).
2025-05-13T09:10:18.5928655Z The following additional packages will be installed:
2025-05-13T09:10:18.5933160Z   cmake-data libjsoncpp25 librhash0
2025-05-13T09:10:18.5938496Z Suggested packages:
2025-05-13T09:10:18.5939039Z   cmake-doc cmake-format elpa-cmake-mode ninja-build
2025-05-13T09:10:18.6085970Z The following NEW packages will be installed:
2025-05-13T09:10:18.6093147Z   cmake cmake-data libjsoncpp25 librhash0
2025-05-13T09:10:18.6264656Z 0 upgraded, 4 newly installed, 0 to remove and 20 not upgraded.
2025-05-13T09:10:18.6265262Z Need to get 13.6 MB of archives.
2025-05-13T09:10:18.6265791Z After this operation, 49.1 MB of additional disk space will be used.
2025-05-13T09:10:18.6266432Z Get:1 file:/etc/apt/apt-mirrors.txt Mirrorlist [144 B]
2025-05-13T09:10:18.6589323Z Get:2 http://azure.archive.ubuntu.com/ubuntu noble/main amd64 libjsoncpp25 amd64 1.9.5-6build1 [82.8 kB]
2025-05-13T09:10:18.6784645Z Get:3 http://azure.archive.ubuntu.com/ubuntu noble/main amd64 librhash0 amd64 1.4.3-3build1 [129 kB]
2025-05-13T09:10:18.6982904Z Get:4 http://azure.archive.ubuntu.com/ubuntu noble/main amd64 cmake-data all 3.28.3-1build7 [2155 kB]
2025-05-13T09:10:18.7552265Z Get:5 http://azure.archive.ubuntu.com/ubuntu noble/main amd64 cmake amd64 3.28.3-1build7 [11.2 MB]
2025-05-13T09:10:19.1297251Z Fetched 13.6 MB in 0s (50.9 MB/s)
2025-05-13T09:10:19.1517107Z Selecting previously unselected package libjsoncpp25:amd64.
2025-05-13T09:10:19.1749347Z (Reading database ... 
2025-05-13T09:10:19.1749854Z (Reading database ... 5%
2025-05-13T09:10:19.1750887Z (Reading database ... 10%
2025-05-13T09:10:19.1751450Z (Reading database ... 15%
2025-05-13T09:10:19.1751723Z (Reading database ... 20%
2025-05-13T09:10:19.1751970Z (Reading database ... 25%
2025-05-13T09:10:19.1752216Z (Reading database ... 30%
2025-05-13T09:10:19.1752449Z (Reading database ... 35%
2025-05-13T09:10:19.1752693Z (Reading database ... 40%
2025-05-13T09:10:19.1752978Z (Reading database ... 45%
2025-05-13T09:10:19.1753230Z (Reading database ... 50%
2025-05-13T09:10:19.1913668Z (Reading database ... 55%
2025-05-13T09:10:19.2148320Z (Reading database ... 60%
2025-05-13T09:10:19.2358869Z (Reading database ... 65%
2025-05-13T09:10:19.2541995Z (Reading database ... 70%
2025-05-13T09:10:19.2806793Z (Reading database ... 75%
2025-05-13T09:10:19.3031920Z (Reading database ... 80%
2025-05-13T09:10:19.3454180Z (Reading database ... 85%
2025-05-13T09:10:19.3876616Z (Reading database ... 90%
2025-05-13T09:10:19.4181318Z (Reading database ... 95%
2025-05-13T09:10:19.4181755Z (Reading database ... 100%
2025-05-13T09:10:19.4182262Z (Reading database ... 222550 files and directories currently installed.)
2025-05-13T09:10:19.4225660Z Preparing to unpack .../libjsoncpp25_1.9.5-6build1_amd64.deb ...
2025-05-13T09:10:19.4277451Z Unpacking libjsoncpp25:amd64 (1.9.5-6build1) ...
2025-05-13T09:10:19.4536951Z Selecting previously unselected package librhash0:amd64.
2025-05-13T09:10:19.4674128Z Preparing to unpack .../librhash0_1.4.3-3build1_amd64.deb ...
2025-05-13T09:10:19.4691032Z Unpacking librhash0:amd64 (1.4.3-3build1) ...
2025-05-13T09:10:19.4966168Z Selecting previously unselected package cmake-data.
2025-05-13T09:10:19.5103984Z Preparing to unpack .../cmake-data_3.28.3-1build7_all.deb ...
2025-05-13T09:10:19.5174692Z Unpacking cmake-data (3.28.3-1build7) ...
2025-05-13T09:10:20.0821114Z Selecting previously unselected package cmake.
2025-05-13T09:10:20.0981954Z Preparing to unpack .../cmake_3.28.3-1build7_amd64.deb ...
2025-05-13T09:10:20.0992633Z Unpacking cmake (3.28.3-1build7) ...
2025-05-13T09:10:20.2917517Z Setting up libjsoncpp25:amd64 (1.9.5-6build1) ...
2025-05-13T09:10:20.2954950Z Setting up librhash0:amd64 (1.4.3-3build1) ...
2025-05-13T09:10:20.2996063Z Setting up cmake-data (3.28.3-1build7) ...
2025-05-13T09:10:20.3110432Z Setting up cmake (3.28.3-1build7) ...
2025-05-13T09:10:20.3148865Z Processing triggers for man-db (2.12.0-4build2) ...
2025-05-13T09:10:27.8627388Z Processing triggers for libc-bin (2.39-0ubuntu8.4) ...
2025-05-13T09:10:28.5085159Z 
2025-05-13T09:10:28.5085611Z Running kernel seems to be up-to-date.
2025-05-13T09:10:28.5085982Z 
2025-05-13T09:10:28.5086145Z No services need to be restarted.
2025-05-13T09:10:28.5086408Z 
2025-05-13T09:10:28.5086579Z No containers need to be restarted.
2025-05-13T09:10:28.5086854Z 
2025-05-13T09:10:28.5087041Z No user sessions are running outdated binaries.
2025-05-13T09:10:28.5087355Z 
2025-05-13T09:10:28.5087650Z No VM guests are running outdated hypervisor (qemu) binaries on this host.
2025-05-13T09:10:29.3158929Z Reading package lists...
2025-05-13T09:10:29.4542831Z Building dependency tree...
2025-05-13T09:10:29.4550373Z Reading state information...
2025-05-13T09:10:29.5965039Z python3-dev is already the newest version (3.12.3-0ubuntu2).
2025-05-13T09:10:29.5965880Z python3-venv is already the newest version (3.12.3-0ubuntu2).
2025-05-13T09:10:29.5966272Z Suggested packages:
2025-05-13T09:10:29.5966502Z   libtool-doc
2025-05-13T09:10:29.6090406Z The following NEW packages will be installed:
2025-05-13T09:10:29.6096344Z   build-essential libltdl-dev
2025-05-13T09:10:29.6259914Z 0 upgraded, 2 newly installed, 0 to remove and 20 not upgraded.
2025-05-13T09:10:29.6260891Z Need to get 173 kB of archives.
2025-05-13T09:10:29.6261427Z After this operation, 980 kB of additional disk space will be used.
2025-05-13T09:10:29.6261984Z Get:1 file:/etc/apt/apt-mirrors.txt Mirrorlist [144 B]
2025-05-13T09:10:29.6596186Z Get:2 http://azure.archive.ubuntu.com/ubuntu noble/main amd64 build-essential amd64 12.10ubuntu1 [4928 B]
2025-05-13T09:10:29.6780917Z Get:3 http://azure.archive.ubuntu.com/ubuntu noble/main amd64 libltdl-dev amd64 2.4.7-7build1 [168 kB]
2025-05-13T09:10:29.9308928Z Fetched 173 kB in 0s (2628 kB/s)
2025-05-13T09:10:29.9486868Z Selecting previously unselected package build-essential.
2025-05-13T09:10:29.9541625Z (Reading database ... 
2025-05-13T09:10:29.9541991Z (Reading database ... 5%
2025-05-13T09:10:29.9542379Z (Reading database ... 10%
2025-05-13T09:10:29.9542686Z (Reading database ... 15%
2025-05-13T09:10:29.9542913Z (Reading database ... 20%
2025-05-13T09:10:29.9543128Z (Reading database ... 25%
2025-05-13T09:10:29.9543346Z (Reading database ... 30%
2025-05-13T09:10:29.9543557Z (Reading database ... 35%
2025-05-13T09:10:29.9543774Z (Reading database ... 40%
2025-05-13T09:10:29.9543994Z (Reading database ... 45%
2025-05-13T09:10:29.9544202Z (Reading database ... 50%
2025-05-13T09:10:29.9618649Z (Reading database ... 55%
2025-05-13T09:10:29.9638802Z (Reading database ... 60%
2025-05-13T09:10:29.9667934Z (Reading database ... 65%
2025-05-13T09:10:29.9684331Z (Reading database ... 70%
2025-05-13T09:10:29.9733194Z (Reading database ... 75%
2025-05-13T09:10:29.9759003Z (Reading database ... 80%
2025-05-13T09:10:29.9945395Z (Reading database ... 85%
2025-05-13T09:10:30.0182837Z (Reading database ... 90%
2025-05-13T09:10:30.0261869Z (Reading database ... 95%
2025-05-13T09:10:30.0262340Z (Reading database ... 100%
2025-05-13T09:10:30.0263096Z (Reading database ... 225959 files and directories currently installed.)
2025-05-13T09:10:30.0314736Z Preparing to unpack .../build-essential_12.10ubuntu1_amd64.deb ...
2025-05-13T09:10:30.0326894Z Unpacking build-essential (12.10ubuntu1) ...
2025-05-13T09:10:30.0552213Z Selecting previously unselected package libltdl-dev:amd64.
2025-05-13T09:10:30.0694966Z Preparing to unpack .../libltdl-dev_2.4.7-7build1_amd64.deb ...
2025-05-13T09:10:30.0705356Z Unpacking libltdl-dev:amd64 (2.4.7-7build1) ...
2025-05-13T09:10:30.1188575Z Setting up libltdl-dev:amd64 (2.4.7-7build1) ...
2025-05-13T09:10:30.1216238Z Setting up build-essential (12.10ubuntu1) ...
2025-05-13T09:10:30.6757559Z 
2025-05-13T09:10:30.6758001Z Running kernel seems to be up-to-date.
2025-05-13T09:10:30.6758353Z 
2025-05-13T09:10:30.6758519Z No services need to be restarted.
2025-05-13T09:10:30.6758783Z 
2025-05-13T09:10:30.6758938Z No containers need to be restarted.
2025-05-13T09:10:30.6759218Z 
2025-05-13T09:10:30.6759877Z No user sessions are running outdated binaries.
2025-05-13T09:10:30.6760654Z 
2025-05-13T09:10:30.6760994Z No VM guests are running outdated hypervisor (qemu) binaries on this host.
2025-05-13T09:10:31.4806374Z Reading package lists...
2025-05-13T09:10:31.6274900Z Building dependency tree...
2025-05-13T09:10:31.6282147Z Reading state information...
2025-05-13T09:10:31.7692743Z The following additional packages will be installed:
2025-05-13T09:10:31.7697052Z   libnspr4-dev
2025-05-13T09:10:31.7839413Z The following NEW packages will be installed:
2025-05-13T09:10:31.7843761Z   libnspr4-dev libnss3-dev libnss3-tools
2025-05-13T09:10:31.8005323Z 0 upgraded, 3 newly installed, 0 to remove and 20 not upgraded.
2025-05-13T09:10:31.8005893Z Need to get 1088 kB of archives.
2025-05-13T09:10:31.8006454Z After this operation, 4860 kB of additional disk space will be used.
2025-05-13T09:10:31.8007119Z Get:1 file:/etc/apt/apt-mirrors.txt Mirrorlist [144 B]
2025-05-13T09:10:31.8345829Z Get:2 http://azure.archive.ubuntu.com/ubuntu noble/main amd64 libnspr4-dev amd64 2:4.35-1.1build1 [219 kB]
2025-05-13T09:10:31.8563990Z Get:3 http://azure.archive.ubuntu.com/ubuntu noble/main amd64 libnss3-dev amd64 2:3.98-1build1 [253 kB]
2025-05-13T09:10:31.8928262Z Get:4 http://azure.archive.ubuntu.com/ubuntu noble/main amd64 libnss3-tools amd64 2:3.98-1build1 [615 kB]
2025-05-13T09:10:32.1624669Z Fetched 1088 kB in 0s (9007 kB/s)
2025-05-13T09:10:32.1816281Z Selecting previously unselected package libnspr4-dev.
2025-05-13T09:10:32.1876753Z (Reading database ... 
2025-05-13T09:10:32.1877176Z (Reading database ... 5%
2025-05-13T09:10:32.1877541Z (Reading database ... 10%
2025-05-13T09:10:32.1877895Z (Reading database ... 15%
2025-05-13T09:10:32.1878641Z (Reading database ... 20%
2025-05-13T09:10:32.1879157Z (Reading database ... 25%
2025-05-13T09:10:32.1879511Z (Reading database ... 30%
2025-05-13T09:10:32.1879851Z (Reading database ... 35%
2025-05-13T09:10:32.1880457Z (Reading database ... 40%
2025-05-13T09:10:32.1880821Z (Reading database ... 45%
2025-05-13T09:10:32.1881216Z (Reading database ... 50%
2025-05-13T09:10:32.1962390Z (Reading database ... 55%
2025-05-13T09:10:32.1984680Z (Reading database ... 60%
2025-05-13T09:10:32.2017295Z (Reading database ... 65%
2025-05-13T09:10:32.2034781Z (Reading database ... 70%
2025-05-13T09:10:32.2086728Z (Reading database ... 75%
2025-05-13T09:10:32.2113628Z (Reading database ... 80%
2025-05-13T09:10:32.2302477Z (Reading database ... 85%
2025-05-13T09:10:32.2552637Z (Reading database ... 90%
2025-05-13T09:10:32.2636284Z (Reading database ... 95%
2025-05-13T09:10:32.2636722Z (Reading database ... 100%
2025-05-13T09:10:32.2637230Z (Reading database ... 226015 files and directories currently installed.)
2025-05-13T09:10:32.2683268Z Preparing to unpack .../libnspr4-dev_2%3a4.35-1.1build1_amd64.deb ...
2025-05-13T09:10:32.2695654Z Unpacking libnspr4-dev (2:4.35-1.1build1) ...
2025-05-13T09:10:32.3079518Z Selecting previously unselected package libnss3-dev:amd64.
2025-05-13T09:10:32.3222053Z Preparing to unpack .../libnss3-dev_2%3a3.98-1build1_amd64.deb ...
2025-05-13T09:10:32.3235137Z Unpacking libnss3-dev:amd64 (2:3.98-1build1) ...
2025-05-13T09:10:32.3644758Z Selecting previously unselected package libnss3-tools.
2025-05-13T09:10:32.3786523Z Preparing to unpack .../libnss3-tools_2%3a3.98-1build1_amd64.deb ...
2025-05-13T09:10:32.3797252Z Unpacking libnss3-tools (2:3.98-1build1) ...
2025-05-13T09:10:32.4352163Z Setting up libnspr4-dev (2:4.35-1.1build1) ...
2025-05-13T09:10:32.4393355Z Setting up libnss3-dev:amd64 (2:3.98-1build1) ...
2025-05-13T09:10:32.4422701Z Setting up libnss3-tools (2:3.98-1build1) ...
2025-05-13T09:10:32.4461011Z Processing triggers for man-db (2.12.0-4build2) ...
2025-05-13T09:10:36.9085450Z 
2025-05-13T09:10:36.9085928Z Running kernel seems to be up-to-date.
2025-05-13T09:10:36.9086306Z 
2025-05-13T09:10:36.9086455Z No services need to be restarted.
2025-05-13T09:10:36.9086725Z 
2025-05-13T09:10:36.9086885Z No containers need to be restarted.
2025-05-13T09:10:36.9087167Z 
2025-05-13T09:10:36.9087826Z No user sessions are running outdated binaries.
2025-05-13T09:10:36.9088359Z 
2025-05-13T09:10:36.9088679Z No VM guests are running outdated hypervisor (qemu) binaries on this host.
2025-05-13T09:10:37.6921467Z ##[group]Run pip config set global.index-url https://pypi.org/simple/
2025-05-13T09:10:37.6921973Z [36;1mpip config set global.index-url https://pypi.org/simple/[0m
2025-05-13T09:10:37.6922336Z [36;1mpip config set global.trusted-host pypi.org[0m
2025-05-13T09:10:37.6948095Z shell: /usr/bin/bash -e {0}
2025-05-13T09:10:37.6948309Z env:
2025-05-13T09:10:37.6948600Z   JAVA_HOME: /opt/hostedtoolcache/Java_Temurin-Hotspot_jdk/17.0.15-6/x64
2025-05-13T09:10:37.6949065Z   JAVA_HOME_17_X64: /opt/hostedtoolcache/Java_Temurin-Hotspot_jdk/17.0.15-6/x64
2025-05-13T09:10:37.6949484Z   pythonLocation: /opt/hostedtoolcache/Python/3.10.17/x64
2025-05-13T09:10:37.6949870Z   PKG_CONFIG_PATH: /opt/hostedtoolcache/Python/3.10.17/x64/lib/pkgconfig
2025-05-13T09:10:37.6950397Z   Python_ROOT_DIR: /opt/hostedtoolcache/Python/3.10.17/x64
2025-05-13T09:10:37.6950751Z   Python2_ROOT_DIR: /opt/hostedtoolcache/Python/3.10.17/x64
2025-05-13T09:10:37.6951134Z   Python3_ROOT_DIR: /opt/hostedtoolcache/Python/3.10.17/x64
2025-05-13T09:10:37.6951481Z   LD_LIBRARY_PATH: /opt/hostedtoolcache/Python/3.10.17/x64/lib
2025-05-13T09:10:37.6951767Z ##[endgroup]
2025-05-13T09:10:37.9527218Z Writing to /home/runner/.config/pip/pip.conf
2025-05-13T09:10:38.1286490Z Writing to /home/runner/.config/pip/pip.conf
2025-05-13T09:10:38.1539092Z ##[group]Run python -m pip install --upgrade pip setuptools
2025-05-13T09:10:38.1539538Z [36;1mpython -m pip install --upgrade pip setuptools[0m
2025-05-13T09:10:38.1539962Z [36;1mpip install buildozer==1.5.1 kivy==2.3.1 requests==2.25.1 cython==0.29.36 certifi[0m
2025-05-13T09:10:38.1540576Z [36;1mpip install python-for-android[0m
2025-05-13T09:10:38.1566880Z shell: /usr/bin/bash -e {0}
2025-05-13T09:10:38.1567108Z env:
2025-05-13T09:10:38.1567391Z   JAVA_HOME: /opt/hostedtoolcache/Java_Temurin-Hotspot_jdk/17.0.15-6/x64
2025-05-13T09:10:38.1567862Z   JAVA_HOME_17_X64: /opt/hostedtoolcache/Java_Temurin-Hotspot_jdk/17.0.15-6/x64
2025-05-13T09:10:38.1568279Z   pythonLocation: /opt/hostedtoolcache/Python/3.10.17/x64
2025-05-13T09:10:38.1568664Z   PKG_CONFIG_PATH: /opt/hostedtoolcache/Python/3.10.17/x64/lib/pkgconfig
2025-05-13T09:10:38.1569048Z   Python_ROOT_DIR: /opt/hostedtoolcache/Python/3.10.17/x64
2025-05-13T09:10:38.1569418Z   Python2_ROOT_DIR: /opt/hostedtoolcache/Python/3.10.17/x64
2025-05-13T09:10:38.1569772Z   Python3_ROOT_DIR: /opt/hostedtoolcache/Python/3.10.17/x64
2025-05-13T09:10:38.1570116Z   LD_LIBRARY_PATH: /opt/hostedtoolcache/Python/3.10.17/x64/lib
2025-05-13T09:10:38.1570637Z ##[endgroup]
2025-05-13T09:10:38.6656608Z Looking in indexes: https://pypi.org/simple/
2025-05-13T09:10:38.6668477Z Requirement already satisfied: pip in /opt/hostedtoolcache/Python/3.10.17/x64/lib/python3.10/site-packages (25.1.1)
2025-05-13T09:10:38.7323536Z Requirement already satisfied: setuptools in /opt/hostedtoolcache/Python/3.10.17/x64/lib/python3.10/site-packages (65.5.0)
2025-05-13T09:10:38.8921420Z Collecting setuptools
2025-05-13T09:10:38.9376945Z   Downloading setuptools-80.4.0-py3-none-any.whl.metadata (6.5 kB)
2025-05-13T09:10:38.9625745Z Downloading setuptools-80.4.0-py3-none-any.whl (1.2 MB)
2025-05-13T09:10:39.0506224Z    ââââââââââââââââââââââââââââââââââââââââ 1.2/1.2 MB 16.0 MB/s eta 0:00:00
2025-05-13T09:10:39.0844229Z Installing collected packages: setuptools
2025-05-13T09:10:39.0846137Z   Attempting uninstall: setuptools
2025-05-13T09:10:39.0853189Z     Found existing installation: setuptools 65.5.0
2025-05-13T09:10:39.1081020Z     Uninstalling setuptools-65.5.0:
2025-05-13T09:10:39.1184378Z       Successfully uninstalled setuptools-65.5.0
2025-05-13T09:10:39.7797007Z Successfully installed setuptools-80.4.0
2025-05-13T09:10:40.2186008Z Looking in indexes: https://pypi.org/simple/
2025-05-13T09:10:40.2617736Z ERROR: Could not find a version that satisfies the requirement buildozer==1.5.1 (from versions: 0.1, 0.2, 0.4, 0.5, 0.6, 0.7, 0.8, 0.9, 0.10, 0.11, 0.12, 0.13, 0.14, 0.15, 0.16, 0.17, 0.18, 0.19, 0.21, 0.22, 0.23, 0.24, 0.25, 0.26, 0.27, 0.29, 0.30, 0.31, 0.32, 0.33, 0.34, 0.35, 0.36, 0.37, 0.38, 0.39, 1.0, 1.1.0, 1.2.0, 1.3.0, 1.4.0, 1.5.0)
2025-05-13T09:10:40.2626093Z ERROR: No matching distribution found for buildozer==1.5.1
2025-05-13T09:10:40.3003221Z ##[error]Process completed with exit code 1.
2025-05-13T09:10:40.3072607Z ##[group]Run if [ -f build.log ]; then
2025-05-13T09:10:40.3072934Z [36;1mif [ -f build.log ]; then[0m
2025-05-13T09:10:40.3073223Z [36;1m  echo "Build log exists, checking for errors..."[0m
2025-05-13T09:10:40.3073562Z [36;1m  if grep -q -E "ERROR:|FAILED" build.log; then[0m
2025-05-13T09:10:40.3073854Z [36;1m    echo "Errors found in build log:"[0m
2025-05-13T09:10:40.3074135Z [36;1m    grep -E "ERROR:|FAILED" build.log[0m
2025-05-13T09:10:40.3074383Z [36;1m    exit 1[0m
2025-05-13T09:10:40.3074567Z [36;1m  else[0m
2025-05-13T09:10:40.3074789Z [36;1m    echo "No critical errors found in build log"[0m
2025-05-13T09:10:40.3075066Z [36;1m  fi[0m
2025-05-13T09:10:40.3075229Z [36;1melse[0m
2025-05-13T09:10:40.3075401Z [36;1m  echo "No build log found"[0m
2025-05-13T09:10:40.3075624Z [36;1m  exit 1[0m
2025-05-13T09:10:40.3075790Z [36;1mfi[0m
2025-05-13T09:10:40.3101275Z shell: /usr/bin/bash -e {0}
2025-05-13T09:10:40.3101497Z env:
2025-05-13T09:10:40.3101815Z   JAVA_HOME: /opt/hostedtoolcache/Java_Temurin-Hotspot_jdk/17.0.15-6/x64
2025-05-13T09:10:40.3102262Z   JAVA_HOME_17_X64: /opt/hostedtoolcache/Java_Temurin-Hotspot_jdk/17.0.15-6/x64
2025-05-13T09:10:40.3102671Z   pythonLocation: /opt/hostedtoolcache/Python/3.10.17/x64
2025-05-13T09:10:40.3103049Z   PKG_CONFIG_PATH: /opt/hostedtoolcache/Python/3.10.17/x64/lib/pkgconfig
2025-05-13T09:10:40.3103420Z   Python_ROOT_DIR: /opt/hostedtoolcache/Python/3.10.17/x64
2025-05-13T09:10:40.3103756Z   Python2_ROOT_DIR: /opt/hostedtoolcache/Python/3.10.17/x64
2025-05-13T09:10:40.3104083Z   Python3_ROOT_DIR: /opt/hostedtoolcache/Python/3.10.17/x64
2025-05-13T09:10:40.3104426Z   LD_LIBRARY_PATH: /opt/hostedtoolcache/Python/3.10.17/x64/lib
2025-05-13T09:10:40.3104719Z ##[endgroup]
2025-05-13T09:10:40.3152106Z No build log found
2025-05-13T09:10:40.3155804Z ##[error]Process completed with exit code 1.
2025-05-13T09:10:40.3200685Z ##[group]Run actions/upload-artifact@v4
2025-05-13T09:10:40.3200962Z with:
2025-05-13T09:10:40.3201123Z   name: build-log
2025-05-13T09:10:40.3201300Z   path: build.log
2025-05-13T09:10:40.3201466Z   retention-days: 1
2025-05-13T09:10:40.3201651Z   if-no-files-found: warn
2025-05-13T09:10:40.3201850Z   compression-level: 6
2025-05-13T09:10:40.3202025Z   overwrite: false
2025-05-13T09:10:40.3202211Z   include-hidden-files: false
2025-05-13T09:10:40.3202408Z env:
2025-05-13T09:10:40.3202668Z   JAVA_HOME: /opt/hostedtoolcache/Java_Temurin-Hotspot_jdk/17.0.15-6/x64
2025-05-13T09:10:40.3203105Z   JAVA_HOME_17_X64: /opt/hostedtoolcache/Java_Temurin-Hotspot_jdk/17.0.15-6/x64
2025-05-13T09:10:40.3203504Z   pythonLocation: /opt/hostedtoolcache/Python/3.10.17/x64
2025-05-13T09:10:40.3203877Z   PKG_CONFIG_PATH: /opt/hostedtoolcache/Python/3.10.17/x64/lib/pkgconfig
2025-05-13T09:10:40.3204252Z   Python_ROOT_DIR: /opt/hostedtoolcache/Python/3.10.17/x64
2025-05-13T09:10:40.3204612Z   Python2_ROOT_DIR: /opt/hostedtoolcache/Python/3.10.17/x64
2025-05-13T09:10:40.3204957Z   Python3_ROOT_DIR: /opt/hostedtoolcache/Python/3.10.17/x64
2025-05-13T09:10:40.3205297Z   LD_LIBRARY_PATH: /opt/hostedtoolcache/Python/3.10.17/x64/lib
2025-05-13T09:10:40.3205590Z ##[endgroup]
2025-05-13T09:10:40.5298276Z ##[warning]No files were found with the provided path: build.log. No artifacts will be uploaded.
2025-05-13T09:10:40.5450605Z Post job cleanup.
2025-05-13T09:10:40.7178715Z Post job cleanup.
2025-05-13T09:10:40.8100933Z [command]/usr/bin/git version
2025-05-13T09:10:40.8142088Z git version 2.49.0
2025-05-13T09:10:40.8187199Z Temporarily overriding HOME='/home/runner/work/_temp/98c76ddc-748d-444a-b528-0efb5bbbbf62' before making global git config changes
2025-05-13T09:10:40.8188808Z Adding repository directory to the temporary git global config as a safe directory
2025-05-13T09:10:40.8203358Z [command]/usr/bin/git config --global --add safe.directory /home/runner/work/weatherapp/weatherapp
2025-05-13T09:10:40.8238817Z [command]/usr/bin/git config --local --name-only --get-regexp core\.sshCommand
2025-05-13T09:10:40.8273076Z [command]/usr/bin/git submodule foreach --recursive sh -c "git config --local --name-only --get-regexp 'core\.sshCommand' && git config --local --unset-all 'core.sshCommand' || :"
2025-05-13T09:10:40.8518206Z [command]/usr/bin/git config --local --name-only --get-regexp http\.https\:\/\/github\.com\/\.extraheader
2025-05-13T09:10:40.8541739Z http.https://github.com/.extraheader
2025-05-13T09:10:40.8554715Z [command]/usr/bin/git config --local --unset-all http.https://github.com/.extraheader
2025-05-13T09:10:40.8586921Z [command]/usr/bin/git submodule foreach --recursive sh -c "git config --local --name-only --get-regexp 'http\.https\:\/\/github\.com\/\.extraheader' && git config --local --unset-all 'http.https://github.com/.extraheader' || :"
2025-05-13T09:10:40.8941602Z Cleaning up orphan processes
