√Ø¬ª¬ø2025-05-13T09:49:55.5926646Z Current runner version: '2.323.0'
2025-05-13T09:49:55.5950041Z ##[group]Operating System
2025-05-13T09:49:55.5950769Z Ubuntu
2025-05-13T09:49:55.5951254Z 24.04.2
2025-05-13T09:49:55.5951671Z LTS
2025-05-13T09:49:55.5952546Z ##[endgroup]
2025-05-13T09:49:55.5953057Z ##[group]Runner Image
2025-05-13T09:49:55.5953682Z Image: ubuntu-24.04
2025-05-13T09:49:55.5954222Z Version: 20250504.1.0
2025-05-13T09:49:55.5955222Z Included Software: https://github.com/actions/runner-images/blob/ubuntu24/20250504.1/images/ubuntu/Ubuntu2404-Readme.md
2025-05-13T09:49:55.5956582Z Image Release: https://github.com/actions/runner-images/releases/tag/ubuntu24%2F20250504.1
2025-05-13T09:49:55.5957504Z ##[endgroup]
2025-05-13T09:49:55.5958001Z ##[group]Runner Image Provisioner
2025-05-13T09:49:55.5958567Z 2.0.422.1
2025-05-13T09:49:55.5959042Z ##[endgroup]
2025-05-13T09:49:55.5959949Z ##[group]GITHUB_TOKEN Permissions
2025-05-13T09:49:55.5962497Z Contents: write
2025-05-13T09:49:55.5963031Z Metadata: read
2025-05-13T09:49:55.5963779Z ##[endgroup]
2025-05-13T09:49:55.5965818Z Secret source: Actions
2025-05-13T09:49:55.5966570Z Prepare workflow directory
2025-05-13T09:49:55.6286795Z Prepare all required actions
2025-05-13T09:49:55.6324652Z Getting action download info
2025-05-13T09:49:56.2097635Z ##[group]Download immutable action package 'actions/checkout@v4'
2025-05-13T09:49:56.2098618Z Version: 4.2.2
2025-05-13T09:49:56.2099707Z Digest: sha256:ccb2698953eaebd21c7bf6268a94f9c26518a7e38e27e0b83c1fe1ad049819b1
2025-05-13T09:49:56.2100796Z Source commit SHA: 11bd71901bbe5b1630ceea73d27597364c9af683
2025-05-13T09:49:56.2101470Z ##[endgroup]
2025-05-13T09:49:56.2935669Z ##[group]Download immutable action package 'actions/setup-java@v3'
2025-05-13T09:49:56.2936504Z Version: 3.14.1
2025-05-13T09:49:56.2937255Z Digest: sha256:0f5994bd85f236d7525048fec5b0b7b3ec7474ec50184c8f78a320717cfb3d51
2025-05-13T09:49:56.2938188Z Source commit SHA: 17f84c3641ba7b8f6deff6309fc4c864478f5d62
2025-05-13T09:49:56.2938820Z ##[endgroup]
2025-05-13T09:49:56.5357422Z ##[group]Download immutable action package 'actions/setup-python@v5'
2025-05-13T09:49:56.5358099Z Version: 5.6.0
2025-05-13T09:49:56.5358687Z Digest: sha256:0b35a0c11c97499e4e0576589036d450b9f5f9da74b7774225b3614b57324404
2025-05-13T09:49:56.5359489Z Source commit SHA: a26af69be951a213d495a4c3e4e4022e16d87065
2025-05-13T09:49:56.5360052Z ##[endgroup]
2025-05-13T09:49:56.7348657Z Download action repository 'android-actions/setup-android@v3' (SHA:9fc6c4e9069bf8d3d10b2204b1fb8f6ef7065407)
2025-05-13T09:49:56.8743551Z ##[group]Download immutable action package 'actions/upload-artifact@v4'
2025-05-13T09:49:56.8744951Z Version: 4.6.2
2025-05-13T09:49:56.8746193Z Digest: sha256:290722aa3281d5caf23d0acdc3dbeb3424786a1a01a9cc97e72f147225e37c38
2025-05-13T09:49:56.8748046Z Source commit SHA: ea165f8d65b6e75b540449e92b4886f43607fa02
2025-05-13T09:49:56.8749334Z ##[endgroup]
2025-05-13T09:49:57.0929224Z Complete job name: build
2025-05-13T09:49:57.1773355Z ##[group]Run actions/checkout@v4
2025-05-13T09:49:57.1774526Z with:
2025-05-13T09:49:57.1775227Z   repository: shelley021/weatherapp
2025-05-13T09:49:57.1776311Z   token: ***
2025-05-13T09:49:57.1776976Z   ssh-strict: true
2025-05-13T09:49:57.1777645Z   ssh-user: git
2025-05-13T09:49:57.1778395Z   persist-credentials: true
2025-05-13T09:49:57.1779173Z   clean: true
2025-05-13T09:49:57.1779871Z   sparse-checkout-cone-mode: true
2025-05-13T09:49:57.1780710Z   fetch-depth: 1
2025-05-13T09:49:57.1781372Z   fetch-tags: false
2025-05-13T09:49:57.1782261Z   show-progress: true
2025-05-13T09:49:57.1782959Z   lfs: false
2025-05-13T09:49:57.1783592Z   submodules: false
2025-05-13T09:49:57.1784292Z   set-safe-directory: true
2025-05-13T09:49:57.1785319Z ##[endgroup]
2025-05-13T09:49:57.3519150Z Syncing repository: shelley021/weatherapp
2025-05-13T09:49:57.3522977Z ##[group]Getting Git version info
2025-05-13T09:49:57.3525018Z Working directory is '/home/runner/work/weatherapp/weatherapp'
2025-05-13T09:49:57.3528023Z [command]/usr/bin/git version
2025-05-13T09:49:57.3565349Z git version 2.49.0
2025-05-13T09:49:57.3594367Z ##[endgroup]
2025-05-13T09:49:57.3613548Z Temporarily overriding HOME='/home/runner/work/_temp/ff7423a6-c454-4365-8162-b8d2f3441d8b' before making global git config changes
2025-05-13T09:49:57.3616063Z Adding repository directory to the temporary git global config as a safe directory
2025-05-13T09:49:57.3618499Z [command]/usr/bin/git config --global --add safe.directory /home/runner/work/weatherapp/weatherapp
2025-05-13T09:49:57.3650984Z Deleting the contents of '/home/runner/work/weatherapp/weatherapp'
2025-05-13T09:49:57.3654978Z ##[group]Initializing the repository
2025-05-13T09:49:57.3658897Z [command]/usr/bin/git init /home/runner/work/weatherapp/weatherapp
2025-05-13T09:49:57.3725388Z hint: Using 'master' as the name for the initial branch. This default branch name
2025-05-13T09:49:57.3727283Z hint: is subject to change. To configure the initial branch name to use in all
2025-05-13T09:49:57.3729804Z hint: of your new repositories, which will suppress this warning, call:
2025-05-13T09:49:57.3731945Z hint:
2025-05-13T09:49:57.3733074Z hint: 	git config --global init.defaultBranch <name>
2025-05-13T09:49:57.3734050Z hint:
2025-05-13T09:49:57.3734946Z hint: Names commonly chosen instead of 'master' are 'main', 'trunk' and
2025-05-13T09:49:57.3736550Z hint: 'development'. The just-created branch can be renamed via this command:
2025-05-13T09:49:57.3738207Z hint:
2025-05-13T09:49:57.3738822Z hint: 	git branch -m <name>
2025-05-13T09:49:57.3740223Z Initialized empty Git repository in /home/runner/work/weatherapp/weatherapp/.git/
2025-05-13T09:49:57.3743580Z [command]/usr/bin/git remote add origin https://github.com/shelley021/weatherapp
2025-05-13T09:49:57.3779153Z ##[endgroup]
2025-05-13T09:49:57.3780493Z ##[group]Disabling automatic garbage collection
2025-05-13T09:49:57.3782396Z [command]/usr/bin/git config --local gc.auto 0
2025-05-13T09:49:57.3810651Z ##[endgroup]
2025-05-13T09:49:57.3811920Z ##[group]Setting up auth
2025-05-13T09:49:57.3847393Z [command]/usr/bin/git config --local --name-only --get-regexp core\.sshCommand
2025-05-13T09:49:57.3854745Z [command]/usr/bin/git submodule foreach --recursive sh -c "git config --local --name-only --get-regexp 'core\.sshCommand' && git config --local --unset-all 'core.sshCommand' || :"
2025-05-13T09:49:57.4134874Z [command]/usr/bin/git config --local --name-only --get-regexp http\.https\:\/\/github\.com\/\.extraheader
2025-05-13T09:49:57.4166382Z [command]/usr/bin/git submodule foreach --recursive sh -c "git config --local --name-only --get-regexp 'http\.https\:\/\/github\.com\/\.extraheader' && git config --local --unset-all 'http.https://github.com/.extraheader' || :"
2025-05-13T09:49:57.4390094Z [command]/usr/bin/git config --local http.https://github.com/.extraheader AUTHORIZATION: basic ***
2025-05-13T09:49:57.4428684Z ##[endgroup]
2025-05-13T09:49:57.4429872Z ##[group]Fetching the repository
2025-05-13T09:49:57.4437969Z [command]/usr/bin/git -c protocol.version=2 fetch --no-tags --prune --no-recurse-submodules --depth=1 origin +c552673043f18ff1bd31893c8f7a8e9f367bb3d9:refs/remotes/origin/main
2025-05-13T09:49:57.7202308Z From https://github.com/shelley021/weatherapp
2025-05-13T09:49:57.7203991Z  * [new ref]         c552673043f18ff1bd31893c8f7a8e9f367bb3d9 -> origin/main
2025-05-13T09:49:57.7229082Z ##[endgroup]
2025-05-13T09:49:57.7230507Z ##[group]Determining the checkout info
2025-05-13T09:49:57.7232033Z ##[endgroup]
2025-05-13T09:49:57.7236220Z [command]/usr/bin/git sparse-checkout disable
2025-05-13T09:49:57.7276737Z [command]/usr/bin/git config --local --unset-all extensions.worktreeConfig
2025-05-13T09:49:57.7305153Z ##[group]Checking out the ref
2025-05-13T09:49:57.7309066Z [command]/usr/bin/git checkout --progress --force -B main refs/remotes/origin/main
2025-05-13T09:49:57.7440004Z Switched to a new branch 'main'
2025-05-13T09:49:57.7443014Z branch 'main' set up to track 'origin/main'.
2025-05-13T09:49:57.7449844Z ##[endgroup]
2025-05-13T09:49:57.7483321Z [command]/usr/bin/git log -1 --format=%H
2025-05-13T09:49:57.7505176Z c552673043f18ff1bd31893c8f7a8e9f367bb3d9
2025-05-13T09:49:57.7815331Z ##[group]Run actions/setup-java@v3
2025-05-13T09:49:57.7816216Z with:
2025-05-13T09:49:57.7816843Z   distribution: temurin
2025-05-13T09:49:57.7817570Z   java-version: 17
2025-05-13T09:49:57.7818272Z   java-package: jdk
2025-05-13T09:49:57.7818978Z   check-latest: false
2025-05-13T09:49:57.7819688Z   server-id: github
2025-05-13T09:49:57.7820408Z   server-username: GITHUB_ACTOR
2025-05-13T09:49:57.7821274Z   server-password: GITHUB_TOKEN
2025-05-13T09:49:57.7822315Z   overwrite-settings: true
2025-05-13T09:49:57.7823102Z   job-status: success
2025-05-13T09:49:57.7824088Z   token: ***
2025-05-13T09:49:57.7824735Z ##[endgroup]
2025-05-13T09:49:57.9825791Z ##[group]Installed distributions
2025-05-13T09:49:57.9868079Z Resolved Java 17.0.15+6 from tool-cache
2025-05-13T09:49:57.9869130Z Setting Java 17.0.15+6 as the default
2025-05-13T09:49:57.9882351Z Creating toolchains.xml for JDK version 17 from temurin
2025-05-13T09:49:57.9958700Z Writing to /home/runner/.m2/toolchains.xml
2025-05-13T09:49:57.9960092Z 
2025-05-13T09:49:57.9960598Z Java configuration:
2025-05-13T09:49:57.9962098Z   Distribution: temurin
2025-05-13T09:49:57.9963408Z   Version: 17.0.15+6
2025-05-13T09:49:57.9965281Z   Path: /opt/hostedtoolcache/Java_Temurin-Hotspot_jdk/17.0.15-6/x64
2025-05-13T09:49:57.9966973Z 
2025-05-13T09:49:57.9968362Z ##[endgroup]
2025-05-13T09:49:57.9982703Z Creating settings.xml with server-id: github
2025-05-13T09:49:57.9990885Z Writing to /home/runner/.m2/settings.xml
2025-05-13T09:49:58.0167945Z ##[group]Run actions/setup-python@v5
2025-05-13T09:49:58.0168873Z with:
2025-05-13T09:49:58.0169522Z   python-version: 3.10
2025-05-13T09:49:58.0170277Z   check-latest: false
2025-05-13T09:49:58.0171268Z   token: ***
2025-05-13T09:49:58.0172213Z   update-environment: true
2025-05-13T09:49:58.0173042Z   allow-prereleases: false
2025-05-13T09:49:58.0173851Z   freethreaded: false
2025-05-13T09:49:58.0174560Z env:
2025-05-13T09:49:58.0175527Z   JAVA_HOME: /opt/hostedtoolcache/Java_Temurin-Hotspot_jdk/17.0.15-6/x64
2025-05-13T09:49:58.0177209Z   JAVA_HOME_17_X64: /opt/hostedtoolcache/Java_Temurin-Hotspot_jdk/17.0.15-6/x64
2025-05-13T09:49:58.0178504Z ##[endgroup]
2025-05-13T09:49:58.1827766Z ##[group]Installed versions
2025-05-13T09:49:58.1896665Z Successfully set up CPython (3.10.17)
2025-05-13T09:49:58.1899831Z ##[endgroup]
2025-05-13T09:49:58.2023937Z ##[group]Run Ubuntu_version=$(lsb_release -rs)
2025-05-13T09:49:58.2025072Z [36;1mUbuntu_version=$(lsb_release -rs)[0m
2025-05-13T09:49:58.2026347Z [36;1mif [[ "$Ubuntu_version" == "22.04" || "$Ubuntu_version" == "24.04" ]]; then[0m
2025-05-13T09:49:58.2027596Z [36;1m  sudo apt-get update -y[0m
2025-05-13T09:49:58.2028533Z [36;1m  sudo apt-get install -y libtinfo6[0m
2025-05-13T09:49:58.2029448Z [36;1melse[0m
2025-05-13T09:49:58.2030138Z [36;1m  sudo apt-get update -y[0m
2025-05-13T09:49:58.2031054Z [36;1m  sudo apt-get install -y libtinfo5[0m
2025-05-13T09:49:58.2032233Z [36;1mfi[0m
2025-05-13T09:49:58.2063974Z shell: /usr/bin/bash -e {0}
2025-05-13T09:49:58.2064792Z env:
2025-05-13T09:49:58.2065777Z   JAVA_HOME: /opt/hostedtoolcache/Java_Temurin-Hotspot_jdk/17.0.15-6/x64
2025-05-13T09:49:58.2067405Z   JAVA_HOME_17_X64: /opt/hostedtoolcache/Java_Temurin-Hotspot_jdk/17.0.15-6/x64
2025-05-13T09:49:58.2068993Z   pythonLocation: /opt/hostedtoolcache/Python/3.10.17/x64
2025-05-13T09:49:58.2070412Z   PKG_CONFIG_PATH: /opt/hostedtoolcache/Python/3.10.17/x64/lib/pkgconfig
2025-05-13T09:49:58.2071927Z   Python_ROOT_DIR: /opt/hostedtoolcache/Python/3.10.17/x64
2025-05-13T09:49:58.2073198Z   Python2_ROOT_DIR: /opt/hostedtoolcache/Python/3.10.17/x64
2025-05-13T09:49:58.2074467Z   Python3_ROOT_DIR: /opt/hostedtoolcache/Python/3.10.17/x64
2025-05-13T09:49:58.2075749Z   LD_LIBRARY_PATH: /opt/hostedtoolcache/Python/3.10.17/x64/lib
2025-05-13T09:49:58.2076796Z ##[endgroup]
2025-05-13T09:49:58.3103335Z Get:1 file:/etc/apt/apt-mirrors.txt Mirrorlist [144 B]
2025-05-13T09:49:58.3447343Z Hit:2 http://azure.archive.ubuntu.com/ubuntu noble InRelease
2025-05-13T09:49:58.3459674Z Hit:6 https://packages.microsoft.com/repos/azure-cli noble InRelease
2025-05-13T09:49:58.3469030Z Get:3 http://azure.archive.ubuntu.com/ubuntu noble-updates InRelease [126 kB]
2025-05-13T09:49:58.3488139Z Get:7 https://packages.microsoft.com/ubuntu/24.04/prod noble InRelease [3600 B]
2025-05-13T09:49:58.3518951Z Get:4 http://azure.archive.ubuntu.com/ubuntu noble-backports InRelease [126 kB]
2025-05-13T09:49:58.3607845Z Get:5 http://azure.archive.ubuntu.com/ubuntu noble-security InRelease [126 kB]
2025-05-13T09:49:58.5279874Z Get:8 https://packages.microsoft.com/ubuntu/24.04/prod noble/main arm64 Packages [19.9 kB]
2025-05-13T09:49:58.5380458Z Get:9 https://packages.microsoft.com/ubuntu/24.04/prod noble/main armhf Packages [8239 B]
2025-05-13T09:49:58.5402931Z Get:10 https://packages.microsoft.com/ubuntu/24.04/prod noble/main amd64 Packages [31.6 kB]
2025-05-13T09:49:58.5642875Z Get:11 http://azure.archive.ubuntu.com/ubuntu noble-updates/main amd64 Packages [1067 kB]
2025-05-13T09:49:58.5728170Z Get:12 http://azure.archive.ubuntu.com/ubuntu noble-updates/main Translation-en [229 kB]
2025-05-13T09:49:58.5737583Z Get:13 http://azure.archive.ubuntu.com/ubuntu noble-updates/main amd64 Components [161 kB]
2025-05-13T09:49:58.5787240Z Get:14 http://azure.archive.ubuntu.com/ubuntu noble-updates/universe amd64 Packages [1062 kB]
2025-05-13T09:49:58.5893211Z Get:15 http://azure.archive.ubuntu.com/ubuntu noble-updates/universe Translation-en [269 kB]
2025-05-13T09:49:58.5933465Z Get:16 http://azure.archive.ubuntu.com/ubuntu noble-updates/universe amd64 Components [376 kB]
2025-05-13T09:49:58.5970674Z Get:17 http://azure.archive.ubuntu.com/ubuntu noble-updates/restricted amd64 Components [212 B]
2025-05-13T09:49:58.5980204Z Get:18 http://azure.archive.ubuntu.com/ubuntu noble-updates/multiverse amd64 Packages [21.7 kB]
2025-05-13T09:49:58.5990195Z Get:19 http://azure.archive.ubuntu.com/ubuntu noble-updates/multiverse amd64 Components [940 B]
2025-05-13T09:49:58.6315107Z Get:20 http://azure.archive.ubuntu.com/ubuntu noble-backports/main amd64 Components [7060 B]
2025-05-13T09:49:58.6751289Z Get:21 http://azure.archive.ubuntu.com/ubuntu noble-backports/universe amd64 Components [16.4 kB]
2025-05-13T09:49:58.6760482Z Get:22 http://azure.archive.ubuntu.com/ubuntu noble-backports/restricted amd64 Components [212 B]
2025-05-13T09:49:58.6777762Z Get:23 http://azure.archive.ubuntu.com/ubuntu noble-backports/multiverse amd64 Components [212 B]
2025-05-13T09:49:58.6898669Z Get:24 http://azure.archive.ubuntu.com/ubuntu noble-security/main amd64 Packages [821 kB]
2025-05-13T09:49:58.6954385Z Get:25 http://azure.archive.ubuntu.com/ubuntu noble-security/main Translation-en [152 kB]
2025-05-13T09:49:58.6976741Z Get:26 http://azure.archive.ubuntu.com/ubuntu noble-security/main amd64 Components [21.5 kB]
2025-05-13T09:49:58.6987831Z Get:27 http://azure.archive.ubuntu.com/ubuntu noble-security/universe amd64 Packages [837 kB]
2025-05-13T09:49:58.7062306Z Get:28 http://azure.archive.ubuntu.com/ubuntu noble-security/universe Translation-en [182 kB]
2025-05-13T09:49:58.7080335Z Get:29 http://azure.archive.ubuntu.com/ubuntu noble-security/universe amd64 Components [52.2 kB]
2025-05-13T09:49:58.7094690Z Get:30 http://azure.archive.ubuntu.com/ubuntu noble-security/restricted amd64 Packages [1041 kB]
2025-05-13T09:49:58.7170004Z Get:31 http://azure.archive.ubuntu.com/ubuntu noble-security/restricted Translation-en [215 kB]
2025-05-13T09:49:58.7195435Z Get:32 http://azure.archive.ubuntu.com/ubuntu noble-security/restricted amd64 Components [212 B]
2025-05-13T09:49:58.7204725Z Get:33 http://azure.archive.ubuntu.com/ubuntu noble-security/multiverse amd64 Packages [17.7 kB]
2025-05-13T09:49:58.7214327Z Get:34 http://azure.archive.ubuntu.com/ubuntu noble-security/multiverse amd64 Components [208 B]
2025-05-13T09:50:03.5962434Z Fetched 6994 kB in 1s (7188 kB/s)
2025-05-13T09:50:04.2147622Z Reading package lists...
2025-05-13T09:50:04.2457546Z Reading package lists...
2025-05-13T09:50:04.3903148Z Building dependency tree...
2025-05-13T09:50:04.3909873Z Reading state information...
2025-05-13T09:50:04.5593379Z libtinfo6 is already the newest version (6.4+20240113-1ubuntu2).
2025-05-13T09:50:04.5593972Z libtinfo6 set to manually installed.
2025-05-13T09:50:04.5594740Z 0 upgraded, 0 newly installed, 0 to remove and 20 not upgraded.
2025-05-13T09:50:04.5659996Z ##[group]Run sudo apt-get update -y
2025-05-13T09:50:04.5660395Z [36;1msudo apt-get update -y[0m
2025-05-13T09:50:04.5660825Z [36;1msudo apt-get install -y git zip unzip python3-pip autoconf libtool pkg-config[0m
2025-05-13T09:50:04.5661370Z [36;1msudo apt-get install -y zlib1g-dev libncurses5-dev libncursesw5-dev[0m
2025-05-13T09:50:04.5662357Z [36;1msudo apt-get install -y cmake libffi-dev libssl-dev[0m
2025-05-13T09:50:04.5663197Z [36;1msudo apt-get install -y libltdl-dev build-essential python3-dev python3-venv[0m
2025-05-13T09:50:04.5664044Z [36;1msudo apt-get install -y libnss3-dev libnss3-tools[0m
2025-05-13T09:50:04.5689759Z shell: /usr/bin/bash -e {0}
2025-05-13T09:50:04.5690043Z env:
2025-05-13T09:50:04.5690360Z   JAVA_HOME: /opt/hostedtoolcache/Java_Temurin-Hotspot_jdk/17.0.15-6/x64
2025-05-13T09:50:04.5690871Z   JAVA_HOME_17_X64: /opt/hostedtoolcache/Java_Temurin-Hotspot_jdk/17.0.15-6/x64
2025-05-13T09:50:04.5691358Z   pythonLocation: /opt/hostedtoolcache/Python/3.10.17/x64
2025-05-13T09:50:04.5692012Z   PKG_CONFIG_PATH: /opt/hostedtoolcache/Python/3.10.17/x64/lib/pkgconfig
2025-05-13T09:50:04.5692457Z   Python_ROOT_DIR: /opt/hostedtoolcache/Python/3.10.17/x64
2025-05-13T09:50:04.5692856Z   Python2_ROOT_DIR: /opt/hostedtoolcache/Python/3.10.17/x64
2025-05-13T09:50:04.5693257Z   Python3_ROOT_DIR: /opt/hostedtoolcache/Python/3.10.17/x64
2025-05-13T09:50:04.5693660Z   LD_LIBRARY_PATH: /opt/hostedtoolcache/Python/3.10.17/x64/lib
2025-05-13T09:50:04.5693989Z ##[endgroup]
2025-05-13T09:50:04.6358927Z Get:1 file:/etc/apt/apt-mirrors.txt Mirrorlist [144 B]
2025-05-13T09:50:04.6613577Z Hit:2 http://azure.archive.ubuntu.com/ubuntu noble InRelease
2025-05-13T09:50:04.6614653Z Hit:6 https://packages.microsoft.com/repos/azure-cli noble InRelease
2025-05-13T09:50:04.6622585Z Hit:7 https://packages.microsoft.com/ubuntu/24.04/prod noble InRelease
2025-05-13T09:50:04.6629366Z Hit:3 http://azure.archive.ubuntu.com/ubuntu noble-updates InRelease
2025-05-13T09:50:04.6643531Z Hit:4 http://azure.archive.ubuntu.com/ubuntu noble-backports InRelease
2025-05-13T09:50:04.6650792Z Hit:5 http://azure.archive.ubuntu.com/ubuntu noble-security InRelease
2025-05-13T09:50:05.7123530Z Reading package lists...
2025-05-13T09:50:05.7420483Z Reading package lists...
2025-05-13T09:50:05.8799118Z Building dependency tree...
2025-05-13T09:50:05.8806354Z Reading state information...
2025-05-13T09:50:06.0435897Z git is already the newest version (1:2.49.0-0ubuntu1~ubuntu24.04.1).
2025-05-13T09:50:06.0436670Z git set to manually installed.
2025-05-13T09:50:06.0437119Z zip is already the newest version (3.0-13ubuntu0.2).
2025-05-13T09:50:06.0437658Z unzip is already the newest version (6.0-28ubuntu4.1).
2025-05-13T09:50:06.0438295Z python3-pip is already the newest version (24.0+dfsg-1ubuntu1.1).
2025-05-13T09:50:06.0438903Z autoconf is already the newest version (2.71-3).
2025-05-13T09:50:06.0439436Z libtool is already the newest version (2.4.7-7build1).
2025-05-13T09:50:06.0440009Z pkg-config is already the newest version (1.8.1-2build1).
2025-05-13T09:50:06.0440628Z 0 upgraded, 0 newly installed, 0 to remove and 20 not upgraded.
2025-05-13T09:50:06.0671654Z Reading package lists...
2025-05-13T09:50:06.2011058Z Building dependency tree...
2025-05-13T09:50:06.2018587Z Reading state information...
2025-05-13T09:50:06.3640731Z zlib1g-dev is already the newest version (1:1.3.dfsg-3.1ubuntu2.1).
2025-05-13T09:50:06.3641254Z libncurses-dev is already the newest version (6.4+20240113-1ubuntu2).
2025-05-13T09:50:06.3641663Z libncurses-dev set to manually installed.
2025-05-13T09:50:06.3642220Z 0 upgraded, 0 newly installed, 0 to remove and 20 not upgraded.
2025-05-13T09:50:06.3869036Z Reading package lists...
2025-05-13T09:50:06.5230461Z Building dependency tree...
2025-05-13T09:50:06.5237915Z Reading state information...
2025-05-13T09:50:06.6565289Z libffi-dev is already the newest version (3.4.6-1build1).
2025-05-13T09:50:06.6565958Z libffi-dev set to manually installed.
2025-05-13T09:50:06.6567194Z libssl-dev is already the newest version (3.0.13-0ubuntu3.5).
2025-05-13T09:50:06.6567953Z The following additional packages will be installed:
2025-05-13T09:50:06.6571331Z   cmake-data libjsoncpp25 librhash0
2025-05-13T09:50:06.6576715Z Suggested packages:
2025-05-13T09:50:06.6577172Z   cmake-doc cmake-format elpa-cmake-mode ninja-build
2025-05-13T09:50:06.6717558Z The following NEW packages will be installed:
2025-05-13T09:50:06.6724558Z   cmake cmake-data libjsoncpp25 librhash0
2025-05-13T09:50:06.6888958Z 0 upgraded, 4 newly installed, 0 to remove and 20 not upgraded.
2025-05-13T09:50:06.6889773Z Need to get 13.6 MB of archives.
2025-05-13T09:50:06.6890322Z After this operation, 49.1 MB of additional disk space will be used.
2025-05-13T09:50:06.6890915Z Get:1 file:/etc/apt/apt-mirrors.txt Mirrorlist [144 B]
2025-05-13T09:50:06.7187894Z Get:2 http://azure.archive.ubuntu.com/ubuntu noble/main amd64 libjsoncpp25 amd64 1.9.5-6build1 [82.8 kB]
2025-05-13T09:50:06.7351499Z Get:3 http://azure.archive.ubuntu.com/ubuntu noble/main amd64 librhash0 amd64 1.4.3-3build1 [129 kB]
2025-05-13T09:50:06.7507517Z Get:4 http://azure.archive.ubuntu.com/ubuntu noble/main amd64 cmake-data all 3.28.3-1build7 [2155 kB]
2025-05-13T09:50:06.7976863Z Get:5 http://azure.archive.ubuntu.com/ubuntu noble/main amd64 cmake amd64 3.28.3-1build7 [11.2 MB]
2025-05-13T09:50:07.1271074Z Fetched 13.6 MB in 0s (66.7 MB/s)
2025-05-13T09:50:07.1496733Z Selecting previously unselected package libjsoncpp25:amd64.
2025-05-13T09:50:07.1719500Z (Reading database ... 
2025-05-13T09:50:07.1719968Z (Reading database ... 5%
2025-05-13T09:50:07.1720514Z (Reading database ... 10%
2025-05-13T09:50:07.1720966Z (Reading database ... 15%
2025-05-13T09:50:07.1721375Z (Reading database ... 20%
2025-05-13T09:50:07.1721948Z (Reading database ... 25%
2025-05-13T09:50:07.1722222Z (Reading database ... 30%
2025-05-13T09:50:07.1722454Z (Reading database ... 35%
2025-05-13T09:50:07.1722693Z (Reading database ... 40%
2025-05-13T09:50:07.1722930Z (Reading database ... 45%
2025-05-13T09:50:07.1723177Z (Reading database ... 50%
2025-05-13T09:50:07.1909686Z (Reading database ... 55%
2025-05-13T09:50:07.2214836Z (Reading database ... 60%
2025-05-13T09:50:07.2481076Z (Reading database ... 65%
2025-05-13T09:50:07.2661639Z (Reading database ... 70%
2025-05-13T09:50:07.2905923Z (Reading database ... 75%
2025-05-13T09:50:07.3217971Z (Reading database ... 80%
2025-05-13T09:50:07.3680258Z (Reading database ... 85%
2025-05-13T09:50:07.4258962Z (Reading database ... 90%
2025-05-13T09:50:07.4653508Z (Reading database ... 95%
2025-05-13T09:50:07.4653932Z (Reading database ... 100%
2025-05-13T09:50:07.4654536Z (Reading database ... 222550 files and directories currently installed.)
2025-05-13T09:50:07.4695849Z Preparing to unpack .../libjsoncpp25_1.9.5-6build1_amd64.deb ...
2025-05-13T09:50:07.4743226Z Unpacking libjsoncpp25:amd64 (1.9.5-6build1) ...
2025-05-13T09:50:07.5007528Z Selecting previously unselected package librhash0:amd64.
2025-05-13T09:50:07.5137338Z Preparing to unpack .../librhash0_1.4.3-3build1_amd64.deb ...
2025-05-13T09:50:07.5150256Z Unpacking librhash0:amd64 (1.4.3-3build1) ...
2025-05-13T09:50:07.5406064Z Selecting previously unselected package cmake-data.
2025-05-13T09:50:07.5536984Z Preparing to unpack .../cmake-data_3.28.3-1build7_all.deb ...
2025-05-13T09:50:07.5608946Z Unpacking cmake-data (3.28.3-1build7) ...
2025-05-13T09:50:08.1318482Z Selecting previously unselected package cmake.
2025-05-13T09:50:08.1465311Z Preparing to unpack .../cmake_3.28.3-1build7_amd64.deb ...
2025-05-13T09:50:08.1478880Z Unpacking cmake (3.28.3-1build7) ...
2025-05-13T09:50:08.3345764Z Setting up libjsoncpp25:amd64 (1.9.5-6build1) ...
2025-05-13T09:50:08.3385738Z Setting up librhash0:amd64 (1.4.3-3build1) ...
2025-05-13T09:50:08.3415615Z Setting up cmake-data (3.28.3-1build7) ...
2025-05-13T09:50:08.3490824Z Setting up cmake (3.28.3-1build7) ...
2025-05-13T09:50:08.3529133Z Processing triggers for man-db (2.12.0-4build2) ...
2025-05-13T09:50:15.2472806Z Processing triggers for libc-bin (2.39-0ubuntu8.4) ...
2025-05-13T09:50:15.9548290Z 
2025-05-13T09:50:15.9548723Z Running kernel seems to be up-to-date.
2025-05-13T09:50:15.9548992Z 
2025-05-13T09:50:15.9549108Z No services need to be restarted.
2025-05-13T09:50:15.9549298Z 
2025-05-13T09:50:15.9549433Z No containers need to be restarted.
2025-05-13T09:50:15.9549629Z 
2025-05-13T09:50:15.9549758Z No user sessions are running outdated binaries.
2025-05-13T09:50:15.9549999Z 
2025-05-13T09:50:15.9550212Z No VM guests are running outdated hypervisor (qemu) binaries on this host.
2025-05-13T09:50:16.7403006Z Reading package lists...
2025-05-13T09:50:16.8827998Z Building dependency tree...
2025-05-13T09:50:16.8835254Z Reading state information...
2025-05-13T09:50:17.0262808Z python3-dev is already the newest version (3.12.3-0ubuntu2).
2025-05-13T09:50:17.0263270Z python3-venv is already the newest version (3.12.3-0ubuntu2).
2025-05-13T09:50:17.0263614Z Suggested packages:
2025-05-13T09:50:17.0263820Z   libtool-doc
2025-05-13T09:50:17.0388323Z The following NEW packages will be installed:
2025-05-13T09:50:17.0394399Z   build-essential libltdl-dev
2025-05-13T09:50:17.0558260Z 0 upgraded, 2 newly installed, 0 to remove and 20 not upgraded.
2025-05-13T09:50:17.0558866Z Need to get 173 kB of archives.
2025-05-13T09:50:17.0559414Z After this operation, 980 kB of additional disk space will be used.
2025-05-13T09:50:17.0560059Z Get:1 file:/etc/apt/apt-mirrors.txt Mirrorlist [144 B]
2025-05-13T09:50:17.0950933Z Get:2 http://azure.archive.ubuntu.com/ubuntu noble/main amd64 build-essential amd64 12.10ubuntu1 [4928 B]
2025-05-13T09:50:17.1230849Z Get:3 http://azure.archive.ubuntu.com/ubuntu noble/main amd64 libltdl-dev amd64 2.4.7-7build1 [168 kB]
2025-05-13T09:50:17.3710304Z Fetched 173 kB in 0s (2098 kB/s)
2025-05-13T09:50:17.3886708Z Selecting previously unselected package build-essential.
2025-05-13T09:50:17.3940807Z (Reading database ... 
2025-05-13T09:50:17.3941877Z (Reading database ... 5%
2025-05-13T09:50:17.3942231Z (Reading database ... 10%
2025-05-13T09:50:17.3944241Z (Reading database ... 15%
2025-05-13T09:50:17.3944667Z (Reading database ... 20%
2025-05-13T09:50:17.3944904Z (Reading database ... 25%
2025-05-13T09:50:17.3945126Z (Reading database ... 30%
2025-05-13T09:50:17.3945352Z (Reading database ... 35%
2025-05-13T09:50:17.3945576Z (Reading database ... 40%
2025-05-13T09:50:17.3945796Z (Reading database ... 45%
2025-05-13T09:50:17.3946020Z (Reading database ... 50%
2025-05-13T09:50:17.4019537Z (Reading database ... 55%
2025-05-13T09:50:17.4039780Z (Reading database ... 60%
2025-05-13T09:50:17.4068257Z (Reading database ... 65%
2025-05-13T09:50:17.4084220Z (Reading database ... 70%
2025-05-13T09:50:17.4132538Z (Reading database ... 75%
2025-05-13T09:50:17.4157903Z (Reading database ... 80%
2025-05-13T09:50:17.4344930Z (Reading database ... 85%
2025-05-13T09:50:17.4566284Z (Reading database ... 90%
2025-05-13T09:50:17.4644382Z (Reading database ... 95%
2025-05-13T09:50:17.4644803Z (Reading database ... 100%
2025-05-13T09:50:17.4645287Z (Reading database ... 225959 files and directories currently installed.)
2025-05-13T09:50:17.4684094Z Preparing to unpack .../build-essential_12.10ubuntu1_amd64.deb ...
2025-05-13T09:50:17.4695389Z Unpacking build-essential (12.10ubuntu1) ...
2025-05-13T09:50:17.4922793Z Selecting previously unselected package libltdl-dev:amd64.
2025-05-13T09:50:17.5056569Z Preparing to unpack .../libltdl-dev_2.4.7-7build1_amd64.deb ...
2025-05-13T09:50:17.5068688Z Unpacking libltdl-dev:amd64 (2.4.7-7build1) ...
2025-05-13T09:50:17.5539498Z Setting up libltdl-dev:amd64 (2.4.7-7build1) ...
2025-05-13T09:50:17.5565422Z Setting up build-essential (12.10ubuntu1) ...
2025-05-13T09:50:18.1823383Z 
2025-05-13T09:50:18.1824027Z Running kernel seems to be up-to-date.
2025-05-13T09:50:18.1824869Z 
2025-05-13T09:50:18.1825009Z No services need to be restarted.
2025-05-13T09:50:18.1825230Z 
2025-05-13T09:50:18.1825362Z No containers need to be restarted.
2025-05-13T09:50:18.1825581Z 
2025-05-13T09:50:18.1825731Z No user sessions are running outdated binaries.
2025-05-13T09:50:18.1826184Z 
2025-05-13T09:50:18.1826443Z No VM guests are running outdated hypervisor (qemu) binaries on this host.
2025-05-13T09:50:18.9598053Z Reading package lists...
2025-05-13T09:50:19.0968384Z Building dependency tree...
2025-05-13T09:50:19.0976896Z Reading state information...
2025-05-13T09:50:19.2368977Z The following additional packages will be installed:
2025-05-13T09:50:19.2372322Z   libnspr4-dev
2025-05-13T09:50:19.2507929Z The following NEW packages will be installed:
2025-05-13T09:50:19.2512190Z   libnspr4-dev libnss3-dev libnss3-tools
2025-05-13T09:50:19.2676535Z 0 upgraded, 3 newly installed, 0 to remove and 20 not upgraded.
2025-05-13T09:50:19.2677466Z Need to get 1088 kB of archives.
2025-05-13T09:50:19.2690506Z After this operation, 4860 kB of additional disk space will be used.
2025-05-13T09:50:19.2690917Z Get:1 file:/etc/apt/apt-mirrors.txt Mirrorlist [144 B]
2025-05-13T09:50:19.3016218Z Get:2 http://azure.archive.ubuntu.com/ubuntu noble/main amd64 libnspr4-dev amd64 2:4.35-1.1build1 [219 kB]
2025-05-13T09:50:19.3243676Z Get:3 http://azure.archive.ubuntu.com/ubuntu noble/main amd64 libnss3-dev amd64 2:3.98-1build1 [253 kB]
2025-05-13T09:50:19.3488884Z Get:4 http://azure.archive.ubuntu.com/ubuntu noble/main amd64 libnss3-tools amd64 2:3.98-1build1 [615 kB]
2025-05-13T09:50:19.6222825Z Fetched 1088 kB in 0s (9225 kB/s)
2025-05-13T09:50:19.6405700Z Selecting previously unselected package libnspr4-dev.
2025-05-13T09:50:19.6460150Z (Reading database ... 
2025-05-13T09:50:19.6461068Z (Reading database ... 5%
2025-05-13T09:50:19.6461451Z (Reading database ... 10%
2025-05-13T09:50:19.6462032Z (Reading database ... 15%
2025-05-13T09:50:19.6462407Z (Reading database ... 20%
2025-05-13T09:50:19.6462791Z (Reading database ... 25%
2025-05-13T09:50:19.6463134Z (Reading database ... 30%
2025-05-13T09:50:19.6463485Z (Reading database ... 35%
2025-05-13T09:50:19.6463825Z (Reading database ... 40%
2025-05-13T09:50:19.6464167Z (Reading database ... 45%
2025-05-13T09:50:19.6464507Z (Reading database ... 50%
2025-05-13T09:50:19.6537043Z (Reading database ... 55%
2025-05-13T09:50:19.6557039Z (Reading database ... 60%
2025-05-13T09:50:19.6585041Z (Reading database ... 65%
2025-05-13T09:50:19.6600976Z (Reading database ... 70%
2025-05-13T09:50:19.6648972Z (Reading database ... 75%
2025-05-13T09:50:19.6674196Z (Reading database ... 80%
2025-05-13T09:50:19.6861097Z (Reading database ... 85%
2025-05-13T09:50:19.7082828Z (Reading database ... 90%
2025-05-13T09:50:19.7159853Z (Reading database ... 95%
2025-05-13T09:50:19.7160229Z (Reading database ... 100%
2025-05-13T09:50:19.7160723Z (Reading database ... 226015 files and directories currently installed.)
2025-05-13T09:50:19.7200419Z Preparing to unpack .../libnspr4-dev_2%3a4.35-1.1build1_amd64.deb ...
2025-05-13T09:50:19.7211274Z Unpacking libnspr4-dev (2:4.35-1.1build1) ...
2025-05-13T09:50:19.7586104Z Selecting previously unselected package libnss3-dev:amd64.
2025-05-13T09:50:19.7720944Z Preparing to unpack .../libnss3-dev_2%3a3.98-1build1_amd64.deb ...
2025-05-13T09:50:19.7730634Z Unpacking libnss3-dev:amd64 (2:3.98-1build1) ...
2025-05-13T09:50:19.8134882Z Selecting previously unselected package libnss3-tools.
2025-05-13T09:50:19.8269289Z Preparing to unpack .../libnss3-tools_2%3a3.98-1build1_amd64.deb ...
2025-05-13T09:50:19.8277383Z Unpacking libnss3-tools (2:3.98-1build1) ...
2025-05-13T09:50:19.8839661Z Setting up libnspr4-dev (2:4.35-1.1build1) ...
2025-05-13T09:50:19.8873965Z Setting up libnss3-dev:amd64 (2:3.98-1build1) ...
2025-05-13T09:50:19.8903889Z Setting up libnss3-tools (2:3.98-1build1) ...
2025-05-13T09:50:19.8931072Z Processing triggers for man-db (2.12.0-4build2) ...
2025-05-13T09:50:24.3376387Z 
2025-05-13T09:50:24.3376814Z Running kernel seems to be up-to-date.
2025-05-13T09:50:24.3377470Z 
2025-05-13T09:50:24.3377580Z No services need to be restarted.
2025-05-13T09:50:24.3377751Z 
2025-05-13T09:50:24.3377849Z No containers need to be restarted.
2025-05-13T09:50:24.3378025Z 
2025-05-13T09:50:24.3378140Z No user sessions are running outdated binaries.
2025-05-13T09:50:24.3378505Z 
2025-05-13T09:50:24.3378704Z No VM guests are running outdated hypervisor (qemu) binaries on this host.
2025-05-13T09:50:25.1100991Z ##[group]Run pip config set global.index-url https://pypi.org/simple/
2025-05-13T09:50:25.1101497Z [36;1mpip config set global.index-url https://pypi.org/simple/[0m
2025-05-13T09:50:25.1102165Z [36;1mpip config set global.trusted-host pypi.org[0m
2025-05-13T09:50:25.1127932Z shell: /usr/bin/bash -e {0}
2025-05-13T09:50:25.1128165Z env:
2025-05-13T09:50:25.1128462Z   JAVA_HOME: /opt/hostedtoolcache/Java_Temurin-Hotspot_jdk/17.0.15-6/x64
2025-05-13T09:50:25.1128923Z   JAVA_HOME_17_X64: /opt/hostedtoolcache/Java_Temurin-Hotspot_jdk/17.0.15-6/x64
2025-05-13T09:50:25.1129357Z   pythonLocation: /opt/hostedtoolcache/Python/3.10.17/x64
2025-05-13T09:50:25.1129764Z   PKG_CONFIG_PATH: /opt/hostedtoolcache/Python/3.10.17/x64/lib/pkgconfig
2025-05-13T09:50:25.1130170Z   Python_ROOT_DIR: /opt/hostedtoolcache/Python/3.10.17/x64
2025-05-13T09:50:25.1130550Z   Python2_ROOT_DIR: /opt/hostedtoolcache/Python/3.10.17/x64
2025-05-13T09:50:25.1130954Z   Python3_ROOT_DIR: /opt/hostedtoolcache/Python/3.10.17/x64
2025-05-13T09:50:25.1131319Z   LD_LIBRARY_PATH: /opt/hostedtoolcache/Python/3.10.17/x64/lib
2025-05-13T09:50:25.1131623Z ##[endgroup]
2025-05-13T09:50:25.3764771Z Writing to /home/runner/.config/pip/pip.conf
2025-05-13T09:50:25.5545910Z Writing to /home/runner/.config/pip/pip.conf
2025-05-13T09:50:25.5774119Z ##[group]Run python -m pip install --upgrade pip setuptools
2025-05-13T09:50:25.5774539Z [36;1mpython -m pip install --upgrade pip setuptools[0m
2025-05-13T09:50:25.5774958Z [36;1mpip install buildozer==1.5.1 kivy==2.3.1 requests==2.25.1 cython==0.29.36 certifi[0m
2025-05-13T09:50:25.5775405Z [36;1mpip install python-for-android[0m
2025-05-13T09:50:25.5800608Z shell: /usr/bin/bash -e {0}
2025-05-13T09:50:25.5800826Z env:
2025-05-13T09:50:25.5801110Z   JAVA_HOME: /opt/hostedtoolcache/Java_Temurin-Hotspot_jdk/17.0.15-6/x64
2025-05-13T09:50:25.5801561Z   JAVA_HOME_17_X64: /opt/hostedtoolcache/Java_Temurin-Hotspot_jdk/17.0.15-6/x64
2025-05-13T09:50:25.5802185Z   pythonLocation: /opt/hostedtoolcache/Python/3.10.17/x64
2025-05-13T09:50:25.5802584Z   PKG_CONFIG_PATH: /opt/hostedtoolcache/Python/3.10.17/x64/lib/pkgconfig
2025-05-13T09:50:25.5802975Z   Python_ROOT_DIR: /opt/hostedtoolcache/Python/3.10.17/x64
2025-05-13T09:50:25.5803347Z   Python2_ROOT_DIR: /opt/hostedtoolcache/Python/3.10.17/x64
2025-05-13T09:50:25.5803687Z   Python3_ROOT_DIR: /opt/hostedtoolcache/Python/3.10.17/x64
2025-05-13T09:50:25.5804030Z   LD_LIBRARY_PATH: /opt/hostedtoolcache/Python/3.10.17/x64/lib
2025-05-13T09:50:25.5804318Z ##[endgroup]
2025-05-13T09:50:26.0192199Z Looking in indexes: https://pypi.org/simple/
2025-05-13T09:50:26.0203520Z Requirement already satisfied: pip in /opt/hostedtoolcache/Python/3.10.17/x64/lib/python3.10/site-packages (25.1.1)
2025-05-13T09:50:26.0722857Z Requirement already satisfied: setuptools in /opt/hostedtoolcache/Python/3.10.17/x64/lib/python3.10/site-packages (65.5.0)
2025-05-13T09:50:26.2256024Z Collecting setuptools
2025-05-13T09:50:26.2614434Z   Downloading setuptools-80.4.0-py3-none-any.whl.metadata (6.5 kB)
2025-05-13T09:50:26.2829685Z Downloading setuptools-80.4.0-py3-none-any.whl (1.2 MB)
2025-05-13T09:50:26.3127086Z    √¢¬î¬Å√¢¬î¬Å√¢¬î¬Å√¢¬î¬Å√¢¬î¬Å√¢¬î¬Å√¢¬î¬Å√¢¬î¬Å√¢¬î¬Å√¢¬î¬Å√¢¬î¬Å√¢¬î¬Å√¢¬î¬Å√¢¬î¬Å√¢¬î¬Å√¢¬î¬Å√¢¬î¬Å√¢¬î¬Å√¢¬î¬Å√¢¬î¬Å√¢¬î¬Å√¢¬î¬Å√¢¬î¬Å√¢¬î¬Å√¢¬î¬Å√¢¬î¬Å√¢¬î¬Å√¢¬î¬Å√¢¬î¬Å√¢¬î¬Å√¢¬î¬Å√¢¬î¬Å√¢¬î¬Å√¢¬î¬Å√¢¬î¬Å√¢¬î¬Å√¢¬î¬Å√¢¬î¬Å√¢¬î¬Å√¢¬î¬Å 1.2/1.2 MB 76.9 MB/s eta 0:00:00
2025-05-13T09:50:26.3543511Z Installing collected packages: setuptools
2025-05-13T09:50:26.3545965Z   Attempting uninstall: setuptools
2025-05-13T09:50:26.3552965Z     Found existing installation: setuptools 65.5.0
2025-05-13T09:50:26.3858775Z     Uninstalling setuptools-65.5.0:
2025-05-13T09:50:26.3963278Z       Successfully uninstalled setuptools-65.5.0
2025-05-13T09:50:27.0522074Z Successfully installed setuptools-80.4.0
2025-05-13T09:50:27.4718880Z Looking in indexes: https://pypi.org/simple/
2025-05-13T09:50:27.4967787Z ERROR: Could not find a version that satisfies the requirement buildozer==1.5.1 (from versions: 0.1, 0.2, 0.4, 0.5, 0.6, 0.7, 0.8, 0.9, 0.10, 0.11, 0.12, 0.13, 0.14, 0.15, 0.16, 0.17, 0.18, 0.19, 0.21, 0.22, 0.23, 0.24, 0.25, 0.26, 0.27, 0.29, 0.30, 0.31, 0.32, 0.33, 0.34, 0.35, 0.36, 0.37, 0.38, 0.39, 1.0, 1.1.0, 1.2.0, 1.3.0, 1.4.0, 1.5.0)
2025-05-13T09:50:27.4976208Z ERROR: No matching distribution found for buildozer==1.5.1
2025-05-13T09:50:27.5331452Z ##[error]Process completed with exit code 1.
2025-05-13T09:50:27.5399611Z ##[group]Run if [ -f build.log ]; then
2025-05-13T09:50:27.5399938Z [36;1mif [ -f build.log ]; then[0m
2025-05-13T09:50:27.5400226Z [36;1m  echo "Build log exists, checking for errors..."[0m
2025-05-13T09:50:27.5400556Z [36;1m  if grep -q -E "ERROR:|FAILED" build.log; then[0m
2025-05-13T09:50:27.5400864Z [36;1m    echo "Errors found in build log:"[0m
2025-05-13T09:50:27.5401150Z [36;1m    grep -E "ERROR:|FAILED" build.log[0m
2025-05-13T09:50:27.5401394Z [36;1m    exit 1[0m
2025-05-13T09:50:27.5401575Z [36;1m  else[0m
2025-05-13T09:50:27.5402056Z [36;1m    echo "No critical errors found in build log"[0m
2025-05-13T09:50:27.5402327Z [36;1m  fi[0m
2025-05-13T09:50:27.5402495Z [36;1melse[0m
2025-05-13T09:50:27.5402672Z [36;1m  echo "No build log found"[0m
2025-05-13T09:50:27.5402901Z [36;1m  exit 1[0m
2025-05-13T09:50:27.5403064Z [36;1mfi[0m
2025-05-13T09:50:27.5427986Z shell: /usr/bin/bash -e {0}
2025-05-13T09:50:27.5428204Z env:
2025-05-13T09:50:27.5428516Z   JAVA_HOME: /opt/hostedtoolcache/Java_Temurin-Hotspot_jdk/17.0.15-6/x64
2025-05-13T09:50:27.5428977Z   JAVA_HOME_17_X64: /opt/hostedtoolcache/Java_Temurin-Hotspot_jdk/17.0.15-6/x64
2025-05-13T09:50:27.5429411Z   pythonLocation: /opt/hostedtoolcache/Python/3.10.17/x64
2025-05-13T09:50:27.5429797Z   PKG_CONFIG_PATH: /opt/hostedtoolcache/Python/3.10.17/x64/lib/pkgconfig
2025-05-13T09:50:27.5430191Z   Python_ROOT_DIR: /opt/hostedtoolcache/Python/3.10.17/x64
2025-05-13T09:50:27.5430531Z   Python2_ROOT_DIR: /opt/hostedtoolcache/Python/3.10.17/x64
2025-05-13T09:50:27.5430866Z   Python3_ROOT_DIR: /opt/hostedtoolcache/Python/3.10.17/x64
2025-05-13T09:50:27.5431207Z   LD_LIBRARY_PATH: /opt/hostedtoolcache/Python/3.10.17/x64/lib
2025-05-13T09:50:27.5431494Z ##[endgroup]
2025-05-13T09:50:27.5477806Z No build log found
2025-05-13T09:50:27.5480784Z ##[error]Process completed with exit code 1.
2025-05-13T09:50:27.5524909Z ##[group]Run actions/upload-artifact@v4
2025-05-13T09:50:27.5525192Z with:
2025-05-13T09:50:27.5525362Z   name: build-log
2025-05-13T09:50:27.5525555Z   path: build.log
2025-05-13T09:50:27.5525741Z   retention-days: 1
2025-05-13T09:50:27.5525948Z   if-no-files-found: warn
2025-05-13T09:50:27.5526171Z   compression-level: 6
2025-05-13T09:50:27.5526369Z   overwrite: false
2025-05-13T09:50:27.5526567Z   include-hidden-files: false
2025-05-13T09:50:27.5526788Z env:
2025-05-13T09:50:27.5527073Z   JAVA_HOME: /opt/hostedtoolcache/Java_Temurin-Hotspot_jdk/17.0.15-6/x64
2025-05-13T09:50:27.5527550Z   JAVA_HOME_17_X64: /opt/hostedtoolcache/Java_Temurin-Hotspot_jdk/17.0.15-6/x64
2025-05-13T09:50:27.5527969Z   pythonLocation: /opt/hostedtoolcache/Python/3.10.17/x64
2025-05-13T09:50:27.5528369Z   PKG_CONFIG_PATH: /opt/hostedtoolcache/Python/3.10.17/x64/lib/pkgconfig
2025-05-13T09:50:27.5528757Z   Python_ROOT_DIR: /opt/hostedtoolcache/Python/3.10.17/x64
2025-05-13T09:50:27.5529159Z   Python2_ROOT_DIR: /opt/hostedtoolcache/Python/3.10.17/x64
2025-05-13T09:50:27.5529514Z   Python3_ROOT_DIR: /opt/hostedtoolcache/Python/3.10.17/x64
2025-05-13T09:50:27.5529873Z   LD_LIBRARY_PATH: /opt/hostedtoolcache/Python/3.10.17/x64/lib
2025-05-13T09:50:27.5530169Z ##[endgroup]
2025-05-13T09:50:27.7602254Z ##[warning]No files were found with the provided path: build.log. No artifacts will be uploaded.
2025-05-13T09:50:27.7758413Z Post job cleanup.
2025-05-13T09:50:27.9485924Z Post job cleanup.
2025-05-13T09:50:28.0420827Z [command]/usr/bin/git version
2025-05-13T09:50:28.0474322Z git version 2.49.0
2025-05-13T09:50:28.0533776Z Temporarily overriding HOME='/home/runner/work/_temp/d856fbf2-00a5-4869-94f1-5670cca6e53b' before making global git config changes
2025-05-13T09:50:28.0534757Z Adding repository directory to the temporary git global config as a safe directory
2025-05-13T09:50:28.0539607Z [command]/usr/bin/git config --global --add safe.directory /home/runner/work/weatherapp/weatherapp
2025-05-13T09:50:28.0582366Z [command]/usr/bin/git config --local --name-only --get-regexp core\.sshCommand
2025-05-13T09:50:28.0615796Z [command]/usr/bin/git submodule foreach --recursive sh -c "git config --local --name-only --get-regexp 'core\.sshCommand' && git config --local --unset-all 'core.sshCommand' || :"
2025-05-13T09:50:28.0851478Z [command]/usr/bin/git config --local --name-only --get-regexp http\.https\:\/\/github\.com\/\.extraheader
2025-05-13T09:50:28.0872015Z http.https://github.com/.extraheader
2025-05-13T09:50:28.0884346Z [command]/usr/bin/git config --local --unset-all http.https://github.com/.extraheader
2025-05-13T09:50:28.0925485Z [command]/usr/bin/git submodule foreach --recursive sh -c "git config --local --name-only --get-regexp 'http\.https\:\/\/github\.com\/\.extraheader' && git config --local --unset-all 'http.https://github.com/.extraheader' || :"
2025-05-13T09:50:28.1242887Z Cleaning up orphan processes
