ï»¿2025-05-12T09:45:15.7102426Z Current runner version: '2.323.0'
2025-05-12T09:45:15.7128771Z ##[group]Operating System
2025-05-12T09:45:15.7129536Z Ubuntu
2025-05-12T09:45:15.7130099Z 24.04.2
2025-05-12T09:45:15.7130565Z LTS
2025-05-12T09:45:15.7131048Z ##[endgroup]
2025-05-12T09:45:15.7131611Z ##[group]Runner Image
2025-05-12T09:45:15.7132193Z Image: ubuntu-24.04
2025-05-12T09:45:15.7132724Z Version: 20250504.1.0
2025-05-12T09:45:15.7133782Z Included Software: https://github.com/actions/runner-images/blob/ubuntu24/20250504.1/images/ubuntu/Ubuntu2404-Readme.md
2025-05-12T09:45:15.7135192Z Image Release: https://github.com/actions/runner-images/releases/tag/ubuntu24%2F20250504.1
2025-05-12T09:45:15.7136403Z ##[endgroup]
2025-05-12T09:45:15.7136975Z ##[group]Runner Image Provisioner
2025-05-12T09:45:15.7137584Z 2.0.422.1
2025-05-12T09:45:15.7138044Z ##[endgroup]
2025-05-12T09:45:15.7139070Z ##[group]GITHUB_TOKEN Permissions
2025-05-12T09:45:15.7140893Z Contents: write
2025-05-12T09:45:15.7141418Z Metadata: read
2025-05-12T09:45:15.7142203Z ##[endgroup]
2025-05-12T09:45:15.7144393Z Secret source: Actions
2025-05-12T09:45:15.7145982Z Prepare workflow directory
2025-05-12T09:45:15.7489188Z Prepare all required actions
2025-05-12T09:45:15.7528116Z Getting action download info
2025-05-12T09:45:16.3680690Z ##[group]Download immutable action package 'actions/checkout@v4'
2025-05-12T09:45:16.3681717Z Version: 4.2.2
2025-05-12T09:45:16.3682793Z Digest: sha256:ccb2698953eaebd21c7bf6268a94f9c26518a7e38e27e0b83c1fe1ad049819b1
2025-05-12T09:45:16.3684049Z Source commit SHA: 11bd71901bbe5b1630ceea73d27597364c9af683
2025-05-12T09:45:16.3684769Z ##[endgroup]
2025-05-12T09:45:16.4519221Z ##[group]Download immutable action package 'actions/setup-java@v3'
2025-05-12T09:45:16.4519982Z Version: 3.14.1
2025-05-12T09:45:16.4520792Z Digest: sha256:0f5994bd85f236d7525048fec5b0b7b3ec7474ec50184c8f78a320717cfb3d51
2025-05-12T09:45:16.4521772Z Source commit SHA: 17f84c3641ba7b8f6deff6309fc4c864478f5d62
2025-05-12T09:45:16.4522424Z ##[endgroup]
2025-05-12T09:45:16.7086780Z ##[group]Download immutable action package 'actions/setup-python@v5'
2025-05-12T09:45:16.7087478Z Version: 5.6.0
2025-05-12T09:45:16.7088084Z Digest: sha256:0b35a0c11c97499e4e0576589036d450b9f5f9da74b7774225b3614b57324404
2025-05-12T09:45:16.7088900Z Source commit SHA: a26af69be951a213d495a4c3e4e4022e16d87065
2025-05-12T09:45:16.7089476Z ##[endgroup]
2025-05-12T09:45:16.9287729Z Download action repository 'android-actions/setup-android@v3' (SHA:9fc6c4e9069bf8d3d10b2204b1fb8f6ef7065407)
2025-05-12T09:45:17.1908549Z ##[group]Download immutable action package 'actions/upload-artifact@v4'
2025-05-12T09:45:17.1909951Z Version: 4.6.2
2025-05-12T09:45:17.1911148Z Digest: sha256:290722aa3281d5caf23d0acdc3dbeb3424786a1a01a9cc97e72f147225e37c38
2025-05-12T09:45:17.1913001Z Source commit SHA: ea165f8d65b6e75b540449e92b4886f43607fa02
2025-05-12T09:45:17.1914263Z ##[endgroup]
2025-05-12T09:45:17.4177766Z Complete job name: build
2025-05-12T09:45:17.5033154Z ##[group]Run actions/checkout@v4
2025-05-12T09:45:17.5034307Z with:
2025-05-12T09:45:17.5034980Z   repository: shelley021/weatherapp
2025-05-12T09:45:17.5036234Z   token: ***
2025-05-12T09:45:17.5036850Z   ssh-strict: true
2025-05-12T09:45:17.5037473Z   ssh-user: git
2025-05-12T09:45:17.5038125Z   persist-credentials: true
2025-05-12T09:45:17.5038862Z   clean: true
2025-05-12T09:45:17.5039505Z   sparse-checkout-cone-mode: true
2025-05-12T09:45:17.5040291Z   fetch-depth: 1
2025-05-12T09:45:17.5040903Z   fetch-tags: false
2025-05-12T09:45:17.5041545Z   show-progress: true
2025-05-12T09:45:17.5042187Z   lfs: false
2025-05-12T09:45:17.5042763Z   submodules: false
2025-05-12T09:45:17.5043414Z   set-safe-directory: true
2025-05-12T09:45:17.5044372Z ##[endgroup]
2025-05-12T09:45:17.7009870Z Syncing repository: shelley021/weatherapp
2025-05-12T09:45:17.7012423Z ##[group]Getting Git version info
2025-05-12T09:45:17.7013625Z Working directory is '/home/runner/work/weatherapp/weatherapp'
2025-05-12T09:45:17.7015559Z [command]/usr/bin/git version
2025-05-12T09:45:17.7064054Z git version 2.49.0
2025-05-12T09:45:17.7092390Z ##[endgroup]
2025-05-12T09:45:17.7106448Z Temporarily overriding HOME='/home/runner/work/_temp/fb019466-8d82-43a4-8013-c2dd122168f5' before making global git config changes
2025-05-12T09:45:17.7120360Z Adding repository directory to the temporary git global config as a safe directory
2025-05-12T09:45:17.7124039Z [command]/usr/bin/git config --global --add safe.directory /home/runner/work/weatherapp/weatherapp
2025-05-12T09:45:17.7161433Z Deleting the contents of '/home/runner/work/weatherapp/weatherapp'
2025-05-12T09:45:17.7165759Z ##[group]Initializing the repository
2025-05-12T09:45:17.7171086Z [command]/usr/bin/git init /home/runner/work/weatherapp/weatherapp
2025-05-12T09:45:17.7258383Z hint: Using 'master' as the name for the initial branch. This default branch name
2025-05-12T09:45:17.7260662Z hint: is subject to change. To configure the initial branch name to use in all
2025-05-12T09:45:17.7262488Z hint: of your new repositories, which will suppress this warning, call:
2025-05-12T09:45:17.7263819Z hint:
2025-05-12T09:45:17.7264732Z hint: 	git config --global init.defaultBranch <name>
2025-05-12T09:45:17.7266059Z hint:
2025-05-12T09:45:17.7267105Z hint: Names commonly chosen instead of 'master' are 'main', 'trunk' and
2025-05-12T09:45:17.7269423Z hint: 'development'. The just-created branch can be renamed via this command:
2025-05-12T09:45:17.7271759Z hint:
2025-05-12T09:45:17.7272877Z hint: 	git branch -m <name>
2025-05-12T09:45:17.7274562Z Initialized empty Git repository in /home/runner/work/weatherapp/weatherapp/.git/
2025-05-12T09:45:17.7289691Z [command]/usr/bin/git remote add origin https://github.com/shelley021/weatherapp
2025-05-12T09:45:17.7327850Z ##[endgroup]
2025-05-12T09:45:17.7329268Z ##[group]Disabling automatic garbage collection
2025-05-12T09:45:17.7374857Z [command]/usr/bin/git config --local gc.auto 0
2025-05-12T09:45:17.7380787Z ##[endgroup]
2025-05-12T09:45:17.7382140Z ##[group]Setting up auth
2025-05-12T09:45:17.7383498Z [command]/usr/bin/git config --local --name-only --get-regexp core\.sshCommand
2025-05-12T09:45:17.7418661Z [command]/usr/bin/git submodule foreach --recursive sh -c "git config --local --name-only --get-regexp 'core\.sshCommand' && git config --local --unset-all 'core.sshCommand' || :"
2025-05-12T09:45:17.7807711Z [command]/usr/bin/git config --local --name-only --get-regexp http\.https\:\/\/github\.com\/\.extraheader
2025-05-12T09:45:17.7841329Z [command]/usr/bin/git submodule foreach --recursive sh -c "git config --local --name-only --get-regexp 'http\.https\:\/\/github\.com\/\.extraheader' && git config --local --unset-all 'http.https://github.com/.extraheader' || :"
2025-05-12T09:45:17.8070953Z [command]/usr/bin/git config --local http.https://github.com/.extraheader AUTHORIZATION: basic ***
2025-05-12T09:45:17.8109254Z ##[endgroup]
2025-05-12T09:45:17.8111465Z ##[group]Fetching the repository
2025-05-12T09:45:17.8120965Z [command]/usr/bin/git -c protocol.version=2 fetch --no-tags --prune --no-recurse-submodules --depth=1 origin +5c0c94b905115b41bdbd661fe22c8b2139f41711:refs/remotes/origin/main
2025-05-12T09:45:18.2376301Z From https://github.com/shelley021/weatherapp
2025-05-12T09:45:18.2377641Z  * [new ref]         5c0c94b905115b41bdbd661fe22c8b2139f41711 -> origin/main
2025-05-12T09:45:18.2402278Z ##[endgroup]
2025-05-12T09:45:18.2403099Z ##[group]Determining the checkout info
2025-05-12T09:45:18.2404725Z ##[endgroup]
2025-05-12T09:45:18.2411203Z [command]/usr/bin/git sparse-checkout disable
2025-05-12T09:45:18.2453161Z [command]/usr/bin/git config --local --unset-all extensions.worktreeConfig
2025-05-12T09:45:18.2480634Z ##[group]Checking out the ref
2025-05-12T09:45:18.2485082Z [command]/usr/bin/git checkout --progress --force -B main refs/remotes/origin/main
2025-05-12T09:45:18.2606191Z Switched to a new branch 'main'
2025-05-12T09:45:18.2608942Z branch 'main' set up to track 'origin/main'.
2025-05-12T09:45:18.2614908Z ##[endgroup]
2025-05-12T09:45:18.2649332Z [command]/usr/bin/git log -1 --format=%H
2025-05-12T09:45:18.2671550Z 5c0c94b905115b41bdbd661fe22c8b2139f41711
2025-05-12T09:45:18.2869698Z ##[group]Run echo "Checking disk space before build..."
2025-05-12T09:45:18.2870555Z [36;1mecho "Checking disk space before build..."[0m
2025-05-12T09:45:18.2871245Z [36;1mdf -h[0m
2025-05-12T09:45:18.2871902Z [36;1mdu -h /tmp -d 1 --no-dereference 2>/dev/null || echo "æ æ³æ£æ¥ /tmp ç®å½"[0m
2025-05-12T09:45:18.2872760Z [36;1mdu -h $HOME -d 1 --no-dereference 2>/dev/null || echo "æ æ³æ£æ¥ $HOME ç®å½"[0m
2025-05-12T09:45:18.2903515Z shell: /usr/bin/bash -e {0}
2025-05-12T09:45:18.2904103Z ##[endgroup]
2025-05-12T09:45:18.2975258Z Checking disk space before build...
2025-05-12T09:45:18.2991937Z Filesystem      Size  Used Avail Use% Mounted on
2025-05-12T09:45:18.2992873Z /dev/root        72G   48G   25G  66% /
2025-05-12T09:45:18.2993879Z tmpfs           7.9G   84K  7.9G   1% /dev/shm
2025-05-12T09:45:18.2994890Z tmpfs           3.2G  1.1M  3.2G   1% /run
2025-05-12T09:45:18.2995920Z tmpfs           5.0M     0  5.0M   0% /run/lock
2025-05-12T09:45:18.2996838Z /dev/sdb16      881M   60M  760M   8% /boot
2025-05-12T09:45:18.2997588Z /dev/sdb15      105M  6.2M   99M   6% /boot/efi
2025-05-12T09:45:18.2998328Z /dev/sda1        74G  4.1G   66G   6% /mnt
2025-05-12T09:45:18.2999055Z tmpfs           1.6G   12K  1.6G   1% /run/user/1001
2025-05-12T09:45:18.3012080Z 4.0K	/tmp/systemd-private-3e7d4890297c431c9fc3a09789fabb98-systemd-logind.service-faHJg2
2025-05-12T09:45:18.3013787Z 4.0K	/tmp/systemd-private-3e7d4890297c431c9fc3a09789fabb98-ModemManager.service-QVoTfO
2025-05-12T09:45:18.3015244Z 4.0K	/tmp/.X11-unix
2025-05-12T09:45:18.3016265Z 4.0K	/tmp/.ICE-unix
2025-05-12T09:45:18.3017589Z 4.0K	/tmp/systemd-private-3e7d4890297c431c9fc3a09789fabb98-systemd-resolved.service-iY9b8G
2025-05-12T09:45:18.3018943Z 4.0K	/tmp/systemd-private-3e7d4890297c431c9fc3a09789fabb98-haveged.service-uT2qIC
2025-05-12T09:45:18.3019867Z 4.0K	/tmp/.XIM-unix
2025-05-12T09:45:18.3020477Z 4.0K	/tmp/.font-unix
2025-05-12T09:45:18.3021036Z 4.0K	/tmp/snap-private-tmp
2025-05-12T09:45:18.3021963Z 4.0K	/tmp/systemd-private-3e7d4890297c431c9fc3a09789fabb98-polkit.service-XW0GOd
2025-05-12T09:45:18.3023083Z 4.0K	/tmp/systemd-private-3e7d4890297c431c9fc3a09789fabb98-chrony.service-R7dAye
2025-05-12T09:45:18.3023931Z 56K	/tmp
2025-05-12T09:45:18.3024717Z æ æ³æ£æ¥ /tmp ç®å½
2025-05-12T09:45:18.3027339Z 19M	/home/runner/.cargo
2025-05-12T09:45:18.3027942Z 12K	/home/runner/perflog
2025-05-12T09:45:18.3046889Z 3.1M	/home/runner/.nvm
2025-05-12T09:45:18.3089172Z 37M	/home/runner/work
2025-05-12T09:45:18.3098465Z 51M	/home/runner/.dotnet
2025-05-12T09:45:18.3099072Z 8.0K	/home/runner/.docker
2025-05-12T09:45:18.3099612Z 4.0K	/home/runner/.composer
2025-05-12T09:45:18.3100164Z 8.0K	/home/runner/.config
2025-05-12T09:45:18.3107390Z 557M	/home/runner/.rustup
2025-05-12T09:45:18.3108308Z 4.0K	/home/runner/factory
2025-05-12T09:45:18.3337612Z 348M	/home/runner/runners
2025-05-12T09:45:18.3338518Z 32K	/home/runner/warmup
2025-05-12T09:45:18.3339216Z 1012M	/home/runner
2025-05-12T09:45:18.3381036Z ##[group]Run echo "Cleaning disk space..."
2025-05-12T09:45:18.3381768Z [36;1mecho "Cleaning disk space..."[0m
2025-05-12T09:45:18.3382384Z [36;1mrm -rf /tmp/* || true[0m
2025-05-12T09:45:18.3382956Z [36;1mrm -rf $HOME/.cache || true[0m
2025-05-12T09:45:18.3383548Z [36;1msudo apt-get clean[0m
2025-05-12T09:45:18.3384133Z [36;1mdocker system prune -a --force[0m
2025-05-12T09:45:18.3410889Z shell: /usr/bin/bash -e {0}
2025-05-12T09:45:18.3411461Z ##[endgroup]
2025-05-12T09:45:18.3461582Z Cleaning disk space...
2025-05-12T09:45:18.3472841Z rm: cannot remove '/tmp/clr-debug-pipe-836-1225-in': Operation not permitted
2025-05-12T09:45:18.3474386Z rm: cannot remove '/tmp/clr-debug-pipe-836-1225-out': Operation not permitted
2025-05-12T09:45:18.3476201Z rm: cannot remove '/tmp/dotnet-diagnostic-836-1225-socket': Operation not permitted
2025-05-12T09:45:18.3477303Z rm: cannot remove '/tmp/snap-private-tmp': Operation not permitted
2025-05-12T09:45:18.3478465Z rm: cannot remove '/tmp/systemd-private-3e7d4890297c431c9fc3a09789fabb98-ModemManager.service-QVoTfO': Operation not permitted
2025-05-12T09:45:18.3480072Z rm: cannot remove '/tmp/systemd-private-3e7d4890297c431c9fc3a09789fabb98-chrony.service-R7dAye': Operation not permitted
2025-05-12T09:45:18.3481381Z rm: cannot remove '/tmp/systemd-private-3e7d4890297c431c9fc3a09789fabb98-haveged.service-uT2qIC': Operation not permitted
2025-05-12T09:45:18.3482695Z rm: cannot remove '/tmp/systemd-private-3e7d4890297c431c9fc3a09789fabb98-polkit.service-XW0GOd': Operation not permitted
2025-05-12T09:45:18.3484019Z rm: cannot remove '/tmp/systemd-private-3e7d4890297c431c9fc3a09789fabb98-systemd-logind.service-faHJg2': Operation not permitted
2025-05-12T09:45:18.3485696Z rm: cannot remove '/tmp/systemd-private-3e7d4890297c431c9fc3a09789fabb98-systemd-resolved.service-iY9b8G': Operation not permitted
2025-05-12T09:45:18.4472462Z Total reclaimed space: 0B
2025-05-12T09:45:18.4604855Z ##[group]Run actions/setup-java@v3
2025-05-12T09:45:18.4605792Z with:
2025-05-12T09:45:18.4606251Z   distribution: temurin
2025-05-12T09:45:18.4606751Z   java-version: 17
2025-05-12T09:45:18.4607198Z   java-package: jdk
2025-05-12T09:45:18.4607650Z   check-latest: false
2025-05-12T09:45:18.4608100Z   server-id: github
2025-05-12T09:45:18.4608560Z   server-username: GITHUB_ACTOR
2025-05-12T09:45:18.4609273Z   server-password: GITHUB_TOKEN
2025-05-12T09:45:18.4609785Z   overwrite-settings: true
2025-05-12T09:45:18.4610270Z   job-status: success
2025-05-12T09:45:18.4610886Z   token: ***
2025-05-12T09:45:18.4611315Z ##[endgroup]
2025-05-12T09:45:18.6609223Z ##[group]Installed distributions
2025-05-12T09:45:18.6654856Z Resolved Java 17.0.15+6 from tool-cache
2025-05-12T09:45:18.6656204Z Setting Java 17.0.15+6 as the default
2025-05-12T09:45:18.6669871Z Creating toolchains.xml for JDK version 17 from temurin
2025-05-12T09:45:18.6749667Z Writing to /home/runner/.m2/toolchains.xml
2025-05-12T09:45:18.6750534Z 
2025-05-12T09:45:18.6750922Z Java configuration:
2025-05-12T09:45:18.6751848Z   Distribution: temurin
2025-05-12T09:45:18.6754361Z   Version: 17.0.15+6
2025-05-12T09:45:18.6755738Z   Path: /opt/hostedtoolcache/Java_Temurin-Hotspot_jdk/17.0.15-6/x64
2025-05-12T09:45:18.6756615Z 
2025-05-12T09:45:18.6757651Z ##[endgroup]
2025-05-12T09:45:18.6774081Z Creating settings.xml with server-id: github
2025-05-12T09:45:18.6782439Z Writing to /home/runner/.m2/settings.xml
2025-05-12T09:45:18.6936011Z ##[group]Run actions/setup-python@v5
2025-05-12T09:45:18.6936638Z with:
2025-05-12T09:45:18.6937127Z   python-version: 3.10
2025-05-12T09:45:18.6937632Z   check-latest: false
2025-05-12T09:45:18.6938345Z   token: ***
2025-05-12T09:45:18.6938837Z   update-environment: true
2025-05-12T09:45:18.6939367Z   allow-prereleases: false
2025-05-12T09:45:18.6939898Z   freethreaded: false
2025-05-12T09:45:18.6940385Z env:
2025-05-12T09:45:18.6940976Z   JAVA_HOME: /opt/hostedtoolcache/Java_Temurin-Hotspot_jdk/17.0.15-6/x64
2025-05-12T09:45:18.6941796Z   JAVA_HOME_17_X64: /opt/hostedtoolcache/Java_Temurin-Hotspot_jdk/17.0.15-6/x64
2025-05-12T09:45:18.6942485Z ##[endgroup]
2025-05-12T09:45:18.8621693Z ##[group]Installed versions
2025-05-12T09:45:18.8683394Z Successfully set up CPython (3.10.17)
2025-05-12T09:45:18.8684972Z ##[endgroup]
2025-05-12T09:45:18.8796496Z ##[group]Run Ubuntu_version=$(lsb_release -rs)
2025-05-12T09:45:18.8797177Z [36;1mUbuntu_version=$(lsb_release -rs)[0m
2025-05-12T09:45:18.8797856Z [36;1mif [[ "$Ubuntu_version" == "22.04" || "$Ubuntu_version" == "24.04" ]]; then[0m
2025-05-12T09:45:18.8798502Z [36;1m  sudo apt-get update -y[0m
2025-05-12T09:45:18.8799045Z [36;1m  sudo apt-get install -y libtinfo6[0m
2025-05-12T09:45:18.8799560Z [36;1melse[0m
2025-05-12T09:45:18.8800005Z [36;1m  sudo apt-get update -y[0m
2025-05-12T09:45:18.8800548Z [36;1m  sudo apt-get install -y libtinfo5[0m
2025-05-12T09:45:18.8801065Z [36;1mfi[0m
2025-05-12T09:45:18.8829472Z shell: /usr/bin/bash -e {0}
2025-05-12T09:45:18.8829964Z env:
2025-05-12T09:45:18.8830534Z   JAVA_HOME: /opt/hostedtoolcache/Java_Temurin-Hotspot_jdk/17.0.15-6/x64
2025-05-12T09:45:18.8831525Z   JAVA_HOME_17_X64: /opt/hostedtoolcache/Java_Temurin-Hotspot_jdk/17.0.15-6/x64
2025-05-12T09:45:18.8832319Z   pythonLocation: /opt/hostedtoolcache/Python/3.10.17/x64
2025-05-12T09:45:18.8833063Z   PKG_CONFIG_PATH: /opt/hostedtoolcache/Python/3.10.17/x64/lib/pkgconfig
2025-05-12T09:45:18.8833811Z   Python_ROOT_DIR: /opt/hostedtoolcache/Python/3.10.17/x64
2025-05-12T09:45:18.8834645Z   Python2_ROOT_DIR: /opt/hostedtoolcache/Python/3.10.17/x64
2025-05-12T09:45:18.8835302Z   Python3_ROOT_DIR: /opt/hostedtoolcache/Python/3.10.17/x64
2025-05-12T09:45:18.8836136Z   LD_LIBRARY_PATH: /opt/hostedtoolcache/Python/3.10.17/x64/lib
2025-05-12T09:45:18.8836706Z ##[endgroup]
2025-05-12T09:45:18.9608673Z Get:1 file:/etc/apt/apt-mirrors.txt Mirrorlist [144 B]
2025-05-12T09:45:18.9966019Z Hit:2 http://azure.archive.ubuntu.com/ubuntu noble InRelease
2025-05-12T09:45:18.9983441Z Get:3 http://azure.archive.ubuntu.com/ubuntu noble-updates InRelease [126 kB]
2025-05-12T09:45:19.0039247Z Get:4 http://azure.archive.ubuntu.com/ubuntu noble-backports InRelease [126 kB]
2025-05-12T09:45:19.0076585Z Get:5 http://azure.archive.ubuntu.com/ubuntu noble-security InRelease [126 kB]
2025-05-12T09:45:19.0078198Z Hit:6 https://packages.microsoft.com/repos/azure-cli noble InRelease
2025-05-12T09:45:19.0093249Z Get:7 https://packages.microsoft.com/ubuntu/24.04/prod noble InRelease [3600 B]
2025-05-12T09:45:19.1471049Z Get:8 http://azure.archive.ubuntu.com/ubuntu noble-updates/main amd64 Packages [1067 kB]
2025-05-12T09:45:19.1607229Z Get:9 http://azure.archive.ubuntu.com/ubuntu noble-updates/main Translation-en [229 kB]
2025-05-12T09:45:19.1632317Z Get:10 http://azure.archive.ubuntu.com/ubuntu noble-updates/main amd64 Components [161 kB]
2025-05-12T09:45:19.1651727Z Get:11 http://azure.archive.ubuntu.com/ubuntu noble-updates/universe amd64 Packages [1063 kB]
2025-05-12T09:45:19.1727117Z Get:12 http://azure.archive.ubuntu.com/ubuntu noble-updates/universe Translation-en [269 kB]
2025-05-12T09:45:19.1745041Z Get:13 http://azure.archive.ubuntu.com/ubuntu noble-updates/universe amd64 Components [376 kB]
2025-05-12T09:45:19.1776414Z Get:14 http://azure.archive.ubuntu.com/ubuntu noble-updates/restricted amd64 Components [212 B]
2025-05-12T09:45:19.1787369Z Get:15 http://azure.archive.ubuntu.com/ubuntu noble-updates/multiverse amd64 Packages [21.7 kB]
2025-05-12T09:45:19.1796180Z Get:16 http://azure.archive.ubuntu.com/ubuntu noble-updates/multiverse amd64 Components [940 B]
2025-05-12T09:45:19.2087022Z Get:17 http://azure.archive.ubuntu.com/ubuntu noble-backports/main amd64 Components [7064 B]
2025-05-12T09:45:19.2556963Z Get:18 http://azure.archive.ubuntu.com/ubuntu noble-backports/universe amd64 Components [16.4 kB]
2025-05-12T09:45:19.2563624Z Get:19 http://azure.archive.ubuntu.com/ubuntu noble-backports/restricted amd64 Components [216 B]
2025-05-12T09:45:19.2573965Z Get:20 http://azure.archive.ubuntu.com/ubuntu noble-backports/multiverse amd64 Components [212 B]
2025-05-12T09:45:19.3087993Z Get:21 http://azure.archive.ubuntu.com/ubuntu noble-security/main amd64 Packages [820 kB]
2025-05-12T09:45:19.3146144Z Get:22 http://azure.archive.ubuntu.com/ubuntu noble-security/main amd64 Components [21.5 kB]
2025-05-12T09:45:19.3158105Z Get:23 http://azure.archive.ubuntu.com/ubuntu noble-security/universe amd64 Packages [837 kB]
2025-05-12T09:45:19.3207721Z Get:24 http://azure.archive.ubuntu.com/ubuntu noble-security/universe Translation-en [182 kB]
2025-05-12T09:45:19.3231853Z Get:25 http://azure.archive.ubuntu.com/ubuntu noble-security/universe amd64 Components [52.2 kB]
2025-05-12T09:45:19.3250830Z Get:26 http://azure.archive.ubuntu.com/ubuntu noble-security/restricted amd64 Components [212 B]
2025-05-12T09:45:19.3263512Z Get:27 http://azure.archive.ubuntu.com/ubuntu noble-security/multiverse amd64 Packages [17.7 kB]
2025-05-12T09:45:19.3277583Z Get:28 http://azure.archive.ubuntu.com/ubuntu noble-security/multiverse amd64 Components [208 B]
2025-05-12T09:45:19.3613925Z Get:29 https://packages.microsoft.com/ubuntu/24.04/prod noble/main arm64 Packages [19.7 kB]
2025-05-12T09:45:19.3641254Z Get:30 https://packages.microsoft.com/ubuntu/24.04/prod noble/main amd64 Packages [31.4 kB]
2025-05-12T09:45:22.7783214Z Fetched 5576 kB in 1s (6978 kB/s)
2025-05-12T09:45:23.4301587Z Reading package lists...
2025-05-12T09:45:23.4639098Z Reading package lists...
2025-05-12T09:45:23.6321756Z Building dependency tree...
2025-05-12T09:45:23.6328829Z Reading state information...
2025-05-12T09:45:23.8108929Z libtinfo6 is already the newest version (6.4+20240113-1ubuntu2).
2025-05-12T09:45:23.8109561Z libtinfo6 set to manually installed.
2025-05-12T09:45:23.8110065Z 0 upgraded, 0 newly installed, 0 to remove and 20 not upgraded.
2025-05-12T09:45:23.8158202Z ##[group]Run sudo apt-get update -y
2025-05-12T09:45:23.8158541Z [36;1msudo apt-get update -y[0m
2025-05-12T09:45:23.8158923Z [36;1msudo apt-get install -y git zip unzip python3-pip autoconf libtool pkg-config[0m
2025-05-12T09:45:23.8159424Z [36;1msudo apt-get install -y zlib1g-dev libncurses5-dev libncursesw5-dev[0m
2025-05-12T09:45:23.8159855Z [36;1msudo apt-get install -y cmake libffi-dev libssl-dev[0m
2025-05-12T09:45:23.8160293Z [36;1msudo apt-get install -y libltdl-dev build-essential python3-dev python3-venv[0m
2025-05-12T09:45:23.8160734Z [36;1msudo apt-get install -y libnss3-dev libnss3-tools[0m
2025-05-12T09:45:23.8186163Z shell: /usr/bin/bash -e {0}
2025-05-12T09:45:23.8186392Z env:
2025-05-12T09:45:23.8186681Z   JAVA_HOME: /opt/hostedtoolcache/Java_Temurin-Hotspot_jdk/17.0.15-6/x64
2025-05-12T09:45:23.8187136Z   JAVA_HOME_17_X64: /opt/hostedtoolcache/Java_Temurin-Hotspot_jdk/17.0.15-6/x64
2025-05-12T09:45:23.8187574Z   pythonLocation: /opt/hostedtoolcache/Python/3.10.17/x64
2025-05-12T09:45:23.8187981Z   PKG_CONFIG_PATH: /opt/hostedtoolcache/Python/3.10.17/x64/lib/pkgconfig
2025-05-12T09:45:23.8188360Z   Python_ROOT_DIR: /opt/hostedtoolcache/Python/3.10.17/x64
2025-05-12T09:45:23.8188714Z   Python2_ROOT_DIR: /opt/hostedtoolcache/Python/3.10.17/x64
2025-05-12T09:45:23.8189067Z   Python3_ROOT_DIR: /opt/hostedtoolcache/Python/3.10.17/x64
2025-05-12T09:45:23.8189433Z   LD_LIBRARY_PATH: /opt/hostedtoolcache/Python/3.10.17/x64/lib
2025-05-12T09:45:23.8189723Z ##[endgroup]
2025-05-12T09:45:23.8908271Z Get:1 file:/etc/apt/apt-mirrors.txt Mirrorlist [144 B]
2025-05-12T09:45:23.9214592Z Hit:2 http://azure.archive.ubuntu.com/ubuntu noble InRelease
2025-05-12T09:45:23.9231666Z Hit:3 http://azure.archive.ubuntu.com/ubuntu noble-updates InRelease
2025-05-12T09:45:23.9240949Z Hit:4 http://azure.archive.ubuntu.com/ubuntu noble-backports InRelease
2025-05-12T09:45:23.9241885Z Hit:6 https://packages.microsoft.com/repos/azure-cli noble InRelease
2025-05-12T09:45:23.9247583Z Hit:5 http://azure.archive.ubuntu.com/ubuntu noble-security InRelease
2025-05-12T09:45:23.9284812Z Hit:7 https://packages.microsoft.com/ubuntu/24.04/prod noble InRelease
2025-05-12T09:45:25.0540129Z Reading package lists...
2025-05-12T09:45:25.0866338Z Reading package lists...
2025-05-12T09:45:25.2465164Z Building dependency tree...
2025-05-12T09:45:25.2472792Z Reading state information...
2025-05-12T09:45:25.4239872Z git is already the newest version (1:2.49.0-0ubuntu1~ubuntu24.04.1).
2025-05-12T09:45:25.4240412Z git set to manually installed.
2025-05-12T09:45:25.4240802Z zip is already the newest version (3.0-13ubuntu0.2).
2025-05-12T09:45:25.4241293Z unzip is already the newest version (6.0-28ubuntu4.1).
2025-05-12T09:45:25.4241905Z python3-pip is already the newest version (24.0+dfsg-1ubuntu1.1).
2025-05-12T09:45:25.4242551Z autoconf is already the newest version (2.71-3).
2025-05-12T09:45:25.4243145Z libtool is already the newest version (2.4.7-7build1).
2025-05-12T09:45:25.4243815Z pkg-config is already the newest version (1.8.1-2build1).
2025-05-12T09:45:25.4244545Z 0 upgraded, 0 newly installed, 0 to remove and 20 not upgraded.
2025-05-12T09:45:25.4482243Z Reading package lists...
2025-05-12T09:45:25.6161683Z Building dependency tree...
2025-05-12T09:45:25.6172572Z Reading state information...
2025-05-12T09:45:25.8031042Z zlib1g-dev is already the newest version (1:1.3.dfsg-3.1ubuntu2.1).
2025-05-12T09:45:25.8032047Z libncurses-dev is already the newest version (6.4+20240113-1ubuntu2).
2025-05-12T09:45:25.8032512Z libncurses-dev set to manually installed.
2025-05-12T09:45:25.8032937Z 0 upgraded, 0 newly installed, 0 to remove and 20 not upgraded.
2025-05-12T09:45:25.8266603Z Reading package lists...
2025-05-12T09:45:25.9964818Z Building dependency tree...
2025-05-12T09:45:25.9972326Z Reading state information...
2025-05-12T09:45:26.1497923Z libffi-dev is already the newest version (3.4.6-1build1).
2025-05-12T09:45:26.1498728Z libffi-dev set to manually installed.
2025-05-12T09:45:26.1500000Z libssl-dev is already the newest version (3.0.13-0ubuntu3.5).
2025-05-12T09:45:26.1500561Z The following additional packages will be installed:
2025-05-12T09:45:26.1505945Z   cmake-data libjsoncpp25 librhash0
2025-05-12T09:45:26.1512469Z Suggested packages:
2025-05-12T09:45:26.1513006Z   cmake-doc cmake-format elpa-cmake-mode ninja-build
2025-05-12T09:45:26.1672647Z The following NEW packages will be installed:
2025-05-12T09:45:26.1682196Z   cmake cmake-data libjsoncpp25 librhash0
2025-05-12T09:45:26.1877358Z 0 upgraded, 4 newly installed, 0 to remove and 20 not upgraded.
2025-05-12T09:45:26.1877967Z Need to get 13.6 MB of archives.
2025-05-12T09:45:26.1878505Z After this operation, 49.1 MB of additional disk space will be used.
2025-05-12T09:45:26.1879130Z Get:1 file:/etc/apt/apt-mirrors.txt Mirrorlist [144 B]
2025-05-12T09:45:26.2433379Z Get:2 http://azure.archive.ubuntu.com/ubuntu noble/main amd64 libjsoncpp25 amd64 1.9.5-6build1 [82.8 kB]
2025-05-12T09:45:26.2794330Z Get:3 http://azure.archive.ubuntu.com/ubuntu noble/main amd64 librhash0 amd64 1.4.3-3build1 [129 kB]
2025-05-12T09:45:26.3175596Z Get:4 http://azure.archive.ubuntu.com/ubuntu noble/main amd64 cmake-data all 3.28.3-1build7 [2155 kB]
2025-05-12T09:45:26.7471504Z Get:5 http://azure.archive.ubuntu.com/ubuntu noble/main amd64 cmake amd64 3.28.3-1build7 [11.2 MB]
2025-05-12T09:45:27.4275089Z Fetched 13.6 MB in 1s (13.6 MB/s)
2025-05-12T09:45:27.4609850Z Selecting previously unselected package libjsoncpp25:amd64.
2025-05-12T09:45:27.4907358Z (Reading database ... 
2025-05-12T09:45:27.4908045Z (Reading database ... 5%
2025-05-12T09:45:27.4908515Z (Reading database ... 10%
2025-05-12T09:45:27.4908952Z (Reading database ... 15%
2025-05-12T09:45:27.4909380Z (Reading database ... 20%
2025-05-12T09:45:27.4909810Z (Reading database ... 25%
2025-05-12T09:45:27.4910232Z (Reading database ... 30%
2025-05-12T09:45:27.4910637Z (Reading database ... 35%
2025-05-12T09:45:27.4911046Z (Reading database ... 40%
2025-05-12T09:45:27.4911438Z (Reading database ... 45%
2025-05-12T09:45:27.4911728Z (Reading database ... 50%
2025-05-12T09:45:27.5120002Z (Reading database ... 55%
2025-05-12T09:45:27.5542602Z (Reading database ... 60%
2025-05-12T09:45:27.5952101Z (Reading database ... 65%
2025-05-12T09:45:27.6237851Z (Reading database ... 70%
2025-05-12T09:45:27.6635231Z (Reading database ... 75%
2025-05-12T09:45:27.7093069Z (Reading database ... 80%
2025-05-12T09:45:27.7761104Z (Reading database ... 85%
2025-05-12T09:45:27.8566730Z (Reading database ... 90%
2025-05-12T09:45:27.9127673Z (Reading database ... 95%
2025-05-12T09:45:27.9136550Z (Reading database ... 100%
2025-05-12T09:45:27.9137185Z (Reading database ... 222550 files and directories currently installed.)
2025-05-12T09:45:27.9192813Z Preparing to unpack .../libjsoncpp25_1.9.5-6build1_amd64.deb ...
2025-05-12T09:45:27.9255097Z Unpacking libjsoncpp25:amd64 (1.9.5-6build1) ...
2025-05-12T09:45:27.9555938Z Selecting previously unselected package librhash0:amd64.
2025-05-12T09:45:27.9700298Z Preparing to unpack .../librhash0_1.4.3-3build1_amd64.deb ...
2025-05-12T09:45:27.9715177Z Unpacking librhash0:amd64 (1.4.3-3build1) ...
2025-05-12T09:45:28.0022868Z Selecting previously unselected package cmake-data.
2025-05-12T09:45:28.0174478Z Preparing to unpack .../cmake-data_3.28.3-1build7_all.deb ...
2025-05-12T09:45:28.0251154Z Unpacking cmake-data (3.28.3-1build7) ...
2025-05-12T09:45:28.5969977Z Selecting previously unselected package cmake.
2025-05-12T09:45:28.6131015Z Preparing to unpack .../cmake_3.28.3-1build7_amd64.deb ...
2025-05-12T09:45:28.6144214Z Unpacking cmake (3.28.3-1build7) ...
2025-05-12T09:45:28.8058341Z Setting up libjsoncpp25:amd64 (1.9.5-6build1) ...
2025-05-12T09:45:28.8101829Z Setting up librhash0:amd64 (1.4.3-3build1) ...
2025-05-12T09:45:28.8140643Z Setting up cmake-data (3.28.3-1build7) ...
2025-05-12T09:45:28.8219074Z Setting up cmake (3.28.3-1build7) ...
2025-05-12T09:45:28.8256726Z Processing triggers for man-db (2.12.0-4build2) ...
2025-05-12T09:45:37.8224338Z Processing triggers for libc-bin (2.39-0ubuntu8.4) ...
2025-05-12T09:45:38.6958179Z 
2025-05-12T09:45:38.6958684Z Running kernel seems to be up-to-date.
2025-05-12T09:45:38.6959046Z 
2025-05-12T09:45:38.6959206Z No services need to be restarted.
2025-05-12T09:45:38.6959482Z 
2025-05-12T09:45:38.6959634Z No containers need to be restarted.
2025-05-12T09:45:38.6959899Z 
2025-05-12T09:45:38.6960102Z No user sessions are running outdated binaries.
2025-05-12T09:45:38.6960444Z 
2025-05-12T09:45:38.6960733Z No VM guests are running outdated hypervisor (qemu) binaries on this host.
2025-05-12T09:45:39.5616216Z Reading package lists...
2025-05-12T09:45:39.7571390Z Building dependency tree...
2025-05-12T09:45:39.7579426Z Reading state information...
2025-05-12T09:45:39.9110061Z python3-dev is already the newest version (3.12.3-0ubuntu2).
2025-05-12T09:45:39.9110786Z python3-venv is already the newest version (3.12.3-0ubuntu2).
2025-05-12T09:45:39.9111287Z Suggested packages:
2025-05-12T09:45:39.9111579Z   libtool-doc
2025-05-12T09:45:39.9246033Z The following NEW packages will be installed:
2025-05-12T09:45:39.9252144Z   build-essential libltdl-dev
2025-05-12T09:45:39.9420416Z 0 upgraded, 2 newly installed, 0 to remove and 20 not upgraded.
2025-05-12T09:45:39.9421031Z Need to get 173 kB of archives.
2025-05-12T09:45:39.9421566Z After this operation, 980 kB of additional disk space will be used.
2025-05-12T09:45:39.9422051Z Get:1 file:/etc/apt/apt-mirrors.txt Mirrorlist [144 B]
2025-05-12T09:45:39.9937593Z Get:2 http://azure.archive.ubuntu.com/ubuntu noble/main amd64 build-essential amd64 12.10ubuntu1 [4928 B]
2025-05-12T09:45:40.0278571Z Get:3 http://azure.archive.ubuntu.com/ubuntu noble/main amd64 libltdl-dev amd64 2.4.7-7build1 [168 kB]
2025-05-12T09:45:40.2912475Z Fetched 173 kB in 0s (1757 kB/s)
2025-05-12T09:45:40.3104892Z Selecting previously unselected package build-essential.
2025-05-12T09:45:40.3159944Z (Reading database ... 
2025-05-12T09:45:40.3160335Z (Reading database ... 5%
2025-05-12T09:45:40.3161101Z (Reading database ... 10%
2025-05-12T09:45:40.3161490Z (Reading database ... 15%
2025-05-12T09:45:40.3161828Z (Reading database ... 20%
2025-05-12T09:45:40.3162168Z (Reading database ... 25%
2025-05-12T09:45:40.3162504Z (Reading database ... 30%
2025-05-12T09:45:40.3162833Z (Reading database ... 35%
2025-05-12T09:45:40.3163167Z (Reading database ... 40%
2025-05-12T09:45:40.3163506Z (Reading database ... 45%
2025-05-12T09:45:40.3163870Z (Reading database ... 50%
2025-05-12T09:45:40.3243549Z (Reading database ... 55%
2025-05-12T09:45:40.3264357Z (Reading database ... 60%
2025-05-12T09:45:40.3293794Z (Reading database ... 65%
2025-05-12T09:45:40.3310379Z (Reading database ... 70%
2025-05-12T09:45:40.3360449Z (Reading database ... 75%
2025-05-12T09:45:40.3393596Z (Reading database ... 80%
2025-05-12T09:45:40.3577586Z (Reading database ... 85%
2025-05-12T09:45:40.3811739Z (Reading database ... 90%
2025-05-12T09:45:40.3895287Z (Reading database ... 95%
2025-05-12T09:45:40.3895930Z (Reading database ... 100%
2025-05-12T09:45:40.3896528Z (Reading database ... 225959 files and directories currently installed.)
2025-05-12T09:45:40.3941468Z Preparing to unpack .../build-essential_12.10ubuntu1_amd64.deb ...
2025-05-12T09:45:40.3952317Z Unpacking build-essential (12.10ubuntu1) ...
2025-05-12T09:45:40.4201409Z Selecting previously unselected package libltdl-dev:amd64.
2025-05-12T09:45:40.4341966Z Preparing to unpack .../libltdl-dev_2.4.7-7build1_amd64.deb ...
2025-05-12T09:45:40.4356249Z Unpacking libltdl-dev:amd64 (2.4.7-7build1) ...
2025-05-12T09:45:40.4957242Z Setting up libltdl-dev:amd64 (2.4.7-7build1) ...
2025-05-12T09:45:40.4995597Z Setting up build-essential (12.10ubuntu1) ...
2025-05-12T09:45:41.0584849Z 
2025-05-12T09:45:41.0585595Z Running kernel seems to be up-to-date.
2025-05-12T09:45:41.0585903Z 
2025-05-12T09:45:41.0586024Z No services need to be restarted.
2025-05-12T09:45:41.0586230Z 
2025-05-12T09:45:41.0586357Z No containers need to be restarted.
2025-05-12T09:45:41.0586569Z 
2025-05-12T09:45:41.0586715Z No user sessions are running outdated binaries.
2025-05-12T09:45:41.0587322Z 
2025-05-12T09:45:41.0587570Z No VM guests are running outdated hypervisor (qemu) binaries on this host.
2025-05-12T09:45:41.9175769Z Reading package lists...
2025-05-12T09:45:42.0751700Z Building dependency tree...
2025-05-12T09:45:42.0759239Z Reading state information...
2025-05-12T09:45:42.2276810Z The following additional packages will be installed:
2025-05-12T09:45:42.2280772Z   libnspr4-dev
2025-05-12T09:45:42.2433669Z The following NEW packages will be installed:
2025-05-12T09:45:42.2438148Z   libnspr4-dev libnss3-dev libnss3-tools
2025-05-12T09:45:42.2607777Z 0 upgraded, 3 newly installed, 0 to remove and 20 not upgraded.
2025-05-12T09:45:42.2608339Z Need to get 1088 kB of archives.
2025-05-12T09:45:42.2608739Z After this operation, 4860 kB of additional disk space will be used.
2025-05-12T09:45:42.2609128Z Get:1 file:/etc/apt/apt-mirrors.txt Mirrorlist [144 B]
2025-05-12T09:45:42.3336409Z Get:2 http://azure.archive.ubuntu.com/ubuntu noble/main amd64 libnspr4-dev amd64 2:4.35-1.1build1 [219 kB]
2025-05-12T09:45:42.3701961Z Get:3 http://azure.archive.ubuntu.com/ubuntu noble/main amd64 libnss3-dev amd64 2:3.98-1build1 [253 kB]
2025-05-12T09:45:42.4135216Z Get:4 http://azure.archive.ubuntu.com/ubuntu noble/main amd64 libnss3-tools amd64 2:3.98-1build1 [615 kB]
2025-05-12T09:45:42.7092052Z Fetched 1088 kB in 0s (5477 kB/s)
2025-05-12T09:45:42.7286353Z Selecting previously unselected package libnspr4-dev.
2025-05-12T09:45:42.7343079Z (Reading database ... 
2025-05-12T09:45:42.7344054Z (Reading database ... 5%
2025-05-12T09:45:42.7344459Z (Reading database ... 10%
2025-05-12T09:45:42.7344821Z (Reading database ... 15%
2025-05-12T09:45:42.7345170Z (Reading database ... 20%
2025-05-12T09:45:42.7345679Z (Reading database ... 25%
2025-05-12T09:45:42.7346030Z (Reading database ... 30%
2025-05-12T09:45:42.7346394Z (Reading database ... 35%
2025-05-12T09:45:42.7346747Z (Reading database ... 40%
2025-05-12T09:45:42.7347094Z (Reading database ... 45%
2025-05-12T09:45:42.7347446Z (Reading database ... 50%
2025-05-12T09:45:42.7426177Z (Reading database ... 55%
2025-05-12T09:45:42.7447187Z (Reading database ... 60%
2025-05-12T09:45:42.7477023Z (Reading database ... 65%
2025-05-12T09:45:42.7493878Z (Reading database ... 70%
2025-05-12T09:45:42.7545617Z (Reading database ... 75%
2025-05-12T09:45:42.7580811Z (Reading database ... 80%
2025-05-12T09:45:42.7778287Z (Reading database ... 85%
2025-05-12T09:45:42.8021274Z (Reading database ... 90%
2025-05-12T09:45:42.8106148Z (Reading database ... 95%
2025-05-12T09:45:42.8106570Z (Reading database ... 100%
2025-05-12T09:45:42.8107121Z (Reading database ... 226015 files and directories currently installed.)
2025-05-12T09:45:42.8155006Z Preparing to unpack .../libnspr4-dev_2%3a4.35-1.1build1_amd64.deb ...
2025-05-12T09:45:42.8176689Z Unpacking libnspr4-dev (2:4.35-1.1build1) ...
2025-05-12T09:45:42.8646661Z Selecting previously unselected package libnss3-dev:amd64.
2025-05-12T09:45:42.8787455Z Preparing to unpack .../libnss3-dev_2%3a3.98-1build1_amd64.deb ...
2025-05-12T09:45:42.8799956Z Unpacking libnss3-dev:amd64 (2:3.98-1build1) ...
2025-05-12T09:45:42.9252878Z Selecting previously unselected package libnss3-tools.
2025-05-12T09:45:42.9398933Z Preparing to unpack .../libnss3-tools_2%3a3.98-1build1_amd64.deb ...
2025-05-12T09:45:42.9414132Z Unpacking libnss3-tools (2:3.98-1build1) ...
2025-05-12T09:45:43.0223762Z Setting up libnspr4-dev (2:4.35-1.1build1) ...
2025-05-12T09:45:43.0297427Z Setting up libnss3-dev:amd64 (2:3.98-1build1) ...
2025-05-12T09:45:43.0340739Z Setting up libnss3-tools (2:3.98-1build1) ...
2025-05-12T09:45:43.0398883Z Processing triggers for man-db (2.12.0-4build2) ...
2025-05-12T09:45:47.5543383Z 
2025-05-12T09:45:47.5543940Z Running kernel seems to be up-to-date.
2025-05-12T09:45:47.5544354Z 
2025-05-12T09:45:47.5544541Z No services need to be restarted.
2025-05-12T09:45:47.5544842Z 
2025-05-12T09:45:47.5544959Z No containers need to be restarted.
2025-05-12T09:45:47.5545171Z 
2025-05-12T09:45:47.5545326Z No user sessions are running outdated binaries.
2025-05-12T09:45:47.5546097Z 
2025-05-12T09:45:47.5546354Z No VM guests are running outdated hypervisor (qemu) binaries on this host.
2025-05-12T09:45:48.4047315Z ##[group]Run pip config set global.index-url https://pypi.org/simple/
2025-05-12T09:45:48.4047836Z [36;1mpip config set global.index-url https://pypi.org/simple/[0m
2025-05-12T09:45:48.4048241Z [36;1mpip config set global.trusted-host pypi.org[0m
2025-05-12T09:45:48.4074270Z shell: /usr/bin/bash -e {0}
2025-05-12T09:45:48.4074509Z env:
2025-05-12T09:45:48.4074822Z   JAVA_HOME: /opt/hostedtoolcache/Java_Temurin-Hotspot_jdk/17.0.15-6/x64
2025-05-12T09:45:48.4075276Z   JAVA_HOME_17_X64: /opt/hostedtoolcache/Java_Temurin-Hotspot_jdk/17.0.15-6/x64
2025-05-12T09:45:48.4075927Z   pythonLocation: /opt/hostedtoolcache/Python/3.10.17/x64
2025-05-12T09:45:48.4076329Z   PKG_CONFIG_PATH: /opt/hostedtoolcache/Python/3.10.17/x64/lib/pkgconfig
2025-05-12T09:45:48.4076716Z   Python_ROOT_DIR: /opt/hostedtoolcache/Python/3.10.17/x64
2025-05-12T09:45:48.4077075Z   Python2_ROOT_DIR: /opt/hostedtoolcache/Python/3.10.17/x64
2025-05-12T09:45:48.4077493Z   Python3_ROOT_DIR: /opt/hostedtoolcache/Python/3.10.17/x64
2025-05-12T09:45:48.4077880Z   LD_LIBRARY_PATH: /opt/hostedtoolcache/Python/3.10.17/x64/lib
2025-05-12T09:45:48.4078187Z ##[endgroup]
2025-05-12T09:45:48.7321887Z Writing to /home/runner/.config/pip/pip.conf
2025-05-12T09:45:48.9144484Z Writing to /home/runner/.config/pip/pip.conf
2025-05-12T09:45:48.9413142Z ##[group]Run python -m pip install --upgrade pip setuptools
2025-05-12T09:45:48.9413609Z [36;1mpython -m pip install --upgrade pip setuptools[0m
2025-05-12T09:45:48.9414051Z [36;1mpip install buildozer==1.5.1 kivy==2.3.1 requests==2.25.1 cython==0.29.36 certifi[0m
2025-05-12T09:45:48.9414461Z [36;1mpip install python-for-android[0m
2025-05-12T09:45:48.9440005Z shell: /usr/bin/bash -e {0}
2025-05-12T09:45:48.9440245Z env:
2025-05-12T09:45:48.9440545Z   JAVA_HOME: /opt/hostedtoolcache/Java_Temurin-Hotspot_jdk/17.0.15-6/x64
2025-05-12T09:45:48.9441041Z   JAVA_HOME_17_X64: /opt/hostedtoolcache/Java_Temurin-Hotspot_jdk/17.0.15-6/x64
2025-05-12T09:45:48.9441481Z   pythonLocation: /opt/hostedtoolcache/Python/3.10.17/x64
2025-05-12T09:45:48.9441896Z   PKG_CONFIG_PATH: /opt/hostedtoolcache/Python/3.10.17/x64/lib/pkgconfig
2025-05-12T09:45:48.9442293Z   Python_ROOT_DIR: /opt/hostedtoolcache/Python/3.10.17/x64
2025-05-12T09:45:48.9442715Z   Python2_ROOT_DIR: /opt/hostedtoolcache/Python/3.10.17/x64
2025-05-12T09:45:48.9443077Z   Python3_ROOT_DIR: /opt/hostedtoolcache/Python/3.10.17/x64
2025-05-12T09:45:48.9443440Z   LD_LIBRARY_PATH: /opt/hostedtoolcache/Python/3.10.17/x64/lib
2025-05-12T09:45:48.9443753Z ##[endgroup]
2025-05-12T09:45:49.4532938Z Looking in indexes: https://pypi.org/simple/
2025-05-12T09:45:49.4546845Z Requirement already satisfied: pip in /opt/hostedtoolcache/Python/3.10.17/x64/lib/python3.10/site-packages (25.1.1)
2025-05-12T09:45:49.5103131Z Requirement already satisfied: setuptools in /opt/hostedtoolcache/Python/3.10.17/x64/lib/python3.10/site-packages (65.5.0)
2025-05-12T09:45:49.6721167Z Collecting setuptools
2025-05-12T09:45:49.7088170Z   Downloading setuptools-80.4.0-py3-none-any.whl.metadata (6.5 kB)
2025-05-12T09:45:49.7320695Z Downloading setuptools-80.4.0-py3-none-any.whl (1.2 MB)
2025-05-12T09:45:49.7650782Z    ââââââââââââââââââââââââââââââââââââââââ 1.2/1.2 MB 50.9 MB/s eta 0:00:00
2025-05-12T09:45:49.8000837Z Installing collected packages: setuptools
2025-05-12T09:45:49.8002709Z   Attempting uninstall: setuptools
2025-05-12T09:45:49.8009227Z     Found existing installation: setuptools 65.5.0
2025-05-12T09:45:49.8287070Z     Uninstalling setuptools-65.5.0:
2025-05-12T09:45:49.8389662Z       Successfully uninstalled setuptools-65.5.0
2025-05-12T09:45:50.5209186Z Successfully installed setuptools-80.4.0
2025-05-12T09:45:50.9534780Z Looking in indexes: https://pypi.org/simple/
2025-05-12T09:45:50.9821654Z ERROR: Could not find a version that satisfies the requirement buildozer==1.5.1 (from versions: 0.1, 0.2, 0.4, 0.5, 0.6, 0.7, 0.8, 0.9, 0.10, 0.11, 0.12, 0.13, 0.14, 0.15, 0.16, 0.17, 0.18, 0.19, 0.21, 0.22, 0.23, 0.24, 0.25, 0.26, 0.27, 0.29, 0.30, 0.31, 0.32, 0.33, 0.34, 0.35, 0.36, 0.37, 0.38, 0.39, 1.0, 1.1.0, 1.2.0, 1.3.0, 1.4.0, 1.5.0)
2025-05-12T09:45:50.9829250Z ERROR: No matching distribution found for buildozer==1.5.1
2025-05-12T09:45:51.0223345Z ##[error]Process completed with exit code 1.
2025-05-12T09:45:51.0290045Z ##[group]Run if [ -f build.log ]; then
2025-05-12T09:45:51.0290372Z [36;1mif [ -f build.log ]; then[0m
2025-05-12T09:45:51.0290658Z [36;1m  echo "Build log exists, checking for errors..."[0m
2025-05-12T09:45:51.0290986Z [36;1m  if grep -q -E "ERROR:|FAILED" build.log; then[0m
2025-05-12T09:45:51.0291281Z [36;1m    echo "Errors found in build log:"[0m
2025-05-12T09:45:51.0291561Z [36;1m    grep -E "ERROR:|FAILED" build.log[0m
2025-05-12T09:45:51.0291804Z [36;1m    exit 1[0m
2025-05-12T09:45:51.0291987Z [36;1m  else[0m
2025-05-12T09:45:51.0292210Z [36;1m    echo "No critical errors found in build log"[0m
2025-05-12T09:45:51.0292465Z [36;1m  fi[0m
2025-05-12T09:45:51.0292631Z [36;1melse[0m
2025-05-12T09:45:51.0292812Z [36;1m  echo "No build log found"[0m
2025-05-12T09:45:51.0293028Z [36;1m  exit 1[0m
2025-05-12T09:45:51.0293196Z [36;1mfi[0m
2025-05-12T09:45:51.0318359Z shell: /usr/bin/bash -e {0}
2025-05-12T09:45:51.0318581Z env:
2025-05-12T09:45:51.0318896Z   JAVA_HOME: /opt/hostedtoolcache/Java_Temurin-Hotspot_jdk/17.0.15-6/x64
2025-05-12T09:45:51.0319346Z   JAVA_HOME_17_X64: /opt/hostedtoolcache/Java_Temurin-Hotspot_jdk/17.0.15-6/x64
2025-05-12T09:45:51.0319758Z   pythonLocation: /opt/hostedtoolcache/Python/3.10.17/x64
2025-05-12T09:45:51.0320151Z   PKG_CONFIG_PATH: /opt/hostedtoolcache/Python/3.10.17/x64/lib/pkgconfig
2025-05-12T09:45:51.0320532Z   Python_ROOT_DIR: /opt/hostedtoolcache/Python/3.10.17/x64
2025-05-12T09:45:51.0320874Z   Python2_ROOT_DIR: /opt/hostedtoolcache/Python/3.10.17/x64
2025-05-12T09:45:51.0321212Z   Python3_ROOT_DIR: /opt/hostedtoolcache/Python/3.10.17/x64
2025-05-12T09:45:51.0321550Z   LD_LIBRARY_PATH: /opt/hostedtoolcache/Python/3.10.17/x64/lib
2025-05-12T09:45:51.0321842Z ##[endgroup]
2025-05-12T09:45:51.0370586Z No build log found
2025-05-12T09:45:51.0374121Z ##[error]Process completed with exit code 1.
2025-05-12T09:45:51.0422451Z ##[group]Run actions/upload-artifact@v4
2025-05-12T09:45:51.0422731Z with:
2025-05-12T09:45:51.0422925Z   name: build-log
2025-05-12T09:45:51.0423124Z   path: build.log
2025-05-12T09:45:51.0423316Z   retention-days: 1
2025-05-12T09:45:51.0423523Z   if-no-files-found: warn
2025-05-12T09:45:51.0423746Z   compression-level: 6
2025-05-12T09:45:51.0423943Z   overwrite: false
2025-05-12T09:45:51.0424148Z   include-hidden-files: false
2025-05-12T09:45:51.0424363Z env:
2025-05-12T09:45:51.0424643Z   JAVA_HOME: /opt/hostedtoolcache/Java_Temurin-Hotspot_jdk/17.0.15-6/x64
2025-05-12T09:45:51.0425112Z   JAVA_HOME_17_X64: /opt/hostedtoolcache/Java_Temurin-Hotspot_jdk/17.0.15-6/x64
2025-05-12T09:45:51.0425804Z   pythonLocation: /opt/hostedtoolcache/Python/3.10.17/x64
2025-05-12T09:45:51.0426206Z   PKG_CONFIG_PATH: /opt/hostedtoolcache/Python/3.10.17/x64/lib/pkgconfig
2025-05-12T09:45:51.0426593Z   Python_ROOT_DIR: /opt/hostedtoolcache/Python/3.10.17/x64
2025-05-12T09:45:51.0426987Z   Python2_ROOT_DIR: /opt/hostedtoolcache/Python/3.10.17/x64
2025-05-12T09:45:51.0427336Z   Python3_ROOT_DIR: /opt/hostedtoolcache/Python/3.10.17/x64
2025-05-12T09:45:51.0427881Z   LD_LIBRARY_PATH: /opt/hostedtoolcache/Python/3.10.17/x64/lib
2025-05-12T09:45:51.0428181Z ##[endgroup]
2025-05-12T09:45:51.2555321Z ##[warning]No files were found with the provided path: build.log. No artifacts will be uploaded.
2025-05-12T09:45:51.2718784Z Post job cleanup.
2025-05-12T09:45:51.4473151Z Post job cleanup.
2025-05-12T09:45:51.5417155Z [command]/usr/bin/git version
2025-05-12T09:45:51.5456233Z git version 2.49.0
2025-05-12T09:45:51.5503762Z Temporarily overriding HOME='/home/runner/work/_temp/994d2d85-e2c5-44a8-972a-e6694cd3efff' before making global git config changes
2025-05-12T09:45:51.5504791Z Adding repository directory to the temporary git global config as a safe directory
2025-05-12T09:45:51.5517133Z [command]/usr/bin/git config --global --add safe.directory /home/runner/work/weatherapp/weatherapp
2025-05-12T09:45:51.5553202Z [command]/usr/bin/git config --local --name-only --get-regexp core\.sshCommand
2025-05-12T09:45:51.5586141Z [command]/usr/bin/git submodule foreach --recursive sh -c "git config --local --name-only --get-regexp 'core\.sshCommand' && git config --local --unset-all 'core.sshCommand' || :"
2025-05-12T09:45:51.5824151Z [command]/usr/bin/git config --local --name-only --get-regexp http\.https\:\/\/github\.com\/\.extraheader
2025-05-12T09:45:51.5846752Z http.https://github.com/.extraheader
2025-05-12T09:45:51.5859558Z [command]/usr/bin/git config --local --unset-all http.https://github.com/.extraheader
2025-05-12T09:45:51.5890615Z [command]/usr/bin/git submodule foreach --recursive sh -c "git config --local --name-only --get-regexp 'http\.https\:\/\/github\.com\/\.extraheader' && git config --local --unset-all 'http.https://github.com/.extraheader' || :"
2025-05-12T09:45:51.6238213Z Cleaning up orphan processes
